--------- beginning of crash
11-19 16:32:50.465  8280  8280 E AndroidRuntime: FATAL EXCEPTION: main
11-19 16:32:50.465  8280  8280 E AndroidRuntime: Process: com.snapwork.hdfc, PID: 8280
11-19 16:32:50.465  8280  8280 E AndroidRuntime: java.lang.RuntimeException: Unable to create application com.hdfc.retail.netbanking.HDFCBaseApplication: java.lang.IllegalStateException: Not allowed to start service Intent { cmp=com.snapwork.hdfc/com.hdfc.retail.netbanking.services.OnClearRecentApp }: app is in background uid UidRecord{3905b8c u0a151 RCVR idle change:idle|uncached procs:1 seq(0,0,0)}
11-19 16:32:50.465  8280  8280 E AndroidRuntime: 	at android.app.ActivityThread.handleBindApplication(ActivityThread.java:6189)
11-19 16:32:50.465  8280  8280 E AndroidRuntime: 	at android.app.ActivityThread.access$1300(ActivityThread.java:208)
11-19 16:32:50.465  8280  8280 E AndroidRuntime: 	at android.app.ActivityThread$H.handleMessage(ActivityThread.java:1785)
11-19 16:32:50.465  8280  8280 E AndroidRuntime: 	at android.os.Handler.dispatchMessage(Handler.java:106)
11-19 16:32:50.465  8280  8280 E AndroidRuntime: 	at android.os.Looper.loop(Looper.java:193)
11-19 16:32:50.465  8280  8280 E AndroidRuntime: 	at android.app.ActivityThread.main(ActivityThread.java:7009)
11-19 16:32:50.465  8280  8280 E AndroidRuntime: 	at java.lang.reflect.Method.invoke(Native Method)
11-19 16:32:50.465  8280  8280 E AndroidRuntime: 	at com.android.internal.os.RuntimeInit$MethodAndArgsCaller.run(RuntimeInit.java:537)
11-19 16:32:50.465  8280  8280 E AndroidRuntime: 	at com.android.internal.os.ZygoteInit.main(ZygoteInit.java:858)
11-19 16:32:50.465  8280  8280 E AndroidRuntime: Caused by: java.lang.IllegalStateException: Not allowed to start service Intent { cmp=com.snapwork.hdfc/com.hdfc.retail.netbanking.services.OnClearRecentApp }: app is in background uid UidRecord{3905b8c u0a151 RCVR idle change:idle|uncached procs:1 seq(0,0,0)}
11-19 16:32:50.465  8280  8280 E AndroidRuntime: 	at android.app.ContextImpl.startServiceCommon(ContextImpl.java:1595)
11-19 16:32:50.465  8280  8280 E AndroidRuntime: 	at android.app.ContextImpl.startService(ContextImpl.java:1550)
11-19 16:32:50.465  8280  8280 E AndroidRuntime: 	at android.content.ContextWrapper.startService(ContextWrapper.java:664)
11-19 16:32:50.465  8280  8280 E AndroidRuntime: 	at com.hdfc.retail.netbanking.HDFCBaseApplication.onCreate(SourceFile:4)
11-19 16:32:50.465  8280  8280 E AndroidRuntime: 	at android.app.Instrumentation.callApplicationOnCreate(Instrumentation.java:1165)
11-19 16:32:50.465  8280  8280 E AndroidRuntime: 	at android.app.ActivityThread.handleBindApplication(ActivityThread.java:6184)
11-19 16:32:50.465  8280  8280 E AndroidRuntime: 	... 8 more
11-21 10:42:34.885 28514 28514 E AndroidRuntime: FATAL EXCEPTION: main
11-21 10:42:34.885 28514 28514 E AndroidRuntime: Process: com.snapwork.hdfc, PID: 28514
11-21 10:42:34.885 28514 28514 E AndroidRuntime: java.lang.RuntimeException: Unable to create application com.hdfc.retail.netbanking.HDFCBaseApplication: java.lang.IllegalStateException: Not allowed to start service Intent { cmp=com.snapwork.hdfc/com.hdfc.retail.netbanking.services.OnClearRecentApp }: app is in background uid UidRecord{e4a01ca u0a151 RCVR idle change:uncached procs:1 seq(0,0,0)}
11-21 10:42:34.885 28514 28514 E AndroidRuntime: 	at android.app.ActivityThread.handleBindApplication(ActivityThread.java:6189)
11-21 10:42:34.885 28514 28514 E AndroidRuntime: 	at android.app.ActivityThread.access$1300(ActivityThread.java:208)
11-21 10:42:34.885 28514 28514 E AndroidRuntime: 	at android.app.ActivityThread$H.handleMessage(ActivityThread.java:1785)
11-21 10:42:34.885 28514 28514 E AndroidRuntime: 	at android.os.Handler.dispatchMessage(Handler.java:106)
11-21 10:42:34.885 28514 28514 E AndroidRuntime: 	at android.os.Looper.loop(Looper.java:193)
11-21 10:42:34.885 28514 28514 E AndroidRuntime: 	at android.app.ActivityThread.main(ActivityThread.java:7009)
11-21 10:42:34.885 28514 28514 E AndroidRuntime: 	at java.lang.reflect.Method.invoke(Native Method)
11-21 10:42:34.885 28514 28514 E AndroidRuntime: 	at com.android.internal.os.RuntimeInit$MethodAndArgsCaller.run(RuntimeInit.java:537)
11-21 10:42:34.885 28514 28514 E AndroidRuntime: 	at com.android.internal.os.ZygoteInit.main(ZygoteInit.java:858)
11-21 10:42:34.885 28514 28514 E AndroidRuntime: Caused by: java.lang.IllegalStateException: Not allowed to start service Intent { cmp=com.snapwork.hdfc/com.hdfc.retail.netbanking.services.OnClearRecentApp }: app is in background uid UidRecord{e4a01ca u0a151 RCVR idle change:uncached procs:1 seq(0,0,0)}
11-21 10:42:34.885 28514 28514 E AndroidRuntime: 	at android.app.ContextImpl.startServiceCommon(ContextImpl.java:1595)
11-21 10:42:34.885 28514 28514 E AndroidRuntime: 	at android.app.ContextImpl.startService(ContextImpl.java:1550)
11-21 10:42:34.885 28514 28514 E AndroidRuntime: 	at android.content.ContextWrapper.startService(ContextWrapper.java:664)
11-21 10:42:34.885 28514 28514 E AndroidRuntime: 	at com.hdfc.retail.netbanking.HDFCBaseApplication.onCreate(SourceFile:4)
11-21 10:42:34.885 28514 28514 E AndroidRuntime: 	at android.app.Instrumentation.callApplicationOnCreate(Instrumentation.java:1165)
11-21 10:42:34.885 28514 28514 E AndroidRuntime: 	at android.app.ActivityThread.handleBindApplication(ActivityThread.java:6184)
11-21 10:42:34.885 28514 28514 E AndroidRuntime: 	... 8 more
--------- beginning of system
11-21 10:46:31.129  1125  7094 D ConnectivityService: requestNetwork for uid/pid:10175/10103 NetworkRequest [ TRACK_DEFAULT id=16375, [ Capabilities: INTERNET&NOT_RESTRICTED&TRUSTED Unwanted:  Uid: 10175] ]
11-21 10:46:31.131  1125  7094 W SettingsProvider: call() name : accessibility_captioning_locale
11-21 10:46:31.213  1125  1801 D ConnectivityService: releasing NetworkRequest [ TRACK_DEFAULT id=16375, [ Capabilities: INTERNET&NOT_RESTRICTED&TRUSTED Unwanted:  Uid: 10175] ] (release request)
11-21 10:46:32.604  1125  1769 V AlarmManager: Triggering alarm #0: 2 when =824289424 package =android operation = null listenTag =*job.delay* flags =0x0
11-21 10:46:54.972  1125  1868 D OnePlusProcessManager: checkActiveSensor fail 10411
11-21 10:47:00.000  1125  1769 V AlarmManager: Triggering alarm #0: 3 when =824316819 package =android operation =*alarm*:android.intent.action.TIME_TICK flags =0x1
11-21 10:47:01.231  1125  1769 V AlarmManager: Triggering alarm #0: 2 when =824318051 package =android operation = null listenTag =*job.delay* flags =0x0
11-21 10:47:01.275  1125  3747 D ConnectivityService: requestNetwork for uid/pid:10145/9936 NetworkRequest [ TRACK_DEFAULT id=16376, [ Capabilities: INTERNET&NOT_RESTRICTED&TRUSTED Unwanted:  Uid: 10145] ]
11-21 10:47:01.307  1125  1801 D ConnectivityService: releasing NetworkRequest [ TRACK_DEFAULT id=16376, [ Capabilities: INTERNET&NOT_RESTRICTED&TRUSTED Unwanted:  Uid: 10145] ] (release request)
11-21 10:47:01.364  1125  8040 W SettingsProvider: call() name : location_providers_allowed
11-21 10:47:02.241  1125  1769 V AlarmManager: Triggering alarm #0: 2 when =824318554 package =android operation = null listenTag =*job.delay* flags =0x0
11-21 10:47:03.279  1125  1125 I Telecom : CallsManager: onServiceStateChanged networkType: 13
11-21 10:47:04.250  1125  1868 D OnePlusProcessManager: checkWhitePackageUid fail 10154
11-21 10:47:13.414  1125  1125 I Telecom : CallsManager: onServiceStateChanged networkType: 13
11-21 10:47:23.181  1125  1769 V AlarmManager: Triggering alarm #0: 3 when =824340000 package =android operation = null listenTag =*job.heartbeat* flags =0x9
11-21 10:47:25.135  1125  1228 W SettingsProvider: call() name : com_oneplus_systemui_recent_task_lockd_list
11-21 10:47:25.135  1125  1228 I OHPD    : [BgDetect]chkExcessCpu level: 2 doKills: true critical false uptime: 601406
11-21 10:47:25.290  1125  1228 I OHPD    : isIsolated process: app.uid:99135,app.info.uid:10423, app.processName:com.android.chrome:sandboxed_process0
11-21 10:47:25.372  1125  1228 I OHPD    : [BgDetect]detect excessive cpu on process com.google.android.gms.persistent(pid : 5050) level 2 usage 10
11-21 10:47:26.078  1125  1228 I OHPD    : [BgDetect] skip proc com.google.android.gms.persistent(uid 10045), reason= proc com.google.android.gms(pid : 890) sys pkg
11-21 10:47:28.635   968  1029 E storaged: getDiskStats failed with result NOT_SUPPORTED and size 0
11-21 10:47:31.257  1125  1769 V AlarmManager: Triggering alarm #1: 2 when =824348077 package =android operation = null listenTag =*job.delay* flags =0x0
11-21 10:47:31.321  1125  3747 D ConnectivityService: requestNetwork for uid/pid:10175/10103 NetworkRequest [ TRACK_DEFAULT id=16377, [ Capabilities: INTERNET&NOT_RESTRICTED&TRUSTED Unwanted:  Uid: 10175] ]
11-21 10:47:31.348  1125  1801 D ConnectivityService: releasing NetworkRequest [ TRACK_DEFAULT id=16377, [ Capabilities: INTERNET&NOT_RESTRICTED&TRUSTED Unwanted:  Uid: 10175] ] (release request)
11-21 10:47:31.402  1125  8040 D ActivityManager: # addPackageDependency # packageName=com.google.android.gms -> proc: ProcessRecord{89b99e1 10103:com.google.android.apps.youtube.kids/u0a175}
11-21 10:47:31.700  1125  7094 D ConnectivityService: requestNetwork for uid/pid:10175/10103 NetworkRequest [ TRACK_DEFAULT id=16378, [ Capabilities: INTERNET&NOT_RESTRICTED&TRUSTED Unwanted:  Uid: 10175] ]
11-21 10:47:31.714  1125  3747 W SettingsProvider: call() name : adb_enabled
11-21 10:47:32.260  1125  1769 V AlarmManager: Triggering alarm #0: 2 when =824348585 package =android operation = null listenTag =*job.delay* flags =0x0
11-21 10:47:32.301  1125  1233 I ActivityManager: Start proc 10369:com.app.testseries.mocktestworld/u0a424 for service com.app.testseries.mocktestworld/com.moengage.core.DataSyncJob
11-21 10:47:32.338  1125  8040 D OnePlusSmartBoostManager: writeHotCount com.app.testseries.mocktestworld, pid=10369
11-21 10:47:32.576  1125  8040 W SettingsProvider: call() name : sqlite_compatibility_wal_flags
11-21 10:47:32.668  1125  1125 W SettingsProvider: call() name : enabled_notification_listeners
11-21 10:47:32.668  1125  1125 W SettingsProvider: call() name : enabled_notification_assistant
11-21 10:47:32.668  1125  1125 W SettingsProvider: call() name : enabled_notification_policy_access_packages
11-21 10:47:32.672  1125  1233 I ActivityManager: Start proc 10410:com.facebook.katana/u0a209 for content provider com.facebook.katana/com.facebook.platform.common.provider.PlatformProviderBase
11-21 10:47:32.698  1125  3746 D OnePlusSmartBoostManager: writeHotCount com.facebook.katana, pid=10410
11-21 10:47:33.055  1125  3746 W SettingsProvider: call() name : android_id
11-21 10:47:33.342 10410 10439 E SchedPolicy: set_timerslack_ns write failed: Operation not permitted
11-21 10:47:33.354  1125  3746 W SettingsProvider: call() name : sqlite_compatibility_wal_flags
11-21 10:47:33.534  1125  7094 W SettingsProvider: call() name : auto_time
11-21 10:47:33.535  1125  7094 W SettingsProvider: call() name : auto_time_zone
11-21 10:47:37.680  1125  1769 V AlarmManager: Triggering alarm #0: 2 when =824354499 package =android operation = null listenTag =*job.delay* flags =0x0
11-21 10:47:37.742  1125  1889 E SchedPolicy: set_timerslack_ns write failed: No such process
11-21 10:47:39.088  1125  2082 W ActivityManager: Background start not allowed: service Intent { act=Orca.START cmp=com.facebook.katana/com.facebook.mqttlite.MqttService (has extras) } to com.facebook.katana/com.facebook.mqttlite.MqttService from pid=10410 uid=10209 pkg=com.facebook.katana startFg?=false
11-21 10:47:40.390  1125  2082 W SettingsProvider: call() name : font_scale
11-21 10:47:40.392  1125  2082 W SettingsProvider: call() name : accessibility_display_inversion_enabled
11-21 10:47:40.398  1125  3756 W SettingsProvider: call() name : tts_default_synth
11-21 10:47:40.424  1125  1228 W BroadcastQueue: Permission Denial: broadcasting Intent { act=android.net.conn.CONNECTIVITY_CHANGE flg=0x4200010 (has extras) } from null (pid=-1, uid=-1) requires com.facebook.permission.prod.FB_APP_COMMUNICATION due to registered receiver BroadcastFilter{af8dc62 u0 ReceiverList{1c68f2d 10410 com.facebook.katana/10209/u0 remote:2c17244}}
11-21 10:47:40.437  1125  2082 W SettingsProvider: call() name : accessibility_captioning_enabled
11-21 10:47:40.764  1125  2082 W SettingsProvider: call() name : default_input_method
11-21 10:47:40.779  1125  3677 W SettingsProvider: call() name : install_non_market_apps
11-21 10:47:40.780  1125  3677 W SettingsProvider: call() name : android_id
11-21 10:47:40.898 10410 10503 E ActivityThread: Failed to find provider info for com.facebook.appmanager.firstparty.crashreporter
11-21 10:47:40.959 10410 10500 E ActivityThread: Failed to find provider info for com.android.launcher3.cornermark.unreadbadge
11-21 10:47:41.408  1125  1896 I ActivityManager: Process com.google.android.apps.nbu.files (pid 9272) has died: empty+2CEM 
11-21 10:47:41.409  1125  1896 D OnePlusProcessManager: ProcessRecord{f29be49 9272:com.google.android.apps.nbu.files/u0a192} died but not restart......
11-21 10:47:41.482  1125  2244 W ActivityManager: Exception when unbinding service com.oneplus.gallery/com.oneplus.gallery2.contentdetection.service.FaceDetectorService
11-21 10:47:41.482  1125  2244 W ActivityManager: android.os.DeadObjectException
11-21 10:47:41.482  1125  2244 W ActivityManager: 	at android.os.BinderProxy.transactNative(Native Method)
11-21 10:47:41.482  1125  2244 W ActivityManager: 	at android.os.BinderProxy.transact(Binder.java:1177)
11-21 10:47:41.482  1125  2244 W ActivityManager: 	at android.app.IApplicationThread$Stub$Proxy.scheduleUnbindService(IApplicationThread.java:1138)
11-21 10:47:41.482  1125  2244 W ActivityManager: 	at com.android.server.am.ActiveServices.removeConnectionLocked(ActiveServices.java:3258)
11-21 10:47:41.482  1125  2244 W ActivityManager: 	at com.android.server.am.ActiveServices.unbindServiceLocked(ActiveServices.java:1932)
11-21 10:47:41.482  1125  2244 W ActivityManager: 	at com.android.server.am.ActivityManagerService.unbindService(ActivityManagerService.java:23044)
11-21 10:47:41.482  1125  2244 W ActivityManager: 	at android.app.IActivityManager$Stub.onTransact(IActivityManager.java:461)
11-21 10:47:41.482  1125  2244 W ActivityManager: 	at com.android.server.am.ActivityManagerService.onTransact(ActivityManagerService.java:3890)
11-21 10:47:41.482  1125  2244 W ActivityManager: 	at android.os.Binder.execTransact(Binder.java:752)
11-21 10:47:41.488  1125  3764 I ActivityManager: Process com.oneplus.gallery:contentdetector (pid 9909) has died: empty  CEM 
11-21 10:47:41.527  1125  1233 I ActivityManager: Start proc 10598:com.oneplus.gallery:contentdetector/u0a50 for service com.oneplus.gallery/com.oneplus.gallery2.contentdetection.service.FaceDetectorService
11-21 10:47:41.564  1125  3952 D OnePlusSmartBoostManager: writeHotCount com.oneplus.gallery, pid=10598
11-21 10:47:43.164  1125  1769 V AlarmManager: Triggering alarm #0: 2 when =824359983 package =android operation = null listenTag =*job.delay* flags =0x0
11-21 10:47:43.243  1125  3952 D ConnectivityService: requestNetwork for uid/pid:10206/23760 NetworkRequest [ TRACK_DEFAULT id=16380, [ Capabilities: INTERNET&NOT_RESTRICTED&TRUSTED Unwanted:  Uid: 10206] ]
11-21 10:47:43.497  1125  1801 D ConnectivityService: releasing NetworkRequest [ TRACK_DEFAULT id=16380, [ Capabilities: INTERNET&NOT_RESTRICTED&TRUSTED Unwanted:  Uid: 10206] ] (release request)
11-21 10:47:47.084  1125  1872 W SettingsProvider: call() name : sqlite_compatibility_wal_flags
11-21 10:47:52.235  1125  2082 I ActivityManager: Process com.google.android.apps.docs.editors.slides (pid 6011) has died: empty+2CEM 
11-21 10:47:52.236  1125  2082 D OnePlusProcessManager: ProcessRecord{c6f450e 6011:com.google.android.apps.docs.editors.slides/u0a142} died but not restart......
11-21 10:47:54.816  1125  1246 D KernelUidCpuTimeReader: Removing uids 99222-99222
11-21 10:47:54.816  1125  1246 D KernelUidCpuTimeReader: Removing uids 99223-99223
11-21 10:47:54.817  1125  1246 D KernelUidCpuTimeReader: Removing uids 99224-99224
11-21 10:47:54.817  1125  1246 D KernelUidCpuTimeReader: Removing uids 99225-99225
11-21 10:47:54.817  1125  1246 D KernelUidCpuTimeReader: Removing uids 99226-99226
11-21 10:47:54.817  1125  1246 D KernelUidCpuTimeReader: Removing uids 99228-99228
11-21 10:47:54.817  1125  1246 D KernelUidCpuTimeReader: Removing uids 99227-99227
11-21 10:47:54.818  1125  1246 D KernelUidCpuTimeReader: Removing uids 99229-99229
11-21 10:47:54.818  1125  1246 D KernelUidCpuTimeReader: Removing uids 99230-99230
11-21 10:47:54.818  1125  1246 D KernelUidCpuTimeReader: Removing uids 99231-99231
11-21 10:47:54.818  1125  1246 D KernelUidCpuTimeReader: Removing uids 99232-99232
11-21 10:47:54.818  1125  1246 D KernelUidCpuTimeReader: Removing uids 99233-99233
11-21 10:47:54.819  1125  1246 D KernelUidCpuTimeReader: Removing uids 99234-99234
11-21 10:47:54.819  1125  1246 D KernelUidCpuTimeReader: Removing uids 99235-99235
11-21 10:47:54.819  1125  1246 D KernelUidCpuTimeReader: Removing uids 99236-99236
11-21 10:47:54.819  1125  1246 D KernelUidCpuTimeReader: Removing uids 99237-99237
11-21 10:47:54.819  1125  1246 D KernelUidCpuTimeReader: Removing uids 99238-99238
11-21 10:47:54.819  1125  1246 D KernelUidCpuTimeReader: Removing uids 99239-99239
11-21 10:47:54.820  1125  1246 D KernelUidCpuTimeReader: Removing uids 99240-99240
11-21 10:47:54.820  1125  1246 D KernelUidCpuTimeReader: Removing uids 99241-99241
11-21 10:47:54.820  1125  1246 D KernelUidCpuTimeReader: Removing uids 99242-99242
11-21 10:47:54.820  1125  1246 D KernelUidCpuTimeReader: Removing uids 99243-99243
11-21 10:47:54.820  1125  1246 D KernelUidCpuTimeReader: Removing uids 99244-99244
11-21 10:47:54.820  1125  1246 D KernelUidCpuTimeReader: Removing uids 99245-99245
11-21 10:47:54.821  1125  1246 D KernelUidCpuTimeReader: Removing uids 99246-99246
11-21 10:47:54.821  1125  1246 D KernelUidCpuTimeReader: Removing uids 99247-99247
11-21 10:47:54.821  1125  1246 D KernelUidCpuTimeReader: Removing uids 99248-99248
11-21 10:47:54.821  1125  1246 D KernelUidCpuTimeReader: Removing uids 99249-99249
11-21 10:47:54.821  1125  1246 D KernelUidCpuTimeReader: Removing uids 99250-99250
11-21 10:47:54.822  1125  1246 D KernelUidCpuTimeReader: Removing uids 99251-99251
11-21 10:47:54.822  1125  1246 D KernelUidCpuTimeReader: Removing uids 99252-99252
11-21 10:47:54.822  1125  1246 D KernelUidCpuTimeReader: Removing uids 99253-99253
11-21 10:47:54.822  1125  1246 D KernelUidCpuTimeReader: Removing uids 99254-99254
11-21 10:47:54.822  1125  1246 D KernelUidCpuTimeReader: Removing uids 99255-99255
11-21 10:47:54.823  1125  1246 D KernelUidCpuTimeReader: Removing uids 99256-99256
11-21 10:47:54.823  1125  1246 D KernelUidCpuTimeReader: Removing uids 99258-99258
11-21 10:47:54.823  1125  1246 D KernelUidCpuTimeReader: Removing uids 99257-99257
11-21 10:47:54.823  1125  1246 D KernelUidCpuTimeReader: Removing uids 99259-99259
11-21 10:47:54.823  1125  1246 D KernelUidCpuTimeReader: Removing uids 99260-99260
11-21 10:47:54.823  1125  1246 D KernelUidCpuTimeReader: Removing uids 99261-99261
11-21 10:47:54.824  1125  1246 D KernelUidCpuTimeReader: Removing uids 99262-99262
11-21 10:47:54.824  1125  1246 D KernelUidCpuTimeReader: Removing uids 99263-99263
11-21 10:47:54.824  1125  1246 D KernelUidCpuTimeReader: Removing uids 99264-99264
11-21 10:47:54.824  1125  1246 D KernelUidCpuTimeReader: Removing uids 99265-99265
11-21 10:47:55.265  1125  1233 I ActivityManager: Start proc 10656:com.google.android.apps.docs.editors.slides/u0a142 for embryo com.google.android.apps.docs.editors.slides
11-21 10:48:00.001  1125  1769 V AlarmManager: Triggering alarm #0: 3 when =824376820 package =android operation =*alarm*:android.intent.action.TIME_TICK flags =0x1
11-21 10:48:21.004  1125  1769 V AlarmManager: Triggering alarm #0: 1 when =1669007901004 package =android operation =*alarm*:com.oneplus.android.screenOffCheckProcessState flags =0x9
11-21 10:48:28.636   968  1029 E storaged: getDiskStats failed with result NOT_SUPPORTED and size 0
11-21 10:48:31.435  1125  1769 V AlarmManager: Triggering alarm #0: 2 when =824387977 package =android operation = null listenTag =*job.delay* flags =0x0
11-21 10:48:31.435  1125  1769 V AlarmManager: Triggering alarm #1: 3 when =824401000 package =android operation =*alarm*:oneplus.intent.action.SAVE_JANK_DATE flags =0x8
11-21 10:48:31.473  1125  1125 I OnePlusProcessManager: hanleBlackSensor  uid = 1000 package =net.oneplus.widget
11-21 10:48:31.473  1125  1125 I OnePlusProcessManager: hanleBlackSensor  uid = 10026 package =
11-21 10:48:31.473  1125  1125 I OnePlusProcessManager: hanleBlackSensor  uid = 10045 package =
11-21 10:48:31.473  1125  1125 I OnePlusProcessManager: hanleBlackSensor  uid = 10411 package =com.example.pedometer_example
11-21 10:48:31.473  1125  1125 I OnePlusProcessManager: hanleBlackSensor  uid = 10045 package =
11-21 10:48:31.473  1125  1125 I OnePlusProcessManager: hanleBlackSensor  uid = 10411 package =com.example.pedometer_example
11-21 10:48:32.636  1125  1769 V AlarmManager: Triggering alarm #0: 2 when =824409455 package =android operation = null listenTag =*job.delay* flags =0x0
11-21 10:49:00.001  1125  1769 V AlarmManager: Triggering alarm #0: 3 when =824436820 package =android operation =*alarm*:android.intent.action.TIME_TICK flags =0x1
11-21 10:49:14.948  1125  1228 W SettingsProvider: call() name : com_oneplus_systemui_recent_task_lockd_list
11-21 10:49:14.948  1125  1228 I OHPD    : [BgDetect]chkExcessCpu level: 1 doKills: true critical false uptime: 301055
11-21 10:49:15.112  1125  1228 I OHPD    : isIsolated process: app.uid:99135,app.info.uid:10423, app.processName:com.android.chrome:sandboxed_process0
11-21 10:49:23.787  1125  1246 D KernelUidCpuTimeReader: Removing uids 99266-99266
11-21 10:49:23.788  1125  1246 D KernelUidCpuTimeReader: Removing uids 99267-99267
11-21 10:49:23.788  1125  1246 D KernelUidCpuTimeReader: Removing uids 99268-99268
11-21 10:49:23.788  1125  1246 D KernelUidCpuTimeReader: Removing uids 99269-99269
11-21 10:49:23.788  1125  1246 D KernelUidCpuTimeReader: Removing uids 99270-99270
11-21 10:49:23.788  1125  1246 D KernelUidCpuTimeReader: Removing uids 99271-99271
11-21 10:49:23.788  1125  1246 D KernelUidCpuTimeReader: Removing uids 99272-99272
11-21 10:49:28.637   968  1029 E storaged: getDiskStats failed with result NOT_SUPPORTED and size 0
11-21 10:49:31.616  1125  1769 V AlarmManager: Triggering alarm #1: 3 when =824433744 package =android operation =*alarm*:com.android.server.action.NETWORK_STATS_POLL flags =0x8
11-21 10:49:32.571  1125  3769 D ConnectivityService: ConnectivityService NetworkRequestInfo binderDied(NetworkRequest [ LISTEN id=16269, [ Capabilities: INTERNET&NOT_RESTRICTED&TRUSTED Unwanted:  Uid: 10022] ], android.os.BinderProxy@983aa69)
11-21 10:49:32.572  1125  3764 D ConnectivityService: ConnectivityService NetworkRequestInfo binderDied(NetworkRequest [ TRACK_DEFAULT id=16268, [ Capabilities: INTERNET&NOT_RESTRICTED&TRUSTED Unwanted:  Uid: 10022] ], android.os.BinderProxy@131bcee)
11-21 10:49:32.572  1125  1801 D ConnectivityService: releasing NetworkRequest [ TRACK_DEFAULT id=16268, [ Capabilities: INTERNET&NOT_RESTRICTED&TRUSTED Unwanted:  Uid: 10022] ] (release request)
11-21 10:49:32.572  1125  3769 I ActivityManager: Process com.android.vending (pid 28859) has died: empty+2CEM 
11-21 10:49:32.573  1125  3769 W ActivityManager: Scheduling restart of crashed service com.android.vending/com.google.android.finsky.billing.iab.InAppBillingService in 1000ms
11-21 10:49:33.604  1125  1233 I ActivityManager: Start proc 10693:com.android.vending/u0a22 for service com.android.vending/com.google.android.finsky.billing.iab.InAppBillingService
11-21 10:49:33.645  1125  3769 D OnePlusSmartBoostManager: writeHotCount com.android.vending, pid=10693
11-21 10:49:33.958  1125  3171 W SettingsProvider: call() name : device_provisioned
11-21 10:49:34.008  1125  3171 W SettingsProvider: call() name : android_id
11-21 10:49:34.013  1125  3171 W SettingsProvider: call() name : sqlite_compatibility_wal_flags
11-21 10:49:34.023  1125  3747 D ConnectivityService: requestNetwork for uid/pid:10022/10693 NetworkRequest [ TRACK_DEFAULT id=16381, [ Capabilities: INTERNET&NOT_RESTRICTED&TRUSTED Unwanted:  Uid: 10022] ]
11-21 10:49:34.046  1125  3769 W SettingsProvider: call() name : android_id
11-21 10:49:34.070  1125  3171 W SettingsProvider: call() name : google_play_store_system_component_update
11-21 10:49:34.078  1125  3747 W SettingsProvider: call() name : download_manager_max_bytes_over_mobile
11-21 10:49:34.080  1125  3171 W SettingsProvider: call() name : download_manager_recommended_max_bytes_over_mobile
11-21 10:49:34.126  1125  3747 W SettingsProvider: call() name : device_provisioned
11-21 10:49:34.144  1125  3747 W SettingsProvider: call() name : permission_revocation_first_enabled_timestamp_ms
11-21 10:49:34.306  1125  3747 W SettingsProvider: call() name : package_verifier_user_consent
11-21 10:49:34.509  1125  1233 I ActivityManager: Start proc 10825:com.android.vending:background/u0a22 for service com.android.vending/com.google.android.finsky.ipcservers.background.BackgroundGrpcServerAndroidService
11-21 10:49:34.531  1125  3747 D OnePlusSmartBoostManager: writeHotCount com.android.vending, pid=10825
11-21 10:49:34.698  1125  3747 W SettingsProvider: call() name : device_provisioned
11-21 10:49:34.732  1125  3747 W SettingsProvider: call() name : sqlite_compatibility_wal_flags
11-21 10:49:34.749  1125  1125 W SettingsProvider: call() name : enabled_notification_listeners
11-21 10:49:34.749  1125  1125 W SettingsProvider: call() name : enabled_notification_assistant
11-21 10:49:34.749  1125  1125 W SettingsProvider: call() name : enabled_notification_policy_access_packages
11-21 10:49:34.760  1125  1125 W SettingsProvider: call() name : enabled_notification_listeners
11-21 10:49:34.760  1125  1125 W SettingsProvider: call() name : enabled_notification_assistant
11-21 10:49:34.760  1125  1125 W SettingsProvider: call() name : enabled_notification_policy_access_packages
11-21 10:49:34.771  1125  1125 W SettingsProvider: call() name : enabled_notification_listeners
11-21 10:49:34.771  1125  1125 W SettingsProvider: call() name : enabled_notification_assistant
11-21 10:49:34.771  1125  1125 W SettingsProvider: call() name : enabled_notification_policy_access_packages
11-21 10:49:34.774  1125  3747 D ConnectivityService: requestNetwork for uid/pid:10022/10825 NetworkRequest [ TRACK_DEFAULT id=16383, [ Capabilities: INTERNET&NOT_RESTRICTED&TRUSTED Unwanted:  Uid: 10022] ]
11-21 10:49:34.785  1125  1125 W SettingsProvider: call() name : enabled_notification_listeners
11-21 10:49:34.785  1125  1125 W SettingsProvider: call() name : enabled_notification_assistant
11-21 10:49:34.785  1125  1125 W SettingsProvider: call() name : enabled_notification_policy_access_packages
11-21 10:49:35.153  1125  1166 W SettingsProvider: call() name : adb_enabled
11-21 10:49:35.154  1125  1166 W SettingsProvider: call() name : install_non_market_apps
11-21 10:49:35.182  1125  3747 D FingerprintService: hasEnrolledFingerprints: 0, 0
11-21 10:49:35.197  1125  3769 D FingerprintService: hasEnrolledFingerprints: 0, 0
11-21 10:49:35.199  1125  3769 D FingerprintService: hasEnrolledFingerprints: 0, 0
11-21 10:49:35.593  1125  1166 D ConnectivityService: ConnectivityService NetworkRequestInfo binderDied(NetworkRequest [ LISTEN id=16379, [ Transports: WIFI Capabilities: NOT_RESTRICTED&TRUSTED&NOT_VPN Unwanted:  Uid: 10209] ], android.os.BinderProxy@682b1b1)
11-21 10:49:35.607  1125  6588 I ActivityManager: Process com.facebook.katana (pid 10410) has died: empty  CEM 
11-21 10:49:35.608  1125  6588 D OnePlusProcessManager: ProcessRecord{47eef0f 10410:com.facebook.katana/u0a209} died but not restart......
11-21 10:49:35.610  1125  3747 D ConnectivityService: ConnectivityService NetworkRequestInfo binderDied(NetworkRequest [ TRACK_DEFAULT id=16381, [ Capabilities: INTERNET&NOT_RESTRICTED&TRUSTED Unwanted:  Uid: 10022] ], android.os.BinderProxy@7afc696)
11-21 10:49:35.610  1125  3769 D ConnectivityService: ConnectivityService NetworkRequestInfo binderDied(NetworkRequest [ LISTEN id=16382, [ Capabilities: INTERNET&NOT_RESTRICTED&TRUSTED Unwanted:  Uid: 10022] ], android.os.BinderProxy@25d7217)
11-21 10:49:35.610  1125  1801 D ConnectivityService: releasing NetworkRequest [ TRACK_DEFAULT id=16381, [ Capabilities: INTERNET&NOT_RESTRICTED&TRUSTED Unwanted:  Uid: 10022] ] (release request)
11-21 10:49:35.612  1125  6588 D OneplusAppPreload: Preload package : com.facebook.katana do not support preload
11-21 10:49:35.612  1125  6588 D OnePlusSmartBoostManager: resumeHotCount: pid=10410
11-21 10:49:35.616  1125  2244 I ActivityManager: Process com.android.vending (pid 10693) has died: empty  CEM 
11-21 10:49:35.624  1125  2244 W ActivityManager: Exception when unbinding service com.android.vending/com.google.android.finsky.ipcservers.background.BackgroundGrpcServerAndroidService
11-21 10:49:35.624  1125  2244 W ActivityManager: android.os.DeadObjectException
11-21 10:49:35.624  1125  2244 W ActivityManager: 	at android.os.BinderProxy.transactNative(Native Method)
11-21 10:49:35.624  1125  2244 W ActivityManager: 	at android.os.BinderProxy.transact(Binder.java:1177)
11-21 10:49:35.624  1125  2244 W ActivityManager: 	at android.app.IApplicationThread$Stub$Proxy.scheduleUnbindService(IApplicationThread.java:1138)
11-21 10:49:35.624  1125  2244 W ActivityManager: 	at com.android.server.am.ActiveServices.removeConnectionLocked(ActiveServices.java:3258)
11-21 10:49:35.624  1125  2244 W ActivityManager: 	at com.android.server.am.ActiveServices.killServicesLocked(ActiveServices.java:3683)
11-21 10:49:35.624  1125  2244 W ActivityManager: 	at com.android.server.am.ActivityManagerService.cleanUpApplicationRecordLocked(ActivityManagerService.java:22652)
11-21 10:49:35.624  1125  2244 W ActivityManager: 	at com.android.server.am.ActivityManagerService.handleAppDiedLocked(ActivityManagerService.java:7309)
11-21 10:49:35.624  1125  2244 W ActivityManager: 	at com.android.server.am.ActivityManagerService.appDiedLocked(ActivityManagerService.java:7566)
11-21 10:49:35.624  1125  2244 W ActivityManager: 	at com.android.server.am.ActivityManagerService$AppDeathRecipient.binderDied(ActivityManagerService.java:2225)
11-21 10:49:35.624  1125  2244 W ActivityManager: 	at android.os.BinderProxy.sendDeathNotice(Binder.java:1243)
11-21 10:49:35.632  1125  9018 D ConnectivityService: ConnectivityService NetworkRequestInfo binderDied(NetworkRequest [ TRACK_DEFAULT id=16383, [ Capabilities: INTERNET&NOT_RESTRICTED&TRUSTED Unwanted:  Uid: 10022] ], android.os.BinderProxy@35fb7ed)
11-21 10:49:35.633  1125  1801 D ConnectivityService: releasing NetworkRequest [ TRACK_DEFAULT id=16383, [ Capabilities: INTERNET&NOT_RESTRICTED&TRUSTED Unwanted:  Uid: 10022] ] (release request)
11-21 10:49:35.637  1125  2244 W ActivityManager: Scheduling restart of crashed service com.android.vending/com.google.android.finsky.billing.iab.InAppBillingService in 4000ms
11-21 10:49:35.670  1125  6588 I ActivityManager: Process com.android.vending:background (pid 10825) has died: empty  CEM 
11-21 10:49:35.679  1125 10046 D ConnectivityService: ConnectivityService NetworkRequestInfo binderDied(NetworkRequest [ TRACK_DEFAULT id=16378, [ Capabilities: INTERNET&NOT_RESTRICTED&TRUSTED Unwanted:  Uid: 10175] ], android.os.BinderProxy@819b622)
11-21 10:49:35.680  1125  3952 D ConnectivityService: ConnectivityService NetworkRequestInfo binderDied(NetworkRequest [ LISTEN id=16374, [ Capabilities: INTERNET&NOT_RESTRICTED&TRUSTED&FOREGROUND Unwanted:  Uid: 10175] ], android.os.BinderProxy@37c3e70)
11-21 10:49:35.680  1125  8205 W ActivityManager: Exception when unbinding service com.oneplus.gallery/com.oneplus.gallery2.contentdetection.service.FaceDetectorService
11-21 10:49:35.680  1125  8205 W ActivityManager: android.os.DeadObjectException
11-21 10:49:35.680  1125  8205 W ActivityManager: 	at android.os.BinderProxy.transactNative(Native Method)
11-21 10:49:35.680  1125  8205 W ActivityManager: 	at android.os.BinderProxy.transact(Binder.java:1177)
11-21 10:49:35.680  1125  8205 W ActivityManager: 	at android.app.IApplicationThread$Stub$Proxy.scheduleUnbindService(IApplicationThread.java:1138)
11-21 10:49:35.680  1125  8205 W ActivityManager: 	at com.android.server.am.ActiveServices.removeConnectionLocked(ActiveServices.java:3258)
11-21 10:49:35.680  1125  8205 W ActivityManager: 	at com.android.server.am.ActiveServices.unbindServiceLocked(ActiveServices.java:1932)
11-21 10:49:35.680  1125  8205 W ActivityManager: 	at com.android.server.am.ActivityManagerService.unbindService(ActivityManagerService.java:23044)
11-21 10:49:35.680  1125  8205 W ActivityManager: 	at android.app.IActivityManager$Stub.onTransact(IActivityManager.java:461)
11-21 10:49:35.680  1125  8205 W ActivityManager: 	at com.android.server.am.ActivityManagerService.onTransact(ActivityManagerService.java:3890)
11-21 10:49:35.680  1125  8205 W ActivityManager: 	at android.os.Binder.execTransact(Binder.java:752)
11-21 10:49:35.680  1125  1801 D ConnectivityService: releasing NetworkRequest [ TRACK_DEFAULT id=16378, [ Capabilities: INTERNET&NOT_RESTRICTED&TRUSTED Unwanted:  Uid: 10175] ] (release request)
11-21 10:49:35.681  1125  3600 D ConnectivityService: ConnectivityService NetworkRequestInfo binderDied(NetworkRequest [ TRACK_DEFAULT id=16373, [ Capabilities: INTERNET&NOT_RESTRICTED&TRUSTED Unwanted:  Uid: 10175] ], android.os.BinderProxy@18ce5e9)
11-21 10:49:35.685  1125  1801 D ConnectivityService: releasing NetworkRequest [ TRACK_DEFAULT id=16373, [ Capabilities: INTERNET&NOT_RESTRICTED&TRUSTED Unwanted:  Uid: 10175] ] (release request)
11-21 10:49:35.685  1125  1228 I ActivityManager: Process com.oneplus.gallery:contentdetector (pid 10598) has died: empty  CEM 
11-21 10:49:35.693  1125 12070 W ActivityManager: Spurious death for ProcessRecord{cd67282 0:com.oneplus.gallery:contentdetector/u0a50}, curProc for 10598: null
11-21 10:49:35.694  1125  1760 I ActivityManager: Process com.google.android.apps.youtube.kids (pid 10103) has died: empty  CEM 
11-21 10:49:35.695  1125  1760 D OnePlusProcessManager: ProcessRecord{89b99e1 10103:com.google.android.apps.youtube.kids/u0a175} died but not restart......
11-21 10:49:35.727  1125  1233 I ActivityManager: Start proc 10867:com.oneplus.gallery:contentdetector/u0a50 for service com.oneplus.gallery/com.oneplus.gallery2.contentdetection.service.FaceDetectorService
11-21 10:49:35.754  1125  1163 D OnePlusSmartBoostManager: writeHotCount com.oneplus.gallery, pid=10867
11-21 10:49:38.752  1125  1233 I ActivityManager: Start proc 10888:com.google.android.apps.youtube.kids/u0a175 for embryo com.google.android.apps.youtube.kids
11-21 10:49:39.711  1125  1233 I ActivityManager: Start proc 10905:com.android.vending/u0a22 for service com.android.vending/com.google.android.finsky.billing.iab.InAppBillingService
11-21 10:49:39.741  1125  1163 D OnePlusSmartBoostManager: writeHotCount com.android.vending, pid=10905
11-21 10:49:39.924  1125  1760 W SettingsProvider: call() name : device_provisioned
11-21 10:49:39.960  1125  1166 D ConnectivityService: requestNetwork for uid/pid:10022/10905 NetworkRequest [ TRACK_DEFAULT id=16384, [ Capabilities: INTERNET&NOT_RESTRICTED&TRUSTED Unwanted:  Uid: 10022] ]
11-21 10:49:39.961  1125  1166 W SettingsProvider: call() name : android_id
11-21 10:49:39.969  1125 12070 W SettingsProvider: call() name : sqlite_compatibility_wal_flags
11-21 10:49:39.998  1125 12070 W SettingsProvider: call() name : google_play_store_system_component_update
11-21 10:49:40.002  1125  1163 W SettingsProvider: call() name : download_manager_max_bytes_over_mobile
11-21 10:49:40.005  1125 12070 W SettingsProvider: call() name : download_manager_recommended_max_bytes_over_mobile
11-21 10:49:40.012  1125  1163 W SettingsProvider: call() name : android_id
11-21 10:49:40.032  1125  1760 W SettingsProvider: call() name : device_provisioned
11-21 10:49:40.128  1125 12070 W SettingsProvider: call() name : permission_revocation_first_enabled_timestamp_ms
11-21 10:49:40.378  1125  1233 I ActivityManager: Start proc 11010:com.android.vending:background/u0a22 for service com.android.vending/com.google.android.finsky.ipcservers.background.BackgroundGrpcServerAndroidService
11-21 10:49:40.379  1125 12070 W SettingsProvider: call() name : package_verifier_user_consent
11-21 10:49:40.401  1125 12070 D OnePlusSmartBoostManager: writeHotCount com.android.vending, pid=11010
11-21 10:49:40.539  1125  1163 W SettingsProvider: call() name : device_provisioned
11-21 10:49:40.568  1125 12070 W SettingsProvider: call() name : sqlite_compatibility_wal_flags
11-21 10:49:40.590  1125  1125 W SettingsProvider: call() name : enabled_notification_listeners
11-21 10:49:40.590  1125  1125 W SettingsProvider: call() name : enabled_notification_assistant
11-21 10:49:40.590  1125  1125 W SettingsProvider: call() name : enabled_notification_policy_access_packages
11-21 10:49:40.604  1125 12070 D ConnectivityService: requestNetwork for uid/pid:10022/11010 NetworkRequest [ TRACK_DEFAULT id=16386, [ Capabilities: INTERNET&NOT_RESTRICTED&TRUSTED Unwanted:  Uid: 10022] ]
11-21 10:49:40.610  1125  1125 W SettingsProvider: call() name : enabled_notification_listeners
11-21 10:49:40.610  1125  1125 W SettingsProvider: call() name : enabled_notification_assistant
11-21 10:49:40.610  1125  1125 W SettingsProvider: call() name : enabled_notification_policy_access_packages
11-21 10:49:40.622  1125  1125 W SettingsProvider: call() name : enabled_notification_listeners
11-21 10:49:40.622  1125  1125 W SettingsProvider: call() name : enabled_notification_assistant
11-21 10:49:40.622  1125  1125 W SettingsProvider: call() name : enabled_notification_policy_access_packages
11-21 10:49:40.963  1125  1760 W SettingsProvider: call() name : adb_enabled
11-21 10:49:40.963  1125  1760 W SettingsProvider: call() name : install_non_market_apps
11-21 10:49:40.979  1125 12070 D FingerprintService: hasEnrolledFingerprints: 0, 0
11-21 10:49:40.993  1125 12070 I chatty  : uid=1000(system) Binder:1125_20 identical 1 line
11-21 10:49:40.994  1125 12070 D FingerprintService: hasEnrolledFingerprints: 0, 0
11-21 10:49:41.172  1125  1872 W SettingsProvider: call() name : sqlite_compatibility_wal_flags
11-21 10:50:00.000  1125  1769 V AlarmManager: Triggering alarm #0: 3 when =824496819 package =android operation =*alarm*:android.intent.action.TIME_TICK flags =0x1
11-21 10:50:03.985  1125  1769 V AlarmManager: Triggering alarm #0: 2 when =824500804 package =android operation = null listenTag =*job.delay* flags =0x0
11-21 10:50:03.985  1125  1769 V AlarmManager: Triggering alarm #1: 1 when =1669008000000 package =in.amazon.mShop.android.shopping operation =*alarm*:com.amazon.identity.action.SYNC_DIRTY_DATA flags =0x0
11-21 10:50:03.985  1125  1769 V AlarmManager: Triggering alarm #2: 1 when =1669008000000 package =com.amazon.avod.thirdpartyclient operation =*alarm*:com.amazon.identity.action.SYNC_DIRTY_DATA flags =0x0
11-21 10:50:03.985  1125  1769 V AlarmManager: Triggering alarm #3: 3 when =824496820 package =com.whatsapp operation =*alarm*:com.whatsapp.alarm.CLIENT_PING_PERIODIC flags =0x0
11-21 10:50:03.987  1125  1769 W ActivityManager: Background start not allowed: service Intent { act=com.amazon.identity.action.SYNC_DIRTY_DATA cmp=in.amazon.mShop.android.shopping/com.amazon.identity.auth.device.storage.DirtyDataSyncingService } to in.amazon.mShop.android.shopping/com.amazon.identity.auth.device.storage.DirtyDataSyncingService from pid=-1 uid=10159 pkg=in.amazon.mShop.android.shopping startFg?=false
11-21 10:50:03.987  1125  1769 W ActivityManager: Background start not allowed: service Intent { act=com.amazon.identity.action.SYNC_DIRTY_DATA cmp=com.amazon.avod.thirdpartyclient/com.amazon.identity.auth.device.storage.DirtyDataSyncingService } to com.amazon.avod.thirdpartyclient/com.amazon.identity.auth.device.storage.DirtyDataSyncingService from pid=-1 uid=10153 pkg=com.amazon.avod.thirdpartyclient startFg?=false
11-21 10:50:28.638   968  1029 E storaged: getDiskStats failed with result NOT_SUPPORTED and size 0
11-21 10:50:33.985  1125  1769 V AlarmManager: Triggering alarm #0: 2 when =824528088 package =android operation = null listenTag =*job.delay* flags =0x0
11-21 10:50:33.985  1125  1769 V AlarmManager: Triggering alarm #1: 2 when =824528585 package =android operation = null listenTag =*job.deadline* flags =0x0
11-21 10:50:33.985  1125  1769 V AlarmManager: Triggering alarm #3: 2 when =824530804 package =android operation = null listenTag =*job.deadline* flags =0x0
11-21 10:50:45.702  1125  1246 D KernelUidCpuTimeReader: Removing uids 99273-99273
11-21 10:50:45.703  1125  1246 D KernelUidCpuTimeReader: Removing uids 99274-99274
11-21 10:51:00.000  1125  1769 V AlarmManager: Triggering alarm #0: 3 when =824556819 package =android operation =*alarm*:android.intent.action.TIME_TICK flags =0x1
11-21 10:51:21.916  1125  1228 W SettingsProvider: call() name : com_oneplus_systemui_recent_task_lockd_list
11-21 10:51:21.918  1125  1228 I OHPD    : [BgDetect]chkExcessCpu level: 0 doKills: true critical false uptime: 301046
11-21 10:51:22.077  1125  1228 I OHPD    : isIsolated process: app.uid:99135,app.info.uid:10423, app.processName:com.android.chrome:sandboxed_process0
11-21 10:51:22.841  1125  1221 D BatteryStatsService: @@@@ awaitUninterruptibly in 84 ms
11-21 10:51:28.639   968  1029 E storaged: getDiskStats failed with result NOT_SUPPORTED and size 0
11-21 10:51:42.074  1125  1769 V AlarmManager: Triggering alarm #0: 2 when =824598893 package =android operation = null listenTag =*job.delay* flags =0x0
11-21 10:51:48.552  1125  1769 V AlarmManager: Triggering alarm #0: 2 when =824605371 package =android operation = null listenTag =*job.delay* flags =0x0
11-21 10:51:54.978  1125  1868 D OnePlusProcessManager: checkActiveSensor fail 10411
11-21 10:52:00.000  1125  1769 V AlarmManager: Triggering alarm #0: 3 when =824616819 package =android operation =*alarm*:android.intent.action.TIME_TICK flags =0x1
11-21 10:52:28.640   968  1029 E storaged: getDiskStats failed with result NOT_SUPPORTED and size 0
11-21 10:52:34.311  1125  1769 V AlarmManager: Triggering alarm #0: 2 when =824649483 package =android operation = null listenTag =*job.delay* flags =0x0
11-21 10:52:40.800  1125  1769 V AlarmManager: Triggering alarm #0: 2 when =824657619 package =android operation = null listenTag =*job.delay* flags =0x0
11-21 10:52:59.950  1125  1228 W BroadcastQueue: Background execution not allowed: receiving Intent { act=android.net.conn.DATA_ACTIVITY_CHANGE flg=0x10 (has extras) } to com.oneplus.security/.network.trafficalarm.TrafficUsageAlarmReceiver
11-21 10:52:59.972  1125  1228 W BroadcastQueue: Background execution not allowed: receiving Intent { act=android.net.conn.DATA_ACTIVITY_CHANGE flg=0x10 (has extras) } to com.oneplus.security/.network.trafficalarm.TrafficUsageAlarmReceiver
11-21 10:53:00.000  1125  1769 V AlarmManager: Triggering alarm #0: 3 when =824676819 package =android operation =*alarm*:android.intent.action.TIME_TICK flags =0x1
11-21 10:53:00.151  1125  1166 W SettingsProvider: call() name : accessibility_display_grayscale_enabled
11-21 10:53:00.153  1125  1166 W SettingsProvider: call() name : accessibility_display_grayscale_enabled
11-21 10:53:00.199  1125  1166 W SettingsProvider: call() name : esport_mode_enabled
11-21 10:53:00.204  1125  1166 I chatty  : uid=1000(system) Binder:1125_2 identical 3 lines
11-21 10:53:00.205  1125  1166 W SettingsProvider: call() name : esport_mode_enabled
11-21 10:53:00.220  1125  1166 W SettingsProvider: call() name : game_mode_status
11-21 10:53:00.220  1125  1166 W SettingsProvider: call() name : esport_mode_enabled
11-21 10:53:00.221  1125  1166 W SettingsProvider: call() name : game_mode_status
11-21 10:53:00.222  1125  1166 W SettingsProvider: call() name : esport_mode_enabled
11-21 10:53:00.222  1125  1166 W SettingsProvider: call() name : reading_mode_status
11-21 10:53:00.223  1125  1166 W SettingsProvider: call() name : accessibility_display_grayscale_enabled
11-21 10:53:00.223  1125  1166 W SettingsProvider: call() name : reading_mode_status
11-21 10:53:00.224  1125  1166 W SettingsProvider: call() name : accessibility_display_grayscale_enabled
11-21 10:53:00.486  1125  1233 I ActivityManager: Start proc 11143:com.linkedin.android/u0a362 for broadcast com.linkedin.android/com.google.firebase.iid.FirebaseInstanceIdReceiver
11-21 10:53:00.512  1125 12070 D OnePlusSmartBoostManager: writeHotCount com.linkedin.android, pid=11143
11-21 10:53:00.870  1125  1166 W SettingsProvider: call() name : sqlite_compatibility_wal_flags
11-21 10:53:00.889  1125  1166 D ConnectivityService: requestNetwork for uid/pid:10362/11143 NetworkRequest [ TRACK_DEFAULT id=16387, [ Capabilities: INTERNET&NOT_RESTRICTED&TRUSTED Unwanted:  Uid: 10362] ]
11-21 10:53:00.890  1125  1166 D ConnectivityService: Returning UNBLOCKED NetworkInfo to uid=10362
11-21 10:53:00.951  1125 12070 D ConnectivityService: requestNetwork for uid/pid:10362/11143 NetworkRequest [ TRACK_DEFAULT id=16388, [ Capabilities: INTERNET&NOT_RESTRICTED&TRUSTED Unwanted:  Uid: 10362] ]
11-21 10:53:01.390  1125 12070 D ConnectivityService: requestNetwork for uid/pid:10362/11143 NetworkRequest [ TRACK_DEFAULT id=16390, [ Capabilities: INTERNET&NOT_RESTRICTED&TRUSTED Unwanted:  Uid: 10362] ]
11-21 10:53:01.546  1125  1125 W SettingsProvider: call() name : enabled_notification_listeners
11-21 10:53:01.547  1125  1125 W SettingsProvider: call() name : enabled_notification_assistant
11-21 10:53:01.547  1125  1125 W SettingsProvider: call() name : enabled_notification_policy_access_packages
11-21 10:53:01.581  1125  8205 W SettingsProvider: call() name : notification_light_pulse_color
11-21 10:53:01.694  1125  1125 W SettingsProvider: call() name : esport_mode_enabled
11-21 10:53:01.705  1125 12070 W SettingsProvider: call() name : esport_mode_enabled
11-21 10:53:01.726  1125  8205 W SettingsProvider: call() name : notification_sound
11-21 10:53:02.087  1125  1801 D ConnectivityService: releasing NetworkRequest [ TRACK_DEFAULT id=16390, [ Capabilities: INTERNET&NOT_RESTRICTED&TRUSTED Unwanted:  Uid: 10362] ] (release request)
11-21 10:53:17.870  1125  1228 W BroadcastQueue: Background execution not allowed: receiving Intent { act=android.net.conn.DATA_ACTIVITY_CHANGE flg=0x10 (has extras) } to com.oneplus.security/.network.trafficalarm.TrafficUsageAlarmReceiver
11-21 10:53:21.400  1125  1228 W BroadcastQueue: Background execution not allowed: receiving Intent { act=android.net.conn.DATA_ACTIVITY_CHANGE flg=0x10 (has extras) } to com.oneplus.security/.network.trafficalarm.TrafficUsageAlarmReceiver
11-21 10:53:28.645   968  1029 E storaged: getDiskStats failed with result NOT_SUPPORTED and size 0
11-21 10:53:54.217  1125 11255 E OHPD    : [BgDetect] AppForkedProc kworker/u16:2 pid 11103 uid 0 can't find pkgName
11-21 10:54:12.278  1125  1228 W BroadcastQueue: Background execution not allowed: receiving Intent { act=android.net.conn.DATA_ACTIVITY_CHANGE flg=0x10 (has extras) } to com.oneplus.security/.network.trafficalarm.TrafficUsageAlarmReceiver
11-21 10:54:12.290  1125  1228 W BroadcastQueue: Background execution not allowed: receiving Intent { act=android.net.conn.DATA_ACTIVITY_CHANGE flg=0x10 (has extras) } to com.oneplus.security/.network.trafficalarm.TrafficUsageAlarmReceiver
11-21 10:54:16.014  1125  1228 W SettingsProvider: call() name : com_oneplus_systemui_recent_task_lockd_list
11-21 10:54:16.014  1125  1228 I OHPD    : [BgDetect]chkExcessCpu level: 1 doKills: true critical false uptime: 301066
11-21 10:54:16.163  1125  1228 I OHPD    : isIsolated process: app.uid:99135,app.info.uid:10423, app.processName:com.android.chrome:sandboxed_process0
11-21 10:54:28.654   968  1029 E storaged: getDiskStats failed with result NOT_SUPPORTED and size 0
11-21 10:54:46.959  1125  1760 D ConnectivityService: Returning BLOCKED NetworkInfo to uid=99910207
11-21 10:54:57.237  1125  1233 I ActivityManager: Start proc 11270:com.android.providers.calendar/u0a21 for content provider com.android.providers.calendar/.CalendarProvider2
11-21 10:54:57.283  1125  8205 D OnePlusSmartBoostManager: writeHotCount com.android.providers.calendar, pid=11270
11-21 10:54:57.421  1125  1163 W SettingsProvider: call() name : sqlite_compatibility_wal_flags
11-21 10:54:57.485  1125  3756 W SettingsProvider: call() name : boot_count
11-21 10:54:58.953  1125  1889 E JobScheduler: jobid:105741
11-21 10:54:58.953  1125  1889 E JobScheduler: java.lang.IllegalStateException: Same jobid in systemuid.
11-21 10:54:58.953  1125  1889 E JobScheduler: 	at com.android.server.job.JobSchedulerService.scheduleAsPackage(JobSchedulerService.java:889)
11-21 10:54:58.953  1125  1889 E JobScheduler: 	at com.android.server.job.JobSchedulerService$JobSchedulerStub.scheduleAsPackage(JobSchedulerService.java:2668)
11-21 10:54:58.953  1125  1889 E JobScheduler: 	at android.app.JobSchedulerImpl.scheduleAsPackage(JobSchedulerImpl.java:62)
11-21 10:54:58.953  1125  1889 E JobScheduler: 	at com.android.server.content.SyncManager.scheduleSyncOperationH(SyncManager.java:1680)
11-21 10:54:58.953  1125  1889 E JobScheduler: 	at com.android.server.content.SyncManager.scheduleSyncOperationH(SyncManager.java:1499)
11-21 10:54:58.953  1125  1889 E JobScheduler: 	at com.android.server.content.SyncManager.access$4100(SyncManager.java:153)
11-21 10:54:58.953  1125  1889 E JobScheduler: 	at com.android.server.content.SyncManager$SyncHandler.reschedulePeriodicSyncH(SyncManager.java:3688)
11-21 10:54:58.953  1125  1889 E JobScheduler: 	at com.android.server.content.SyncManager$SyncHandler.runSyncFinishedOrCanceledH(SyncManager.java:3736)
