11-21 11:04:13.858  1125  1228 D RestartProcessManager: updateSelf :  com.ubercab, size : 30
11-21 11:04:13.858  1125  1228 D RestartProcessManager: updateSelf :  com.google.android.apps.tasks, size : 30
11-21 11:04:13.858  1125  1228 D RestartProcessManager: updateSelf :  com.aranoah.healthkart.plus, size : 30
11-21 11:04:13.858  1125  1228 D RestartProcessManager: updateSelf :  com.google.android.apps.youtube.creator, size : 30
11-21 11:04:13.858  1125  1228 D RestartProcessManager: updateSelf :  com.yinsol.foodpotsnew, size : 30
11-21 11:04:13.858  1125  1228 D RestartProcessManager: updateSelf :  com.meta.vorz, size : 30
11-21 11:04:13.858  1125  1228 D RestartProcessManager: updateSelf :  com.phonepe.app, size : 30
11-21 11:04:13.858  1125  1228 D RestartProcessManager: updateSelf :  com.snapwork.hdfcsec, size : 30
11-21 11:04:13.858  1125  1228 D RestartProcessManager: updateSelf :  com.soundcloud.android, size : 30
11-21 11:04:13.858  1125  1228 D RestartProcessManager: updateSelf :  com.innodiets.sensa, size : 30
11-21 11:04:13.858  1125  1228 D RestartProcessManager: updateSelf :  journal.notebook.memoir.write.diary, size : 30
11-21 11:04:13.858  1125  1228 D RestartProcessManager: updateSelf :  kindle.directpublishing3, size : 30
11-21 11:04:13.858  1125  1228 D RestartProcessManager: updateSelf :  photoeditor.layout.collagemaker, size : 30
11-21 11:04:13.858  1125  1228 D RestartProcessManager: updateSelf :  com.google.android.apps.books, size : 30
11-21 11:04:13.858  1125  1228 D RestartProcessManager: updateSelf :  in.sweatco.app, size : 30
11-21 11:04:13.858  1125  1228 D RestartProcessManager: updateSelf :  com.fourthambit.kasebook, size : 30
11-21 11:04:13.858  1125  1228 D RestartProcessManager: updateSelf :  com.android.contacts, size : 30
11-21 11:04:13.858  1125  1228 D RestartProcessManager: updateSelf :  com.google.android.talk, size : 30
11-21 11:04:13.858  1125  1228 D RestartProcessManager: updateSelf :  in.indwealth, size : 30
11-21 11:04:13.858  1125  1228 D RestartProcessManager: updateSelf :  com.angel.permission.manager, size : 30
11-21 11:04:13.858  1125  1228 D RestartProcessManager: updateSelf :  com.easybrain.block.puzzle.games, size : 30
11-21 11:04:13.858  1125  1228 D RestartProcessManager: updateSelf :  com.europosit.pixelcoloring, size : 30
11-21 11:04:13.858  1125  1228 D RestartProcessManager: updateSelf :  com.hyderabadwater.hmwssb, size : 30
11-21 11:04:13.858  1125  1228 D RestartProcessManager: updateSelf :  com.application.zomato, size : 30
11-21 11:04:13.858  1125  1228 D RestartProcessManager: updateSelf :  com.zeptoconsumerapp, size : 30
11-21 11:04:13.858  1125  1228 D RestartProcessManager: updateSelf :  io.ionic.starter, size : 30
11-21 11:04:13.858  1125  1228 D RestartProcessManager: updateSelf :  io.spatial.spatial, size : 30
11-21 11:04:13.858  1125  1228 D RestartProcessManager: updateSelf :  com.mxtech.videoplayer.ad, size : 30
11-21 11:04:13.858  1125  1228 D RestartProcessManager: updateSelf :  com.maxbupa.healthapp, size : 30
11-21 11:04:13.858  1125  1228 D RestartProcessManager: updateSelf :  com.google.android.apps.photos, size : 30
11-21 11:04:13.858  1125  1228 D RestartProcessManager: updateSelf :  com.schoology.app, size : 30
11-21 11:04:13.858  1125  1228 D RestartProcessManager: updateSelf :  com.android.documentsui, size : 30
11-21 11:04:13.858  1125  1228 D RestartProcessManager: updateSelf :  com.tul.tatacliq, size : 30
11-21 11:04:13.858  1125  1228 D RestartProcessManager: updateSelf :  com.ishafoundation.app, size : 30
11-21 11:04:13.858  1125  1228 D RestartProcessManager: updateSelf :  com.csam.icici.bank.imobile, size : 30
11-21 11:04:13.858  1125  1228 D RestartProcessManager: updateSelf :  com.tatkovlab.pomodorolite, size : 30
11-21 11:04:13.858  1125  1228 D RestartProcessManager: updateSelf :  com.urbankisaan.app, size : 30
11-21 11:04:13.858  1125  1228 D RestartProcessManager: updateSelf :  com.google.earth, size : 30
11-21 11:04:13.858  1125  1228 D RestartProcessManager: updateSelf :  com.discord, size : 30
11-21 11:04:13.858  1125  1228 D RestartProcessManager: updateSelf :  com.swarsystems.is, size : 30
11-21 11:04:13.858  1125  1228 D RestartProcessManager: updateSelf :  com.meetup, size : 30
11-21 11:04:13.858  1125  1228 D RestartProcessManager: updateSelf :  com.sbi.lotusintouch, size : 30
11-21 11:04:13.858  1125  1228 D RestartProcessManager: updateSelf :  com.google.android.apps.dynamite, size : 30
11-21 11:04:13.858  1125  1228 D RestartProcessManager: updateSelf :  in.medibuddy, size : 30
11-21 11:04:13.858  1125  1228 D RestartProcessManager: updateSelf :  com.vincentlee.compass, size : 30
11-21 11:04:13.858  1125  1228 D RestartProcessManager: updateSelf :  in.org.npci.upiapp, size : 30
11-21 11:04:13.858  1125  1228 D RestartProcessManager: updateSelf :  com.idea.backup.smscontacts, size : 30
11-21 11:04:13.858  1125  1228 D RestartProcessManager: updateSelf :  com.trello, size : 30
11-21 11:04:13.858  1125  1228 D RestartProcessManager: updateSelf :  com.net.pvr, size : 30
11-21 11:04:13.858  1125  1228 D RestartProcessManager: updateSelf :  net.oneplus.weather, size : 30
11-21 11:04:13.858  1125  1228 D RestartProcessManager: updateSelf :  com.ryzmedia.tatasky, size : 30
11-21 11:04:13.858  1125  1228 D RestartProcessManager: updateSelf :  com.quarks.truecover, size : 30
11-21 11:04:13.858  1125  1228 D RestartProcessManager: updateSelf :  noirelabs.textgram, size : 30
11-21 11:04:13.858  1125  1228 D RestartProcessManager: updateSelf :  imagetopdf.pdfconverter.jpgtopdf.pdfeditor, size : 30
11-21 11:04:13.858  1125  1228 D RestartProcessManager: updateSelf :  com.healthifyme.basic, size : 30
11-21 11:04:13.858  1125  1228 D RestartProcessManager: updateSelf :  com.sonyliv, size : 30
11-21 11:04:13.858  1125  1228 D RestartProcessManager: updateSelf :  com.bcy.fsapp, size : 30
11-21 11:04:13.858  1125  1228 D RestartProcessManager: updateSelf :  org.chromium.webapk.a9e9fdf1b4bb31bc2_v2, size : 30
11-21 11:04:13.858  1125  1228 D RestartProcessManager: updateSelf :  com.facebook.katana, size : 30
11-21 11:04:13.858  1125  1228 D RestartProcessManager: updateSelf :  com.example.pedometer_example, size : 30
11-21 11:04:13.858  1125  1228 D RestartProcessManager: updateSelf :  com.phonegap.rxpal, size : 30
11-21 11:04:13.858  1125  1228 D RestartProcessManager: updateSelf :  com.bigbasket.mobileapp, size : 30
11-21 11:04:13.858  1125  1228 D RestartProcessManager: updateSelf :  com.citiuat, size : 30
11-21 11:04:13.858  1125  1228 D RestartProcessManager: updateSelf :  com.modelmakertools.simplemindfree, size : 30
11-21 11:04:13.858  1125  1228 D RestartProcessManager: updateSelf :  com.memeandsticker.textsticker, size : 30
11-21 11:04:13.858  1125  1228 D RestartProcessManager: updateSelf :  cc.forestapp, size : 30
11-21 11:04:13.858  1125  1228 D RestartProcessManager: updateSelf :  com.BallGames.Woodturning, size : 30
11-21 11:04:13.858  1125  1228 D RestartProcessManager: updateSelf :  com.panagola.app.bluef, size : 30
11-21 11:04:13.858  1125  1228 D RestartProcessManager: updateSelf :  com.disneydigitalbooks.DisneyMagicBrushTimer_goo, size : 30
11-21 11:04:13.858  1125  1228 D RestartProcessManager: updateSelf :  com.gourmetgarden.gourmetgarden, size : 30
11-21 11:04:13.858  1125  1228 D RestartProcessManager: updateSelf :  com.microsoft.office.officelens, size : 30
11-21 11:04:13.858  1125  1228 D RestartProcessManager: updateSelf :  com.srllimited.srl, size : 30
11-21 11:04:13.858  1125  1228 D RestartProcessManager: updateSelf :  com.google.android.apps.googleassistant, size : 30
11-21 11:04:13.858  1125  1228 D RestartProcessManager: updateSelf :  com.lszenlamzr.parkingjam, size : 30
11-21 11:04:13.858  1125  1228 D RestartProcessManager: updateSelf :  com.mso.oberoi, size : 30
11-21 11:04:13.858  1125  1228 D RestartProcessManager: updateSelf :  com.smule.singandroid, size : 30
11-21 11:04:13.858  1125  1228 D RestartProcessManager: updateSelf :  com.myairtelapp, size : 30
11-21 11:04:13.858  1125  1228 D RestartProcessManager: updateSelf :  com.oneplus.soundrecorder, size : 30
11-21 11:04:13.858  1125  1228 D RestartProcessManager: updateSelf :  com.google.android.apps.youtube.music, size : 30
11-21 11:04:13.858  1125  1228 D RestartProcessManager: updateSelf :  in.orangehealth.patient, size : 30
11-21 11:04:13.858  1125  1228 D RestartProcessManager: updateSelf :  com.merriamwebster, size : 30
11-21 11:04:13.858  1125  1228 D RestartProcessManager: updateSelf :  com.oneplus.backuprestore, size : 30
11-21 11:04:13.858  1125  1228 D RestartProcessManager: updateSelf :  com.simpl.android, size : 30
11-21 11:04:13.858  1125  1228 D RestartProcessManager: updateSelf :  com.citrus.citruspay, size : 30
11-21 11:04:13.858  1125  1228 D RestartProcessManager: updateSelf :  com.goibibo, size : 30
11-21 11:04:13.858  1125  1228 D RestartProcessManager: updateSelf :  org.chromium.webapk.aa4e54de47ea866be_v2, size : 30
11-21 11:04:13.858  1125  1228 D RestartProcessManager: updateSelf :  com.calendly.app, size : 30
11-21 11:04:13.858  1125  1228 D RestartProcessManager: updateSelf :  com.linkedin.android, size : 30
11-21 11:04:13.858  1125  1228 D RestartProcessManager: updateSelf :  seesaw.shadowpuppet.co.seesaw, size : 30
11-21 11:04:13.858  1125  1228 D RestartProcessManager: updateSelf :  com.nearbuy.nearbuymobile, size : 30
11-21 11:04:13.858  1125  1228 D RestartProcessManager: updateSelf :  com.roblox.client, size : 30
11-21 11:04:13.858  1125  1228 D RestartProcessManager: updateSelf :  com.tinyco.potter, size : 30
11-21 11:04:13.858  1125  1228 D RestartProcessManager: updateSelf :  com.oneplus.camera, size : 30
11-21 11:04:13.858  1125  1228 D RestartProcessManager: updateSelf :  com.brainfun.math_champ, size : 30
11-21 11:04:13.858  1125  1228 D RestartProcessManager: updateSelf :  com.makemytrip, size : 30
11-21 11:04:13.858  1125  1228 D RestartProcessManager: updateSelf :  com.appbox.affiliate, size : 30
11-21 11:04:13.858  1125  1228 D RestartProcessManager: updateSelf :  com.americanexpress.android.acctsvcs.in, size : 30
11-21 11:04:13.858  1125  1228 D RestartProcessManager: updateSelf :  in.gov.uidai.mAadhaarPlus, size : 30
11-21 11:04:13.858  1125  1228 D RestartProcessManager: updateSelf :  bot.touchkin, size : 30
11-21 11:04:13.858  1125  1228 D RestartProcessManager: updateSelf :  in.gov.umang.negd.g2c, size : 30
11-21 11:04:13.858  1125  1228 D RestartProcessManager: updateSelf :  com.Slack, size : 30
11-21 11:04:13.858  1125  1228 D RestartProcessManager: updateSelf :  com.academypro, size : 30
11-21 11:04:13.858  1125  1228 D RestartProcessManager: updateSelf :  com.google.android.apps.docs.editors.docs, size : 30
11-21 11:04:13.858  1125  1228 D RestartProcessManager: updateSelf :  com.stotranidhi.multilang, size : 30
11-21 11:04:13.858  1125  1228 D RestartProcessManager: updateSelf :  com.microsoft.office.onenote, size : 30
11-21 11:04:13.858  1125  1228 D RestartProcessManager: updateSelf :  com.wsandroid.suite, size : 30
11-21 11:04:13.858  1125  1228 D RestartProcessManager: updateSelf :  com.mcb.myclassboard.activity, size : 30
11-21 11:04:13.858  1125  1228 D RestartProcessManager: updateSelf :  com.whereismytrain.android, size : 30
11-21 11:04:13.858  1125  1228 D RestartProcessManager: updateSelf :  com.google.android.apps.meetings, size : 30
11-21 11:04:13.858  1125  1228 D RestartProcessManager: updateSelf :  com.lucidchart.android.chart, size : 30
11-21 11:04:13.858  1125  1228 D RestartProcessManager: updateSelf :  com.touchtalent.bobbleapp, size : 30
11-21 11:04:13.858  1125  1228 D RestartProcessManager: updateSelf :  in.startv.hotstar, size : 30
11-21 11:04:13.858  1125  1228 D RestartProcessManager: updateSelf :  com.microsoft.office.excel, size : 30
11-21 11:04:13.858  1125  1228 D RestartProcessManager: updateSelf :  com.graymatrix.did, size : 30
11-21 11:04:13.858  1125  1228 D RestartProcessManager: updateSelf :  com.amazon.klite, size : 30
11-21 11:04:13.858  1125  1228 D RestartProcessManager: updateSelf :  com.gojek.app, size : 30
11-21 11:04:13.858  1125  1228 D RestartProcessManager: updateSelf :  com.google.android.apps.docs, size : 30
11-21 11:04:13.858  1125  1228 D RestartProcessManager: updateSelf :  com.jonathanpuckey.radiogarden, size : 30
11-21 11:04:13.858  1125  1228 D RestartProcessManager: updateSelf :  com.cowinapp.app, size : 30
11-21 11:04:13.858  1125  1228 D RestartProcessManager: updateSelf :  com.mobikwik_new, size : 30
11-21 11:04:13.858  1125  1228 D RestartProcessManager: updateSelf :  com.spotify.music, size : 30
11-21 11:04:13.858  1125  1228 D RestartProcessManager: updateSelf :  myradio.radio.fmradio.liveradio.radiostation, size : 30
11-21 11:04:13.858  1125  1228 D RestartProcessManager: updateSelf :  com.cisco.webex.meetings, size : 30
11-21 11:04:13.858  1125  1228 D RestartProcessManager: updateSelf :  com.topgamesinc.evony, size : 30
11-21 11:04:13.858  1125  1228 D RestartProcessManager: updateSelf :  com.app.testseries.mocktestworld, size : 30
11-21 11:04:13.858  1125  1228 D RestartProcessManager: updateSelf :  com.lenskart.app, size : 30
11-21 11:04:13.858  1125  1228 D RestartProcessManager: updateSelf :  com.nianticlabs.pokemongo, size : 30
11-21 11:04:13.858  1125  1228 D RestartProcessManager: updateSelf :  com.google.android.apps.classroom, size : 30
11-21 11:04:13.858  1125  1228 D RestartProcessManager: updateSelf :  com.google.android.videos, size : 30
11-21 11:04:13.858  1125  1228 D RestartProcessManager: updateSelf :  com.dictionary, size : 30
11-21 11:04:13.858  1125  1228 D RestartProcessManager: updateSelf :  com.jio.myjio, size : 30
11-21 11:04:13.858  1125  1228 D RestartProcessManager: updateSelf :  com.oneplus.deskclock, size : 30
11-21 11:04:13.858  1125  1228 D RestartProcessManager: updateSelf :  com.soundcorset.client.android, size : 30
11-21 11:04:13.858  1125  1228 D RestartProcessManager: updateSelf :  com.jsvmsoft.stickynotes, size : 30
11-21 11:04:13.858  1125  1228 D RestartProcessManager: updateSelf :  net.one97.paytm, size : 30
11-21 11:04:13.858  1125  1228 D RestartProcessManager: updateSelf :  com.whatsapp, size : 30
11-21 11:04:13.858  1125  1228 D RestartProcessManager: updateSelf :  com.grabtaxi.passenger, size : 30
11-21 11:04:13.858  1125  1228 D RestartProcessManager: updateSelf :  com.oneplus.gallery, size : 30
11-21 11:04:13.858  1125  1228 D RestartProcessManager: updateSelf :  com.airasia.mobile, size : 30
11-21 11:04:13.858  1125  1228 D RestartProcessManager: updateSelf :  com.google.android.apps.fitness, size : 30
11-21 11:04:13.858  1125  1228 D RestartProcessManager: updateSelf :  com.trianguloy.openInWhatsapp, size : 30
11-21 11:04:13.858  1125  1228 D RestartProcessManager: updateSelf :  com.zoomcar, size : 30
11-21 11:04:13.859  1125  1228 D RestartProcessManager: updateSelf :  com.inHaze.FPSTest, size : 30
11-21 11:04:13.859  1125  1228 D RestartProcessManager: updateSelf :  com.zombodroid.imagecombinerfree, size : 30
11-21 11:04:13.859  1125  1228 D RestartProcessManager: updateSelf :  com.oneplus.calculator, size : 30
11-21 11:04:13.859  1125  1228 D RestartProcessManager: updateSelf :  com.ideacellular.myidea, size : 30
11-21 11:04:13.859  1125  1228 D RestartProcessManager: updateSelf :  com.inconceptlabs.liveboard, size : 30
11-21 11:04:13.859  1125  1228 D RestartProcessManager: updateSelf :  com.audible.application, size : 30
11-21 11:04:13.859  1125  1228 D RestartProcessManager: updateSelf :  com.practo.fabric, size : 30
11-21 11:04:13.859  1125  1228 D RestartProcessManager: updateSelf :  com.google.android.apps.genie.geniewidget, size : 30
11-21 11:04:13.859  1125  1228 D RestartProcessManager: updateSelf :  com.atlassian.android.jira.core, size : 30
11-21 11:04:13.859  1125  1228 D RestartProcessManager: updateSelf :  com.megaapp.wastickerapp, size : 30
11-21 11:04:13.859  1125  1228 D RestartProcessManager: updateSelf :  com.google.android.apps.docs.editors.sheets, size : 30
11-21 11:04:13.859  1125  1228 D RestartProcessManager: updateSelf :  tv.remote.control.sonytv, size : 30
11-21 11:04:13.859  1125  1228 D RestartProcessManager: updateSelf :  com.sixhandsapps.deleoapp, size : 30
11-21 11:04:13.859  1125  1228 D RestartProcessManager: updateSelf :  org.kcdastrust.Gayatri, size : 30
11-21 11:04:13.859  1125  1228 D RestartProcessManager: updateSelf :  com.google.android.apps.magazines, size : 30
11-21 11:04:13.859  1125  1228 D RestartProcessManager: updateSelf :  com.google.android.apps.authenticator2, size : 30
11-21 11:04:13.859  1125  1228 D RestartProcessManager: updateSelf :  com.google.android.music, size : 30
11-21 11:04:13.859  1125  1228 D RestartProcessManager: updateSelf :  com.bt.bms, size : 30
11-21 11:04:13.859  1125  1228 D RestartProcessManager: updateSelf :  com.nello.app, size : 30
11-21 11:04:13.859  1125  1228 D RestartProcessManager: updateSelf :  nic.goi.aarogyasetu, size : 30
11-21 11:04:13.859  1125  1228 D RestartProcessManager: updateSelf :  com.pms.activity, size : 30
11-21 11:04:13.859  1125  1228 D RestartProcessManager: updateSelf :  com.dreame.writer, size : 30
11-21 11:04:13.859  1125  1228 D RestartProcessManager: updateSelf :  com.google.android.keep, size : 30
11-21 11:04:13.859  1125  1228 D RestartProcessManager: updateSelf :  com.c25k, size : 30
11-21 11:04:13.859  1125  1228 D RestartProcessManager: updateSelf :  com.tatasky.binge, size : 30
11-21 11:04:13.859  1125  1228 D RestartProcessManager: updateSelf :  com.amazon.kindle, size : 30
11-21 11:04:13.859  1125  1228 D RestartProcessManager: updateSelf :  com.sixtostart.thewalk2, size : 30
11-21 11:04:13.859  1125  1228 D RestartProcessManager: updateSelf :  cris.org.in.prs.ima, size : 30
11-21 11:04:13.859  1125  1228 D RestartProcessManager: updateSelf :  com.NetmedsMarketplace.Netmeds, size : 30
11-21 11:04:13.859  1125  1228 D RestartProcessManager: updateSelf :  com.pedometer.sixpackworkout.loseweight, size : 30
11-21 11:04:13.859  1125  1228 D RestartProcessManager: updateSelf :  sortpuz.water.sort.puzzle.game, size : 30
11-21 11:04:13.859  1125  1228 D RestartProcessManager: updateSelf :  com.fiverr.fiverr, size : 30
11-21 11:04:13.859  1125  1228 D RestartProcessManager: updateSelf :  com.amhi.healthjinn, size : 30
11-21 11:04:13.859  1125  1228 D RestartProcessManager: updateSelf :  io.metamask, size : 30
11-21 11:04:13.859  1125  1228 D RestartProcessManager: updateSelf :  com.zoho.notebook, size : 30
11-21 11:04:13.859  1125  1228 D RestartProcessManager: updateSelf :  com.wix.android, size : 30
11-21 11:04:13.859  1125  1228 D RestartProcessManager: updateSelf :  com.google.android.apps.inputmethod.hindi, size : 30
11-21 11:04:13.859  1125  1228 D RestartProcessManager: updateSelf :  com.twitter.android, size : 30
11-21 11:04:13.859  1125  1228 D RestartProcessManager: updateSelf :  com.dealshare, size : 30
11-21 11:04:13.859  1125  1228 D RestartProcessManager: updateSelf :  com.smartspends, size : 30
11-21 11:04:13.859  1125  1228 D RestartProcessManager: updateSelf :  com.google.android.apps.docs.editors.slides, size : 30
11-21 11:04:13.859  1125  1228 D RestartProcessManager: updateSelf :  com.prodege.swagbucksmobile, size : 30
11-21 11:04:13.859  1125  1228 D RestartProcessManager: updateSelf :  com.icicibank.ibizz, size : 30
11-21 11:04:13.859  1125  1228 D RestartProcessManager: updateSelf :  com.strava, size : 30
11-21 11:04:13.859  1125  1228 D RestartProcessManager: updateSelf :  com.digilocker.android, size : 30
11-21 11:04:13.859  1125  1228 D RestartProcessManager: updateSelf :  com.localqueen, size : 30
11-21 11:04:13.859  1125  1228 D RestartProcessManager: updateSelf :  com.BlackGames.MathRiddles, size : 30
11-21 11:04:13.859  1125  1228 D RestartProcessManager: updateSelf :  com.google.android.apps.nbu.paisa.user, size : 30
11-21 11:04:13.859  1125  1228 D RestartProcessManager: updateSelf :  com.mfine, size : 30
11-21 11:04:13.859  1125  1228 D RestartProcessManager: updateSelf :  jee.techjd.jeeebooks, size : 30
11-21 11:04:13.859  1125  1228 D RestartProcessManager: updateSelf :  com.plugnplay.bblocks, size : 30
11-21 11:04:13.859  1125  1228 D RestartProcessManager: updateSelf :  com.easemytrip.android, size : 30
11-21 11:04:13.859  1125  1228 D RestartProcessManager: updateSelf :  com.google.android.apps.youtube.kids, size : 30
11-21 11:04:13.859  1125  1228 D RestartProcessManager: updateSelf :  com.bets.airindia.ui, size : 30
11-21 11:04:13.859  1125  1228 D RestartProcessManager: updateSelf :  com.dunzo.user, size : 30
11-21 11:04:13.859  1125  1228 D RestartProcessManager: updateSelf :  com.google.android.apps.maps, size : 30
11-21 11:04:13.859  1125  1228 D RestartProcessManager: updateSelf :  com.google.android.apps.tachyon, size : 30
11-21 11:04:13.859  1125  1228 D RestartProcessManager: updateSelf :  us.zoom.videomeetings, size : 30
11-21 11:04:13.859  1125  1228 D RestartProcessManager: updateSelf :  com.example.android.batchstepsensor, size : 30
11-21 11:04:13.859  1125  1228 D RestartProcessManager: updateSelf :  com.snapwork.hdfc, size : 30
11-21 11:04:13.859  1125  1228 D RestartProcessManager: updateSelf :  org.wordpress.android, size : 30
11-21 11:04:13.859  1125  1228 D RestartProcessManager: updateSelf :  com.amazon.avod.thirdpartyclient, size : 30
11-21 11:04:13.859  1125  1228 D RestartProcessManager: updateSelf :  com.dumplingsandwich.pencilsketch, size : 30
11-21 11:04:13.859  1125  1228 D RestartProcessManager: updateSelf :  com.microsoft.office.word, size : 30
11-21 11:04:13.859  1125  1228 D RestartProcessManager: updateSelf :  com.habitrpg.android.habitica, size : 30
11-21 11:04:13.859  1125  1228 D RestartProcessManager: updateSelf :  com.t11.skyviewfree, size : 30
11-21 11:04:13.859  1125  1228 D RestartProcessManager: updateSelf :  com.google.android.googlequicksearchbox, size : 30
11-21 11:04:13.859  1125  1228 D RestartProcessManager: updateSelf :  com.booking, size : 30
11-21 11:04:13.859  1125  1228 D RestartProcessManager: updateSelf :  com.google.android.apps.jam, size : 30
11-21 11:04:13.859  1125  1228 D RestartProcessManager: updateSelf :  com.google.ar.lens, size : 30
11-21 11:04:13.859  1125  1228 D RestartProcessManager: updateSelf :  org.mozilla.firefox, size : 30
11-21 11:04:13.859  1125  1228 D RestartProcessManager: updateSelf :  com.ea.game.nfs14_row, size : 30
11-21 11:04:13.859  1125  1228 D RestartProcessManager: updateSelf :  com.google.android.play.games, size : 30
11-21 11:04:13.859  1125  1228 D RestartProcessManager: updateSelf :  com.memeandsticker.personal, size : 30
11-21 11:04:13.859  1125  1228 D RestartProcessManager: updateSelf :  com.itc.itchotels, size : 30
11-21 11:04:13.859  1125  1228 D RestartProcessManager: updateSelf :  org.telegram.messenger, size : 30
11-21 11:04:13.859  1125  1228 D RestartProcessManager: updateSelf :  com.google.audio.hearing.visualization.accessibility.scribe, size : 30
11-21 11:04:13.859  1125  1228 D RestartProcessManager: updateSelf :  com.dreamplug.androidapp, size : 30
11-21 11:04:13.859  1125  1228 D RestartProcessManager: updateSelf :  com.amazon.clouddrive.photos, size : 30
11-21 11:04:13.859  1125  1228 D RestartProcessManager: updateSelf :  com.ubercab.uberlite, size : 30
11-21 11:04:13.859  1125  1228 D RestartProcessManager: updateSelf :  in.swiggy.android, size : 30
11-21 11:04:13.859  1125  1228 D RestartProcessManager: updateSelf :  com.waze, size : 30
11-21 11:04:13.859  1125  1228 D RestartProcessManager: updateSelf :  com.tatahealth.tatadhp, size : 30
11-21 11:04:13.859  1125  1228 D RestartProcessManager: updateSelf :  com.android.mms, size : 30
11-21 11:04:13.859  1125  1228 D RestartProcessManager: updateSelf :  com.truecaller, size : 30
11-21 11:04:13.859  1125  1228 D RestartProcessManager: updateSelf :  com.policybazaar, size : 30
11-21 11:04:13.859  1125  1228 D RestartProcessManager: updateSelf :  com.amazon.mp3, size : 30
11-21 11:04:13.859  1125  1228 D RestartProcessManager: updateSelf :  icici.lombard.ghi, size : 30
11-21 11:04:13.859  1125  1228 D RestartProcessManager: updateSelf :  com.hdfcclife.activities, size : 30
11-21 11:04:13.859  1125  1228 D RestartProcessManager: updateSelf :  com.sankhyantra.mathstricks, size : 30
11-21 11:04:13.859  1125  1228 D RestartProcessManager: updateSelf :  com.mightybell.mb, size : 30
11-21 11:04:13.859  1125  1228 D RestartProcessManager: updateSelf :  com.wework.mobile, size : 30
11-21 11:04:13.859  1125  1228 D RestartProcessManager: updateSelf :  com.android.settings, size : 30
11-21 11:04:13.859  1125  1228 D RestartProcessManager: updateSelf :  com.microsoft.appmanager, size : 30
11-21 11:04:13.859  1125  1228 D RestartProcessManager: updateSelf :  com.microsoft.teams, size : 30
11-21 11:04:13.859  1125  1228 D RestartProcessManager: updateSelf :  com.oneplus.note, size : 30
11-21 11:04:13.859  1125  1228 D RestartProcessManager: updateSelf :  com.flipkart.android, size : 30
11-21 11:04:13.859  1125  1228 D RestartProcessManager: updateSelf :  net.smartposture.app, size : 30
11-21 11:04:13.859  1125  1228 D RestartProcessManager: updateSelf :  com.ojassoft.astrosage, size : 30
11-21 11:04:13.859  1125  1228 D RestartProcessManager: updateSelf :  com.xiaomi.hm.health, size : 30
11-21 11:04:13.859  1125  1228 D RestartProcessManager: updateSelf :  com.instagram.android, size : 30
11-21 11:04:13.859  1125  1228 D RestartProcessManager: updateSelf :  com.android.dialer, size : 30
11-21 11:04:13.859  1125  1228 D RestartProcessManager: updateSelf :  in.amazon.mShop.android.shopping, size : 30
11-21 11:04:13.859  1125  1228 D RestartProcessManager: updateSelf :  pro.capture.screenshot, size : 30
11-21 11:04:13.859  1125  1228 D RestartProcessManager: updateSelf :  com.haxor, size : 30
11-21 11:04:13.859  1125  1228 D RestartProcessManager: updateSelf :  com.transferwise.android, size : 30
11-21 11:04:13.859  1125  1228 D RestartProcessManager: updateSelf :  com.wokamon.android, size : 30
11-21 11:04:13.859  1125  1228 D RestartProcessManager: updateSelf :  com.tripledot.woodoku, size : 30
11-21 11:04:13.859  1125  1228 D RestartProcessManager: updateSelf :  com.kiloo.subwaysurf, size : 30
11-21 11:04:13.859  1125  1228 D RestartProcessManager: updateSelf :  com.requestanapp.mathwordproblemsfree, size : 30
11-21 11:04:13.859  1125  1228 D RestartProcessManager: updateSelf :  com.android.vending, size : 30
11-21 11:04:13.859  1125  1228 D RestartProcessManager: updateSelf :  com.github.android, size : 30
11-21 11:04:13.859  1125  1228 D RestartProcessManager: updateSelf :  com.google.android.apps.nbu.files, size : 30
11-21 11:04:13.859  1125  1228 D RestartProcessManager: updateSelf :  seesaw.shadowpuppet.co.classroom, size : 30
11-21 11:04:13.859  1125  1228 D RestartProcessManager: updateSelf :  corpusnovus.silverblood.apecs, size : 30
11-21 11:04:13.859  1125  1228 D RestartProcessManager: updateSelf :  com.urbanclap.urbanclap, size : 30
11-21 11:04:13.859  1125  1228 D RestartProcessManager: updateSelf :  com.android.chrome, size : 30
11-21 11:04:13.859  1125  1228 D RestartProcessManager: updateSelf :  com.smart.iit_jeeexamprepration, size : 30
11-21 11:04:13.859  1125  1228 D RestartProcessManager: updateSelf :  com.pristyncare.patientapp, size : 30
11-21 11:04:13.859  1125  1228 D RestartProcessManager: updateSelf :  com.android.stk, size : 30
11-21 11:04:13.859  1125  1228 D RestartProcessManager: updateSelf :  com.microsoft.office.powerpoint, size : 30
11-21 11:04:13.859  1125  1228 D RestartProcessManager: updateSelf :  com.headway.books, size : 30
11-21 11:04:13.859  1125  1228 D RestartProcessManager: updateSelf :  uhiveapp.uhive.com.uhive, size : 30
11-21 11:04:13.859  1125  1228 D RestartProcessManager: updateSelf :  com.google.android.youtube, size : 30
11-21 11:04:13.859  1125  1228 D RestartProcessManager: updateSelf :  com.netflix.mediaclient, size : 30
11-21 11:04:13.859  1125  1228 D RestartProcessManager: updateSelf :  com.ea.gp.fifamobile, size : 30
11-21 11:04:13.859  1125  1228 D RestartProcessManager: updateSelf :  com.hashifytech.stickers, size : 30
11-21 11:04:13.859  1125  1228 D RestartProcessManager: updateSelf :  com.skype.raider, size : 30
11-21 11:04:13.859  1125  1228 D RestartProcessManager: updateSelf :  com.goyourfly.bigidea, size : 30
11-21 11:04:13.859  1125  1228 D RestartProcessManager: updateSelf :  com.vspl.docopd, size : 30
11-21 11:04:13.859  1125  1228 D RestartProcessManager: updateSelf :  com.apollo.patientapp, size : 30
11-21 11:04:13.859  1125  1228 D RestartProcessManager: updateSelf :  com.loco.holoped, size : 30
11-21 11:04:13.859  1125  1228 D RestartProcessManager: updateSelf :  com.symcoding.widget.stickynotes, size : 30
11-21 11:04:13.859  1125  1228 D RestartProcessManager: updateSelf :  uk.co.guardian.puzzles, size : 30
11-21 11:04:13.859  1125  1228 D RestartProcessManager: updateSelf :  com.learnacad.learnacad, size : 30
11-21 11:04:13.859  1125  1228 D RestartProcessManager: updateSelf :  com.facebook.orca, size : 30
11-21 11:04:13.859  1125  1228 D RestartProcessManager: updateSelf :  com.anydo, size : 30
11-21 11:04:13.859  1125  1228 D RestartProcessManager: updateSelf :  com.oneplus.filemanager, size : 30
11-21 11:04:13.859  1125  1228 D RestartProcessManager: updateSelf :  com.hamatim.podomoro, size : 30
11-21 11:04:13.859  1125  1228 D RestartProcessManager: updateSelf :  com.mygate.user, size : 30
11-21 11:04:13.859  1125  1228 D RestartProcessManager: updateSelf :  com.mediinformatics.medicalcodelookup, size : 30
11-21 11:04:13.859  1125  1228 D RestartProcessManager: updateSelf :  com.mobstac.thehindu, size : 30
11-21 11:04:13.859  1125  1228 D RestartProcessManager: updateSelf :  com.milkbasket.app, size : 30
11-21 11:04:13.859  1125  1228 D RestartProcessManager: updateSelf :  supply.power.tsspdcl, size : 30
11-21 11:04:13.859  1125  1228 D RestartProcessManager: updateSelf :  com.mmm.postit, size : 30
11-21 11:04:13.859  1125  1228 D RestartProcessManager: updateSelf :  com.google.android.gm, size : 30
11-21 11:04:13.859  1125  1228 D RestartProcessManager: updateSelf :  com.slowlyapp, size : 30
11-21 11:04:13.859  1125  1228 D RestartProcessManager: updateSelf :  com.imangi.templerun, size : 30
11-21 11:04:13.859  1125  1228 D RestartProcessManager: updateSelf :  money.myhubble, size : 30
11-21 11:04:13.859  1125  1228 D RestartProcessManager: updateSelf :  com.google.android.calendar, size : 30
11-21 11:04:13.860  1125  1228 D RestartProcessManager: Max day duration : 32905
11-21 11:04:13.860  1125  1228 D RestartProcessManager: com.example.pedometer_example got score 69.61252089348123 in DayDuration for duration : 22906
11-21 11:04:13.860  1125  1228 D RestartProcessManager: com.truecaller got score 100.0 in DayDuration for duration : 32905
11-21 11:04:13.860  1125  1228 D RestartProcessManager: Max LRU Diff : 19821455
11-21 11:04:13.860  1125  1228 D RestartProcessManager: com.example.pedometer_example got score 94.65274370625163 in DayLRU for LRU diff : 18761551
11-21 11:04:13.860  1125  1228 D RestartProcessManager: com.truecaller got score 100.0 in DayLRU for LRU diff : 19821455
11-21 11:04:13.860  1125  1228 D RestartProcessManager: Max launch times : 1
11-21 11:04:13.860  1125  1228 D RestartProcessManager: com.example.pedometer_example got score 100.0 in DayLaunchTimes for launch times : 1
11-21 11:04:13.860  1125  1228 D RestartProcessManager: com.truecaller got score 100.0 in DayLaunchTimes for launch times : 1
11-21 11:04:13.863  1125  1228 D RestartProcessManager: Finish all packages
11-21 11:04:13.865  1125  1228 I OHPD    : [BgDetect]chkExcessCpu level: 3 doKills: true critical false uptime: 1201156
11-21 11:04:13.875  1125  1228 I OHPD    : isIsolated process: app.uid:99276,app.info.uid:10299, app.processName:com.android.chrome:sandboxed_process2
11-21 11:04:14.053  1125  1228 I OHPD    : isIsolated process: app.uid:99135,app.info.uid:10423, app.processName:com.android.chrome:sandboxed_process0
11-21 11:04:14.147  1125  1228 I OHPD    : isIsolated process: app.uid:99278,app.info.uid:10045, app.processName:com.android.chrome:sandboxed_process0
11-21 11:04:14.434  1125  1752 I UsbPortManager: ClientCallback: otg_default
11-21 11:04:14.438  1125  1350 I UsbPortManager: USB port changed: port=UsbPort{id=otg_default, supportedModes=dual}, status=UsbPortStatus{connected=false, currentMode=none, currentPowerRole=no-power, currentDataRole=no-data, supportedRoleCombinations=[no-power:no-data]}, canChangeMode=true, canChangePowerRole=false, canChangeDataRole=false
11-21 11:04:14.512  1125  1752 E BatteryService:   charger remove 
11-21 11:04:14.581  1125  1246 I BatteryStatsImpl: Resetting battery stats: level=98 status=2 dischargeLevel=98 lowAmount=13 highAmount=14
11-21 11:04:14.841  1125  1125 W Looper  : Slow dispatch took 323ms main h=android.os.Handler c=com.android.server.BatteryService$13@c0ef0c4 m=0
11-21 11:04:14.842  1125  1350 W Looper  : Slow dispatch took 404ms android.fg h=com.android.server.usb.UsbPortManager$1 c=com.android.server.usb.-$$Lambda$UsbPortManager$FUqGOOupcl6RrRkZBk-BnrRQyPI@b506bad m=0
11-21 11:04:14.842  1125  1125 W Looper  : Slow delivery took 324ms main h=android.os.Handler c=com.android.server.-$$Lambda$BatteryService$2x73lvpB0jctMSVP4qb9sHAqRPw@6dabee2 m=0
11-21 11:04:15.450  1125  1125 W Looper  : Drained
11-21 11:04:15.452  1125  1125 E Connor  : set training stop
11-21 11:04:15.456  1125  1228 W BroadcastQueue: Background execution not allowed: receiving Intent { act=android.intent.action.ACTION_POWER_DISCONNECTED flg=0x4000010 (has extras) } to com.google.android.gms/.chimera.GmsIntentOperationService$PersistentTrustedReceiver
11-21 11:04:15.456  1125  1228 I BinderCallsStatsService: Resetting stats
11-21 11:04:15.456  1125  1228 W BroadcastQueue: Background execution not allowed: receiving Intent { act=android.intent.action.ACTION_POWER_DISCONNECTED flg=0x4000010 (has extras) } to com.qualcomm.qti.biometrics.fingerprint.service/.PowerConnectionReceiver
11-21 11:04:15.456  1125  1228 W BroadcastQueue: Background execution not allowed: receiving Intent { act=android.intent.action.ACTION_POWER_DISCONNECTED flg=0x4000010 (has extras) } to com.airasia.mobile/com.baidu.android.pushservice.PushServiceReceiver
11-21 11:04:15.456  1125  1228 W BroadcastQueue: Background execution not allowed: receiving Intent { act=android.intent.action.ACTION_POWER_DISCONNECTED flg=0x4000010 (has extras) } to com.c25k/com.sense360.android.quinoa.lib.RestartReceiver
11-21 11:04:15.456  1125  1228 W BroadcastQueue: Background execution not allowed: receiving Intent { act=android.intent.action.ACTION_POWER_DISCONNECTED flg=0x4000010 (has extras) } to com.c25k/.reboot.receivers.FitnessReceiver
11-21 11:04:15.456  1125  1228 W BroadcastQueue: Background execution not allowed: receiving Intent { act=android.intent.action.ACTION_POWER_DISCONNECTED flg=0x4000010 (has extras) } to com.facebook.katana/com.facebook.battery.monitor.ContinuousBatteryMonitorService$BroadcastReceiver
11-21 11:04:15.457  1125  1228 W BroadcastQueue: Background execution not allowed: receiving Intent { act=android.intent.action.ACTION_POWER_DISCONNECTED flg=0x4000010 (has extras) } to com.prodege.swagbucksmobile/com.inmarket.notouch.altbeacon.beacon.startup.StartupBroadcastReceiver
11-21 11:04:15.457  1125  1228 W BroadcastQueue: Background execution not allowed: receiving Intent { act=android.intent.action.ACTION_POWER_DISCONNECTED flg=0x4000010 (has extras) } to com.prodege.swagbucksmobile/com.sense360.android.quinoa.lib.RestartReceiver
11-21 11:04:15.457  1125  1228 W BroadcastQueue: Background execution not allowed: receiving Intent { act=android.intent.action.ACTION_POWER_DISCONNECTED flg=0x4000010 (has extras) } to com.t11.skyviewfree/com.term11.sv.receivers.TermBroadcastReceiver
11-21 11:04:15.457  1125  1228 W BroadcastQueue: Background execution not allowed: receiving Intent { act=android.intent.action.ACTION_POWER_DISCONNECTED flg=0x4000010 (has extras) } to pedometer.stepcounter.calorieburner.pedometerforwalking/.receiver.PedometerReceiver
11-21 11:04:15.457  1125  1228 W BroadcastQueue: Background execution not allowed: receiving Intent { act=android.intent.action.ACTION_POWER_DISCONNECTED flg=0x4000010 (has extras) } to com.google.android.gms/.chimera.GmsIntentOperationService$PersistentTrustedReceiver
11-21 11:04:15.458  1125  1354 I PowerManagerService: Waking up from dozing (uid=1000 reason=android.server.power:POWER)...
11-21 11:04:15.460  1125  1354 I DreamManagerService: Gently waking up from dream.
11-21 11:04:15.460  1125  1350 I DreamManagerService: Performing gentle wake from dream.
11-21 11:04:15.460  1125  1354 I DisplayPowerController: useProximityForceSuspend = false
11-21 11:04:15.460  1125  1354 I DisplayPowerController: screen is on!
11-21 11:04:15.460  1125  1354 I ColorBalanceService: MSG:1
11-21 11:04:15.460  1125  1827 D ColorBalanceService: MSG_SCREEN_ON
11-21 11:04:15.460  1125  1827 I ColorBalanceService: processScreenOn:true reason = 2
11-21 11:04:15.460  1125  1827 I ColorBalanceService: isKeyguard =  true
11-21 11:04:15.461  1125  1827 I ColorBalanceService: has_fingerprint = false
11-21 11:04:15.481  1125  1827 D ColorBalanceService: the SRGB sensor has been removed in project 18821/18827/18831/18857
11-21 11:04:15.493  1125  1354 I DisplayPowerController: Blocking screen on until initial contents have been drawn.
11-21 11:04:15.493  1125  1354 I WindowManager: Screen turning on...
11-21 11:04:15.497  1125  1125 I UsbDeviceManager: updateHostState UsbPort{id=otg_default, supportedModes=dual} status=UsbPortStatus{connected=false, currentMode=none, currentPowerRole=no-power, currentDataRole=no-data, supportedRoleCombinations=[no-power:no-data]}
11-21 11:04:15.499  1125  1125 W UsageStatsService: Event reported without a package name
11-21 11:04:15.500  1125  1125 W UsageStatsService: Event reported without a package name
11-21 11:04:15.500  1125  1125 I WindowManager: Started waking up...
11-21 11:04:15.501  1125  1125 D OnePlusPowerController: SCREEN is ON
11-21 11:04:15.509  1125  1125 D OnePlusPowerController: screen off duration: 190467
11-21 11:04:15.512  1125  1354 D RestartProcessManager: Screen off is false
11-21 11:04:15.512  1125  1354 I DisplayPowerController: useProximityForceSuspend = false
11-21 11:04:15.513  1125  1354 D RestartProcessManager: Screen off is false
11-21 11:04:15.514  1125  1352 I DisplayManagerService: Display device changed state: "Built-in Screen", ON
11-21 11:04:15.524  1125  1760 I DreamManagerService: Leaving dreamland.
11-21 11:04:15.525  1125  1350 I DreamManagerService: Performing gentle wake from dream.
11-21 11:04:15.525  1125  1350 I DreamController: Stopping dream: name=ComponentInfo{com.android.systemui/com.android.systemui.doze.DozeService}, isTest=false, canDoze=true, userId=0
11-21 11:04:15.539  1125  6588 D WindowManager: mKeyguardDelegate.ShowListener.onDrawn.
11-21 11:04:15.540  1125  1125 D OPSA    : ======BE_IMFORMED_SCREEN_ON======
11-21 11:04:15.566  1125  1232 W WindowManager: Setting mKeyguardDrawComplete
11-21 11:04:15.583  1125  1166 W SettingsProvider: call() name : screen_brightness
11-21 11:04:15.704  1125  1125 W Looper  : Slow dispatch took 113ms main h=android.app.ActivityThread$H c=android.app.-$$Lambda$LoadedApk$ReceiverDispatcher$Args$_BumDX2UKsnxLVrE6UJsJZkotuA@c09efd5 m=0
11-21 11:04:15.705  1125  1233 I ActivityManager: Start proc 15131:com.google.android.googlequicksearchbox:search/u0a63 for service com.google.android.googlequicksearchbox/com.google.android.apps.gsa.search.core.service.SearchService
11-21 11:04:15.708  1125  3677 D OnePlusSmartBoostManager: writeHotCount com.google.android.googlequicksearchbox, pid=15131
11-21 11:04:15.735  1125  1232 W Looper  : Slow dispatch took 141ms android.ui h=com.android.server.am.ActivityManagerService$UiHandler c=null m=53
11-21 11:04:15.792  1125  1125 I Telecom : CallsManager: onServiceStateChanged networkType: 13
11-21 11:04:15.809  1125  1352 I WindowManager: All windows ready for display!
11-21 11:04:15.810  1125  1232 W WindowManager: Setting mWindowManagerDrawComplete
11-21 11:04:15.836  1125  1232 D WindowManager: finishScreenTurningOn: mAwake=true, mScreenOnEarly=true, mScreenOnFully=false, mKeyguardDrawComplete=true, mWindowManagerDrawComplete=true, mKeyguardDelegate.isShowing()= true, mKeyguardDelegate.isFingerprintAuthenticating()= false
11-21 11:04:15.836  1125  1232 I WindowManager: Finished screen turning on...
11-21 11:04:15.840  1125  1354 I DisplayPowerController: Unblocked screen on after 344 ms
11-21 11:04:15.840  1125  1354 I DisplayPowerController: useProximityForceSuspend = false
11-21 11:04:15.840  1125  1354 D RestartProcessManager: Screen off is false
11-21 11:04:15.841  1125  1354 I DisplayPowerController: useProximityForceSuspend = false
11-21 11:04:15.841  1125  1354 D RestartProcessManager: Screen off is false
11-21 11:04:15.842  1125  1354 W PowerManagerService: Screen on took 384 ms
11-21 11:04:15.842  1125  1125 I WindowManager: Finished waking up...
11-21 11:04:15.893  1125  1778 D WindowManager: powerPress: eventTime=385475610 interactive=true count=1 beganFromNonInteractive=false mShortPressOnPowerBehavior=1
11-21 11:04:15.893  1125  1778 D DisplayManagerService: setWakingupReason: 
11-21 11:04:15.893  1125  1778 I PowerManagerService: Going to sleep due to power button (uid 1000)...
11-21 11:04:15.893  1125  1125 W UsageStatsService: Event reported without a package name
11-21 11:04:15.894  1125  1125 W UsageStatsService: Event reported without a package name
11-21 11:04:15.894  1125  4284 W SettingsProvider: call() name : screen_brightness
11-21 11:04:15.910  1125  6588 W ActivityManager: Background start not allowed: service Intent { act=Orca.PERSISTENT_KICK_SKIP_PING cmp=com.facebook.katana/com.facebook.mqttlite.MqttService (has extras) } to com.facebook.katana/com.facebook.mqttlite.MqttService from pid=11481 uid=10209 pkg=com.facebook.katana startFg?=false
11-21 11:04:15.919  1125  1125 I Telecom : CallsManager: onServiceStateChanged networkType: 13
11-21 11:04:15.919  1125  1354 I DisplayPowerController: useProximityForceSuspend = false
11-21 11:04:15.950  1125  1125 I WindowManager: Started going to sleep... (why=2)
11-21 11:04:15.960  1125  4284 W SettingsProvider: call() name : screen_off_timeout
11-21 11:04:15.961  1125  1221 W SettingsProvider: call() name : dropbox:battery_reset
11-21 11:04:15.982  1125  1354 I DisplayPowerController: useProximityForceSuspend = false
11-21 11:04:15.982  1125  1354 I DisplayPowerController: Blocking screen off
11-21 11:04:15.983  1125  1354 I DisplayPowerController: Unblocked screen off after 0 ms
11-21 11:04:15.983  1125  1354 I ColorBalanceService: MSG:2
11-21 11:04:15.986  1125  1827 D ColorBalanceService: MSG_SCREEN_OFF
11-21 11:04:15.987  1125  1827 I ColorBalanceService: processScreenOn:false reason = 4
11-21 11:04:15.987  1125  1827 D ColorBalanceService: the SRGB sensor has been removed in project 18821/18827/18831/18857
11-21 11:04:15.999  1125  1354 I WindowManager: Screen turned off...
11-21 11:04:16.001  1125  1769 V AlarmManager: Triggering alarm #0: 2 when =825341622 package =android operation = null listenTag =*job.delay* flags =0x0
11-21 11:04:16.001  1125  1769 V AlarmManager: Triggering alarm #1: 3 when =825340242 package =com.whatsapp operation =*alarm*:com.whatsapp.alarm.CLIENT_PING_PERIODIC flags =0x0
11-21 11:04:16.009  1125  1354 D RestartProcessManager: Screen off is true
11-21 11:04:16.011  1125  1125 E Connor  : set training stop
11-21 11:04:16.013  1125  1352 I DisplayManagerService: Display device changed state: "Built-in Screen", OFF
11-21 11:04:16.025  1125  1354 I DisplayPowerController: useProximityForceSuspend = false
11-21 11:04:16.025  1125  1354 D RestartProcessManager: Screen off is true
11-21 11:04:16.060  1125  2900 I OIMC    : notified , mode FingerPrintMode changeTo 2
11-21 11:04:16.060  1125  1787 I OIMC    : The mode: FingerPrintMode is not entered
11-21 11:04:16.061  1125  2900 W SettingsProvider: call() name : screen_brightness
11-21 11:04:16.065  1125  1228 W BroadcastQueue: Background execution not allowed: receiving Intent { act=android.intent.action.DROPBOX_ENTRY_ADDED flg=0x10 (has extras) } to com.google.android.gms/.stats.service.DropBoxEntryAddedReceiver
11-21 11:04:16.065  1125  1228 W BroadcastQueue: Background execution not allowed: receiving Intent { act=android.intent.action.DROPBOX_ENTRY_ADDED flg=0x10 (has extras) } to com.google.android.gms/.chimera.GmsIntentOperationService$PersistentTrustedReceiver
11-21 11:04:16.260  1125  1354 I DisplayPowerController: useProximityForceSuspend = false
11-21 11:04:16.260  1125  1354 D RestartProcessManager: Screen off is true
11-21 11:04:16.260  1125  1354 I DreamManagerService: Entering dreamland.
11-21 11:04:16.261  1125  1354 I PowerManagerService: Dozing...
11-21 11:04:16.269  1125  1350 I DreamController: Starting dream: name=ComponentInfo{com.android.systemui/com.android.systemui.doze.DozeService}, isTest=false, canDoze=true, userId=0
11-21 11:04:16.351  1125  2900 W SettingsProvider: call() name : doze_always_on
11-21 11:04:16.358  1125  1354 I DisplayPowerController: useProximityForceSuspend = false
11-21 11:04:16.358  1125  1354 D RestartProcessManager: Screen off is true
11-21 11:04:16.360  1125  1125 I WindowManager: Finished going to sleep... (why=2)
11-21 11:04:16.360  1125  1125 D OnePlusPowerController: SCREEN is OFF
11-21 11:04:16.360  1125  1125 D OnePlusPowerController: mScreenOffStart=2022-11-21 11:04:16
11-21 11:04:16.373  1125  3599 D StatusBarManagerService: onInputShown shown=false reserved=0
11-21 11:04:16.411  1125  1125 W SettingsProvider: call() name : esport_mode_enabled
11-21 11:04:16.411  1125  1125 W SettingsProvider: call() name : esport_mode_data_saver
11-21 11:04:16.421  1125  2900 W SettingsProvider: call() name : screen_brightness
11-21 11:04:16.560  1125  1228 W BroadcastQueue: Background execution not allowed: receiving Intent { act=android.net.conn.DATA_ACTIVITY_CHANGE flg=0x10 (has extras) } to com.oneplus.security/.network.trafficalarm.TrafficUsageAlarmReceiver
11-21 11:04:16.605  1125  1778 I PowerManagerService: Waking up from dozing (uid=1000 reason=android.policy:POWER)...
11-21 11:04:16.606  1125  1125 W UsageStatsService: Event reported without a package name
11-21 11:04:16.606  1125  1125 W UsageStatsService: Event reported without a package name
11-21 11:04:16.606  1125  1125 I WindowManager: Started waking up...
11-21 11:04:16.606  1125  1778 D DisplayManagerService: setWakingupReason: android.policy:POWER
11-21 11:04:16.608  1125  1354 I DisplayPowerController: useProximityForceSuspend = false
11-21 11:04:16.608  1125  1354 I DisplayPowerController: screen is on!
11-21 11:04:16.608  1125  1354 I ColorBalanceService: MSG:1
11-21 11:04:16.608  1125  1827 D ColorBalanceService: MSG_SCREEN_ON
11-21 11:04:16.608  1125  1827 I ColorBalanceService: processScreenOn:true reason = 4
11-21 11:04:16.608  1125  1827 I ColorBalanceService: isKeyguard =  true
11-21 11:04:16.608  1125  1827 I ColorBalanceService: has_fingerprint = false
11-21 11:04:16.608  1125  1827 D ColorBalanceService: the SRGB sensor has been removed in project 18821/18827/18831/18857
11-21 11:04:16.620  1125  3599 W SettingsProvider: call() name : screen_brightness
11-21 11:04:16.625  1125  1354 I DisplayPowerController: Blocking screen on until initial contents have been drawn.
11-21 11:04:16.629  1125  1354 I WindowManager: Screen turning on...
11-21 11:04:16.640  1125  1354 D RestartProcessManager: Screen off is false
11-21 11:04:16.643  1125  1354 I DisplayPowerController: useProximityForceSuspend = false
11-21 11:04:16.643  1125  1354 D RestartProcessManager: Screen off is false
11-21 11:04:16.645  1125  1352 I DisplayManagerService: Display device changed state: "Built-in Screen", ON
11-21 11:04:16.647  1125  1166 D WindowManager: mKeyguardDelegate.ShowListener.onDrawn.
11-21 11:04:16.660  1125  1232 W WindowManager: Setting mKeyguardDrawComplete
11-21 11:04:16.669  1125  3952 W SettingsProvider: call() name : sqlite_compatibility_wal_flags
11-21 11:04:16.735  1125  1228 W BroadcastQueue: Permission Denial: broadcasting Intent { act=com.google.android.apps.gmm.NAVIGATION_STATE flg=0x10 pkg=com.google.android.googlequicksearchbox (has extras) } from null (pid=-1, uid=-1) requires com.google.android.googlequicksearchbox.permission.LAUNCH_FROM_GMM due to registered receiver BroadcastFilter{8cd0498 u0 ReceiverList{a69fe7b 15131 com.google.android.googlequicksearchbox:search/10063/u0 remote:5c6f60a}}
11-21 11:04:16.735  1125  1352 I WindowManager: All windows ready for display!
11-21 11:04:16.735  1125  1232 W WindowManager: Setting mWindowManagerDrawComplete
11-21 11:04:16.737  1125  1228 W BroadcastQueue: Permission Denial: broadcasting Intent { act=com.google.android.apps.gmm.NAVIGATION_STATE flg=0x10 pkg=com.google.android.gms (has extras) } from null (pid=-1, uid=-1) requires com.google.android.googlequicksearchbox.permission.LAUNCH_FROM_GMM due to registered receiver BroadcastFilter{8cd0498 u0 ReceiverList{a69fe7b 15131 com.google.android.googlequicksearchbox:search/10063/u0 remote:5c6f60a}}
11-21 11:04:16.752  1125  1232 D WindowManager: finishScreenTurningOn: mAwake=true, mScreenOnEarly=true, mScreenOnFully=false, mKeyguardDrawComplete=true, mWindowManagerDrawComplete=true, mKeyguardDelegate.isShowing()= true, mKeyguardDelegate.isFingerprintAuthenticating()= false
11-21 11:04:16.752  1125  1232 I WindowManager: Finished screen turning on...
11-21 11:04:16.752  1125  1354 I DisplayPowerController: Unblocked screen on after 127 ms
11-21 11:04:16.752  1125  1354 I DisplayPowerController: useProximityForceSuspend = false
11-21 11:04:16.752  1125  1354 D RestartProcessManager: Screen off is false
11-21 11:04:16.755  1125  1354 I DisplayPowerController: useProximityForceSuspend = false
