11-21 10:54:58.953  1125  1889 E JobScheduler: 	at com.android.server.content.SyncManager$SyncHandler.handleSyncMessage(SyncManager.java:3075)
11-21 10:54:58.953  1125  1889 E JobScheduler: 	at com.android.server.content.SyncManager$SyncHandler.handleMessage(SyncManager.java:2991)
11-21 10:54:58.953  1125  1889 E JobScheduler: 	at android.os.Handler.dispatchMessage(Handler.java:106)
11-21 10:54:58.953  1125  1889 E JobScheduler: 	at android.os.Looper.loop(Looper.java:193)
11-21 10:54:58.953  1125  1889 E JobScheduler: 	at android.os.HandlerThread.run(HandlerThread.java:65)
11-21 10:54:59.190  1125  1233 I ActivityManager: Start proc 11319:com.google.android.apps.docs/u0a105 for service com.google.android.apps.docs/com.google.android.libraries.notifications.entrypoints.scheduled.ScheduledTaskService
11-21 10:54:59.194  1125  1889 E JobScheduler: jobid:107052
11-21 10:54:59.194  1125  1889 E JobScheduler: java.lang.IllegalStateException: Same jobid in systemuid.
11-21 10:54:59.194  1125  1889 E JobScheduler: 	at com.android.server.job.JobSchedulerService.scheduleAsPackage(JobSchedulerService.java:889)
11-21 10:54:59.194  1125  1889 E JobScheduler: 	at com.android.server.job.JobSchedulerService$JobSchedulerStub.scheduleAsPackage(JobSchedulerService.java:2668)
11-21 10:54:59.194  1125  1889 E JobScheduler: 	at android.app.JobSchedulerImpl.scheduleAsPackage(JobSchedulerImpl.java:62)
11-21 10:54:59.194  1125  1889 E JobScheduler: 	at com.android.server.content.SyncManager.scheduleSyncOperationH(SyncManager.java:1680)
11-21 10:54:59.194  1125  1889 E JobScheduler: 	at com.android.server.content.SyncManager.scheduleSyncOperationH(SyncManager.java:1499)
11-21 10:54:59.194  1125  1889 E JobScheduler: 	at com.android.server.content.SyncManager.access$4100(SyncManager.java:153)
11-21 10:54:59.194  1125  1889 E JobScheduler: 	at com.android.server.content.SyncManager$SyncHandler.reschedulePeriodicSyncH(SyncManager.java:3688)
11-21 10:54:59.194  1125  1889 E JobScheduler: 	at com.android.server.content.SyncManager$SyncHandler.runSyncFinishedOrCanceledH(SyncManager.java:3736)
11-21 10:54:59.194  1125  1889 E JobScheduler: 	at com.android.server.content.SyncManager$SyncHandler.handleSyncMessage(SyncManager.java:3075)
11-21 10:54:59.194  1125  1889 E JobScheduler: 	at com.android.server.content.SyncManager$SyncHandler.handleMessage(SyncManager.java:2991)
11-21 10:54:59.194  1125  1889 E JobScheduler: 	at android.os.Handler.dispatchMessage(Handler.java:106)
11-21 10:54:59.194  1125  1889 E JobScheduler: 	at android.os.Looper.loop(Looper.java:193)
11-21 10:54:59.194  1125  1889 E JobScheduler: 	at android.os.HandlerThread.run(HandlerThread.java:65)
11-21 10:54:59.217  1125  3756 D OnePlusSmartBoostManager: writeHotCount com.google.android.apps.docs, pid=11319
11-21 10:54:59.709  1125  4286 D ConnectivityService: Returning UNBLOCKED NetworkInfo to uid=10105
11-21 10:54:59.813  1125  1872 W SettingsProvider: call() name : sqlite_compatibility_wal_flags
11-21 10:54:59.907  1125  1125 W SettingsProvider: call() name : enabled_notification_listeners
11-21 10:54:59.908  1125  1125 W SettingsProvider: call() name : enabled_notification_assistant
11-21 10:54:59.908  1125  1125 W SettingsProvider: call() name : enabled_notification_policy_access_packages
11-21 10:54:59.920  1125  1125 W SettingsProvider: call() name : enabled_notification_listeners
11-21 10:54:59.920  1125  1125 W SettingsProvider: call() name : enabled_notification_assistant
11-21 10:54:59.920  1125  1125 W SettingsProvider: call() name : enabled_notification_policy_access_packages
11-21 10:55:00.003  1125  1769 V AlarmManager: Triggering alarm #0: 2 when =824796819 package =com.tul.tatacliq operation =*walarm*:com.xiaomi.push.PING_TIMER flags =0x5
11-21 10:55:00.003  1125  1769 V AlarmManager: Triggering alarm #1: 2 when =824796819 package =com.lenskart.app operation =*walarm*:com.xiaomi.push.PING_TIMER flags =0x5
11-21 10:55:00.056  1125  1233 I ActivityManager: Start proc 11411:com.lenskart.app:pushservice/u0a336 for broadcast com.lenskart.app/com.xiaomi.push.service.receivers.PingReceiver
11-21 10:55:00.073  1125  3756 D OnePlusSmartBoostManager: writeHotCount com.lenskart.app, pid=11411
11-21 10:55:00.213  1125  1166 W SettingsProvider: call() name : android_id
11-21 10:55:00.233  1125  3756 W SettingsProvider: call() name : sqlite_compatibility_wal_flags
11-21 10:55:00.251  1125  3600 W SettingsProvider: call() name : android_id
11-21 10:55:00.282  1125  3600 D ConnectivityService: Returning UNBLOCKED NetworkInfo to uid=10104
11-21 10:55:00.371  1125  1125 W SettingsProvider: call() name : enabled_notification_listeners
11-21 10:55:00.372  1125  1125 W SettingsProvider: call() name : enabled_notification_assistant
11-21 10:55:00.372  1125  1125 W SettingsProvider: call() name : enabled_notification_policy_access_packages
11-21 10:55:00.382  1125  1233 I ActivityManager: Start proc 11481:com.facebook.katana/u0a209 for content provider com.facebook.katana/com.facebook.platform.common.provider.PlatformProviderBase
11-21 10:55:00.397  1125  1125 W SettingsProvider: call() name : enabled_notification_listeners
11-21 10:55:00.397  1125  1125 W SettingsProvider: call() name : enabled_notification_assistant
11-21 10:55:00.397  1125  1125 W SettingsProvider: call() name : enabled_notification_policy_access_packages
11-21 10:55:00.401  1125  1872 W BroadcastQueue: Background execution not allowed: receiving Intent { act=android.intent.action.DROPBOX_ENTRY_ADDED flg=0x10 (has extras) } to com.google.android.gms/.stats.service.DropBoxEntryAddedReceiver
11-21 10:55:00.405  1125  1228 W BroadcastQueue: Background execution not allowed: receiving Intent { act=android.intent.action.DROPBOX_ENTRY_ADDED flg=0x10 (has extras) } to com.google.android.gms/.chimera.GmsIntentOperationService$PersistentTrustedReceiver
11-21 10:55:00.409  1125  1228 W BroadcastQueue: Background execution not allowed: receiving Intent { act=android.intent.action.DROPBOX_ENTRY_ADDED flg=0x10 (has extras) } to com.google.android.gms/.stats.service.DropBoxEntryAddedReceiver
11-21 10:55:00.409  1125  1228 W BroadcastQueue: Background execution not allowed: receiving Intent { act=android.intent.action.DROPBOX_ENTRY_ADDED flg=0x10 (has extras) } to com.google.android.gms/.chimera.GmsIntentOperationService$PersistentTrustedReceiver
11-21 10:55:00.410  1125  1228 W BroadcastQueue: Background execution not allowed: receiving Intent { act=android.intent.action.DROPBOX_ENTRY_ADDED flg=0x10 (has extras) } to com.google.android.gms/.stats.service.DropBoxEntryAddedReceiver
11-21 10:55:00.410  1125  1228 W BroadcastQueue: Background execution not allowed: receiving Intent { act=android.intent.action.DROPBOX_ENTRY_ADDED flg=0x10 (has extras) } to com.google.android.gms/.chimera.GmsIntentOperationService$PersistentTrustedReceiver
11-21 10:55:00.411  1125  1228 W BroadcastQueue: Background execution not allowed: receiving Intent { act=android.intent.action.DROPBOX_ENTRY_ADDED flg=0x10 (has extras) } to com.google.android.gms/.stats.service.DropBoxEntryAddedReceiver
11-21 10:55:00.411  1125  1228 W BroadcastQueue: Background execution not allowed: receiving Intent { act=android.intent.action.DROPBOX_ENTRY_ADDED flg=0x10 (has extras) } to com.google.android.gms/.chimera.GmsIntentOperationService$PersistentTrustedReceiver
11-21 10:55:00.411  1125  1228 W BroadcastQueue: Background execution not allowed: receiving Intent { act=android.intent.action.DROPBOX_ENTRY_ADDED flg=0x10 (has extras) } to com.google.android.gms/.stats.service.DropBoxEntryAddedReceiver
11-21 10:55:00.411  1125  1228 W BroadcastQueue: Background execution not allowed: receiving Intent { act=android.intent.action.DROPBOX_ENTRY_ADDED flg=0x10 (has extras) } to com.google.android.gms/.chimera.GmsIntentOperationService$PersistentTrustedReceiver
11-21 10:55:00.419  1125  1125 W SettingsProvider: call() name : enabled_notification_listeners
11-21 10:55:00.419  1125  1125 W SettingsProvider: call() name : enabled_notification_assistant
11-21 10:55:00.419  1125  1125 W SettingsProvider: call() name : enabled_notification_policy_access_packages
11-21 10:55:00.450  1125 12070 D OnePlusSmartBoostManager: writeHotCount com.facebook.katana, pid=11481
11-21 10:55:00.467  1125  1228 W BroadcastQueue: Background execution not allowed: receiving Intent { act=android.intent.action.DROPBOX_ENTRY_ADDED flg=0x10 (has extras) } to com.google.android.gms/.stats.service.DropBoxEntryAddedReceiver
11-21 10:55:00.467  1125  1228 W BroadcastQueue: Background execution not allowed: receiving Intent { act=android.intent.action.DROPBOX_ENTRY_ADDED flg=0x10 (has extras) } to com.google.android.gms/.chimera.GmsIntentOperationService$PersistentTrustedReceiver
11-21 10:55:00.495  1125  1163 I ActivityManager: Killing 8947:com.oneplus.gallery:cloud/u0a50 (adj 920): empty #22
11-21 10:55:00.552  1125  1872 W ActivityManager: Scheduling restart of crashed service com.oneplus.gallery/com.oneplus.gallery2.cloud.CloudGalleryService in 1000ms
11-21 10:55:00.627  1125  8205 W SettingsProvider: call() name : android_id
11-21 10:55:00.841 11481 11540 E SchedPolicy: set_timerslack_ns write failed: Operation not permitted
11-21 10:55:00.868  1125  8205 W SettingsProvider: call() name : sqlite_compatibility_wal_flags
11-21 10:55:00.966 11481 11542 E SchedPolicy: set_timerslack_ns write failed: Operation not permitted
11-21 10:55:00.994  1125  3773 W SettingsProvider: call() name : auto_time
11-21 10:55:00.995  1125  3773 W SettingsProvider: call() name : auto_time_zone
11-21 10:55:01.120  1125  1233 I ActivityManager: Start proc 11627:com.oneplus.gallery:cloud/u0a50 for service com.oneplus.gallery/com.oneplus.gallery2.cloud.CloudGalleryService
11-21 10:55:01.150  1125  1166 D OnePlusSmartBoostManager: writeHotCount com.oneplus.gallery, pid=11627
11-21 10:55:01.427  1125  1125 W SettingsProvider: call() name : enabled_notification_listeners
11-21 10:55:01.427  1125  1125 W SettingsProvider: call() name : enabled_notification_assistant
11-21 10:55:01.427  1125  1125 W SettingsProvider: call() name : enabled_notification_policy_access_packages
11-21 10:55:02.143  1125  1889 E JobScheduler: jobid:103576
11-21 10:55:02.143  1125  1889 E JobScheduler: java.lang.IllegalStateException: Same jobid in systemuid.
11-21 10:55:02.143  1125  1889 E JobScheduler: 	at com.android.server.job.JobSchedulerService.scheduleAsPackage(JobSchedulerService.java:889)
11-21 10:55:02.143  1125  1889 E JobScheduler: 	at com.android.server.job.JobSchedulerService$JobSchedulerStub.scheduleAsPackage(JobSchedulerService.java:2668)
11-21 10:55:02.143  1125  1889 E JobScheduler: 	at android.app.JobSchedulerImpl.scheduleAsPackage(JobSchedulerImpl.java:62)
11-21 10:55:02.143  1125  1889 E JobScheduler: 	at com.android.server.content.SyncManager.scheduleSyncOperationH(SyncManager.java:1680)
11-21 10:55:02.143  1125  1889 E JobScheduler: 	at com.android.server.content.SyncManager.scheduleSyncOperationH(SyncManager.java:1499)
11-21 10:55:02.143  1125  1889 E JobScheduler: 	at com.android.server.content.SyncManager.access$4100(SyncManager.java:153)
11-21 10:55:02.143  1125  1889 E JobScheduler: 	at com.android.server.content.SyncManager$SyncHandler.reschedulePeriodicSyncH(SyncManager.java:3688)
11-21 10:55:02.143  1125  1889 E JobScheduler: 	at com.android.server.content.SyncManager$SyncHandler.runSyncFinishedOrCanceledH(SyncManager.java:3736)
11-21 10:55:02.143  1125  1889 E JobScheduler: 	at com.android.server.content.SyncManager$SyncHandler.handleSyncMessage(SyncManager.java:3075)
11-21 10:55:02.143  1125  1889 E JobScheduler: 	at com.android.server.content.SyncManager$SyncHandler.handleMessage(SyncManager.java:2991)
11-21 10:55:02.143  1125  1889 E JobScheduler: 	at android.os.Handler.dispatchMessage(Handler.java:106)
11-21 10:55:02.143  1125  1889 E JobScheduler: 	at android.os.Looper.loop(Looper.java:193)
11-21 10:55:02.143  1125  1889 E JobScheduler: 	at android.os.HandlerThread.run(HandlerThread.java:65)
11-21 10:55:02.868  1125  3756 D ActivityManager: # addPackageDependency # packageName=com.google.android.gms -> proc: ProcessRecord{9fa7180 11319:com.google.android.apps.docs/u0a105}
11-21 10:55:06.273  1125  3756 W ActivityManager: Background start not allowed: service Intent { act=Orca.START cmp=com.facebook.katana/com.facebook.mqttlite.MqttService (has extras) } to com.facebook.katana/com.facebook.mqttlite.MqttService from pid=11481 uid=10209 pkg=com.facebook.katana startFg?=false
11-21 10:55:06.738  1125  1233 I ActivityManager: Start proc 11749:com.android.providers.calendar/u999a21 for content provider com.android.providers.calendar/.CalendarProvider2
11-21 10:55:06.766  1125  1872 D OnePlusSmartBoostManager: writeHotCount com.android.providers.calendar, pid=11749
11-21 10:55:06.850  1125  1760 W SettingsProvider: call() name : sqlite_compatibility_wal_flags
11-21 10:55:06.883  1125  1807 W SettingsProvider: call() name : boot_count
11-21 10:55:06.895  1125  1228 W BroadcastQueue: Permission Denial: broadcasting Intent { act=android.net.conn.CONNECTIVITY_CHANGE flg=0x4200010 (has extras) } from null (pid=-1, uid=-1) requires com.facebook.permission.prod.FB_APP_COMMUNICATION due to registered receiver BroadcastFilter{dbca287 u0 ReceiverList{6a4b2c6 11481 com.facebook.katana/10209/u0 remote:a3f0a1}}
11-21 10:55:06.902  1125  1166 W SettingsProvider: call() name : font_scale
11-21 10:55:06.903  1125  1166 W SettingsProvider: call() name : accessibility_display_inversion_enabled
11-21 10:55:06.903  1125  1166 W SettingsProvider: call() name : tts_default_synth
11-21 10:55:06.913  1125  1769 V AlarmManager: Triggering alarm #0: 2 when =824796820 package =com.instagram.android operation =*walarm*:action_batch_upload flags =0x0
11-21 10:55:06.913  1125  1769 V AlarmManager: Triggering alarm #1: 2 when =824803685 package =android operation = null listenTag =*job.delay* flags =0x0
11-21 10:55:06.913  1125  1769 V AlarmManager: Triggering alarm #2: 3 when =824796820 package =com.whatsapp operation =*alarm*:com.whatsapp.alarm.CLIENT_PING_PERIODIC flags =0x0
11-21 10:55:07.039 11481 11592 E ActivityThread: Failed to find provider info for com.facebook.appmanager.firstparty.crashreporter
11-21 10:55:07.052  1125  1760 W SettingsProvider: call() name : accessibility_captioning_enabled
11-21 10:55:07.087 11481 11589 E ActivityThread: Failed to find provider info for com.android.launcher3.cornermark.unreadbadge
11-21 10:55:07.194  1125  1769 V AlarmManager: Triggering alarm #0: 2 when =824804014 package =android operation = null listenTag =*job.delay* flags =0x0
11-21 10:55:07.231  1125  3756 W SettingsProvider: call() name : default_input_method
11-21 10:55:07.234  1125  3756 W SettingsProvider: call() name : install_non_market_apps
11-21 10:55:07.234  1125  3756 W SettingsProvider: call() name : android_id
11-21 10:55:08.971  1125  1769 V AlarmManager: Triggering alarm #0: 2 when =824805790 package =android operation = null listenTag =*job.delay* flags =0x0
11-21 10:55:09.972  1125  1769 V AlarmManager: Triggering alarm #0: 2 when =824805799 package =android operation = null listenTag =*job.delay* flags =0x0
11-21 10:55:11.046  1125  1125 W Looper  : Slow dispatch took 1291ms main h=android.app.ActivityThread$H c=android.app.-$$Lambda$LoadedApk$ReceiverDispatcher$Args$_BumDX2UKsnxLVrE6UJsJZkotuA@ca1b7bb m=0
11-21 10:55:11.046  1125  1125 W Looper  : Slow delivery took 1297ms main h=android.app.ActivityThread$H c=android.app.-$$Lambda$LoadedApk$ReceiverDispatcher$Args$_BumDX2UKsnxLVrE6UJsJZkotuA@c7864d8 m=0
11-21 10:55:11.083  1125  1125 W AppWidgetServiceImpl: No cakemix.appwidget.metadata.create meta-data for AppWidget provider 'ProviderId{user:0, app:10105, cmp:ComponentInfo{com.google.android.apps.docs/com.google.android.apps.docs.drive.widget.CakemixAppWidgetProvider}}'
11-21 10:55:11.103  1125  1125 W SettingsProvider: call() name : enabled_vr_listeners
11-21 10:55:11.504  1125  1221 W LocationProviderProxy-network: Odd, no component found for service com.android.location.service.v3.NetworkLocationProvider
11-21 10:55:11.559  1125  1125 W Looper  : Slow dispatch took 450ms main h=android.app.ActivityThread$H c=android.app.-$$Lambda$LoadedApk$ReceiverDispatcher$Args$_BumDX2UKsnxLVrE6UJsJZkotuA@37115d6 m=0
11-21 10:55:11.572  1125  1125 I Telecom : DefaultDialerCache: Refreshing default dialer for user 0: now com.truecaller: DDC.oR@yAE
11-21 10:55:11.572  1125  1125 W SettingsProvider: call() name : dialer_default_application
11-21 10:55:11.582  1125  1125 I Telecom : DefaultDialerCache: Refreshing default dialer for user 999: now com.android.dialer: DDC.oR@yAE
11-21 10:55:11.612  1125  1125 W SettingsProvider: call() name : enabled_notification_listeners
11-21 10:55:11.612  1125  1125 W SettingsProvider: call() name : enabled_notification_assistant
11-21 10:55:11.612  1125  1125 W SettingsProvider: call() name : enabled_notification_policy_access_packages
11-21 10:55:11.620  1125  1125 W Looper  : Drained
11-21 10:55:13.435  1125  1166 I ActivityManager: Killing 9936:com.google.android.apps.youtube.music/u0a145 (adj 922): empty #21
11-21 10:55:13.474  1125  1889 E JobScheduler: jobid:102507
11-21 10:55:13.474  1125  1889 E JobScheduler: java.lang.IllegalStateException: Same jobid in systemuid.
11-21 10:55:13.474  1125  1889 E JobScheduler: 	at com.android.server.job.JobSchedulerService.scheduleAsPackage(JobSchedulerService.java:889)
11-21 10:55:13.474  1125  1889 E JobScheduler: 	at com.android.server.job.JobSchedulerService$JobSchedulerStub.scheduleAsPackage(JobSchedulerService.java:2668)
11-21 10:55:13.474  1125  1889 E JobScheduler: 	at android.app.JobSchedulerImpl.scheduleAsPackage(JobSchedulerImpl.java:62)
11-21 10:55:13.474  1125  1889 E JobScheduler: 	at com.android.server.content.SyncManager.scheduleSyncOperationH(SyncManager.java:1680)
11-21 10:55:13.474  1125  1889 E JobScheduler: 	at com.android.server.content.SyncManager.scheduleSyncOperationH(SyncManager.java:1499)
11-21 10:55:13.474  1125  1889 E JobScheduler: 	at com.android.server.content.SyncManager.access$4100(SyncManager.java:153)
11-21 10:55:13.474  1125  1889 E JobScheduler: 	at com.android.server.content.SyncManager$SyncHandler.reschedulePeriodicSyncH(SyncManager.java:3688)
11-21 10:55:13.474  1125  1889 E JobScheduler: 	at com.android.server.content.SyncManager$SyncHandler.runSyncFinishedOrCanceledH(SyncManager.java:3736)
11-21 10:55:13.474  1125  1889 E JobScheduler: 	at com.android.server.content.SyncManager$SyncHandler.handleSyncMessage(SyncManager.java:3075)
11-21 10:55:13.474  1125  1889 E JobScheduler: 	at com.android.server.content.SyncManager$SyncHandler.handleMessage(SyncManager.java:2991)
11-21 10:55:13.474  1125  1889 E JobScheduler: 	at android.os.Handler.dispatchMessage(Handler.java:106)
11-21 10:55:13.474  1125  1889 E JobScheduler: 	at android.os.Looper.loop(Looper.java:193)
11-21 10:55:13.474  1125  1889 E JobScheduler: 	at android.os.HandlerThread.run(HandlerThread.java:65)
11-21 10:55:13.499  1125  1166 D ConnectivityService: ConnectivityService NetworkRequestInfo binderDied(NetworkRequest [ TRACK_DEFAULT id=16372, [ Capabilities: INTERNET&NOT_RESTRICTED&TRUSTED Unwanted:  Uid: 10145] ], android.os.BinderProxy@cb1f799)
11-21 10:55:13.500  1125  1166 D ConnectivityService: ConnectivityService NetworkRequestInfo binderDied(NetworkRequest [ TRACK_DEFAULT id=16370, [ Capabilities: INTERNET&NOT_RESTRICTED&TRUSTED Unwanted:  Uid: 10145] ], android.os.BinderProxy@a8d3a5e)
11-21 10:55:13.500  1125  1760 D ConnectivityService: ConnectivityService NetworkRequestInfo binderDied(NetworkRequest [ LISTEN id=16371, [ Capabilities: INTERNET&NOT_RESTRICTED&TRUSTED&FOREGROUND Unwanted:  Uid: 10145] ], android.os.BinderProxy@89eae3f)
11-21 10:55:13.500  1125  1801 D ConnectivityService: releasing NetworkRequest [ TRACK_DEFAULT id=16372, [ Capabilities: INTERNET&NOT_RESTRICTED&TRUSTED Unwanted:  Uid: 10145] ] (release request)
11-21 10:55:13.501  1125  1801 D ConnectivityService: releasing NetworkRequest [ TRACK_DEFAULT id=16370, [ Capabilities: INTERNET&NOT_RESTRICTED&TRUSTED Unwanted:  Uid: 10145] ] (release request)
11-21 10:55:16.543  1125  1233 I ActivityManager: Start proc 11882:com.google.android.apps.youtube.music/u0a145 for embryo com.google.android.apps.youtube.music
11-21 10:55:21.631  1125  1769 V AlarmManager: Triggering alarm #0: 2 when =824818448 package =android operation = null listenTag =*job.delay* flags =0x0
11-21 10:55:28.659   968  1029 E storaged: getDiskStats failed with result NOT_SUPPORTED and size 0
11-21 10:55:37.225  1125  1769 V AlarmManager: Triggering alarm #0: 2 when =824834044 package =android operation = null listenTag =*job.delay* flags =0x0
11-21 10:55:38.436  1125 11938 E OHPD    : [BgDetect] AppForkedProc kworker/u17:0 pid 11252 uid 0 can't find pkgName
11-21 10:55:45.442  1125 10046 I ActivityManager: Killing 10369:com.app.testseries.mocktestworld/u0a424 (adj 922): empty #22
11-21 10:55:59.347  1125  1769 V AlarmManager: Triggering alarm #0: 2 when =824856162 package =android operation = null listenTag =*job.delay* flags =0x0
11-21 10:55:59.348  1125  1769 V AlarmManager: Triggering alarm #1: 3 when =824850081 package =com.android.providers.calendar operation =*alarm*:android.intent.action.PROVIDER_CHANGED flags =0x0
11-21 10:55:59.369  1125  8205 W BroadcastQueue: Background execution not allowed: receiving Intent { act=android.intent.action.PROVIDER_CHANGED dat=content://com.android.calendar flg=0x20000014 (has extras) } to com.google.android.calendar/com.android.calendar.widget.CalendarAppWidgetProvider
11-21 10:55:59.374  1125  1228 W BroadcastQueue: Background execution not allowed: receiving Intent { act=android.intent.action.PROVIDER_CHANGED dat=content://com.android.calendar flg=0x20000014 (has extras) } to com.google.android.calendar/.widgetmonth.MonthViewWidgetModelRefresher
11-21 10:55:59.375  1125  1228 W BroadcastQueue: Background execution not allowed: receiving Intent { act=android.intent.action.PROVIDER_CHANGED dat=content://com.android.calendar flg=0x20000014 (has extras) } to com.google.android.calendar/com.google.android.apps.calendar.usernotifications.NotificationsRelevantUpdatesReceiver
11-21 10:55:59.375  1125  1228 W BroadcastQueue: Background execution not allowed: receiving Intent { act=android.intent.action.PROVIDER_CHANGED dat=content://com.android.calendar flg=0x20000014 (has extras) } to com.google.android.gms/.chimera.GmsIntentOperationService$GmsExternalReceiver
11-21 10:55:59.375  1125  1228 W BroadcastQueue: Background execution not allowed: receiving Intent { act=android.intent.action.PROVIDER_CHANGED dat=content://com.android.calendar flg=0x20000014 (has extras) } to com.waze/.CalendarChangeReceiver
11-21 10:55:59.953  1125  1769 V AlarmManager: Triggering alarm #0: 2 when =824856772 package =android operation = null listenTag =*job.delay* flags =0x0
11-21 10:56:00.000  1125  1769 V AlarmManager: Triggering alarm #0: 3 when =824856819 package =android operation =*alarm*:android.intent.action.TIME_TICK flags =0x1
11-21 10:56:21.561  1125  1228 W BroadcastQueue: Background execution not allowed: receiving Intent { act=android.net.conn.DATA_ACTIVITY_CHANGE flg=0x10 (has extras) } to com.oneplus.security/.network.trafficalarm.TrafficUsageAlarmReceiver
11-21 10:56:22.871  1125  1228 E OHPD    : [BgDetect] AppForkedProc kworker/0:6 pid 11084 uid 0 can't find pkgName
11-21 10:56:22.897  1125  1228 W SettingsProvider: call() name : com_oneplus_systemui_recent_task_lockd_list
11-21 10:56:22.899  1125  1228 I OHPD    : [BgDetect]chkExcessCpu level: 0 doKills: true critical false uptime: 300964
11-21 10:56:23.066  1125  1228 I OHPD    : isIsolated process: app.uid:99135,app.info.uid:10423, app.processName:com.android.chrome:sandboxed_process0
11-21 10:56:23.982  1125  1221 D BatteryStatsService: @@@@ awaitUninterruptibly in 170 ms
11-21 10:56:28.664   968  1029 E storaged: getDiskStats failed with result NOT_SUPPORTED and size 0
11-21 10:56:38.425  1125  1228 W BroadcastQueue: Background execution not allowed: receiving Intent { act=android.net.conn.DATA_ACTIVITY_CHANGE flg=0x10 (has extras) } to com.oneplus.security/.network.trafficalarm.TrafficUsageAlarmReceiver
11-21 10:56:41.387  1125  2023 W ContextImpl: Calling a method in the system process without a qualified user: android.app.ContextImpl.bindService:1629 com.android.server.location.GnssLocationProvider.bindGnssLocationBugreportInit:2687 com.android.server.location.GnssLocationProvider.startNavigating:1670 com.android.server.location.GnssLocationProvider.updateRequirements:1497 com.android.server.location.GnssLocationProvider.handleSetRequest:1423 
11-21 10:56:41.426  1125  1228 W BroadcastQueue: Background execution not allowed: receiving Intent { act=android.location.GPS_ENABLED_CHANGE flg=0x10 (has extras) } to uhiveapp.uhive.com.uhive/.app.location.GpsLocationReceiver
11-21 10:56:41.460  1125  1125 D ConnectivityService: requestNetwork for uid/pid:1000/1125 NetworkRequest [ REQUEST id=16392, legacyType=3, [ Transports: CELLULAR Capabilities: SUPL&NOT_RESTRICTED&TRUSTED&NOT_VPN Unwanted:  Uid: 1000] ]
11-21 10:56:41.553 14712 14712 W ContextImpl: Calling a method in the system process without a qualified user: android.app.ContextImpl.sendBroadcast:1008 android.content.ContextWrapper.sendBroadcast:444 com.oneplus.security.SecureService$b.onReceive:188 android.app.LoadedApk$ReceiverDispatcher$Args.lambda$getRunnable$0:1424 android.app.-$$Lambda$LoadedApk$ReceiverDispatcher$Args$_BumDX2UKsnxLVrE6UJsJZkotuA.run:2 
11-21 10:56:41.573 14712 14712 I chatty  : uid=1000(system) identical 6 lines
11-21 10:56:41.578 14712 14712 W ContextImpl: Calling a method in the system process without a qualified user: android.app.ContextImpl.sendBroadcast:1008 android.content.ContextWrapper.sendBroadcast:444 com.oneplus.security.SecureService$b.onReceive:188 android.app.LoadedApk$ReceiverDispatcher$Args.lambda$getRunnable$0:1424 android.app.-$$Lambda$LoadedApk$ReceiverDispatcher$Args$_BumDX2UKsnxLVrE6UJsJZkotuA.run:2 
11-21 10:56:41.715  1125  1228 W BroadcastQueue: Background execution not allowed: receiving Intent { act=android.net.conn.DATA_ACTIVITY_CHANGE flg=0x10 (has extras) } to com.oneplus.security/.network.trafficalarm.TrafficUsageAlarmReceiver
11-21 10:56:41.927  1125  1125 W SettingsProvider: call() name : notification_light_pulse_color
11-21 10:56:41.954  1125  1125 W SettingsProvider: call() name : enabled_notification_listeners
11-21 10:56:41.954  1125  1125 W SettingsProvider: call() name : enabled_notification_assistant
11-21 10:56:41.954  1125  1125 W SettingsProvider: call() name : enabled_notification_policy_access_packages
11-21 10:56:44.024  1125  1872 D ConnectivityService: registerNetworkAgent NetworkAgentInfo{ ni{[type: MOBILE[LTE], state: CONNECTED/CONNECTED, reason: connected, extra: airtelgprs.com, failover: false, available: true, roaming: false]}  network{246}  nethandle{1059967651853}  lp{{InterfaceName: rmnet_data1 LinkAddresses: [2401:4900:60d4:4221:9055:1dff:fe45:642d/64,]  Routes: [::/0 -> fe80::58ef:e4df:c2a:6a76 rmnet_data1,2401:4900:60d4:4221::/64 -> :: rmnet_data1,] DnsAddresses: [2401:4900:50:9::18c,2401:4900:50:9::75,] UsePrivateDns: false PrivateDnsServerName: null Domains: null MTU: 1500 TcpBufferSizes: 2097152,4194304,8388608,262144,524288,1048576}}  nc{[ Transports: CELLULAR Capabilities: SUPL&INTERNET&NOT_RESTRICTED&TRUSTED&NOT_VPN&NOT_ROAMING&FOREGROUND&NOT_CONGESTED&NOT_SUSPENDED Unwanted:  LinkUpBandwidth>=51200Kbps LinkDnBandwidth>=102400Kbps Specifier: <3>]}  Score{10}  everValidated{false}  lastValidated{false}  created{false} lingering{false} explicitlySelected{false} acceptUnvalidated{false} everCaptivePortalDetected{false} lastCaptivePortalDetected{false} clat{null} }
11-21 10:56:44.025  1125  1801 D ConnectivityService: NetworkAgentInfo [MOBILE (LTE) - 246] EVENT_NETWORK_INFO_CHANGED, going from null to CONNECTED
11-21 10:56:44.026  1125  1801 W DnsManager: updatePrivateDns(246, PrivateDnsConfig{false:/[]})
11-21 10:56:44.028  1125  1801 D ConnectivityService: Setting DNS servers for network 246 to [/2401:4900:50:9::18c, /2401:4900:50:9::75]
11-21 10:56:44.028  1125  1801 D DnsManager: setDnsConfigurationForNetwork(246, [2401:4900:50:9::18c, 2401:4900:50:9::75], [], [1800, 25, 8, 64], , [])
11-21 10:56:44.034  1125  1801 D ConnectivityService: Adding iface rmnet_data1 to network 246
11-21 10:56:44.045  1125  1228 W ActivityManager: Failed to clear dns cache for: WebViewLoader-arm64-v8a
11-21 10:56:44.045  1125  1228 W ActivityManager: Failed to clear dns cache for: WebViewLoader-armeabi-v7a
11-21 10:56:44.056 14712 14712 W ContextImpl: Calling a method in the system process without a qualified user: android.app.ContextImpl.sendBroadcast:1008 android.content.ContextWrapper.sendBroadcast:444 com.oneplus.security.SecureService$b.onReceive:188 android.app.LoadedApk$ReceiverDispatcher$Args.lambda$getRunnable$0:1424 android.app.-$$Lambda$LoadedApk$ReceiverDispatcher$Args$_BumDX2UKsnxLVrE6UJsJZkotuA.run:2 
11-21 10:56:44.073  1125  1801 D ConnectivityService: OP_DATA_STALL: updateLinkProperties() set sys.radio.cellular.netId = 246
11-21 10:56:44.076  1125  1801 D ConnectivityService: OP_DATA_STALL: updateLinkProperties() tmpServers[0] = 2401:4900:50:9::18c
11-21 10:56:44.076  1125  1801 D ConnectivityService: OP_DATA_STALL: updateLinkProperties() tmpServers[1] = 2401:4900:50:9::75
11-21 10:56:44.076  1125  1801 D ConnectivityService: OP_DATA_STALL: updateLinkProperties() set sys.radio.cellular.serverslength = 2
11-21 10:56:44.078  1125  1801 D ConnectivityService: OP_DATA_STALL: updateLinkProperties() set sys.radio.cellular.domainslength = 0
11-21 10:56:44.085  1125  1801 D ConnectivityService: Setting DNS servers for network 246 to [/2401:4900:50:9::18c, /2401:4900:50:9::75]
11-21 10:56:44.085  1125  1801 D DnsManager: setDnsConfigurationForNetwork(246, [2401:4900:50:9::18c, 2401:4900:50:9::75], [], [1800, 25, 8, 64], , [])
11-21 10:56:44.087  1125  1801 I Nat464Xlat: Android Xlat enabled is doXlat=true
11-21 10:56:44.088  1125  1801 I Nat464Xlat: Starting clatd on rmnet_data1
11-21 10:56:44.095  1125  1228 W ActivityManager: Failed to clear dns cache for: WebViewLoader-arm64-v8a
11-21 10:56:44.095  1125  1228 W ActivityManager: Failed to clear dns cache for: WebViewLoader-armeabi-v7a
11-21 10:56:44.126 14712 14712 W ContextImpl: Calling a method in the system process without a qualified user: android.app.ContextImpl.sendBroadcast:1008 android.content.ContextWrapper.sendBroadcast:444 com.oneplus.security.SecureService$b.onReceive:188 android.app.LoadedApk$ReceiverDispatcher$Args.lambda$getRunnable$0:1424 android.app.-$$Lambda$LoadedApk$ReceiverDispatcher$Args$_BumDX2UKsnxLVrE6UJsJZkotuA.run:2 
11-21 10:56:44.228  1125  1801 D ConnectivityService: getDefaultDataSubscriptionId, sub id = 3
11-21 10:56:44.276  1125  1801 I chatty  : uid=1000(system) ConnectivitySer identical 34 lines
11-21 10:56:44.278  1125  1801 D ConnectivityService: getDefaultDataSubscriptionId, sub id = 3
11-21 10:56:44.285  1125  1801 D ConnectivityService: Sending CONNECTED broadcast for type 3 NetworkAgentInfo [MOBILE (LTE) - 246] isDefaultNetwork=false
11-21 10:56:44.353  1125  1801 D ConnectivityService: OP_DATA_STALL: updateLinkProperties() set sys.radio.cellular.netId = 246
11-21 10:56:44.355  1125  1801 D ConnectivityService: OP_DATA_STALL: updateLinkProperties() tmpServers[0] = 117.96.122.40
11-21 10:56:44.355  1125  1801 D ConnectivityService: OP_DATA_STALL: updateLinkProperties() tmpServers[1] = 122.175.1.5
11-21 10:56:44.355  1125  1801 D ConnectivityService: OP_DATA_STALL: updateLinkProperties() tmpServers[2] = 2401:4900:50:9::18c
11-21 10:56:44.355  1125  1801 D ConnectivityService: OP_DATA_STALL: updateLinkProperties() tmpServers[3] = 2401:4900:50:9::75
11-21 10:56:44.355  1125  1801 D ConnectivityService: OP_DATA_STALL: updateLinkProperties() set sys.radio.cellular.serverslength = 4
11-21 10:56:44.356  1125  1801 D ConnectivityService: OP_DATA_STALL: updateLinkProperties() set sys.radio.cellular.domainslength = 0
11-21 10:56:44.357  1125  1801 D ConnectivityService: Setting DNS servers for network 246 to [/117.96.122.40, /122.175.1.5, /2401:4900:50:9::18c, /2401:4900:50:9::75]
11-21 10:56:44.357  1125  1801 D DnsManager: setDnsConfigurationForNetwork(246, [117.96.122.40, 122.175.1.5, 2401:4900:50:9::18c, 2401:4900:50:9::75], [], [1800, 25, 8, 64], , [])
11-21 10:56:44.365  1125  1228 W ActivityManager: Failed to clear dns cache for: WebViewLoader-arm64-v8a
11-21 10:56:44.365  1125  1228 W ActivityManager: Failed to clear dns cache for: WebViewLoader-armeabi-v7a
11-21 10:56:44.366  1125  1801 I Nat464Xlat: Android Xlat enabled is doXlat=true
11-21 10:56:44.366  1125  1801 I Nat464Xlat: Stopping clatd on rmnet_data1
11-21 10:56:44.473  1125  1125 I Telecom : CallsManager: onServiceStateChanged networkType: 13
11-21 10:56:44.486   680 11987 W SocketClient: write error (Broken pipe)
11-21 10:56:45.023  1125  1801 D ConnectivityService: NetworkAgentInfo [MOBILE (LTE) - 246] validation passed
11-21 10:56:45.024  1125  1228 W BroadcastQueue: Background execution not allowed: receiving Intent { act=android.net.conn.NETWORK_CONDITIONS_MEASURED flg=0x10 (has extras) } to com.google.android.gms/.chimera.GmsIntentOperationService$PersistentTrustedReceiver
11-21 10:56:45.025  1125  1801 D ConnectivityService: getDefaultDataSubscriptionId, sub id = 3
11-21 10:56:45.069  1125  1801 I chatty  : uid=1000(system) ConnectivitySer identical 34 lines
11-21 10:56:45.070  1125  1801 D ConnectivityService: getDefaultDataSubscriptionId, sub id = 3
11-21 10:56:47.100  1125  1801 D ConnectivityService: releasing NetworkRequest [ REQUEST id=16392, legacyType=3, [ Transports: CELLULAR Capabilities: SUPL&NOT_RESTRICTED&TRUSTED&NOT_VPN Unwanted:  Uid: 1000] ] (release request)
11-21 10:56:47.104  1125  1801 D ConnectivityService: getDefaultDataSubscriptionId, sub id = 3
11-21 10:56:47.213  1125  1801 I chatty  : uid=1000(system) ConnectivitySer identical 68 lines
11-21 10:56:47.214  1125  1801 D ConnectivityService: getDefaultDataSubscriptionId, sub id = 3
11-21 10:56:47.214  1125  1801 D ConnectivityService: no live requests for NetworkAgentInfo [MOBILE (LTE) - 246]; disconnecting
11-21 10:56:47.215  1125  1801 D ConnectivityService: Sending DISCONNECTED broadcast for type 3 NetworkAgentInfo [MOBILE (LTE) - 246] isDefaultNetwork=false
11-21 10:56:47.216  1125  1801 D ConnectivityService: NetworkAgentInfo [MOBILE (LTE) - 246] got DISCONNECTED, was satisfying 26
11-21 10:56:49.096 14712 14712 W ContextImpl: Calling a method in the system process without a qualified user: android.app.ContextImpl.sendBroadcast:1008 android.content.ContextWrapper.sendBroadcast:444 com.oneplus.security.SecureService$b.onReceive:188 android.app.LoadedApk$ReceiverDispatcher$Args.lambda$getRunnable$0:1424 android.app.-$$Lambda$LoadedApk$ReceiverDispatcher$Args$_BumDX2UKsnxLVrE6UJsJZkotuA.run:2 
11-21 10:56:51.384  1125  1228 W BroadcastQueue: Background execution not allowed: receiving Intent { act=android.location.GPS_ENABLED_CHANGE flg=0x10 (has extras) } to uhiveapp.uhive.com.uhive/.app.location.GpsLocationReceiver
11-21 10:56:56.473  1125  1769 V AlarmManager: Triggering alarm #0: 2 when =824913288 package =android operation = null listenTag =*job.delay* flags =0x0
11-21 10:56:57.384  1125  1769 V AlarmManager: Triggering alarm #0: 2 when =824913398 package =android operation = null listenTag =*job.delay* flags =0x0
11-21 10:56:57.395  1125  1228 W BroadcastQueue: Background execution not allowed: receiving Intent { act=android.net.conn.DATA_ACTIVITY_CHANGE flg=0x10 (has extras) } to com.oneplus.security/.network.trafficalarm.TrafficUsageAlarmReceiver
11-21 10:56:57.442  1125  1125 I Telecom : CallsManager: onServiceStateChanged networkType: 13
11-21 10:57:00.002  1125  1769 V AlarmManager: Triggering alarm #0: 3 when =824916820 package =android operation =*alarm*:android.intent.action.TIME_TICK flags =0x1
11-21 10:57:02.519  1125  1228 W BroadcastQueue: Background execution not allowed: receiving Intent { act=android.net.conn.DATA_ACTIVITY_CHANGE flg=0x10 (has extras) } to com.oneplus.security/.network.trafficalarm.TrafficUsageAlarmReceiver
11-21 10:57:13.296  1125  1769 V AlarmManager: Triggering alarm #0: 2 when =824930109 package =android operation = null listenTag =*job.delay* flags =0x0
11-21 10:57:26.159  1125  1228 E OHPD    : [BgDetect] AppForkedProc kworker/1:0 pid 11251 uid 0 can't find pkgName
11-21 10:57:26.166  1125  1228 W SettingsProvider: call() name : com_oneplus_systemui_recent_task_lockd_list
11-21 10:57:26.166  1125  1228 I OHPD    : [BgDetect]chkExcessCpu level: 2 doKills: true critical false uptime: 601031
11-21 10:57:26.314  1125  1228 I OHPD    : isIsolated process: app.uid:99135,app.info.uid:10423, app.processName:com.android.chrome:sandboxed_process0
11-21 10:57:28.669   968  1029 E storaged: getDiskStats failed with result NOT_SUPPORTED and size 0
11-21 10:57:35.562  1125  1228 W BroadcastQueue: Background execution not allowed: receiving Intent { act=android.net.conn.DATA_ACTIVITY_CHANGE flg=0x10 (has extras) } to com.oneplus.security/.network.trafficalarm.TrafficUsageAlarmReceiver
11-21 10:57:41.418  1125  1769 V AlarmManager: Triggering alarm #0: 2 when =824958231 package =android operation = null listenTag =*job.delay* flags =0x0
11-21 10:57:41.548  1125  8205 I ActivityManager: Killing 11010:com.android.vending:background/u0a22 (adj 922): empty #21
11-21 10:57:41.567  1125  2082 D ConnectivityService: ConnectivityService NetworkRequestInfo binderDied(NetworkRequest [ TRACK_DEFAULT id=16386, [ Capabilities: INTERNET&NOT_RESTRICTED&TRUSTED Unwanted:  Uid: 10022] ], android.os.BinderProxy@365d250)
11-21 10:57:41.567  1125  1801 D ConnectivityService: releasing NetworkRequest [ TRACK_DEFAULT id=16386, [ Capabilities: INTERNET&NOT_RESTRICTED&TRUSTED Unwanted:  Uid: 10022] ] (release request)
11-21 10:57:48.965  1125  1769 V AlarmManager: Triggering alarm #0: 2 when =824965778 package =android operation = null listenTag =*job.delay* flags =0x0
11-21 10:57:56.918  1125  1228 W BroadcastQueue: Background execution not allowed: receiving Intent { act=android.net.conn.DATA_ACTIVITY_CHANGE flg=0x10 (has extras) } to com.oneplus.security/.network.trafficalarm.TrafficUsageAlarmReceiver
11-21 10:57:58.607  1125  1769 V AlarmManager: Triggering alarm #0: 2 when =824975425 package =android operation = null listenTag =*job.delay* flags =0x0
11-21 10:57:58.700  1125  1233 I ActivityManager: Start proc 12018:com.google.android.apps.youtube.kids/u0a175 for service com.google.android.apps.youtube.kids/androidx.work.impl.background.systemjob.SystemJobService
11-21 10:57:58.732  1125  3171 D OnePlusSmartBoostManager: writeHotCount com.google.android.apps.youtube.kids, pid=12018
11-21 10:57:59.047  1125 10046 D ConnectivityService: requestNetwork for uid/pid:10175/12018 NetworkRequest [ TRACK_DEFAULT id=16393, [ Capabilities: INTERNET&NOT_RESTRICTED&TRUSTED Unwanted:  Uid: 10175] ]
11-21 10:57:59.187  1125 10046 W SettingsProvider: call() name : sqlite_compatibility_wal_flags
11-21 10:57:59.341  1125  1125 W SettingsProvider: call() name : enabled_notification_listeners
11-21 10:57:59.341  1125  1125 W SettingsProvider: call() name : enabled_notification_assistant
11-21 10:57:59.341  1125  1125 W SettingsProvider: call() name : enabled_notification_policy_access_packages
11-21 10:57:59.407  1125  1769 V AlarmManager: Triggering alarm #0: 2 when =824976225 package =android operation = null listenTag =*job.delay* flags =0x0
11-21 10:57:59.462  1125  1233 I ActivityManager: Start proc 12107:com.google.android.apps.youtube.creator/u0a274 for service com.google.android.apps.youtube.creator/androidx.work.impl.background.systemjob.SystemJobService
11-21 10:57:59.465  1125 10046 W SettingsProvider: call() name : accessibility_captioning_locale
11-21 10:57:59.466  1125 10046 W SettingsProvider: call() name : accessibility_captioning_enabled
11-21 10:57:59.493  1125  8040 D OnePlusSmartBoostManager: writeHotCount com.google.android.apps.youtube.creator, pid=12107
11-21 10:57:59.509  1125  1125 W SettingsProvider: call() name : enabled_notification_listeners
11-21 10:57:59.509  1125  1125 W SettingsProvider: call() name : enabled_notification_assistant
11-21 10:57:59.509  1125  1125 W SettingsProvider: call() name : enabled_notification_policy_access_packages
11-21 10:57:59.522  1125  1125 W SettingsProvider: call() name : enabled_notification_listeners
11-21 10:57:59.523  1125  1125 W SettingsProvider: call() name : enabled_notification_assistant
11-21 10:57:59.523  1125  1125 W SettingsProvider: call() name : enabled_notification_policy_access_packages
11-21 10:57:59.548  1125  2082 W SettingsProvider: call() name : accessibility_captioning_locale
11-21 10:57:59.743  1125  2082 W SettingsProvider: call() name : sqlite_compatibility_wal_flags
11-21 10:57:59.769  1125  1125 W SettingsProvider: call() name : enabled_notification_listeners
11-21 10:57:59.769  1125  1125 W SettingsProvider: call() name : enabled_notification_assistant
11-21 10:57:59.769  1125  1125 W SettingsProvider: call() name : enabled_notification_policy_access_packages
11-21 10:57:59.784  1125  1125 W SettingsProvider: call() name : enabled_notification_listeners
11-21 10:57:59.784  1125  1125 W SettingsProvider: call() name : enabled_notification_assistant
11-21 10:57:59.784  1125  1125 W SettingsProvider: call() name : enabled_notification_policy_access_packages
11-21 10:57:59.999  1125  1769 V AlarmManager: Triggering alarm #0: 3 when =824976819 package =android operation =*alarm*:android.intent.action.TIME_TICK flags =0x1
11-21 10:58:00.073  1125 10046 D ActivityManager: # addPackageDependency # packageName=com.google.android.gms -> proc: ProcessRecord{7bac436 12107:com.google.android.apps.youtube.creator/u0a274}
11-21 10:58:00.407  1125  9018 D ActivityManager: # addPackageDependency # packageName=com.google.android.gms -> proc: ProcessRecord{7bac436 12107:com.google.android.apps.youtube.creator/u0a274}
11-21 10:58:00.408  1125  1769 V AlarmManager: Triggering alarm #0: 2 when =824976287 package =android operation = null listenTag =*job.delay* flags =0x0
11-21 10:58:00.439  1125  1233 I ActivityManager: Start proc 12254:com.Slack/u0a154 for service com.Slack/androidx.work.impl.background.systemjob.SystemJobService
11-21 10:58:00.470  1125  9018 D OnePlusSmartBoostManager: writeHotCount com.Slack, pid=12254
11-21 10:58:00.505  1125  9018 D ConnectivityService: requestNetwork for uid/pid:10274/12107 NetworkRequest [ TRACK_DEFAULT id=16395, [ Capabilities: INTERNET&NOT_RESTRICTED&TRUSTED Unwanted:  Uid: 10274] ]
11-21 10:58:00.535  1125  9018 W SettingsProvider: call() name : adb_enabled
11-21 10:58:00.628  1125  9018 D ConnectivityService: requestNetwork for uid/pid:10274/12107 NetworkRequest [ TRACK_DEFAULT id=16396, [ Capabilities: INTERNET&NOT_RESTRICTED&TRUSTED Unwanted:  Uid: 10274] ]
11-21 10:58:00.628  1125  3171 W SettingsProvider: call() name : sqlite_compatibility_wal_flags
11-21 10:58:00.713  1125  1228 W BroadcastQueue: Background execution not allowed: receiving Intent { act=android.net.conn.DATA_ACTIVITY_CHANGE flg=0x10 (has extras) } to com.oneplus.security/.network.trafficalarm.TrafficUsageAlarmReceiver
11-21 10:58:00.716  1125  1233 I ActivityManager: Start proc 12339:com.google.android.apps.youtube.music/u0a145 for service com.google.android.apps.youtube.music/androidx.work.impl.background.systemjob.SystemJobService
11-21 10:58:00.747  1125 10046 D OnePlusSmartBoostManager: writeHotCount com.google.android.apps.youtube.music, pid=12339
11-21 10:58:00.925  1125 10046 W SettingsProvider: call() name : location_providers_allowed
11-21 10:58:00.945  1125  3171 D ConnectivityService: requestNetwork for uid/pid:10154/12254 NetworkRequest [ TRACK_DEFAULT id=16398, [ Capabilities: INTERNET&NOT_RESTRICTED&TRUSTED Unwanted:  Uid: 10154] ]
11-21 10:58:01.008  1125  3171 D ConnectivityService: requestNetwork for uid/pid:10145/12339 NetworkRequest [ TRACK_DEFAULT id=16399, [ Capabilities: INTERNET&NOT_RESTRICTED&TRUSTED Unwanted:  Uid: 10145] ]
11-21 10:58:01.027  1125  2082 W SettingsProvider: call() name : android_id
11-21 10:58:01.072  1125  2082 W SettingsProvider: call() name : sqlite_compatibility_wal_flags
11-21 10:58:01.091  1125  2082 D ActivityManager: # addPackageDependency # packageName=com.google.android.gms -> proc: ProcessRecord{383631d 12339:com.google.android.apps.youtube.music/u0a145}
11-21 10:58:01.190  1125  2082 D ConnectivityService: requestNetwork for uid/pid:10154/12254 NetworkRequest [ TRACK_DEFAULT id=16401, [ Capabilities: INTERNET&NOT_RESTRICTED&TRUSTED Unwanted:  Uid: 10154] ]
11-21 10:58:01.190  1125 10046 I ActivityManager: Killing 9714:com.google.android.keep/u0a256 (adj 922): empty #21
11-21 10:58:01.381  1125  7682 D ActivityManager: # addPackageDependency # packageName=com.google.android.gms -> proc: ProcessRecord{383631d 12339:com.google.android.apps.youtube.music/u0a145}
11-21 10:58:01.413  1125  4286 D ConnectivityService: requestNetwork for uid/pid:10145/12339 NetworkRequest [ TRACK_DEFAULT id=16402, [ Capabilities: INTERNET&NOT_RESTRICTED&TRUSTED Unwanted:  Uid: 10145] ]
11-21 10:58:01.430  1125  1760 W SettingsProvider: call() name : adb_enabled
11-21 10:58:01.439  1125  1769 V AlarmManager: Triggering alarm #0: 2 when =824978259 package =android operation = null listenTag =*job.delay* flags =0x0
11-21 10:58:01.440  1125  4286 I ActivityManager: Killing 10867:com.oneplus.gallery:contentdetector/u0a50 (adj 922): empty #21
11-21 10:58:01.501  1125  1233 I ActivityManager: Start proc 12535:com.google.android.apps.classroom/u0a184 for service com.google.android.apps.classroom/androidx.work.impl.background.systemjob.SystemJobService
11-21 10:58:01.524  1125  1801 D ConnectivityService: releasing NetworkRequest [ TRACK_DEFAULT id=16401, [ Capabilities: INTERNET&NOT_RESTRICTED&TRUSTED Unwanted:  Uid: 10154] ] (release request)
11-21 10:58:01.532  1125  1760 D OnePlusSmartBoostManager: writeHotCount com.google.android.apps.classroom, pid=12535
11-21 10:58:01.627  1125  3171 W SettingsProvider: call() name : accessibility_captioning_locale
11-21 10:58:01.669  1125  1125 W SettingsProvider: call() name : enabled_notification_listeners
11-21 10:58:01.669  1125  1125 W SettingsProvider: call() name : enabled_notification_assistant
11-21 10:58:01.669  1125  1125 W SettingsProvider: call() name : enabled_notification_policy_access_packages
11-21 10:58:01.693  1125  1125 W SettingsProvider: call() name : enabled_notification_listeners
11-21 10:58:01.693  1125  1125 W SettingsProvider: call() name : enabled_notification_assistant
11-21 10:58:01.693  1125  1125 W SettingsProvider: call() name : enabled_notification_policy_access_packages
11-21 10:58:01.729  1125  1125 W SettingsProvider: call() name : enabled_notification_listeners
11-21 10:58:01.729  1125  1125 W SettingsProvider: call() name : enabled_notification_assistant
11-21 10:58:01.729  1125  1125 W SettingsProvider: call() name : enabled_notification_policy_access_packages
11-21 10:58:01.837  1125  3764 D ConnectivityService: requestNetwork for uid/pid:10184/12535 NetworkRequest [ TRACK_DEFAULT id=16403, [ Capabilities: INTERNET&NOT_RESTRICTED&TRUSTED Unwanted:  Uid: 10184] ]
11-21 10:58:01.839  1125  1769 V AlarmManager: Triggering alarm #0: 2 when =824978658 package =android operation = null listenTag =*job.delay* flags =0x0
11-21 10:58:01.894  1125  3764 W ActivityManager: Unable to start service Intent { cmp=com.google.android.apps.classroom/bor } U=0: not found
11-21 10:58:01.895  1125  1760 W SettingsProvider: call() name : sqlite_compatibility_wal_flags
11-21 10:58:02.041  1125  3171 D ActivityManager: # addPackageDependency # packageName=com.google.android.gms -> proc: ProcessRecord{383631d 12339:com.google.android.apps.youtube.music/u0a145}
11-21 10:58:02.065  1125  4286 I ActivityManager: Killing 8899:com.oneplus.gallery:recyclebin/u0a50 (adj 922): empty #21
11-21 10:58:02.115  1125  3171 W ActivityManager: Scheduling restart of crashed service com.oneplus.gallery/com.oneplus.gallery2.recyclebin.LocalRecycleBinService in 1000ms
11-21 10:58:02.705  1125  1233 I ActivityManager: Start proc 12640:com.oneplus.gallery:recyclebin/u0a50 for service com.oneplus.gallery/com.oneplus.gallery2.recyclebin.LocalRecycleBinService
11-21 10:58:02.745  1125  3171 D OnePlusSmartBoostManager: writeHotCount com.oneplus.gallery, pid=12640
11-21 10:58:02.881  1125  3171 W SettingsProvider: call() name : sqlite_compatibility_wal_flags
11-21 10:58:02.903  1125  9018 I ActivityManager: Killing 8828:com.oneplus.gallery/u0a50 (adj 922): empty #21
11-21 10:58:02.995  1125  4286 D ConnectivityService: ConnectivityService NetworkRequestInfo binderDied(NetworkRequest [ LISTEN id=16362, [ Capabilities: INTERNET&NOT_RESTRICTED&TRUSTED&NOT_VPN Unwanted:  Uid: 10050] ], android.os.BinderProxy@f061e91)
11-21 10:58:04.064  1125  7682 D ConnectivityService: requestNetwork for uid/pid:10154/12254 NetworkRequest [ TRACK_DEFAULT id=16405, [ Capabilities: INTERNET&NOT_RESTRICTED&TRUSTED Unwanted:  Uid: 10154] ]
11-21 10:58:04.113  1125  1801 D ConnectivityService: releasing NetworkRequest [ TRACK_DEFAULT id=16405, [ Capabilities: INTERNET&NOT_RESTRICTED&TRUSTED Unwanted:  Uid: 10154] ] (release request)
11-21 10:58:21.208  1125  1769 V AlarmManager: Triggering alarm #0: 2 when =824998020 package =android operation = null listenTag =*job.delay* flags =0x0
11-21 10:58:21.209  1125  1769 V AlarmManager: Triggering alarm #1: 3 when =824997694 package =com.google.android.gms operation =*alarm*:com.google.android.gms.gcm.TRIGGER_IDLE flags =0x0
11-21 10:58:21.225  1125  3747 I ActivityManager: Killing 7049:com.google.process.gapps/u0a45 (adj 922): empty #21
