11-21 11:00:37.500  1125 13782 E VibratorService: OP config vibrate strength! (amplitude=255, intensityStrengthType= 3)
11-21 11:00:37.508  1125  1233 I ActivityManager: Start proc 14345:com.google.android.apps.youtube.creator/u0a274 for embryo com.google.android.apps.youtube.creator
11-21 11:00:37.975  1125  1233 I ActivityManager: Start proc 14363:com.google.android.apps.youtube.music/u0a145 for embryo com.google.android.apps.youtube.music
11-21 11:00:39.501  1125 13782 E VibratorService: OP config vibrate strength! (amplitude=255, intensityStrengthType= 3)
11-21 11:00:39.510  1125 13782 E VibratorService: OP config vibrate strength! (amplitude=255, intensityStrengthType= 3)
11-21 11:00:40.257  1125  3746 I ActivityManager: Killing 13242:com.google.android.apps.docs/u0a105 (adj 922): empty #23
11-21 11:00:40.825  1125  1221 D BatteryStatsService: @@@@ awaitUninterruptibly in 74 ms
11-21 11:00:40.827  1125  1221 D BatteryStatsService: ext-flush too soon, skip
11-21 11:00:41.353  1125  4284 I ActivityManager: Killing 13462:com.google.android.keep/u0a256 (adj 922): empty #23
11-21 11:00:41.511  1125 13782 E VibratorService: OP config vibrate strength! (amplitude=255, intensityStrengthType= 3)
11-21 11:00:41.521  1125 13782 E VibratorService: OP config vibrate strength! (amplitude=255, intensityStrengthType= 3)
11-21 11:00:41.591  1125  1769 V AlarmManager: Triggering alarm #0: 2 when =825138410 package =android operation = null listenTag =*job.delay* flags =0x0
11-21 11:00:41.622  1125  3599 D ConnectivityService: requestNetwork for uid/pid:10206/23760 NetworkRequest [ TRACK_DEFAULT id=16427, [ Capabilities: INTERNET&NOT_RESTRICTED&TRUSTED Unwanted:  Uid: 10206] ]
11-21 11:00:41.939  1125  1801 D ConnectivityService: releasing NetworkRequest [ TRACK_DEFAULT id=16427, [ Capabilities: INTERNET&NOT_RESTRICTED&TRUSTED Unwanted:  Uid: 10206] ] (release request)
11-21 11:00:43.347  1125  1233 I ActivityManager: Start proc 14389:com.google.android.apps.docs/u0a105 for embryo com.google.android.apps.docs
11-21 11:00:43.522  1125 13782 E VibratorService: OP config vibrate strength! (amplitude=255, intensityStrengthType= 3)
11-21 11:00:43.531  1125 13782 E VibratorService: OP config vibrate strength! (amplitude=255, intensityStrengthType= 3)
11-21 11:00:43.618  1125  1233 I ActivityManager: Start proc 14405:com.google.android.googlequicksearchbox:search/u0a63 for broadcast com.google.android.googlequicksearchbox/com.google.android.libraries.notifications.entrypoints.gcm.GcmBroadcastReceiver
11-21 11:00:43.646  1125  3599 D OnePlusSmartBoostManager: writeHotCount com.google.android.googlequicksearchbox, pid=14405
11-21 11:00:44.154  1125  4284 D ConnectivityService: requestNetwork for uid/pid:10063/14405 NetworkRequest [ TRACK_DEFAULT id=16428, [ Capabilities: INTERNET&NOT_RESTRICTED&TRUSTED Unwanted:  Uid: 10063] ]
11-21 11:00:44.208  1125  3747 W SettingsProvider: call() name : sqlite_compatibility_wal_flags
11-21 11:00:44.499  1125  1228 W BroadcastQueue: Permission Denial: broadcasting Intent { act=com.google.android.apps.gmm.NAVIGATION_STATE flg=0x10 pkg=com.google.android.googlequicksearchbox (has extras) } from null (pid=-1, uid=-1) requires com.google.android.googlequicksearchbox.permission.LAUNCH_FROM_GMM due to registered receiver BroadcastFilter{9367c3e u0 ReceiverList{fd194f9 14405 com.google.android.googlequicksearchbox:search/10063/u0 remote:3d8ffc0}}
11-21 11:00:44.499  1125  1228 W BroadcastQueue: Permission Denial: broadcasting Intent { act=com.google.android.apps.gmm.NAVIGATION_STATE flg=0x10 pkg=com.google.android.gms (has extras) } from null (pid=-1, uid=-1) requires com.google.android.googlequicksearchbox.permission.LAUNCH_FROM_GMM due to registered receiver BroadcastFilter{9367c3e u0 ReceiverList{fd194f9 14405 com.google.android.googlequicksearchbox:search/10063/u0 remote:3d8ffc0}}
11-21 11:00:44.559  1125  3599 W BluetoothManagerService: registerAdapter, callback: android.bluetooth.IBluetoothManagerCallback$Stub$Proxy@3e4c98f
11-21 11:00:44.571  1125  1872 W SettingsProvider: call() name : voice_interaction_service
11-21 11:00:44.607  1125  2900 W SettingsProvider: call() name : location_providers_allowed
11-21 11:00:44.808  1125  1872 W SettingsProvider: call() name : voice_interaction_service
11-21 11:00:45.017  1125  4284 W SettingsProvider: call() name : notification_light_pulse_color
11-21 11:00:45.021  1125  3677 W SettingsProvider: call() name : notification_light_pulse_color
11-21 11:00:45.076  1125  3599 D ActivityManager: # addPackageDependency # packageName=com.android.chrome -> proc: ProcessRecord{7bbd5d0 14405:com.google.android.googlequicksearchbox:search/u0a63}
11-21 11:00:45.076  1125  2082 D ActivityManager: # addPackageDependency # packageName=com.android.chrome -> proc: ProcessRecord{7bbd5d0 14405:com.google.android.googlequicksearchbox:search/u0a63}
11-21 11:00:45.097  1125  3599 W SettingsProvider: call() name : selected_search_engine_aga
11-21 11:00:45.098  1125  4284 D ConnectivityService: requestNetwork for uid/pid:10063/14405 NetworkRequest [ TRACK_DEFAULT id=16429, [ Capabilities: INTERNET&NOT_RESTRICTED&TRUSTED Unwanted:  Uid: 10063] ]
11-21 11:00:45.532  1125 13782 E VibratorService: OP config vibrate strength! (amplitude=255, intensityStrengthType= 3)
11-21 11:00:45.542  1125 13782 E VibratorService: OP config vibrate strength! (amplitude=255, intensityStrengthType= 3)
11-21 11:00:47.528  1125  1221 D BatteryStatsService: @@@@ awaitUninterruptibly in 74 ms
11-21 11:00:47.542  1125 13782 E VibratorService: OP config vibrate strength! (amplitude=255, intensityStrengthType= 3)
11-21 11:00:47.552  1125 13782 E VibratorService: OP config vibrate strength! (amplitude=255, intensityStrengthType= 3)
11-21 11:00:49.125  1125  3599 W SettingsProvider: call() name : sms_default_application
11-21 11:00:49.553  1125 13782 E VibratorService: OP config vibrate strength! (amplitude=255, intensityStrengthType= 3)
11-21 11:00:49.563  1125 13782 E VibratorService: OP config vibrate strength! (amplitude=255, intensityStrengthType= 3)
11-21 11:00:51.405  1125 13659 I ColorBalanceService: MSG:25
11-21 11:00:51.405  1125 13659 I Telecom : AsyncRingtonePlayer: Repeat ringtone.
11-21 11:00:51.564  1125 13782 E VibratorService: OP config vibrate strength! (amplitude=255, intensityStrengthType= 3)
11-21 11:00:51.575  1125 13782 E VibratorService: OP config vibrate strength! (amplitude=255, intensityStrengthType= 3)
11-21 11:00:52.632  1125  1769 V AlarmManager: Triggering alarm #0: 2 when =825149451 package =android operation = null listenTag =*job.delay* flags =0x0
11-21 11:00:53.576  1125 13782 E VibratorService: OP config vibrate strength! (amplitude=255, intensityStrengthType= 3)
11-21 11:00:53.587  1125 13782 E VibratorService: OP config vibrate strength! (amplitude=255, intensityStrengthType= 3)
11-21 11:00:53.890  1125  1228 W BroadcastQueue: Background execution not allowed: receiving Intent { act=android.net.conn.DATA_ACTIVITY_CHANGE flg=0x10 (has extras) } to com.oneplus.security/.network.trafficalarm.TrafficUsageAlarmReceiver
11-21 11:00:53.928  1125  1125 I Telecom : CallsManager: onServiceStateChanged networkType: 13
11-21 11:00:53.948  2170 13591 I Telephony: : onDisconnect: callId=TC@165_1, cause=INCOMING_MISSED
11-21 11:00:53.986  2170  2170 I Telephony: GsmConnection: isAddParticipantCapable: isCapable = false
11-21 11:00:53.986  2170  2170 I Telephony: GsmConnection: isAddParticipantCapable: isCapable = false
11-21 11:00:53.988  1125  3599 W ContextImpl: Calling a method in the system process without a qualified user: android.app.ContextImpl.sendBroadcastAsUserMultiplePermissions:1056 com.android.server.TelephonyRegistry.broadcastCallStateChanged:1650 com.android.server.TelephonyRegistry.notifyCallStateForPhoneId:827 com.android.internal.telephony.ITelephonyRegistry$Stub.onTransact:122 android.os.Binder.execTransact:752 
11-21 11:00:53.997  1125  2082 I Telecom : InCallController: Sending updateCall [TC@165, RINGING, com.android.phone/com.android.services.telephony.TelephonyConnectionService, tel:*************, A, childs(0), has_parent(false), [Capabilities: CAPABILITY_SUPPORT_HOLD CAPABILITY_MUTE CAPABILITY_SPEED_UP_MT_AUDIO], [Properties:]]: CSW.pE@yD8
11-21 11:00:54.008  1125  2082 I Telecom : InCallController: Components updated: [ComponentInfo{com.truecaller/com.truecaller.incallui.service.InCallUIService}]: CSW.pE@yD8
11-21 11:00:54.011  1125  1872 I Telecom : CallsManager: setCallState RINGING -> DISCONNECTED, call: [TC@165, RINGING, com.android.phone/com.android.services.telephony.TelephonyConnectionService, tel:*************, A, childs(0), has_parent(false), [Capabilities: CAPABILITY_SUPPORT_HOLD CAPABILITY_MUTE CAPABILITY_SPEED_UP_MT_AUDIO], [Properties:]]: CSW.sDc@yEQ
11-21 11:00:54.012  1125  1872 I Telecom : Event: RecordEntry TC@165: SET_DISCONNECTED, disconnected set explicitly> DisconnectCause [ Code: (MISSED) Label: () Description: () Reason: (INCOMING_MISSED) Tone: (-1) ]: CSW.sDc@yEQ
11-21 11:00:54.012  1125  1872 I Telecom : InCallController: Sending updateCall [TC@165, DISCONNECTED, com.android.phone/com.android.services.telephony.TelephonyConnectionService, tel:*************, A, childs(0), has_parent(false), [Capabilities: CAPABILITY_SUPPORT_HOLD CAPABILITY_MUTE CAPABILITY_SPEED_UP_MT_AUDIO], [Properties:]]: CSW.sDc@yEQ
11-21 11:00:54.013  1125  1872 I Telecom : InCallController: Components updated: [ComponentInfo{com.truecaller/com.truecaller.incallui.service.InCallUIService}]: CSW.sDc@yEQ
11-21 11:00:54.015  1125  4284 W SettingsProvider: call() name : airplane_mode_on
11-21 11:00:54.032  1125  1872 W ContextImpl: Calling a method in the system process without a qualified user: android.app.ContextImpl.sendBroadcast:1023 android.content.ContextWrapper.sendBroadcast:449 com.android.server.telecom.CallLogManager.sendAddCallBroadcast:547 com.android.server.telecom.CallLogManager.logCall:311 com.android.server.telecom.CallLogManager.logCall:251 
11-21 11:00:54.034  1125  1872 I Telecom : TelecomWakeLock: Releasing WakeLock with id: 26: CSW.sDc@yEQ
11-21 11:00:54.034  1125 14557 I Telecom : CallLogManager: addCall calltype is: 3
11-21 11:00:54.034  1125  1872 I Telecom : InCallWakeLockController: Releasing full wake lock: CSW.sDc@yEQ
11-21 11:00:54.034  1125 14557 I Telecom : CallLogManager: addCall number is: ***
11-21 11:00:54.034  1125  1872 I Telecom : CallAudioManager: Call state changed for TC@TC@165: RINGING -> DISCONNECTED: CSW.sDc@yEQ
11-21 11:00:54.034  1125  1872 I Telecom : CallAudioManager: mCallStateToCalls size is 6: CSW.sDc@yEQ
11-21 11:00:54.034  1125  1872 I Telecom : CallAudioManager: onCallStateChanged size is 0: CSW.sDc@yEQ
11-21 11:00:54.035  1125  1872 I Telecom : CallAudioManager: is ConfURI call disconnected = false call = [TC@165, DISCONNECTED, com.android.phone/com.android.services.telephony.TelephonyConnectionService, tel:*************, A, childs(0), has_parent(false), [Capabilities: CAPABILITY_SUPPORT_HOLD CAPABILITY_MUTE CAPABILITY_SPEED_UP_MT_AUDIO], [Properties:]]: CSW.sDc@yEQ
11-21 11:00:54.036  1125  2393 I Telecom : CallAudioRouteStateMachine: Message received: UPDATE_SYSTEM_AUDIO_ROUTE=1201, arg1=0: CSW.sDc->CARSM.pM_UPDATE_SYSTEM_AUDIO_ROUTE@yEQ
11-21 11:00:54.036  1125  1872 I Telecom : CallAudioManager: deviceName guacamoleb: CSW.sDc@yEQ
11-21 11:00:54.036  1125  2393 I Telecom : ActiveEarpieceRoute: Processing message UPDATE_SYSTEM_AUDIO_ROUTE: CSW.sDc->CARSM.pM_UPDATE_SYSTEM_AUDIO_ROUTE@yEQ
11-21 11:00:54.037  1125  2395 I Telecom : CallAudioModeStateMachine: Message received: NO_MORE_RINGING_CALLS.: CSW.sDc->CAMSM.pM_1002@yEQ
11-21 11:00:54.037  1125  2395 I Telecom : Event: RecordEntry TC@165: STOP_RINGER, null: CSW.sDc->CAMSM.pM_1002@yEQ
11-21 11:00:54.037  1125  2395 I Telecom : Logging.Events: Non-call EVENT: STOP_VIBRATOR, null: CSW.sDc->CAMSM.pM_1002@yEQ
11-21 11:00:54.037  1125 13659 I Telecom : AsyncRingtonePlayer: Stop ringtone.
11-21 11:00:54.038  1125  1872 I Telecom : CallAudioManager: device find: CSW.sDc@yEQ
11-21 11:00:54.039  1125  2395 I Telecom : CallAudioModeStateMachine: Abandoning audio focus: now UNFOCUSED: CSW.sDc->CAMSM.pM_1002@yEQ
11-21 11:00:54.045  1125  1125 I Telecom : CallsManager: onServiceStateChanged networkType: 13
11-21 11:00:54.071  1125  1872 I Telecom : IncomingCallNotifier: updateIncomingCall: foundIncomingcall = null: CSW.sDc@yEQ
11-21 11:00:54.071  1125  1872 I Telecom : BluetoothPhoneService: making flag isAnswercallInProgress from true to false:: CSW.sDc@yEQ
11-21 11:00:54.071  1125  1872 I Telecom : BluetoothPhoneService: updateHeadsetWithCallState numActive 0, numHeld 0, callState 7, ringing number ***, ringing type 128: CSW.sDc@yEQ
11-21 11:00:54.097  1125  1228 W BroadcastQueue: Permission Denial: receiving Intent { act=android.intent.action.PHONE_STATE flg=0x1000010 (has extras) } to com.truecaller/.service.Receiver requires android.permission.READ_PRIVILEGED_PHONE_STATE due to sender android (uid 1000)
11-21 11:00:54.100  1125  1228 W BroadcastQueue: Permission Denial: receiving Intent { act=android.intent.action.PHONE_STATE flg=0x1000010 (has extras) } to ProcessRecord{37b07e 1907:com.android.systemui/u0a26} (pid=1907, uid=10026) requires android.permission.READ_PHONE_STATE due to sender android (uid 1000)
11-21 11:00:54.100  1125  1228 I chatty  : uid=1000(system) ActivityManager identical 3 lines
11-21 11:00:54.100  1125  1228 W BroadcastQueue: Permission Denial: receiving Intent { act=android.intent.action.PHONE_STATE flg=0x1000010 (has extras) } to ProcessRecord{37b07e 1907:com.android.systemui/u0a26} (pid=1907, uid=10026) requires android.permission.READ_PHONE_STATE due to sender android (uid 1000)
11-21 11:00:54.101  1125  1228 W BroadcastQueue: Permission Denial: receiving Intent { act=android.intent.action.PHONE_STATE flg=0x1000010 (has extras) } to ProcessRecord{b0f475b 7303:net.oneplus.launcher/u0a24} (pid=7303, uid=10024) requires android.permission.READ_PHONE_STATE due to sender android (uid 1000)
11-21 11:00:54.102  1125  1872 W ContextImpl: Calling a method in the system process without a qualified user: android.app.ContextImpl.sendBroadcastAsUserMultiplePermissions:1056 com.android.server.TelephonyRegistry.broadcastCallStateChanged:1650 com.android.server.TelephonyRegistry.notifyCallState:794 com.android.server.telecom.PhoneStateBroadcaster.sendPhoneStateChangedBroadcast:117 com.android.server.telecom.PhoneStateBroadcaster.updateStates:94 
11-21 11:00:54.105  1125  1872 I Telecom : PhoneStateBroadcaster: Broadcasted state change: 0: CSW.sDc@yEQ
11-21 11:00:54.106  1125  1872 I Telecom : ConnectionServiceWrapper: Service unbound ComponentInfo{com.android.phone/com.android.services.telephony.TelephonyConnectionService}, from unbind.: CSW.rC@yEY
11-21 11:00:54.107  1125  1228 W BroadcastQueue: Permission Denial: receiving Intent { act=android.intent.action.PHONE_STATE flg=0x1000010 (has extras) } to ProcessRecord{37b07e 1907:com.android.systemui/u0a26} (pid=1907, uid=10026) requires android.permission.READ_PHONE_STATE due to sender android (uid 1000)
11-21 11:00:54.108  1125  1228 I chatty  : uid=1000(system) ActivityManager identical 3 lines
11-21 11:00:54.108  1125  1228 W BroadcastQueue: Permission Denial: receiving Intent { act=android.intent.action.PHONE_STATE flg=0x1000010 (has extras) } to ProcessRecord{37b07e 1907:com.android.systemui/u0a26} (pid=1907, uid=10026) requires android.permission.READ_PHONE_STATE due to sender android (uid 1000)
11-21 11:00:54.109  1125  1228 W BroadcastQueue: Permission Denial: receiving Intent { act=android.intent.action.PHONE_STATE flg=0x1000010 (has extras) } to ProcessRecord{b0f475b 7303:net.oneplus.launcher/u0a24} (pid=7303, uid=10024) requires android.permission.READ_PHONE_STATE due to sender android (uid 1000)
11-21 11:00:54.111  1125  1872 I Telecom : CallsManager: handleConnectionServiceDeath: service com.android.server.telecom.ConnectionServiceWrapper@422ebca died: CSW.rC@yEY
11-21 11:00:54.111  1125  1872 I Telecom : Event: RecordEntry TC@165: DESTROYED, null: CSW.rC@yEY
11-21 11:00:54.111  1125  1872 I Telecom : InCallController: onCallRemoved: [TC@165, DISCONNECTED, null, tel:*************, A, childs(0), has_parent(false), [Capabilities: CAPABILITY_SUPPORT_HOLD CAPABILITY_MUTE CAPABILITY_SPEED_UP_MT_AUDIO], [Properties:]]: CSW.rC@yEY
11-21 11:00:54.111  1125  1872 W SettingsProvider: call() name : telecom.call_remove_unbind_in_call_services_delay
11-21 11:00:54.112  1125  1872 I Telecom : ProximitySensorManager: All calls removed, resetting proximity sensor to default state: CSW.rC@yEY
11-21 11:00:54.112  1125  1872 I Telecom : TelecomWakeLock: WakeLock already released with id: 32: CSW.rC@yEY
11-21 11:00:54.112  1125  1872 I Telecom : TelecomWakeLock: WakeLock already released with id: 26: CSW.rC@yEY
11-21 11:00:54.112  1125  1872 I Telecom : InCallWakeLockController: Releasing full wake lock: CSW.rC@yEY
11-21 11:00:54.112  1125  1872 I Telecom : CallAudioManager: removeCall the mCalls size is 0: CSW.rC@yEY
11-21 11:00:54.112  1125  1872 I Telecom : IncomingCallNotifier: updateIncomingCall: foundIncomingcall = null: CSW.rC@yEY
11-21 11:00:54.112  1125  1872 I Telecom : BluetoothPhoneService: updateHeadsetWithCallState numActive 0, numHeld 0, callState 6, ringing number ***, ringing type 128: CSW.rC@yEY
11-21 11:00:54.113  1125  2393 I Telecom : CallAudioRouteStateMachine: setSystemAudioState: changing from [AudioState isMuted: false, route: EARPIECE, supportedRouteMask: EARPIECE, SPEAKER, activeBluetoothDevice: [null], supportedBluetoothDevices: []] to [AudioState isMuted: false, route: EARPIECE, supportedRouteMask: EARPIECE, SPEAKER, activeBluetoothDevice: [null], supportedBluetoothDevices: []]: CSW.sDc->CARSM.pM_UPDATE_SYSTEM_AUDIO_ROUTE@yEQ
11-21 11:00:54.114  1125  2393 I Telecom : InCallController: Calling onAudioStateChanged, audioState: [AudioState isMuted: false, route: EARPIECE, supportedRouteMask: EARPIECE, SPEAKER, activeBluetoothDevice: [null], supportedBluetoothDevices: []] -> [AudioState isMuted: false, route: EARPIECE, supportedRouteMask: EARPIECE, SPEAKER, activeBluetoothDevice: [null], supportedBluetoothDevices: []]: CSW.sDc->CARSM.pM_UPDATE_SYSTEM_AUDIO_ROUTE@yEQ
11-21 11:00:54.122  1125  2900 W BroadcastQueue: Permission Denial: receiving Intent { act=android.intent.action.PHONE_STATE flg=0x1000010 (has extras) } to com.citiuat/com.moxtra.binder.ui.meet.misc.CallReceiver requires android.permission.READ_PRIVILEGED_PHONE_STATE due to sender android (uid 1000)
11-21 11:00:54.127  1125  1228 W BroadcastQueue: Permission Denial: receiving Intent { act=android.intent.action.PHONE_STATE flg=0x1000010 (has extras) } to com.truecaller/.util.CallMonitoringReceiver requires android.permission.READ_PRIVILEGED_PHONE_STATE due to sender android (uid 1000)
11-21 11:00:54.127  1125  1228 W BroadcastQueue: Permission Denial: receiving Intent { act=android.intent.action.PHONE_STATE flg=0x1000010 (has extras) } to com.truecaller/.callhero_assistant.callrejection.CallAssistantRejectionReceiver requires android.permission.READ_PRIVILEGED_PHONE_STATE due to sender android (uid 1000)
11-21 11:00:54.127  1125  1228 W BroadcastQueue: Permission Denial: receiving Intent { act=android.intent.action.PHONE_STATE flg=0x1000010 (has extras) } to com.xiaomi.hm.health/.receiver.PhoneStateReceiver requires android.permission.READ_PRIVILEGED_PHONE_STATE due to sender android (uid 1000)
11-21 11:00:54.131  1125  1228 W BroadcastQueue: Permission Denial: receiving Intent { act=android.intent.action.PHONE_STATE flg=0x1000010 (has extras) } to com.xiaomi.hm.health/com.huami.mifit.sportlib.services.SubGPSSportService$PhoneCallingReceiver requires android.permission.READ_PRIVILEGED_PHONE_STATE due to sender android (uid 1000)
11-21 11:00:54.140  1125  1228 W BroadcastQueue: Permission Denial: receiving Intent { act=android.intent.action.PHONE_STATE flg=0x1000010 (has extras) } to in.gov.umang.negd.g2c/.ui.base.trai.CallReceiver requires android.permission.READ_PRIVILEGED_PHONE_STATE due to sender android (uid 1000)
11-21 11:00:54.140  1125  1228 W BroadcastQueue: Permission Denial: receiving Intent { act=android.intent.action.PHONE_STATE flg=0x1000010 (has extras) } to org.telegram.messenger/.CallReceiver requires android.permission.READ_PRIVILEGED_PHONE_STATE due to sender android (uid 1000)
11-21 11:00:54.141  1125  1228 W BroadcastQueue: Permission Denial: receiving Intent { act=android.intent.action.PHONE_STATE flg=0x1000010 (has extras) } to com.android.settings/com.oneplus.settings.timer.timepower.ReceiverPowerOff requires android.permission.READ_PRIVILEGED_PHONE_STATE due to sender android (uid 1000)
11-21 11:00:54.178  1125  2393 I Telecom : CallAudioRouteStateMachine: Message received: SWITCH_FOCUS=4001, arg1=1: CSW.sDc->CAMSM.pM_1002->CARSM.pM_SWITCH_FOCUS@yEQ
11-21 11:00:54.178  1125  2393 I Telecom : ActiveEarpieceRoute: Processing message SWITCH_FOCUS: CSW.sDc->CAMSM.pM_1002->CARSM.pM_SWITCH_FOCUS@yEQ
11-21 11:00:54.178  1125  2393 I Telecom : CallAudioRouteStateMachine: turning speaker phone false: CSW.sDc->CAMSM.pM_1002->CARSM.pM_SWITCH_FOCUS@yEQ
11-21 11:00:54.180  1125  2393 I Telecom : Logging.Events: Non-call EVENT: UNMUTE, null: CSW.sDc->CAMSM.pM_1002->CARSM.pM_SWITCH_FOCUS@yEQ
11-21 11:00:54.182  1125  2393 I Telecom : CallAudioRouteStateMachine: setSystemAudioState: changing from [AudioState isMuted: false, route: EARPIECE, supportedRouteMask: EARPIECE, SPEAKER, activeBluetoothDevice: [null], supportedBluetoothDevices: []] to [AudioState isMuted: false, route: EARPIECE, supportedRouteMask: EARPIECE, SPEAKER, activeBluetoothDevice: [null], supportedBluetoothDevices: []]: CSW.sDc->CAMSM.pM_1002->CARSM.pM_SWITCH_FOCUS@yEQ
11-21 11:00:54.182  1125  2393 I Telecom : Logging.Events: Non-call EVENT: AUDIO_ROUTE, Leaving state ActiveEarpieceRoute: CSW.sDc->CAMSM.pM_1002->CARSM.pM_SWITCH_FOCUS@yEQ
11-21 11:00:54.184  1125  2393 I Telecom : Logging.Events: Non-call EVENT: AUDIO_ROUTE, Entering state QuiescentEarpieceRoute: CSW.sDc->CAMSM.pM_1002->CARSM.pM_SWITCH_FOCUS@yEQ
11-21 11:00:54.250  1125  1125 I Telecom : MissedCallNotifierImpl: showMissedCallNotification()
11-21 11:00:54.268  1125  1125 I Telecom : MissedCallNotifierImpl: Adding missed call notification for ***.
11-21 11:00:54.269  1125  4284 W BroadcastQueue: Permission Denial: receiving Intent { act=android.intent.action.PHONE_STATE flg=0x1000010 (has extras) } to com.xiaomi.hm.health/.receiver.PhoneStateReceiver requires android.permission.READ_PHONE_STATE due to sender android (uid 1000)
11-21 11:00:54.269  1125  1125 W SettingsProvider: call() name : notification_light_pulse_color
11-21 11:00:54.271  1125  1228 W BroadcastQueue: Permission Denial: receiving Intent { act=android.intent.action.PHONE_STATE flg=0x1000010 (has extras) } to com.xiaomi.hm.health/com.huami.mifit.sportlib.services.SubGPSSportService$PhoneCallingReceiver requires android.permission.READ_PHONE_STATE due to sender android (uid 1000)
11-21 11:00:54.272  1125  1228 W BroadcastQueue: Permission Denial: receiving Intent { act=android.intent.action.PHONE_STATE flg=0x1000010 (has extras) } to in.gov.umang.negd.g2c/.ui.base.trai.CallReceiver requires android.permission.READ_PHONE_STATE due to sender android (uid 1000)
11-21 11:00:54.352  1125  2900 W BroadcastQueue: Permission Denial: receiving Intent { act=android.intent.action.PHONE_STATE flg=0x1000010 (has extras) } to com.citiuat/com.moxtra.binder.ui.meet.misc.CallReceiver requires android.permission.READ_CALL_LOG due to sender android (uid 1000)
11-21 11:00:54.388  1125  1125 D VibratorService: vibrate from 'com.android.server.telecom', usageHint = 5
11-21 11:00:54.394  1125 14566 E VibratorService: OP config vibrate strength! (amplitude=255, intensityStrengthType= 2)
11-21 11:00:54.397  1125 14566 E VibratorService: OP config vibrate strength! (amplitude=255, intensityStrengthType= 2)
11-21 11:00:54.397  1125  1125 D VibratorService: startTime: Nov 21, 2022, 11:00:54 AM, effect: Waveform{mTimings=[0, 100, 150, 100], mAmplitudes=[0, 255, 0, 255], mRepeat=-1}, originalEffect: Waveform{mTimings=[0, 100, 150, 100], mAmplitudes=[0, -1, 0, -1], mRepeat=-1}, usageHint: 5, uid: 1000, opPkg: com.android.server.telecom
11-21 11:00:54.408  1125  1228 W SettingsProvider: call() name : notification_light_pulse_color
11-21 11:00:54.427  1125  1228 W SettingsProvider: call() name : notification_light_pulse_color
11-21 11:00:54.478  1125  4284 I OemSceneModeAmHelper: [scene] handleShowOrOccludedChanged showing true, occluded false
11-21 11:00:54.479  1125  1228 W SettingsProvider: call() name : temp_disable_scene_screen_effect
11-21 11:00:54.481  1125  1228 W SettingsProvider: call() name : temp_disable_scene_screen_effect
11-21 11:00:54.564  1125 12070 W SettingsProvider: call() name : screen_brightness
11-21 11:00:54.564  1907  1907 V KeyguardStatusView: refresh statusview showing:true
11-21 11:00:54.567  1125  3756 I StatusBarManagerService: pkg = com.android.systemui, mDisabled1 = 1200000, mDisabled2 =0,what =18874368
11-21 11:00:54.570  1125  1125 I NotificationService: Cannot find enqueued record for key: 0|com.truecaller|2131362668|null|10299
11-21 11:00:54.571  1125  4284 W BroadcastQueue: Permission Denial: receiving Intent { act=android.intent.action.PHONE_STATE flg=0x1000010 (has extras) } to com.xiaomi.hm.health/.receiver.PhoneStateReceiver requires android.permission.READ_PHONE_STATE due to sender android (uid 1000)
11-21 11:00:54.576  1125  1228 W BroadcastQueue: Permission Denial: receiving Intent { act=android.intent.action.PHONE_STATE flg=0x1000010 (has extras) } to com.xiaomi.hm.health/com.huami.mifit.sportlib.services.SubGPSSportService$PhoneCallingReceiver requires android.permission.READ_PHONE_STATE due to sender android (uid 1000)
11-21 11:00:54.580  1125  1228 W BroadcastQueue: Permission Denial: receiving Intent { act=android.intent.action.PHONE_STATE flg=0x1000010 (has extras) } to in.gov.umang.negd.g2c/.ui.base.trai.CallReceiver requires android.permission.READ_PHONE_STATE due to sender android (uid 1000)
11-21 11:00:54.580  1125  1228 W BroadcastQueue: Permission Denial: receiving Intent { act=android.intent.action.PHONE_STATE flg=0x1000010 (has extras) } to org.telegram.messenger/.CallReceiver requires android.permission.READ_CALL_LOG due to sender android (uid 1000)
11-21 11:00:54.647  1125 14566 E VibratorService: OP config vibrate strength! (amplitude=255, intensityStrengthType= 2)
11-21 11:00:54.647  1125  1233 I ActivityManager: Start proc 14576:com.android.calllogbackup/u0a36 for broadcast com.android.calllogbackup/.CallLogChangeReceiver
11-21 11:00:54.658  1125 14566 E VibratorService: OP config vibrate strength! (amplitude=255, intensityStrengthType= 2)
11-21 11:00:54.666  1125  1819 W SettingsProvider: call() name : volume_ring_speaker
11-21 11:00:54.718  1125  3756 D OnePlusSmartBoostManager: writeHotCount com.android.calllogbackup, pid=14576
11-21 11:00:54.779  1125  1228 W SettingsProvider: call() name : notification_light_pulse_color
11-21 11:00:54.800  1125  1801 D ConnectivityService: releasing NetworkRequest [ TRACK_DEFAULT id=16419, [ Capabilities: INTERNET&NOT_RESTRICTED&TRUSTED Unwanted:  Uid: 10299] ] (release request)
11-21 11:00:54.831  1125  2900 W SettingsProvider: call() name : user_full_data_backup_aware
11-21 11:00:54.832  1125  2082 I ActivityManager: Killing 13671:com.oneplus.opsports/u0a219 (adj 919): empty #23
11-21 11:00:54.838  1125  3756 W SettingsProvider: call() name : user_full_data_backup_aware
11-21 11:00:54.852  1125  3599 I ActivityManager: Killing 13865:com.lenskart.app:pushservice/u0a336 (adj 922): empty #23
11-21 11:00:54.885  1125  1125 I NotificationService: Cannot find enqueued record for key: 0|com.truecaller|2131362668|null|10299
11-21 11:00:54.896  1125  4284 W ActivityManager: Scheduling restart of crashed service com.lenskart.app/com.xiaomi.push.service.XMPushService in 4000ms
11-21 11:00:54.909  1125  1233 I ActivityManager: Start proc 14608:com.oneplus.opsports/u0a219 for broadcast com.oneplus.opsports/.SportCardProvider
11-21 11:00:54.923  1125  3756 D OnePlusSmartBoostManager: writeHotCount com.oneplus.opsports, pid=14608
11-21 11:00:54.993  1125  2082 W SettingsProvider: call() name : oem_black_mode
11-21 11:00:54.997  1125  2082 W SettingsProvider: call() name : android_id
11-21 11:00:55.009  1125  2082 W SettingsProvider: call() name : sqlite_compatibility_wal_flags
11-21 11:00:56.112  1125  1125 I Telecom : EmergencyInCallServiceConnection: Disconnect forced!: CSW.rC->ICC.oCR@yEY
11-21 11:00:57.338  1125  2082 I ActivityManager: START u0 {flg=0x10000000 cmp=com.truecaller/.neo.acs.ui.popup.NeoPACSActivity (has extras)} from uid 10299 pid 20051
11-21 11:00:57.378  1125  1228 W SettingsProvider: call() name : temp_disable_scene_screen_effect
11-21 11:00:57.378  1125  1228 D RestartProcessManager: updateSelf :  com.truecaller, size : 30
11-21 11:00:57.380  1125  1228 D RestartProcessManager: Duration is too short, ignore : -2 in com.truecaller
11-21 11:00:57.407  1125  3756 D ActivityManager: setRequestedOrientation() to 1 for ActivityRecord{6220460 u0 com.truecaller/.neo.acs.ui.popup.NeoPACSActivity t20605} from pid=20051, uid=10299
11-21 11:00:57.455  1125  3756 W SettingsProvider: call() name : animator_duration_scale
11-21 11:00:57.616  1125  1221 D BatteryStatsService: @@@@ awaitUninterruptibly in 32 ms
11-21 11:00:57.617  1125  1221 D BatteryStatsService: ext-flush too soon, skip
11-21 11:00:58.912  1125  1233 I ActivityManager: Start proc 14646:com.lenskart.app:pushservice/u0a336 for service com.lenskart.app/com.xiaomi.push.service.XMPushService
11-21 11:00:58.928  1125  4284 D OnePlusSmartBoostManager: writeHotCount com.lenskart.app, pid=14646
11-21 11:00:59.027  1125  4284 W SettingsProvider: call() name : android_id
11-21 11:00:59.041  1125  4284 W SettingsProvider: call() name : sqlite_compatibility_wal_flags
11-21 11:00:59.047  1125  4284 W SettingsProvider: call() name : android_id
11-21 11:00:59.090  1125  1125 W SettingsProvider: call() name : enabled_notification_listeners
11-21 11:00:59.090  1125  1125 W SettingsProvider: call() name : enabled_notification_assistant
11-21 11:00:59.090  1125  1125 W SettingsProvider: call() name : enabled_notification_policy_access_packages
11-21 11:00:59.102  1125  1125 W SettingsProvider: call() name : enabled_notification_listeners
11-21 11:00:59.102  1125  1125 W SettingsProvider: call() name : enabled_notification_assistant
11-21 11:00:59.102  1125  1125 W SettingsProvider: call() name : enabled_notification_policy_access_packages
11-21 11:00:59.492  1125  1221 D BatteryStatsService: ext-flush too soon, skip
11-21 11:01:00.000  1125  1769 V AlarmManager: Triggering alarm #0: 3 when =825156819 package =android operation =*alarm*:android.intent.action.TIME_TICK flags =0x1
11-21 11:01:02.553  1125  1354 I DisplayPowerController: useProximityForceSuspend = false
11-21 11:01:02.554  1125  1354 D RestartProcessManager: Screen off is false
11-21 11:01:02.556  1125  1354 W SettingsProvider: call() name : fp_screen_time_out
11-21 11:01:02.571  1125  2082 W SettingsProvider: call() name : time_12_24
11-21 11:01:02.574  1125  1125 V SettingsProvider: Notifying for 0: content://settings/system/fp_screen_time_out
11-21 11:01:02.579  1125  2082 W SettingsProvider: call() name : time_12_24
11-21 11:01:02.621  1125  1354 I DisplayPowerController: useProximityForceSuspend = false
11-21 11:01:02.621  1125  1354 D RestartProcessManager: Screen off is false
11-21 11:01:02.624  1125  1354 W SettingsProvider: call() name : fp_screen_time_out
11-21 11:01:03.282  1125  1125 W SettingsProvider: call() name : car_charger_auto_turn_on_dnd
11-21 11:01:03.284  1125  1125 W SettingsProvider: call() name : op_care_charger_auto_open_app
11-21 11:01:04.151  1125  2082 D ConnectivityService: requestNetwork for uid/pid:10154/12254 NetworkRequest [ TRACK_DEFAULT id=16431, [ Capabilities: INTERNET&NOT_RESTRICTED&TRUSTED Unwanted:  Uid: 10154] ]
11-21 11:01:04.162  1125  1801 D ConnectivityService: releasing NetworkRequest [ TRACK_DEFAULT id=16431, [ Capabilities: INTERNET&NOT_RESTRICTED&TRUSTED Unwanted:  Uid: 10154] ] (release request)
11-21 11:01:04.529  1125  1354 I PowerManagerService: Going to sleep due to screen timeout (uid 1000)...
11-21 11:01:04.530  1125  1125 W UsageStatsService: Event reported without a package name
11-21 11:01:04.530  1125  1354 I DisplayPowerController: useProximityForceSuspend = false
11-21 11:01:04.530  1125  1125 W UsageStatsService: Event reported without a package name
11-21 11:01:04.544  1125  1125 I WindowManager: Started going to sleep... (why=3)
11-21 11:01:04.549  1125  4284 W SettingsProvider: call() name : screen_off_timeout
11-21 11:01:04.608  1125  1354 W SettingsProvider: call() name : fp_screen_time_out
11-21 11:01:04.613  1125  4284 W SettingsProvider: call() name : time_12_24
11-21 11:01:04.613  1125  1125 V SettingsProvider: Notifying for 0: content://settings/system/fp_screen_time_out
11-21 11:01:04.615  1125  3756 W SettingsProvider: call() name : time_12_24
11-21 11:01:04.624  1125  1354 I DisplayPowerController: useProximityForceSuspend = false
11-21 11:01:04.624  1125  1354 I DisplayPowerController: Blocking screen off
11-21 11:01:04.625  1125  1354 I DisplayPowerController: Unblocked screen off after 0 ms
11-21 11:01:04.625  1125  1354 I ColorBalanceService: MSG:2
11-21 11:01:04.625  1125  1827 D ColorBalanceService: MSG_SCREEN_OFF
11-21 11:01:04.625  1125  1827 I ColorBalanceService: processScreenOn:false reason = 2
11-21 11:01:04.625  1125  1827 D ColorBalanceService: the SRGB sensor has been removed in project 18821/18827/18831/18857
11-21 11:01:04.625  1125  1354 I WindowManager: Screen turned off...
11-21 11:01:04.642  1125  3756 I OIMC    : notified , mode FingerPrintMode changeTo 2
11-21 11:01:04.643  1125  3756 W SettingsProvider: call() name : screen_brightness
11-21 11:01:04.646  1125  1787 I OIMC    : The mode: FingerPrintMode is not entered
11-21 11:01:04.651  1125  1354 D RestartProcessManager: Screen off is true
11-21 11:01:04.652  1125  3756 W SettingsProvider: call() name : enable_fullscreen_user_switcher
11-21 11:01:04.655  1125  1354 I DisplayPowerController: useProximityForceSuspend = false
11-21 11:01:04.655  1125  1354 D RestartProcessManager: Screen off is true
11-21 11:01:04.655  1125  1352 I DisplayManagerService: Display device changed state: "Built-in Screen", OFF
11-21 11:01:04.732  1125  1769 V AlarmManager: Triggering alarm #0: 2 when =825161551 package =android operation = null listenTag =*job.delay* flags =0x0
11-21 11:01:04.790  1125  1233 I ActivityManager: Start proc 14766:com.oneplus.gallery:contentdetector/u0a50 for service com.oneplus.gallery/com.oneplus.gallery2.contentdetection.service.SceneDetectorService
11-21 11:01:04.811  1125 12070 D OnePlusSmartBoostManager: writeHotCount com.oneplus.gallery, pid=14766
11-21 11:01:04.923  1125  1354 I DisplayPowerController: useProximityForceSuspend = false
11-21 11:01:04.923  1125  1354 D RestartProcessManager: Screen off is true
11-21 11:01:04.926  1125  1354 I DreamManagerService: Entering dreamland.
11-21 11:01:04.927  1125  1354 I PowerManagerService: Dozing...
11-21 11:01:04.932  1125  1350 I DreamController: Starting dream: name=ComponentInfo{com.android.systemui/com.android.systemui.doze.DozeService}, isTest=false, canDoze=true, userId=0
11-21 11:01:04.990  1125  2082 W SettingsProvider: call() name : op_navigation_bar_type
11-21 11:01:05.023  1125 12070 W SettingsProvider: call() name : doze_always_on
11-21 11:01:05.027  1125  1354 I DisplayPowerController: useProximityForceSuspend = false
11-21 11:01:05.027  1125  1354 D RestartProcessManager: Screen off is true
11-21 11:01:05.032  1125  1125 I WindowManager: Finished going to sleep... (why=3)
11-21 11:01:05.033  1125  1125 D OnePlusPowerController: SCREEN is OFF
11-21 11:01:05.036  1125  2082 W SettingsProvider: call() name : status_bar_show_battery_percent
11-21 11:01:05.037  1125  1125 D OnePlusPowerController: mScreenOffStart=2022-11-21 11:01:05
11-21 11:01:05.051  1125  2082 D StatusBarManagerService: onInputShown shown=false reserved=0
11-21 11:01:05.087  1125  4284 W SettingsProvider: call() name : screen_brightness
11-21 11:01:05.091  1125  1228 W BroadcastQueue: Background execution not allowed: receiving Intent { act=android.net.conn.DATA_ACTIVITY_CHANGE flg=0x10 (has extras) } to com.oneplus.security/.network.trafficalarm.TrafficUsageAlarmReceiver
11-21 11:01:05.098  1125  3677 W SettingsProvider: call() name : haptic_feedback_enabled
11-21 11:01:05.149  1125  1125 W SettingsProvider: call() name : esport_mode_enabled
11-21 11:01:05.149  1125  1125 W SettingsProvider: call() name : esport_mode_data_saver
11-21 11:01:05.163  1125  3677 W SettingsProvider: call() name : radio.data.stall.recovery.action
11-21 11:01:05.220  1125  1228 W BroadcastQueue: Background execution not allowed: receiving Intent { act=android.net.conn.DATA_ACTIVITY_CHANGE flg=0x10 (has extras) } to com.oneplus.security/.network.trafficalarm.TrafficUsageAlarmReceiver
11-21 11:01:05.383  1125  3756 W SettingsProvider: call() name : font_scale
11-21 11:01:07.718  1125  1125 W SettingsProvider: call() name : car_charger_auto_turn_on_dnd
11-21 11:01:07.718  1125  1125 W SettingsProvider: call() name : op_care_charger_auto_open_app
11-21 11:01:07.829  1125  1221 D BatteryStatsService: @@@@ awaitUninterruptibly in 100 ms
11-21 11:01:11.949  1125 12070 W SettingsProvider: call() name : sqlite_compatibility_wal_flags
11-21 11:01:14.214  1125  1125 I Telecom : CallsManager: onServiceStateChanged networkType: 13
11-21 11:01:14.702  1125 12070 W SettingsProvider: call() name : op_country_code_is_suggested
11-21 11:01:15.552  1125  1228 W BroadcastQueue: Background execution not allowed: receiving Intent { act=android.net.conn.DATA_ACTIVITY_CHANGE flg=0x10 (has extras) } to com.oneplus.security/.network.trafficalarm.TrafficUsageAlarmReceiver
11-21 11:01:16.959  1125  1125 I Telecom : CallsManager: onServiceStateChanged networkType: 13
11-21 11:01:17.100  1125  1125 I Telecom : CallsManager: onServiceStateChanged networkType: 13
11-21 11:01:17.320  1125  2082 W SettingsProvider: call() name : op_voice_recording_supported_by_mcc
11-21 11:01:18.268  1125  1125 I Telecom : CallsManager: onServiceStateChanged networkType: 13
11-21 11:01:18.292  1125  2082 I ActivityManager: Killing 14319:com.oneplus.gallery:cloud/u0a50 (adj 920): empty #23
11-21 11:01:18.321  1125  3756 W ActivityManager: Scheduling restart of crashed service com.oneplus.gallery/com.oneplus.gallery2.cloud.CloudGalleryService in 1000ms
11-21 11:01:18.879  1125  1233 I ActivityManager: Start proc 14813:com.oneplus.gallery:cloud/u0a50 for service com.oneplus.gallery/com.oneplus.gallery2.cloud.CloudGalleryService
11-21 11:01:18.921  1125  3756 D OnePlusSmartBoostManager: writeHotCount com.oneplus.gallery, pid=14813
11-21 11:01:23.886  1125  1228 W SettingsProvider: call() name : com_oneplus_systemui_recent_task_lockd_list
11-21 11:01:23.888  1125  1228 I OHPD    : [BgDetect]chkExcessCpu level: 0 doKills: true critical false uptime: 301001
11-21 11:01:23.914  1125  1228 I OHPD    : isIsolated process: app.uid:99276,app.info.uid:10299, app.processName:com.android.chrome:sandboxed_process2
11-21 11:01:24.110  1125  1228 I OHPD    : isIsolated process: app.uid:99135,app.info.uid:10423, app.processName:com.android.chrome:sandboxed_process0
11-21 11:01:24.230  1125  1228 I OHPD    : isIsolated process: app.uid:99278,app.info.uid:10045, app.processName:com.android.chrome:sandboxed_process0
11-21 11:01:25.029  1125  1221 D BatteryStatsService: @@@@ awaitUninterruptibly in 84 ms
11-21 11:01:25.072  1125  2082 W SettingsProvider: call() name : show_password
11-21 11:01:28.685   968  1029 E storaged: getDiskStats failed with result NOT_SUPPORTED and size 0
11-21 11:01:29.234  1125  1221 D BatteryStatsService: @@@@ awaitUninterruptibly in 51 ms
11-21 11:01:29.236  1125  1221 D BatteryStatsService: ext-flush too soon, skip
11-21 11:01:30.866  1125  1233 I ActivityManager: Start proc 14878:com.google.android.apps.turbo/u0a59 for broadcast com.google.android.apps.turbo/.nudges.broadcasts.BatteryStatusChangedReceiver
11-21 11:01:30.903  1125  2082 D OnePlusSmartBoostManager: writeHotCount com.google.android.apps.turbo, pid=14878
11-21 11:01:31.036  1125  4284 I ActivityManager: Killing 18145:com.google.process.gservices/u0a45 (adj 922): empty #23
11-21 11:01:31.860  1125 14913 E OHPD    : [BgDetect] AppForkedProc kworker/u16:7 pid 13619 uid 0 can't find pkgName
11-21 11:01:31.867  1125  1125 I Telecom : CallsManager: onServiceStateChanged networkType: 13
11-21 11:01:33.854  1125  1221 D BatteryStatsService: @@@@ awaitUninterruptibly in 55 ms
11-21 11:01:33.864  1125  1221 D BatteryStatsService: ext-flush too soon, skip
11-21 11:01:34.224  1125  3677 I ActivityManager: Process com.lenskart.app:pushservice (pid 14646) has died: empty+2CEM 
11-21 11:01:34.225  1125  3677 D OnePlusProcessManager: ProcessRecord{b7673e 14646:com.lenskart.app:pushservice/u0a336} died but not restart......
11-21 11:01:34.228  1125  2900 D ConnectivityService: requestNetwork for uid/pid:10154/12254 NetworkRequest [ TRACK_DEFAULT id=16432, [ Capabilities: INTERNET&NOT_RESTRICTED&TRUSTED Unwanted:  Uid: 10154] ]
11-21 11:01:34.243  1125  2082 I ActivityManager: Process com.android.chrome:webview_service (pid 13997) has died: empty+2CEM 
11-21 11:01:34.247  1125  2082 D OneplusAppPreload: Preload package : com.android.chrome do not support preload
11-21 11:01:34.247  1125  2082 D OnePlusSmartBoostManager: resumeHotCount: pid=13997
11-21 11:01:34.274  1125  1801 D ConnectivityService: releasing NetworkRequest [ TRACK_DEFAULT id=16432, [ Capabilities: INTERNET&NOT_RESTRICTED&TRUSTED Unwanted:  Uid: 10154] ] (release request)
11-21 11:01:34.297  1125  2900 I ActivityManager: Process com.oneplus.gallery:contentdetector (pid 14766) has died: empty  CEM 
11-21 11:01:34.298  1125  2900 W ActivityManager: Scheduling restart of crashed service com.oneplus.gallery/com.oneplus.gallery2.contentdetection.service.FaceDetectorService in 1000ms
11-21 11:01:34.342  1125  1233 I ActivityManager: Start proc 14921:com.oneplus.gallery:contentdetector/u0a50 for service com.oneplus.gallery/com.oneplus.gallery2.contentdetection.service.FaceDetectorService
11-21 11:01:34.369  1125  1872 D OnePlusSmartBoostManager: writeHotCount com.oneplus.gallery, pid=14921
11-21 11:01:38.179  1125  1233 I ActivityManager: Start proc 14946:com.google.process.gservices/u0a45 for content provider com.google.android.gsf/.gservices.GservicesProvider
11-21 11:01:38.209  1125  1872 D OnePlusSmartBoostManager: writeHotCount com.google.android.gsf, pid=14946
11-21 11:01:38.355  1125 12070 W SettingsProvider: call() name : sqlite_compatibility_wal_flags
11-21 11:01:40.045  1125  3756 W SettingsProvider: call() name : sqlite_compatibility_wal_flags
11-21 11:02:00.001  1125  1769 V AlarmManager: Triggering alarm #0: 3 when =825216820 package =android operation =*alarm*:android.intent.action.TIME_TICK flags =0x1
11-21 11:02:00.835  1125  1221 D BatteryStatsService: @@@@ awaitUninterruptibly in 89 ms
11-21 11:02:00.841  1125  1769 V AlarmManager: Triggering alarm #0: 2 when =825217660 package =android operation = null listenTag =*job.delay* flags =0x0
11-21 11:02:04.190  1125  1872 D ConnectivityService: requestNetwork for uid/pid:10154/12254 NetworkRequest [ TRACK_DEFAULT id=16433, [ Capabilities: INTERNET&NOT_RESTRICTED&TRUSTED Unwanted:  Uid: 10154] ]
11-21 11:02:04.196  1125  1801 D ConnectivityService: releasing NetworkRequest [ TRACK_DEFAULT id=16433, [ Capabilities: INTERNET&NOT_RESTRICTED&TRUSTED Unwanted:  Uid: 10154] ] (release request)
11-21 11:02:04.763  1125  1769 V AlarmManager: Triggering alarm #0: 2 when =825221582 package =android operation = null listenTag =*job.delay* flags =0x0
11-21 11:02:05.069  1125  1868 D OnePlusProcessManager: checkActiveSensor fail 10411
11-21 11:02:05.764  1125  1769 V AlarmManager: Triggering alarm #0: 2 when =825222241 package =android operation = null listenTag =*job.delay* flags =0x0
11-21 11:02:20.972  1125  2900 I ActivityManager: Killing 14405:com.google.android.googlequicksearchbox:search/u0a63 (adj 919): empty #23
11-21 11:02:21.023  1125  3599 D ConnectivityService: ConnectivityService NetworkRequestInfo binderDied(NetworkRequest [ TRACK_DEFAULT id=16429, [ Capabilities: INTERNET&NOT_RESTRICTED&TRUSTED Unwanted:  Uid: 10063] ], android.os.BinderProxy@c405a29)
11-21 11:02:21.023  1125  2900 D ConnectivityService: ConnectivityService NetworkRequestInfo binderDied(NetworkRequest [ LISTEN id=16430, [ Capabilities: INTERNET&NOT_RESTRICTED&TRUSTED Unwanted:  Uid: 10063] ], android.os.BinderProxy@79511ae)
11-21 11:02:21.024  1125  2900 D ConnectivityService: ConnectivityService NetworkRequestInfo binderDied(NetworkRequest [ TRACK_DEFAULT id=16428, [ Capabilities: INTERNET&NOT_RESTRICTED&TRUSTED Unwanted:  Uid: 10063] ], android.os.BinderProxy@6fbb4f)
11-21 11:02:21.025  1125  1801 D ConnectivityService: releasing NetworkRequest [ TRACK_DEFAULT id=16429, [ Capabilities: INTERNET&NOT_RESTRICTED&TRUSTED Unwanted:  Uid: 10063] ] (release request)
11-21 11:02:21.025  1125  1801 D ConnectivityService: releasing NetworkRequest [ TRACK_DEFAULT id=16428, [ Capabilities: INTERNET&NOT_RESTRICTED&TRUSTED Unwanted:  Uid: 10063] ] (release request)
11-21 11:02:28.835   968  1029 E storaged: getDiskStats failed with result NOT_SUPPORTED and size 0
11-21 11:02:34.194  1125  2900 D ConnectivityService: requestNetwork for uid/pid:10154/12254 NetworkRequest [ TRACK_DEFAULT id=16434, [ Capabilities: INTERNET&NOT_RESTRICTED&TRUSTED Unwanted:  Uid: 10154] ]
11-21 11:02:34.202  1125  1801 D ConnectivityService: releasing NetworkRequest [ TRACK_DEFAULT id=16434, [ Capabilities: INTERNET&NOT_RESTRICTED&TRUSTED Unwanted:  Uid: 10154] ] (release request)
11-21 11:02:44.593  1125  1769 V AlarmManager: Triggering alarm #0: 2 when =825261412 package =android operation = null listenTag =*job.delay* flags =0x0
11-21 11:02:44.634  1125  1233 I ActivityManager: Start proc 14977:com.amazon.clouddrive.photos/u0a162 for service com.amazon.clouddrive.photos/androidx.work.impl.background.systemjob.SystemJobService
11-21 11:02:44.658  1125  3952 D OnePlusSmartBoostManager: writeHotCount com.amazon.clouddrive.photos, pid=14977
11-21 11:02:44.808  1125  3952 W SettingsProvider: call() name : sqlite_compatibility_wal_flags
11-21 11:02:45.052  1125  3952 D ActivityManager: # addPackageDependency # packageName=com.google.android.gms -> proc: ProcessRecord{aeb6ee3 14977:com.amazon.clouddrive.photos/u0a162}
11-21 11:02:45.109  1125 10046 D ActivityManager: # addPackageDependency # packageName=com.android.chrome -> proc: ProcessRecord{aeb6ee3 14977:com.amazon.clouddrive.photos/u0a162}
11-21 11:02:45.114  1125 10046 D ActivityManager: # addPackageDependency # packageName=com.android.chrome -> proc: ProcessRecord{aeb6ee3 14977:com.amazon.clouddrive.photos/u0a162}
11-21 11:02:45.368  1125  1125 W SettingsProvider: call() name : enabled_notification_listeners
11-21 11:02:45.368  1125  1125 W SettingsProvider: call() name : enabled_notification_assistant
11-21 11:02:45.368  1125  1125 W SettingsProvider: call() name : enabled_notification_policy_access_packages
11-21 11:02:45.382  1125  1125 W SettingsProvider: call() name : enabled_notification_listeners
11-21 11:02:45.383  1125  1125 W SettingsProvider: call() name : enabled_notification_assistant
11-21 11:02:45.383  1125  1125 W SettingsProvider: call() name : enabled_notification_policy_access_packages
11-21 11:02:54.899  1125  1868 D OnePlusProcessManager: checkWhiteUid fail 10219
11-21 11:03:00.001  1125  1769 V AlarmManager: Triggering alarm #0: 3 when =825276820 package =android operation =*alarm*:android.intent.action.TIME_TICK flags =0x1
11-21 11:03:04.215  1125  3604 D ConnectivityService: requestNetwork for uid/pid:10154/12254 NetworkRequest [ TRACK_DEFAULT id=16437, [ Capabilities: INTERNET&NOT_RESTRICTED&TRUSTED Unwanted:  Uid: 10154] ]
11-21 11:03:04.222  1125  1801 D ConnectivityService: releasing NetworkRequest [ TRACK_DEFAULT id=16437, [ Capabilities: INTERNET&NOT_RESTRICTED&TRUSTED Unwanted:  Uid: 10154] ] (release request)
11-21 11:03:28.836   968  1029 E storaged: getDiskStats failed with result NOT_SUPPORTED and size 0
11-21 11:03:34.220  1125  9018 D ConnectivityService: requestNetwork for uid/pid:10154/12254 NetworkRequest [ TRACK_DEFAULT id=16438, [ Capabilities: INTERNET&NOT_RESTRICTED&TRUSTED Unwanted:  Uid: 10154] ]
11-21 11:03:34.233  1125  1801 D ConnectivityService: releasing NetworkRequest [ TRACK_DEFAULT id=16438, [ Capabilities: INTERNET&NOT_RESTRICTED&TRUSTED Unwanted:  Uid: 10154] ] (release request)
11-21 11:04:04.257  1125  3604 D ConnectivityService: requestNetwork for uid/pid:10154/12254 NetworkRequest [ TRACK_DEFAULT id=16439, [ Capabilities: INTERNET&NOT_RESTRICTED&TRUSTED Unwanted:  Uid: 10154] ]
11-21 11:04:04.271  1125  1801 D ConnectivityService: releasing NetworkRequest [ TRACK_DEFAULT id=16439, [ Capabilities: INTERNET&NOT_RESTRICTED&TRUSTED Unwanted:  Uid: 10154] ] (release request)
11-21 11:04:13.848  1125  1228 E OHPD    : [BgDetect] AppForkedProc kworker/2:0 pid 14973 uid 0 can't find pkgName
11-21 11:04:13.852  1125  1228 W SettingsProvider: call() name : com_oneplus_systemui_recent_task_lockd_list
11-21 11:04:13.858  1125  1228 D RestartProcessManager: Start to rank all packages
11-21 11:04:13.858  1125  1228 D RestartProcessManager: updateSelf :  pedometer.stepcounter.calorieburner.pedometerforwalking, size : 30
11-21 11:04:13.858  1125  1228 D RestartProcessManager: updateSelf :  com.myfitnesspal.android, size : 30
11-21 11:04:13.858  1125  1228 D RestartProcessManager: updateSelf :  com.olacabs.customer, size : 30
11-21 11:04:13.858  1125  1228 D RestartProcessManager: updateSelf :  com.disha.quickride, size : 30
