11-25 11:22:06.441  1179  1179 W SettingsProvider: call() name : enabled_notification_policy_access_packages
11-25 11:22:06.474  1179  1179 W SettingsProvider: call() name : enabled_notification_listeners
11-25 11:22:06.474  1179  1179 W SettingsProvider: call() name : enabled_notification_assistant
11-25 11:22:06.474  1179  1179 W SettingsProvider: call() name : enabled_notification_policy_access_packages
11-25 11:22:06.489  1179  1179 W SettingsProvider: call() name : enabled_notification_listeners
11-25 11:22:06.490  1179  1179 W SettingsProvider: call() name : enabled_notification_assistant
11-25 11:22:06.490  1179  1179 W SettingsProvider: call() name : enabled_notification_policy_access_packages
11-25 11:22:06.628  1179  1773 D ConnectivityService: releasing NetworkRequest [ TRACK_DEFAULT id=1730, [ Capabilities: INTERNET&NOT_RESTRICTED&TRUSTED Unwanted:  Uid: 10075] ] (release request)
11-25 11:22:06.966  1179  3458 D ConnectivityService: requestNetwork for uid/pid:10075/10497 NetworkRequest [ TRACK_DEFAULT id=1732, [ Capabilities: INTERNET&NOT_RESTRICTED&TRUSTED Unwanted:  Uid: 10075] ]
11-25 11:22:07.403  1179  1244 D BatteryStatsService: ext-flush too soon, skip
11-25 11:22:08.904  1179  3458 W SettingsProvider: call() name : notification_light_pulse_color
11-25 11:22:08.947  1179  3458 I chatty  : uid=1000(system) Binder:1179_C identical 1 line
11-25 11:22:08.999  1179  3458 W SettingsProvider: call() name : notification_light_pulse_color
11-25 11:22:09.092  1179  1216 W SettingsProvider: call() name : notification_light_pulse_color
11-25 11:22:09.162  1179  3458 W SettingsProvider: call() name : notification_light_pulse_color
11-25 11:22:09.221  1179  2194 W SettingsProvider: call() name : notification_light_pulse_color
11-25 11:22:09.250  1179  1271 E BatteryExternalStatsWorker: no controller energy info supplied for bluetooth
11-25 11:22:09.275  1179  1244 D BatteryStatsService: @@@@ awaitUninterruptibly in 42 ms
11-25 11:22:09.276  1179  1244 D BatteryStatsService: ext-flush too soon, skip
11-25 11:22:09.283  1179  1216 W SettingsProvider: call() name : notification_light_pulse_color
11-25 11:22:09.349  1179  3458 W SettingsProvider: call() name : notification_light_pulse_color
11-25 11:22:09.356  1179  1244 D BatteryStatsService: ext-flush too soon, skip
11-25 11:22:09.407  1179  3458 W SettingsProvider: call() name : notification_light_pulse_color
11-25 11:22:09.481  1179  3458 W SettingsProvider: call() name : notification_light_pulse_color
11-25 11:22:09.564  1179 11966 W SettingsProvider: call() name : notification_light_pulse_color
11-25 11:22:09.660  1179 11966 W SettingsProvider: call() name : notification_light_pulse_color
11-25 11:22:09.737  1179  3458 W SettingsProvider: call() name : notification_light_pulse_color
11-25 11:22:09.821  1179  1216 W SettingsProvider: call() name : notification_light_pulse_color
11-25 11:22:09.890  1179  1216 W SettingsProvider: call() name : notification_light_pulse_color
11-25 11:22:09.946  1179  6362 W SettingsProvider: call() name : notification_light_pulse_color
11-25 11:22:09.993  1179 11966 W SettingsProvider: call() name : notification_light_pulse_color
11-25 11:22:10.070  1179 11966 W SettingsProvider: call() name : notification_light_pulse_color
11-25 11:22:10.122  1179  1216 W SettingsProvider: call() name : notification_light_pulse_color
11-25 11:22:10.216  1179 11966 W SettingsProvider: call() name : notification_light_pulse_color
11-25 11:22:10.304  1179  6362 W SettingsProvider: call() name : notification_light_pulse_color
11-25 11:22:10.378  1179  1216 W SettingsProvider: call() name : notification_light_pulse_color
11-25 11:22:10.446  1179  1216 I chatty  : uid=1000(system) Binder:1179_1 identical 1 line
11-25 11:22:10.508  1179  1216 W SettingsProvider: call() name : notification_light_pulse_color
11-25 11:22:10.567  1179  3458 W SettingsProvider: call() name : notification_light_pulse_color
11-25 11:22:10.640  1179  1216 W SettingsProvider: call() name : notification_light_pulse_color
11-25 11:22:10.716  1179  6362 W SettingsProvider: call() name : notification_light_pulse_color
11-25 11:22:10.779  1179  1216 W SettingsProvider: call() name : notification_light_pulse_color
11-25 11:22:10.851  1179  3458 W SettingsProvider: call() name : notification_light_pulse_color
11-25 11:22:10.949  1179  3458 W SettingsProvider: call() name : notification_light_pulse_color
11-25 11:22:11.040  1179  1216 W SettingsProvider: call() name : notification_light_pulse_color
11-25 11:22:11.107  1179  1216 W SettingsProvider: call() name : notification_light_pulse_color
11-25 11:22:11.191  1179  2559 W SettingsProvider: call() name : notification_light_pulse_color
11-25 11:22:11.268  1179  3458 W SettingsProvider: call() name : notification_light_pulse_color
11-25 11:22:11.336  1179  3458 W SettingsProvider: call() name : notification_light_pulse_color
11-25 11:22:11.397  1179  3501 W SettingsProvider: call() name : notification_light_pulse_color
11-25 11:22:11.482  1179  3501 W SettingsProvider: call() name : notification_light_pulse_color
11-25 11:22:11.560  1179 11966 W SettingsProvider: call() name : notification_light_pulse_color
11-25 11:22:11.623  1179 11966 W SettingsProvider: call() name : notification_light_pulse_color
11-25 11:22:11.674  1179  6362 W SettingsProvider: call() name : notification_light_pulse_color
11-25 11:22:11.747  1179 11966 W SettingsProvider: call() name : notification_light_pulse_color
11-25 11:22:11.815  1179 11966 W SettingsProvider: call() name : notification_light_pulse_color
11-25 11:22:11.877  1179  6362 W SettingsProvider: call() name : notification_light_pulse_color
11-25 11:22:11.945  1179 11966 W SettingsProvider: call() name : notification_light_pulse_color
11-25 11:22:12.009  1179 11966 W SettingsProvider: call() name : notification_light_pulse_color
11-25 11:22:12.058  1179  3458 W SettingsProvider: call() name : notification_light_pulse_color
11-25 11:22:12.159  1179  1216 W SettingsProvider: call() name : notification_light_pulse_color
11-25 11:22:12.240  1179  3501 W SettingsProvider: call() name : notification_light_pulse_color
11-25 11:22:12.322  1179  2194 W SettingsProvider: call() name : notification_light_pulse_color
11-25 11:22:12.406  1179  2194 W SettingsProvider: call() name : notification_light_pulse_color
11-25 11:22:12.519  1179  3499 W SettingsProvider: call() name : notification_light_pulse_color
11-25 11:22:15.218  1179  1246 W ActivityManager: Stopping service due to app idle: u0a207 -4m53s854ms com.whatsapp/.messaging.MessageService
11-25 11:22:22.322  1179  2560 W SettingsProvider: call() name : haptic_feedback_enabled
11-25 11:22:22.323  1179 11966 W SettingsProvider: call() name : sound_effects_enabled
11-25 11:22:22.425  1179  1721 W SettingsProvider: call() name : user_setup_complete
11-25 11:22:22.427  1179  1721 W SettingsProvider: call() name : user_setup_complete
11-25 11:22:22.431  1179  1721 I ActivityManager: START u0 {act=android.intent.action.MAIN cat=[android.intent.category.HOME] flg=0x10200000 cmp=net.oneplus.launcher/.Launcher (has extras)} from uid 1000 pid 1179
11-25 11:22:22.457  1179  1246 W SettingsProvider: call() name : temp_disable_scene_screen_effect
11-25 11:22:22.505  1179  1773 D ConnectivityService: releasing NetworkRequest [ TRACK_DEFAULT id=1729, [ Capabilities: INTERNET&NOT_RESTRICTED&TRUSTED Unwanted:  Uid: 10075] ] (release request)
11-25 11:22:22.535  1179  3499 D ConnectivityService: Returning BLOCKED NetworkInfo to uid=10075
11-25 11:22:22.941  1179 11966 W SettingsProvider: call() name : op_navigation_bar_type
11-25 11:22:22.942  1179 11966 D StatusBarManagerService: onInputShown shown=false reserved=0
11-25 11:22:22.957  1179  1246 W SettingsProvider: call() name : game_mode_status_auto
11-25 11:22:22.958  1179  1246 W SettingsProvider: call() name : rading_mode_status_auto
11-25 11:22:22.991  1179  1179 V SettingsProvider: Notifying for 0: content://settings/system/game_mode_status_auto
11-25 11:22:22.993  1179  1179 V SettingsProvider: Notifying for 0: content://settings/system/rading_mode_status_auto
11-25 11:22:22.994  1179  1216 W SettingsProvider: call() name : time_12_24
11-25 11:22:22.995  1179  1179 W SettingsProvider: call() name : game_mode_status_auto
11-25 11:22:22.995  1179  1179 W SettingsProvider: call() name : rading_mode_status_auto
11-25 11:22:22.995  1179  1179 W SettingsProvider: call() name : game_mode_status_auto
11-25 11:22:22.996  1179  1179 W SettingsProvider: call() name : game_mode_status_auto
11-25 11:22:22.998  1179  1179 W SettingsProvider: call() name : game_mode_status_manual
11-25 11:22:22.998  1179  1179 W SettingsProvider: call() name : game_mode_status_manual
11-25 11:22:22.998  1179  1179 W SettingsProvider: call() name : game_mode_status
11-25 11:22:22.998  1179  1179 W SettingsProvider: call() name : game_mode_status_auto
11-25 11:22:22.998  1179  1179 W SettingsProvider: call() name : esport_mode_enabled
11-25 11:22:22.999  1179  1179 I OIMC    : notified , mode GameMode changeTo 2
11-25 11:22:22.999  1179  1734 I OIMC    : The mode: GameMode is not entered
11-25 11:22:22.999  1179  1179 W SettingsProvider: call() name : rading_mode_status_auto
11-25 11:22:22.999  1179  1179 W SettingsProvider: call() name : rading_mode_status_auto
11-25 11:22:22.999  1179  1179 W SettingsProvider: call() name : reading_mode_status_manual
11-25 11:22:22.999  1179  1179 W SettingsProvider: call() name : reading_mode_status_manual
11-25 11:22:22.999  1179  1179 W SettingsProvider: call() name : reading_mode_status
11-25 11:22:23.000  1179  1179 W SettingsProvider: call() name : rading_mode_status_auto
11-25 11:22:23.000  1179  1179 I OIMC    : notified , mode ReadMode changeTo 2
11-25 11:22:23.000  1179  1734 I OIMC    : The mode: ReadMode is not entered
11-25 11:22:23.002  1179  1216 W SettingsProvider: call() name : time_12_24
11-25 11:22:23.002  1179  1179 V SettingsProvider: Notifying for 0: content://settings/system/game_mode_status_auto
11-25 11:22:23.004  1179  1179 V SettingsProvider: Notifying for 0: content://settings/system/rading_mode_status_auto
11-25 11:22:23.004  1179  1179 W SettingsProvider: call() name : game_mode_status_auto
11-25 11:22:23.004  1179  1179 W SettingsProvider: call() name : rading_mode_status_auto
11-25 11:22:23.400  1179  1216 V AnimatingAppWindowTokenRegistry: reset and invoke finish: token=AppWindowToken{6099d87 token=Token{a6cb9c6 ActivityRecord{bfbb3a1 u0 com.google.android.gm/.ConversationListActivityGmail t21308}}}
11-25 11:22:23.401  1179  1216 V AnimatingAppWindowTokenRegistry: reset and invoke finish: token=AppWindowToken{57a6faf token=Token{1c25b8e ActivityRecord{5cf1f89 u0 net.oneplus.launcher/.Launcher t21116}}}
11-25 11:22:24.844  1179  1216 W SettingsProvider: call() name : sound_effects_enabled
11-25 11:22:24.872  1179  1216 W SettingsProvider: call() name : haptic_feedback_enabled
11-25 11:22:25.537  1179  1216 W SettingsProvider: call() name : esport_mode_enabled
11-25 11:22:25.538  1179  1216 I ActivityManager: START u0 {act=android.intent.action.MAIN cat=[android.intent.category.LAUNCHER] flg=0x10200000 cmp=com.facebook.katana/.LoginActivity bnds=[318,1437][540,1748]} from uid 10024 pid 3593
11-25 11:22:25.546  1179  1271 E BatteryExternalStatsWorker: no controller energy info supplied for bluetooth
11-25 11:22:25.568  1179  1271 E KernelUidCpuTimeReader: Malformed cpu data for UID=99394!
11-25 11:22:25.568  1179  1271 E KernelUidCpuTimeReader: Time between reads: +19s230ms
11-25 11:22:25.568  1179  1271 E KernelUidCpuTimeReader: Previous times: u=+87ms s=+75ms
11-25 11:22:25.568  1179  1271 E KernelUidCpuTimeReader: Current times: u=+51ms s=+38ms
11-25 11:22:25.568  1179  1271 E KernelUidCpuTimeReader: Delta: u=-36ms s=-37ms
11-25 11:22:25.579  1179  1244 D BatteryStatsService: @@@@ awaitUninterruptibly in 53 ms
11-25 11:22:25.580  1179  1244 D BatteryStatsService: ext-flush too soon, skip
11-25 11:22:25.593  1179  1246 W SettingsProvider: call() name : temp_disable_scene_screen_effect
11-25 11:22:25.593  1179  1246 D RestartProcessManager: updateSelf :  com.facebook.katana, size : 30
11-25 11:22:25.632  1179  3501 W SettingsProvider: call() name : op_navigation_bar_type
11-25 11:22:25.650  1179  1216 D ConnectivityService: Returning UNBLOCKED NetworkInfo to uid=10209
11-25 11:22:25.756  1179  1216 W SettingsProvider: call() name : op_navigation_bar_type
11-25 11:22:25.757  1179  2560 D StatusBarManagerService: onInputShown shown=false reserved=0
11-25 11:22:25.897  1179  1216 V AnimatingAppWindowTokenRegistry: reset and invoke finish: token=AppWindowToken{57a6faf token=Token{1c25b8e ActivityRecord{5cf1f89 u0 net.oneplus.launcher/.Launcher t21116}}}
11-25 11:22:25.898  1179  1216 V AnimatingAppWindowTokenRegistry: reset and invoke finish: token=AppWindowToken{17ad75b token=Token{62266a ActivityRecord{b0e1c55 u0 com.facebook.katana/.activity.FbMainTabActivity t21326}}}
11-25 11:22:26.095  1179  1246 W SettingsProvider: call() name : game_mode_status_auto
11-25 11:22:26.097  1179  1246 W SettingsProvider: call() name : rading_mode_status_auto
11-25 11:22:26.099  1179  2560 W SettingsProvider: call() name : time_12_24
11-25 11:22:26.099  1179  1179 V SettingsProvider: Notifying for 0: content://settings/system/game_mode_status_auto
11-25 11:22:26.101  1179  1179 V SettingsProvider: Notifying for 0: content://settings/system/rading_mode_status_auto
11-25 11:22:26.101  1179  1179 W SettingsProvider: call() name : game_mode_status_auto
11-25 11:22:26.102  1179  1179 W SettingsProvider: call() name : rading_mode_status_auto
11-25 11:22:26.102  1179  1179 W SettingsProvider: call() name : game_mode_status_auto
11-25 11:22:26.102  1179  1179 W SettingsProvider: call() name : game_mode_status_auto
11-25 11:22:26.102  1179  1179 W SettingsProvider: call() name : game_mode_status_manual
11-25 11:22:26.102  1179  1179 W SettingsProvider: call() name : game_mode_status_manual
11-25 11:22:26.103  1179  1179 W SettingsProvider: call() name : game_mode_status
11-25 11:22:26.103  1179  1179 W SettingsProvider: call() name : game_mode_status_auto
11-25 11:22:26.103  1179  1179 W SettingsProvider: call() name : esport_mode_enabled
11-25 11:22:26.104  1179  1179 I OIMC    : notified , mode GameMode changeTo 2
11-25 11:22:26.104  1179  1734 I OIMC    : The mode: GameMode is not entered
11-25 11:22:26.104  1179  1179 W SettingsProvider: call() name : rading_mode_status_auto
11-25 11:22:26.104  1179  1179 W SettingsProvider: call() name : rading_mode_status_auto
11-25 11:22:26.104  1179  1179 W SettingsProvider: call() name : reading_mode_status_manual
11-25 11:22:26.104  1179  1179 W SettingsProvider: call() name : reading_mode_status_manual
11-25 11:22:26.105  1179  1179 W SettingsProvider: call() name : reading_mode_status
11-25 11:22:26.105  1179  1179 W SettingsProvider: call() name : rading_mode_status_auto
11-25 11:22:26.105  1179  1179 I OIMC    : notified , mode ReadMode changeTo 2
11-25 11:22:26.106  1179  1734 I OIMC    : The mode: ReadMode is not entered
11-25 11:22:26.107  1179  3501 W SettingsProvider: call() name : time_12_24
11-25 11:22:26.107  1179  1179 V SettingsProvider: Notifying for 0: content://settings/system/game_mode_status_auto
11-25 11:22:26.110  1179  1179 V SettingsProvider: Notifying for 0: content://settings/system/rading_mode_status_auto
11-25 11:22:26.110  1179  1179 W SettingsProvider: call() name : game_mode_status_auto
11-25 11:22:26.111  1179  1179 W SettingsProvider: call() name : rading_mode_status_auto
11-25 11:22:26.282  1179  1704 V AlarmManager: Triggering alarm #0: 2 when =153620137 package =android operation = null listenTag =*job.delay* flags =0x0
11-25 11:22:26.996  1179  1216 W SettingsProvider: call() name : font_scale
11-25 11:22:27.791  1179  1216 W SettingsProvider: call() name : font_scale
11-25 11:22:28.029 30916 30916 E SchedPolicy: set_timerslack_ns write failed: Operation not permitted
11-25 11:22:28.030 30916 31182 E SchedPolicy: set_timerslack_ns write failed: Operation not permitted
11-25 11:22:28.030 30916 31182 E SchedPolicy: set_timerslack_ns write failed: Operation not permitted
11-25 11:22:28.640  1179  1271 E BatteryExternalStatsWorker: no controller energy info supplied for bluetooth
11-25 11:22:28.658  1179  1244 D BatteryStatsService: @@@@ awaitUninterruptibly in 30 ms
11-25 11:22:28.764 30916 30916 E SchedPolicy: set_timerslack_ns write failed: Operation not permitted
11-25 11:22:28.764 30916 31182 E SchedPolicy: set_timerslack_ns write failed: Operation not permitted
11-25 11:22:28.764 30916 31182 E SchedPolicy: set_timerslack_ns write failed: Operation not permitted
11-25 11:22:28.869  1179  1704 V AlarmManager: Triggering alarm #0: 2 when =153622724 package =android operation = null listenTag =*job.delay* flags =0x0
11-25 11:22:29.162  1179  1244 D BatteryStatsService: ext-flush too soon, skip
11-25 11:22:29.179  1179  1704 V AlarmManager: Triggering alarm #0: 2 when =153622724 package =android operation = null listenTag =*job.deadline* flags =0x0
11-25 11:22:29.281  1179  1704 V AlarmManager: Triggering alarm #0: 2 when =153623136 package =android operation = null listenTag =*job.delay* flags =0x0
11-25 11:22:29.598  1179  1704 V AlarmManager: Triggering alarm #0: 2 when =153623136 package =android operation = null listenTag =*job.deadline* flags =0x0
11-25 11:22:32.993  1179  1179 W SettingsProvider: call() name : car_charger_auto_turn_on_dnd
11-25 11:22:32.994  1179  1179 W SettingsProvider: call() name : op_care_charger_auto_open_app
11-25 11:22:33.011  1179  1271 E BatteryExternalStatsWorker: no controller energy info supplied for bluetooth
11-25 11:22:33.063  1179 14875 I ActivityManager: pid= 796 st.name = surfaceflinger cpuPercent = 12 st.rel_utime =6560 st.rel_stime =2310
11-25 11:22:33.063  1179 14875 I ActivityManager: pid= 1179 st.name = system_server cpuPercent = 23 st.rel_utime =10460 st.rel_stime =5750
11-25 11:22:33.063  1179 14875 I ActivityManager: pid= 1892 st.name = ndroid.systemui cpuPercent = 15 st.rel_utime =8410 st.rel_stime =2470
11-25 11:22:33.063  1179 14875 I ActivityManager: pid= 4735 st.name = embryo cpuPercent = 14 st.rel_utime =7150 st.rel_stime =2440
11-25 11:22:33.063  1179 14875 I ActivityManager: pid= 5442 st.name = ileged_process2 cpuPercent = 15 st.rel_utime =7860 st.rel_stime =2740
11-25 11:22:33.063  1179 14875 E OHPD    : [BgDetect] AppForkedProc kworker/4:0 pid 13174 uid 0 can't find pkgName
11-25 11:22:33.107  1179 11966 W SettingsProvider: call() name : notification_light_pulse_color
11-25 11:22:33.126  1179  1271 E BatteryExternalStatsWorker: no controller energy info supplied for bluetooth
11-25 11:22:33.235  1179  3501 W SettingsProvider: call() name : notification_light_pulse_color
11-25 11:22:33.702  1179 11966 W SettingsProvider: call() name : sound_effects_enabled
11-25 11:22:33.755  1179  3501 D StatusBarManagerService: onInputShown shown=false reserved=0
11-25 11:22:33.955  1179  1246 W SettingsProvider: call() name : com_oneplus_systemui_recent_task_lockd_list
11-25 11:22:33.955  1179  1246 I OHPD    : [BgDetect]chkExcessCpu level: 1 doKills: true critical false uptime: 300275
11-25 11:22:34.064  1179  1246 I OHPD    : isIsolated process: app.uid:99319,app.info.uid:10423, app.processName:com.android.chrome:sandboxed_process0
11-25 11:22:34.080  1179  1246 I OHPD    : isIsolated process: app.uid:99009,app.info.uid:10045, app.processName:com.android.chrome:sandboxed_process0
11-25 11:22:34.250  1179  1246 I OHPD    : isIsolated process: app.uid:99001,app.info.uid:10307, app.processName:com.android.chrome:sandboxed_process0
11-25 11:22:36.470  1179  1216 D ConnectivityService: Returning BLOCKED NetworkInfo to uid=10098
11-25 11:22:36.595  1179  2560 W SettingsProvider: call() name : op_navigation_bar_type
11-25 11:22:36.649  1179  2560 D StatusBarManagerService: onInputShown shown=false reserved=0
11-25 11:22:36.652  1179  2560 W SettingsProvider: call() name : haptic_feedback_enabled
11-25 11:22:43.912   950  1030 E storaged: getDiskStats failed with result NOT_SUPPORTED and size 0
11-25 11:22:44.204  1179  1704 V AlarmManager: Triggering alarm #0: 2 when =153638058 package =android operation = null listenTag =*job.delay* flags =0x0
11-25 11:22:44.252  1179  2560 W SettingsProvider: call() name : android_id
11-25 11:22:51.231  1179  1216 W SettingsProvider: call() name : notification_light_pulse_color
11-25 11:23:00.000  1179  1704 V AlarmManager: Triggering alarm #0: 3 when =153653855 package =android operation =*alarm*:android.intent.action.TIME_TICK flags =0x1
11-25 11:23:14.115  1179  1246 I ActivityManager: Waited long enough for: ServiceRecord{d90d279 u0 com.whatsapp/.messaging.MessageService}
11-25 11:23:15.144  1179  1704 V AlarmManager: Triggering alarm #0: 3 when =153668997 package =com.whatsapp operation =*alarm*:com.whatsapp.alarm.CLIENT_PING_PERIODIC flags =0x0
11-25 11:23:18.214  1179  1216 D StatusBarManagerService: onInputShown shown=false reserved=0
11-25 11:23:19.438  1179  1216 D StatusBarManagerService: onInputShown shown=false reserved=0
11-25 11:23:20.374 30916 30916 E SchedPolicy: set_timerslack_ns write failed: Operation not permitted
11-25 11:23:20.374 30916 30916 E SchedPolicy: set_timerslack_ns write failed: Operation not permitted
11-25 11:23:20.375 30916 31182 E SchedPolicy: set_timerslack_ns write failed: Operation not permitted
11-25 11:23:20.375 30916 31182 I chatty  : uid=10209(com.facebook.katana) FinalizerWatchd identical 1 line
11-25 11:23:20.375 30916 31182 E SchedPolicy: set_timerslack_ns write failed: Operation not permitted
11-25 11:23:21.841 30916 30916 E SchedPolicy: set_timerslack_ns write failed: Operation not permitted
11-25 11:23:21.842 30916 31182 E SchedPolicy: set_timerslack_ns write failed: Operation not permitted
11-25 11:23:21.842 30916 31182 E SchedPolicy: set_timerslack_ns write failed: Operation not permitted
11-25 11:23:21.974 30916 30916 E SchedPolicy: set_timerslack_ns write failed: Operation not permitted
11-25 11:23:21.974 30916 31182 E SchedPolicy: set_timerslack_ns write failed: Operation not permitted
11-25 11:23:21.974 30916 31182 E SchedPolicy: set_timerslack_ns write failed: Operation not permitted
11-25 11:23:22.241 30916 30916 E SchedPolicy: set_timerslack_ns write failed: Operation not permitted
11-25 11:23:22.242 30916 31182 E SchedPolicy: set_timerslack_ns write failed: Operation not permitted
11-25 11:23:22.242 30916 31182 E SchedPolicy: set_timerslack_ns write failed: Operation not permitted
11-25 11:23:26.738 30916 30916 E SchedPolicy: set_timerslack_ns write failed: Operation not permitted
11-25 11:23:26.739 30916 31182 E SchedPolicy: set_timerslack_ns write failed: Operation not permitted
11-25 11:23:26.739 30916 31182 E SchedPolicy: set_timerslack_ns write failed: Operation not permitted
11-25 11:23:27.079 30916 30916 E SchedPolicy: set_timerslack_ns write failed: Operation not permitted
11-25 11:23:27.079 30916 31182 E SchedPolicy: set_timerslack_ns write failed: Operation not permitted
11-25 11:23:27.079 30916 31182 E SchedPolicy: set_timerslack_ns write failed: Operation not permitted
11-25 11:23:27.637 30916 30916 E SchedPolicy: set_timerslack_ns write failed: Operation not permitted
11-25 11:23:27.638 30916 31182 E SchedPolicy: set_timerslack_ns write failed: Operation not permitted
11-25 11:23:27.638 30916 31182 E SchedPolicy: set_timerslack_ns write failed: Operation not permitted
11-25 11:23:28.122 30916 30916 E SchedPolicy: set_timerslack_ns write failed: Operation not permitted
11-25 11:23:28.122 30916 31182 E SchedPolicy: set_timerslack_ns write failed: Operation not permitted
11-25 11:23:28.122 30916 31182 E SchedPolicy: set_timerslack_ns write failed: Operation not permitted
11-25 11:23:28.503 30916 30916 E SchedPolicy: set_timerslack_ns write failed: Operation not permitted
11-25 11:23:28.504 30916 31182 E SchedPolicy: set_timerslack_ns write failed: Operation not permitted
11-25 11:23:28.504 30916 31182 E SchedPolicy: set_timerslack_ns write failed: Operation not permitted
11-25 11:23:28.945 30916 30916 E SchedPolicy: set_timerslack_ns write failed: Operation not permitted
11-25 11:23:28.945 30916 31182 E SchedPolicy: set_timerslack_ns write failed: Operation not permitted
11-25 11:23:28.945 30916 31182 E SchedPolicy: set_timerslack_ns write failed: Operation not permitted
11-25 11:23:29.321 30916 30916 E SchedPolicy: set_timerslack_ns write failed: Operation not permitted
11-25 11:23:29.321 30916 31182 E SchedPolicy: set_timerslack_ns write failed: Operation not permitted
11-25 11:23:29.321 30916 31182 E SchedPolicy: set_timerslack_ns write failed: Operation not permitted
11-25 11:23:32.572 30916 30916 E SchedPolicy: set_timerslack_ns write failed: Operation not permitted
11-25 11:23:32.572 30916 31182 E SchedPolicy: set_timerslack_ns write failed: Operation not permitted
11-25 11:23:32.573 30916 31182 E SchedPolicy: set_timerslack_ns write failed: Operation not permitted
11-25 11:23:32.675  1179  1704 V AlarmManager: Triggering alarm #0: 3 when =153682898 package =android operation = null listenTag =OPCS_CalculateAlarm flags =0x8
11-25 11:23:32.675  1179  1704 V AlarmManager: Triggering alarm #1: 2 when =153686529 package =android operation = null listenTag =*job.delay* flags =0x0
11-25 11:23:32.688  1179  2067 D OPCS    : writeStringToFile write 7025.32 to /persist/engineermode/screenontimebyhours
11-25 11:23:33.003 30916 30916 E SchedPolicy: set_timerslack_ns write failed: Operation not permitted
11-25 11:23:33.004 30916 31182 E SchedPolicy: set_timerslack_ns write failed: Operation not permitted
11-25 11:23:33.004 30916 31182 E SchedPolicy: set_timerslack_ns write failed: Operation not permitted
11-25 11:23:33.584  1179  1704 V AlarmManager: Triggering alarm #0: 2 when =153686529 package =android operation = null listenTag =*job.deadline* flags =0x0
11-25 11:23:33.847 30916 30916 E SchedPolicy: set_timerslack_ns write failed: Operation not permitted
11-25 11:23:33.847 30916 31182 E SchedPolicy: set_timerslack_ns write failed: Operation not permitted
11-25 11:23:33.847 30916 31182 E SchedPolicy: set_timerslack_ns write failed: Operation not permitted
11-25 11:23:34.154 30916 30916 E SchedPolicy: set_timerslack_ns write failed: Operation not permitted
11-25 11:23:34.154 30916 31182 E SchedPolicy: set_timerslack_ns write failed: Operation not permitted
11-25 11:23:34.154 30916 31182 E SchedPolicy: set_timerslack_ns write failed: Operation not permitted
11-25 11:23:43.913   950  1030 E storaged: getDiskStats failed with result NOT_SUPPORTED and size 0
11-25 11:23:46.897  1179  2560 W SettingsProvider: call() name : haptic_feedback_enabled
11-25 11:23:46.900  1179  2560 W SettingsProvider: call() name : sound_effects_enabled
11-25 11:23:46.998  1179  1721 W SettingsProvider: call() name : user_setup_complete
11-25 11:23:47.003  1179  1721 W SettingsProvider: call() name : user_setup_complete
11-25 11:23:47.008  1179  1721 I ActivityManager: START u0 {act=android.intent.action.MAIN cat=[android.intent.category.HOME] flg=0x10200000 cmp=net.oneplus.launcher/.Launcher (has extras)} from uid 1000 pid 1179
11-25 11:23:47.023  1179  1246 W SettingsProvider: call() name : temp_disable_scene_screen_effect
11-25 11:23:47.090  1179  1804 W SettingsProvider: call() name : op_navigation_bar_type
11-25 11:23:47.091  1179  1804 D StatusBarManagerService: onInputShown shown=false reserved=0
11-25 11:23:47.524  1179  1246 W SettingsProvider: call() name : game_mode_status_auto
11-25 11:23:47.526  1179  1246 W SettingsProvider: call() name : rading_mode_status_auto
11-25 11:23:47.529  1179  1179 V SettingsProvider: Notifying for 0: content://settings/system/game_mode_status_auto
11-25 11:23:47.529  1179  1804 W SettingsProvider: call() name : time_12_24
11-25 11:23:47.531  1179  1179 V SettingsProvider: Notifying for 0: content://settings/system/rading_mode_status_auto
11-25 11:23:47.531  1179  1179 W SettingsProvider: call() name : game_mode_status_auto
11-25 11:23:47.531  1179  1179 W SettingsProvider: call() name : rading_mode_status_auto
11-25 11:23:47.531  1179  1179 W SettingsProvider: call() name : game_mode_status_auto
11-25 11:23:47.532  1179  1179 W SettingsProvider: call() name : game_mode_status_auto
11-25 11:23:47.532  1179  1179 W SettingsProvider: call() name : game_mode_status_manual
11-25 11:23:47.532  1179  1179 W SettingsProvider: call() name : game_mode_status_manual
11-25 11:23:47.532  1179  1179 W SettingsProvider: call() name : game_mode_status
11-25 11:23:47.533  1179  1179 W SettingsProvider: call() name : game_mode_status_auto
11-25 11:23:47.535  1179  1179 W SettingsProvider: call() name : esport_mode_enabled
11-25 11:23:47.535  1179  2560 W SettingsProvider: call() name : time_12_24
11-25 11:23:47.535  1179  1179 I OIMC    : notified , mode GameMode changeTo 2
11-25 11:23:47.535  1179  1734 I OIMC    : The mode: GameMode is not entered
11-25 11:23:47.535  1179  1179 W SettingsProvider: call() name : rading_mode_status_auto
11-25 11:23:47.535  1179  1179 W SettingsProvider: call() name : rading_mode_status_auto
11-25 11:23:47.535  1179  1179 W SettingsProvider: call() name : reading_mode_status_manual
11-25 11:23:47.535  1179  1179 W SettingsProvider: call() name : reading_mode_status_manual
11-25 11:23:47.535  1179  1179 W SettingsProvider: call() name : reading_mode_status
11-25 11:23:47.536  1179  1179 W SettingsProvider: call() name : rading_mode_status_auto
11-25 11:23:47.536  1179  1179 I OIMC    : notified , mode ReadMode changeTo 2
11-25 11:23:47.536  1179  1734 I OIMC    : The mode: ReadMode is not entered
11-25 11:23:47.538  1179  2560 W SettingsProvider: call() name : time_12_24
11-25 11:23:47.538  1179  1179 V SettingsProvider: Notifying for 0: content://settings/system/game_mode_status_auto
11-25 11:23:47.540  1179  1179 V SettingsProvider: Notifying for 0: content://settings/system/rading_mode_status_auto
11-25 11:23:47.540  1179  1179 W SettingsProvider: call() name : game_mode_status_auto
11-25 11:23:47.541  1179  1179 W SettingsProvider: call() name : rading_mode_status_auto
11-25 11:23:47.550  1179  2560 V AnimatingAppWindowTokenRegistry: reset and invoke finish: token=AppWindowToken{17ad75b token=Token{62266a ActivityRecord{b0e1c55 u0 com.facebook.katana/.activity.FbMainTabActivity t21326}}}
11-25 11:23:47.551  1179  2560 V AnimatingAppWindowTokenRegistry: reset and invoke finish: token=AppWindowToken{57a6faf token=Token{1c25b8e ActivityRecord{5cf1f89 u0 net.oneplus.launcher/.Launcher t21116}}}
11-25 11:23:49.176  1179  1722 D WindowManager: powerPress: eventTime=62638475 interactive=true count=1 beganFromNonInteractive=false mShortPressOnPowerBehavior=1
11-25 11:23:49.176  1179  1722 D DisplayManagerService: setWakingupReason: 
11-25 11:23:49.176  1179  1722 I PowerManagerService: Going to sleep due to power button (uid 1000)...
11-25 11:23:49.177  1179  1179 W UsageStatsService: Event reported without a package name
11-25 11:23:49.177  1179  1179 W UsageStatsService: Event reported without a package name
11-25 11:23:49.177  1179  1347 I DisplayPowerController: useProximityForceSuspend = false
11-25 11:23:49.177  1179  1179 I WindowManager: Started going to sleep... (why=2)
11-25 11:23:49.179  1179  1804 W SettingsProvider: call() name : lock_screen_lock_after_timeout
11-25 11:23:49.181  1179  1804 W SettingsProvider: call() name : screen_off_timeout
11-25 11:23:49.183  1179  2560 W SettingsProvider: call() name : lockscreen_sounds_enabled
11-25 11:23:49.185  1179  2560 W SettingsProvider: call() name : haptic_feedback_enabled
11-25 11:23:49.269  1179  1347 I DisplayPowerController: useProximityForceSuspend = false
11-25 11:23:49.269  1179  1347 I DisplayPowerController: Blocking screen off
11-25 11:23:49.270  1179  1347 I DisplayPowerController: Unblocked screen off after 0 ms
11-25 11:23:49.270  1179  1347 I ColorBalanceService: MSG:2
11-25 11:23:49.271  1179  1819 D ColorBalanceService: MSG_SCREEN_OFF
11-25 11:23:49.271  1179  1819 I ColorBalanceService: processScreenOn:false reason = 4
11-25 11:23:49.271  1179  1819 D ColorBalanceService: the SRGB sensor has been removed in project 18821/18827/18831/18857
11-25 11:23:49.281  1179  1347 I WindowManager: Screen turned off...
11-25 11:23:49.333  1179  1347 D RestartProcessManager: Screen off is true
11-25 11:23:49.338  1179  1345 I DisplayManagerService: Display device changed state: "Built-in Screen", OFF
11-25 11:23:49.338  1179  1347 I DisplayPowerController: useProximityForceSuspend = false
11-25 11:23:49.338  1179  1347 D RestartProcessManager: Screen off is true
11-25 11:23:49.360  1179  1216 W SettingsProvider: call() name : screen_brightness
11-25 11:23:49.371  1179  1271 E BatteryExternalStatsWorker: no controller energy info supplied for bluetooth
11-25 11:23:49.381  1179  1216 W SettingsProvider: call() name : screen_brightness
11-25 11:23:49.388  1179  1247 W Looper  : Slow dispatch took 100ms android.ui h=com.android.server.am.ActivityManagerService$UiHandler c=null m=53
11-25 11:23:49.391  1179  1179 W SettingsProvider: call() name : car_charger_auto_turn_on_dnd
11-25 11:23:49.391  1179  1179 W SettingsProvider: call() name : op_care_charger_auto_open_app
11-25 11:23:49.395  1179  1804 W SettingsProvider: call() name : accelerometer_rotation
11-25 11:23:49.398  1179  1804 W SettingsProvider: call() name : accessibility_display_grayscale_enabled
11-25 11:23:49.402  1179 11966 W SettingsProvider: call() name : esport_mode_enabled
11-25 11:23:49.404  1179  2560 W SettingsProvider: call() name : game_mode_status
11-25 11:23:49.405  1179  2560 W SettingsProvider: call() name : esport_mode_enabled
11-25 11:23:49.405  1179  2560 W SettingsProvider: call() name : reading_mode_status
11-25 11:23:49.406  1179  2560 W SettingsProvider: call() name : accessibility_display_grayscale_enabled
11-25 11:23:49.484  1179  1804 W SettingsProvider: call() name : notification_light_pulse_color
11-25 11:23:49.485  1179  3501 I OIMC    : notified , mode FingerPrintMode changeTo 2
11-25 11:23:49.486  1179  1734 I OIMC    : The mode: FingerPrintMode is not entered
11-25 11:23:49.578  1179  1347 I DisplayPowerController: useProximityForceSuspend = false
11-25 11:23:49.578  1179  1347 D RestartProcessManager: Screen off is true
11-25 11:23:49.580  1179  1347 W SettingsProvider: call() name : doze_enabled
11-25 11:23:49.580  1179  1347 I DreamManagerService: Entering dreamland.
11-25 11:23:49.581  1179  1347 I PowerManagerService: Dozing...
11-25 11:23:49.581  1179  1343 I DreamController: Starting dream: name=ComponentInfo{com.android.systemui/com.android.systemui.doze.DozeService}, isTest=false, canDoze=true, userId=0
11-25 11:23:49.616  1179 11966 W SettingsProvider: call() name : op_navigation_bar_type
11-25 11:23:49.677  1179  3501 W SettingsProvider: call() name : screen_brightness
11-25 11:23:49.678  1179  3501 W SettingsProvider: call() name : doze_always_on
11-25 11:23:49.682  1179  1347 I DisplayPowerController: useProximityForceSuspend = false
11-25 11:23:49.682  1179  1347 D RestartProcessManager: Screen off is true
11-25 11:23:49.683  1179  1179 I WindowManager: Finished going to sleep... (why=2)
11-25 11:23:49.683  1179  1179 D OnePlusPowerController: SCREEN is OFF
11-25 11:23:49.683  1179  1179 D OnePlusPowerController: mScreenOffStart=2022-11-25 11:23:49
11-25 11:23:49.685  1179  3501 W SettingsProvider: call() name : status_bar_show_battery_percent
11-25 11:23:49.693  1179  2194 I ActivityManager: FP_ACCELERATE: mIsFingerprintEnabled=false
11-25 11:23:49.704  1179 11966 D StatusBarManagerService: onInputShown shown=false reserved=0
11-25 11:23:49.704  1179  1804 W SettingsProvider: call() name : accelerometer_rotation
11-25 11:23:49.705  1179  1804 W SettingsProvider: call() name : accessibility_display_grayscale_enabled
11-25 11:23:49.709  1179 11966 W SettingsProvider: call() name : esport_mode_enabled
11-25 11:23:49.710  1179 11966 W SettingsProvider: call() name : game_mode_status
11-25 11:23:49.711  1179 11966 W SettingsProvider: call() name : esport_mode_enabled
11-25 11:23:49.711  1179 11966 W SettingsProvider: call() name : reading_mode_status
11-25 11:23:49.712  1179 11966 W SettingsProvider: call() name : accessibility_display_grayscale_enabled
11-25 11:23:49.718  1179  2194 I ActivityManager: AppLocker: setKeyguardDone false
11-25 11:23:49.746  1179  2194 W SettingsProvider: call() name : op_navigation_bar_type
11-25 11:23:49.746  1179  1244 W SettingsProvider: call() name : location_global_kill_switch
11-25 11:23:49.749  1179  1179 W SettingsProvider: call() name : esport_mode_enabled
11-25 11:23:49.750  1179  1179 W SettingsProvider: call() name : esport_mode_data_saver
11-25 11:23:49.755  1179 11966 W SettingsProvider: call() name : multi_sim_voice_call
11-25 11:23:49.756  1179 11966 W SettingsProvider: call() name : device_provisioned
11-25 11:23:49.757  1179  1979 W SettingsProvider: call() name : location_providers_allowed
11-25 11:23:49.757  1179  1179 V SettingsProvider: Notifying for 0: content://settings/secure/location_providers_allowed
11-25 11:23:49.757  1179  2560 W SettingsProvider: call() name : location_providers_allowed
11-25 11:23:49.757  1179  3501 W SettingsProvider: call() name : location_providers_allowed
11-25 11:23:49.759  1179  1246 W BroadcastQueue: Background execution not allowed: receiving Intent { act=android.location.PROVIDERS_CHANGED flg=0x10 } to com.google.android.apps.maps/com.google.android.apps.gmm.geofence.GeofenceLocationAvailabilityManager$LocationProviderChangeBroadcastReceiver
11-25 11:23:49.759  1179  1246 W BroadcastQueue: Background execution not allowed: receiving Intent { act=android.location.PROVIDERS_CHANGED flg=0x10 } to com.google.android.apps.maps/com.google.android.apps.gmm.locationsharing.usr.LocationAvailabilityChecker$LocationProvidersChangedBroadcastReceiver
11-25 11:23:49.759  1179  1246 W BroadcastQueue: Background execution not allowed: receiving Intent { act=android.location.PROVIDERS_CHANGED flg=0x10 } to com.google.android.gms/.chimera.GmsIntentOperationService$PersistentTrustedReceiver
11-25 11:23:49.759  1179  1246 W BroadcastQueue: Background execution not allowed: receiving Intent { act=android.location.PROVIDERS_CHANGED flg=0x10 } to com.google.android.googlequicksearchbox/com.google.android.apps.gsa.broadcastreceiver.external.ExternalCommonBroadcastReceiver
11-25 11:23:49.759  1179  1246 W BroadcastQueue: Background execution not allowed: receiving Intent { act=android.location.PROVIDERS_CHANGED flg=0x10 } to nic.goi.aarogyasetu/.utility.BluetoothLocationReceiver
11-25 11:23:49.759  1179  1246 W BroadcastQueue: Background execution not allowed: receiving Intent { act=android.location.PROVIDERS_CHANGED flg=0x10 } to com.google.android.gms/.chimera.GmsIntentOperationService$PersistentTrustedReceiver
11-25 11:23:49.759  1179  3503 W SettingsProvider: call() name : reading_mode_status
11-25 11:23:49.759  1179  1804 W SettingsProvider: call() name : location_providers_allowed
11-25 11:23:49.760  1179  1246 W BroadcastQueue: Background execution not allowed: receiving Intent { act=android.location.MODE_CHANGED flg=0x10 } to com.google.android.apps.maps/com.google.android.apps.gmm.geofence.GeofenceLocationAvailabilityManager$LocationProviderChangeBroadcastReceiver
11-25 11:23:49.761  1179  1246 W BroadcastQueue: Background execution not allowed: receiving Intent { act=android.location.MODE_CHANGED flg=0x10 } to com.google.android.apps.maps/com.google.android.apps.gmm.locationsharing.usr.LocationAvailabilityChecker$LocationProvidersChangedBroadcastReceiver
11-25 11:23:49.761  1179  1246 W BroadcastQueue: Background execution not allowed: receiving Intent { act=android.location.MODE_CHANGED flg=0x10 } to com.google.android.gms/.chimera.GmsIntentOperationService$PersistentTrustedReceiver
11-25 11:23:49.761  1179  1246 W BroadcastQueue: Background execution not allowed: receiving Intent { act=android.location.MODE_CHANGED flg=0x10 } to com.google.android.gms/.chimera.GmsIntentOperationService$PersistentTrustedReceiver
11-25 11:23:49.761  1179  1216 W SettingsProvider: call() name : location_providers_allowed
11-25 11:23:49.762  1179  2560 W SettingsProvider: call() name : location_providers_allowed
11-25 11:23:49.765  1179  1216 W SettingsProvider: call() name : location_providers_allowed
11-25 11:23:49.767  1179  1179 V SettingsProvider: Notifying for 999: content://settings/secure/location_providers_allowed
11-25 11:23:49.767  1179  1179 V SettingsProvider: Notifying for 0: content://settings/global/location_global_kill_switch
11-25 11:23:49.767  1179  3501 W SettingsProvider: call() name : aod_clock_style
11-25 11:23:49.768  1179  1179 V SettingsProvider: Notifying for 999: content://settings/global/location_global_kill_switch
11-25 11:23:49.768  1179  1216 W SettingsProvider: call() name : location_providers_allowed
11-25 11:23:49.768  1179  3501 W SettingsProvider: call() name : location_providers_allowed
11-25 11:23:49.770  1179  1179 W SettingsProvider: call() name : network_recommendations_enabled
11-25 11:23:49.771  1179  1179 W SettingsProvider: call() name : network_recommendations_package
11-25 11:23:49.771  1179  1179 W SettingsProvider: call() name : network_recommendations_enabled
11-25 11:23:49.771  1179  1179 W SettingsProvider: call() name : network_scorer_app
11-25 11:23:49.771  1179  1179 W SettingsProvider: call() name : network_recommendations_enabled
11-25 11:23:49.772  1179  1179 W SettingsProvider: call() name : network_recommendations_package
11-25 11:23:49.774  1179  3501 W SettingsProvider: call() name : airplane_mode_on
11-25 11:23:49.774  1179  3501 W SettingsProvider: call() name : ble_scan_always_enabled
11-25 11:23:49.782  1179  1804 W SettingsProvider: call() name : pdp_watchdog_long_poll_interval_ms
11-25 11:23:49.782  1179  1179 V SettingsProvider: Notifying for 0: content://settings/global/network_recommendations_enabled
11-25 11:23:49.783  1179 15237 W SettingsProvider: call() name : dropbox_age_seconds
11-25 11:23:49.783  1179  1179 V SettingsProvider: Notifying for 999: content://settings/global/network_recommendations_enabled
11-25 11:23:49.783  1179 15237 W SettingsProvider: call() name : dropbox_max_files
11-25 11:23:49.788  1179  1179 W SettingsProvider: call() name : network_recommendations_enabled
11-25 11:23:49.789  1179  6362 W SettingsProvider: call() name : airplane_mode_on
11-25 11:23:49.790  1179 15237 W SettingsProvider: call() name : dropbox_quota_percent
11-25 11:23:49.790  1179  2560 W SettingsProvider: call() name : radio.data.stall.recovery.action
11-25 11:23:49.790  1179 15237 W SettingsProvider: call() name : dropbox_reserve_percent
11-25 11:23:49.790  1179 15237 W SettingsProvider: call() name : dropbox_quota_kb
11-25 11:23:49.792  1179  7299 W SettingsProvider: call() name : data_stall_alarm_non_aggressive_delay_in_ms
11-25 11:23:49.793  1179  2194 W SettingsProvider: call() name : airplane_mode_on
11-25 11:23:49.804  1179  1804 W SettingsProvider: call() name : location_providers_allowed
11-25 11:23:49.850  1179  1804 W UsageStatsService: Event reported without a package name
11-25 11:23:49.850  1179  1804 W UsageStatsService: Event reported without a package name
11-25 11:23:49.851  1179  1804 I OemSceneModeAmHelper: [scene] handleShowOrOccludedChanged showing true, occluded false
11-25 11:23:49.852  1179  1246 W SettingsProvider: call() name : temp_disable_scene_screen_effect
11-25 11:23:49.852  1179  1246 V UsbDeviceManager: onKeyguardStateChanged: isShowing:true secure:true user:0
11-25 11:23:49.852  1179  1343 D UsbDeviceManager: setEnabledFunctions functions=0, forceRestart=false, usbDataUnlocked=false
11-25 11:23:49.853  1179  1343 I UsbDeviceManager: Func=adb Cur_Func=0 Oem=adb Cur_Oem=adb Applied=true force=false
11-25 11:23:49.869  1179  2560 W SettingsProvider: call() name : telecom.stale_session_cleanup_timeout_millis
11-25 11:23:49.874  1179  1804 W SettingsProvider: call() name : show_password
11-25 11:23:49.876  1179 11966 W SettingsProvider: call() name : haptic_feedback_enabled
11-25 11:23:49.878  1179  1804 W SettingsProvider: call() name : haptic_feedback_enabled
11-25 11:23:49.879  1179  2559 W SettingsProvider: call() name : haptic_feedback_enabled
11-25 11:23:49.880  1179  6362 W SettingsProvider: call() name : haptic_feedback_enabled
11-25 11:23:49.882  1179  2560 W SettingsProvider: call() name : haptic_feedback_enabled
11-25 11:23:49.883  1179 11966 W SettingsProvider: call() name : haptic_feedback_enabled
11-25 11:23:49.884  1179 11966 W SettingsProvider: call() name : haptic_feedback_enabled
11-25 11:23:49.885  1179  1804 W SettingsProvider: call() name : haptic_feedback_enabled
11-25 11:23:49.886  1179  2560 W SettingsProvider: call() name : haptic_feedback_enabled
11-25 11:23:49.889  1179  2560 W SettingsProvider: call() name : haptic_feedback_enabled
11-25 11:23:49.894  1179  2559 W SettingsProvider: call() name : haptic_feedback_enabled
11-25 11:23:49.896  1179  7299 W SettingsProvider: call() name : haptic_feedback_enabled
11-25 11:23:49.937  1179  6362 W SettingsProvider: call() name : enable_fullscreen_user_switcher
11-25 11:23:49.955  1179  6362 W SettingsProvider: call() name : device_provisioned
11-25 11:23:49.966  1179  6362 W SettingsProvider: call() name : screen_brightness
11-25 11:23:49.966  1892  1892 V KeyguardStatusView: refresh statusview showing:true
11-25 11:23:49.994  1179  2559 W SettingsProvider: call() name : multi_sim_data_call
11-25 11:23:49.996  1179  6362 W SettingsProvider: call() name : multi_sim_voice_call
11-25 11:23:49.996  1179  6362 W SettingsProvider: call() name : enabled_accessibility_services
11-25 11:23:49.997  1179  6362 W SettingsProvider: call() name : font_scale
11-25 11:23:49.997  1179  6362 W SettingsProvider: call() name : accessibility_display_magnification_enabled
11-25 11:23:49.998  1179  1804 W SettingsProvider: call() name : high_text_contrast_enabled
11-25 11:23:50.015  1179  6362 W SettingsProvider: call() name : device_demo_mode
11-25 11:23:50.021  1179  7299 I StatusBarManagerService: pkg = com.android.systemui, mDisabled1 = 1200000, mDisabled2 =0,what =18874368
11-25 11:23:50.024  1179  2559 W SettingsProvider: call() name : accelerometer_rotation
11-25 11:23:50.026  1179  2559 W SettingsProvider: call() name : hide_rotation_lock_toggle_for_accessibility
11-25 11:23:50.028  1892  1892 V KeyguardDisplayManager: show
11-25 11:23:50.031  1179  7299 W SettingsProvider: call() name : device_provisioned
11-25 11:23:50.031  1179  2559 W SettingsProvider: call() name : mobile_data
11-25 11:23:50.032  1179  2559 W SettingsProvider: call() name : accelerometer_rotation
11-25 11:23:50.033  1179  7299 W SettingsProvider: call() name : screen_brightness
11-25 11:23:50.058  1179  7299 W SettingsProvider: call() name : accelerometer_rotation
11-25 11:23:50.059  1179  1804 W SettingsProvider: call() name : accelerometer_rotation
11-25 11:23:50.071  1179  2559 W SettingsProvider: call() name : theater_mode_on
11-25 11:23:50.133  1179  2559 W SettingsProvider: call() name : notification_snooze_options
11-25 11:23:50.133  1179  1271 E BatteryExternalStatsWorker: no controller energy info supplied for bluetooth
11-25 11:23:50.159  1179  1244 D BatteryStatsService: @@@@ awaitUninterruptibly in 43 ms
11-25 11:23:50.197  1179  1246 W BroadcastQueue: Background execution not allowed: receiving Intent { act=android.net.conn.DATA_ACTIVITY_CHANGE flg=0x10 (has extras) } to com.oneplus.security/.network.trafficalarm.TrafficUsageAlarmReceiver
11-25 11:23:52.097  1179  1179 W SettingsProvider: call() name : enabled_notification_listeners
11-25 11:23:52.097  1179  1179 W SettingsProvider: call() name : enabled_notification_assistant
11-25 11:23:52.097  1179  1179 W SettingsProvider: call() name : enabled_notification_policy_access_packages
11-25 11:23:52.395  1179  1244 D BatteryStatsService: ext-flush too soon, skip
11-25 11:23:52.443  1179  2559 D ConnectivityService: Returning BLOCKED NetworkInfo to uid=10209
11-25 11:23:52.923  1179  1244 D BatteryStatsService: ext-flush too soon, skip
11-25 11:23:55.690  1179  1804 W SettingsProvider: call() name : development_settings_enabled
11-25 11:23:57.104  1179  1796 W SettingsProvider: call() name : sys_storage_full_threshold_bytes
11-25 11:23:57.104  1179  1796 W SettingsProvider: call() name : sys_storage_threshold_percentage
11-25 11:23:57.104  1179  1246 W ActivityManager: Sleep timeout!  Sleeping now.
11-25 11:23:57.105  1179  1796 W SettingsProvider: call() name : sys_storage_threshold_max_bytes
11-25 11:23:57.166  1179 15305 I ActivityManager: pid= 1179 st.name = system_server cpuPercent = 14 st.rel_utime =5990 st.rel_stime =5930
11-25 11:23:57.167  1179 15305 I ActivityManager: pid= 30916 st.name = facebook.katana cpuPercent = 29 st.rel_utime =20570 st.rel_stime =4390
11-25 11:24:00.002  1179  1704 V AlarmManager: Triggering alarm #0: 3 when =153713856 package =android operation =*alarm*:android.intent.action.TIME_TICK flags =0x1
11-25 11:24:00.640  1179  1246 W BroadcastQueue: Background execution not allowed: receiving Intent { act=android.net.conn.DATA_ACTIVITY_CHANGE flg=0x10 (has extras) } to com.oneplus.security/.network.trafficalarm.TrafficUsageAlarmReceiver
11-25 11:24:03.238  1179  1344 W SettingsProvider: call() name : enable_cache_quota_calculation
11-25 11:24:10.785  1179  7299 W SettingsProvider: call() name : multi_cb
11-25 11:24:13.511  1179  2559 W SettingsProvider: call() name : enabled_accessibility_services
11-25 11:24:19.040  1179  7299 W SettingsProvider: call() name : enabled_accessibility_services
11-25 11:24:19.098  1179  1246 W ActivityManager: Stopping service due to app idle: u0a207 -1m19s994ms com.whatsapp/.messaging.MessageService
11-25 11:24:24.225  1179  7299 W SettingsProvider: call() name : location_providers_allowed
