--------- beginning of system
11-25 11:12:22.088  1179  2560 W SettingsProvider: call() name : haptic_feedback_enabled
11-25 11:12:22.090  1179  2560 W SettingsProvider: call() name : sound_effects_enabled
11-25 11:12:22.095  1179 12351 W SettingsProvider: call() name : auto_caps
11-25 11:12:22.097  1179 12351 W SettingsProvider: call() name : auto_replace
11-25 11:12:22.098  1179  2560 W SettingsProvider: call() name : auto_punctuate
11-25 11:12:22.099  1179  6965 W SettingsProvider: call() name : show_password
11-25 11:12:22.224  1179  1246 W SettingsProvider: call() name : temp_disable_scene_screen_effect
11-25 11:12:22.224  1179  1246 D RestartProcessManager: updateSelf :  com.whatsapp, size : 30
11-25 11:12:22.246  1179  2560 D FingerprintService: hasEnrolledFingerprints: 0, 0
11-25 11:12:22.270  1179  2560 D StatusBarManagerService: onInputShown shown=false reserved=0
11-25 11:12:22.695  1179  1671 V AnimatingAppWindowTokenRegistry: reset and invoke finish: token=AppWindowToken{8d4ed24 token=Token{52d41b7 ActivityRecord{1e490b6 u0 com.whatsapp/.HomeActivity t21137}}}
11-25 11:12:25.668   950  1030 E storaged: getDiskStats failed with result NOT_SUPPORTED and size 0
11-25 11:12:26.582  1179 12351 I ActivityManager: START u0 {flg=0x14000000 cmp=com.whatsapp/.Conversation (has extras)} from uid 10207 pid 4169
11-25 11:12:26.610  1179  1246 W SettingsProvider: call() name : temp_disable_scene_screen_effect
11-25 11:12:26.610  1179  1246 D RestartProcessManager: updateSelf :  com.whatsapp, size : 30
11-25 11:12:26.665  1179  2560 D FingerprintService: hasEnrolledFingerprints: 0, 0
11-25 11:12:27.127  1179  1671 V AnimatingAppWindowTokenRegistry: reset and invoke finish: token=AppWindowToken{8d4ed24 token=Token{52d41b7 ActivityRecord{1e490b6 u0 com.whatsapp/.HomeActivity t21137}}}
11-25 11:12:29.840  1179  6965 W SettingsProvider: call() name : haptic_feedback_enabled
11-25 11:12:29.977  1179  1246 W SettingsProvider: call() name : temp_disable_scene_screen_effect
11-25 11:12:29.977  1179  1246 D RestartProcessManager: updateSelf :  com.whatsapp, size : 30
11-25 11:12:30.003  1179  3533 D FingerprintService: hasEnrolledFingerprints: 0, 0
11-25 11:12:30.069  1179  6965 D StatusBarManagerService: onInputShown shown=false reserved=0
11-25 11:12:30.445  1179  1671 V AnimatingAppWindowTokenRegistry: reset and invoke finish: token=AppWindowToken{8d4ed24 token=Token{52d41b7 ActivityRecord{1e490b6 u0 com.whatsapp/.HomeActivity t21137}}}
11-25 11:12:32.456  1179  2560 I ActivityManager: START u0 {flg=0x14000000 cmp=com.whatsapp/.Conversation (has extras)} from uid 10207 pid 4169
11-25 11:12:32.479  1179  1246 W SettingsProvider: call() name : temp_disable_scene_screen_effect
11-25 11:12:32.481  1179  1246 D RestartProcessManager: updateSelf :  com.whatsapp, size : 30
11-25 11:12:32.535  1179  2560 D FingerprintService: hasEnrolledFingerprints: 0, 0
11-25 11:12:33.012  1179  1671 V AnimatingAppWindowTokenRegistry: reset and invoke finish: token=AppWindowToken{8d4ed24 token=Token{52d41b7 ActivityRecord{1e490b6 u0 com.whatsapp/.HomeActivity t21137}}}
11-25 11:12:35.579  1179  1217 W SettingsProvider: call() name : haptic_feedback_enabled
11-25 11:12:35.697  1179  1246 W SettingsProvider: call() name : temp_disable_scene_screen_effect
11-25 11:12:35.697  1179  1246 D RestartProcessManager: updateSelf :  com.whatsapp, size : 30
11-25 11:12:35.724  1179 12351 D FingerprintService: hasEnrolledFingerprints: 0, 0
11-25 11:12:35.779  1179  1217 D StatusBarManagerService: onInputShown shown=false reserved=0
11-25 11:12:36.162  1179  1671 V AnimatingAppWindowTokenRegistry: reset and invoke finish: token=AppWindowToken{148b91c token=Token{d51628f ActivityRecord{e63cdee u0 com.whatsapp/.Conversation t21137}}}
11-25 11:12:42.154  1179  1217 W SettingsProvider: call() name : haptic_feedback_enabled
11-25 11:12:42.238  1179  1721 W SettingsProvider: call() name : user_setup_complete
11-25 11:12:42.242  1179  1721 W SettingsProvider: call() name : user_setup_complete
11-25 11:12:42.246  1179  1721 I ActivityManager: START u0 {act=android.intent.action.MAIN cat=[android.intent.category.HOME] flg=0x10200000 cmp=net.oneplus.launcher/.Launcher (has extras)} from uid 1000 pid 1179
11-25 11:12:42.262  1179  1246 W SettingsProvider: call() name : temp_disable_scene_screen_effect
11-25 11:12:42.322  1179  1217 W SettingsProvider: call() name : op_navigation_bar_type
11-25 11:12:42.323  1179  1217 D StatusBarManagerService: onInputShown shown=false reserved=0
11-25 11:12:42.764  1179  1246 W SettingsProvider: call() name : game_mode_status_auto
11-25 11:12:42.765  1179  1246 W SettingsProvider: call() name : rading_mode_status_auto
11-25 11:12:42.767  1179  2560 W SettingsProvider: call() name : time_12_24
11-25 11:12:42.767  1179  1179 V SettingsProvider: Notifying for 0: content://settings/system/game_mode_status_auto
11-25 11:12:42.768  1179  1179 V SettingsProvider: Notifying for 0: content://settings/system/rading_mode_status_auto
11-25 11:12:42.769  1179  1179 W SettingsProvider: call() name : game_mode_status_auto
11-25 11:12:42.769  1179  1179 W SettingsProvider: call() name : rading_mode_status_auto
11-25 11:12:42.769  1179  1179 W SettingsProvider: call() name : game_mode_status_auto
11-25 11:12:42.769  1179  1179 W SettingsProvider: call() name : game_mode_status_auto
11-25 11:12:42.769  1179  1179 W SettingsProvider: call() name : game_mode_status_manual
11-25 11:12:42.769  1179  1179 W SettingsProvider: call() name : game_mode_status_manual
11-25 11:12:42.770  1179  1179 W SettingsProvider: call() name : game_mode_status
11-25 11:12:42.770  1179  1179 W SettingsProvider: call() name : game_mode_status_auto
11-25 11:12:42.770  1179  1179 W SettingsProvider: call() name : esport_mode_enabled
11-25 11:12:42.770  1179  1179 I OIMC    : notified , mode GameMode changeTo 2
11-25 11:12:42.771  1179  1179 W SettingsProvider: call() name : rading_mode_status_auto
11-25 11:12:42.771  1179  1179 W SettingsProvider: call() name : rading_mode_status_auto
11-25 11:12:42.771  1179  1179 W SettingsProvider: call() name : reading_mode_status_manual
11-25 11:12:42.771  1179  1179 W SettingsProvider: call() name : reading_mode_status_manual
11-25 11:12:42.771  1179  1179 W SettingsProvider: call() name : reading_mode_status
11-25 11:12:42.771  1179  1734 I OIMC    : The mode: GameMode is not entered
11-25 11:12:42.771  1179  1179 W SettingsProvider: call() name : rading_mode_status_auto
11-25 11:12:42.771  1179  1179 I OIMC    : notified , mode ReadMode changeTo 2
11-25 11:12:42.772  1179  1734 I OIMC    : The mode: ReadMode is not entered
11-25 11:12:42.773  1179  1179 V SettingsProvider: Notifying for 0: content://settings/system/game_mode_status_auto
11-25 11:12:42.774  1179  2560 W SettingsProvider: call() name : time_12_24
11-25 11:12:42.775  1179  1179 V SettingsProvider: Notifying for 0: content://settings/system/rading_mode_status_auto
11-25 11:12:42.775  1179  1179 W SettingsProvider: call() name : game_mode_status_auto
11-25 11:12:42.775  1179  1179 W SettingsProvider: call() name : rading_mode_status_auto
11-25 11:12:42.796  1179  2560 V AnimatingAppWindowTokenRegistry: reset and invoke finish: token=AppWindowToken{8d4ed24 token=Token{52d41b7 ActivityRecord{1e490b6 u0 com.whatsapp/.HomeActivity t21137}}}
11-25 11:12:42.797  1179  2560 V AnimatingAppWindowTokenRegistry: reset and invoke finish: token=AppWindowToken{57a6faf token=Token{1c25b8e ActivityRecord{5cf1f89 u0 net.oneplus.launcher/.Launcher t21116}}}
11-25 11:12:42.798  1179 12351 W SettingsProvider: call() name : auto_caps
11-25 11:12:42.799  1179  2560 W SettingsProvider: call() name : auto_replace
11-25 11:12:42.800  1179  2560 W SettingsProvider: call() name : auto_punctuate
11-25 11:12:42.800  1179  2560 W SettingsProvider: call() name : show_password
11-25 11:12:44.060  1179 12351 W SettingsProvider: call() name : sound_effects_enabled
11-25 11:12:44.072  1179  2560 W SettingsProvider: call() name : haptic_feedback_enabled
11-25 11:12:44.864  1179  2560 W SettingsProvider: call() name : esport_mode_enabled
11-25 11:12:44.864  1179  2560 I ActivityManager: START u0 {act=android.intent.action.MAIN cat=[android.intent.category.LAUNCHER] flg=0x10200000 cmp=com.facebook.katana/.LoginActivity bnds=[318,1437][540,1748]} from uid 10024 pid 3593
11-25 11:12:44.946  1179  1246 W SettingsProvider: call() name : temp_disable_scene_screen_effect
11-25 11:12:44.946  1179  1246 D RestartProcessManager: updateSelf :  com.facebook.katana, size : 30
11-25 11:12:44.960  1179  2560 W SettingsProvider: call() name : op_navigation_bar_type
11-25 11:12:45.053  1179  6965 D ConnectivityService: Returning UNBLOCKED NetworkInfo to uid=10209
11-25 11:12:45.134  1179  1217 W SettingsProvider: call() name : op_navigation_bar_type
11-25 11:12:45.135  1179  1217 D StatusBarManagerService: onInputShown shown=false reserved=0
11-25 11:12:45.213  1179  1217 V AnimatingAppWindowTokenRegistry: reset and invoke finish: token=AppWindowToken{57a6faf token=Token{1c25b8e ActivityRecord{5cf1f89 u0 net.oneplus.launcher/.Launcher t21116}}}
11-25 11:12:45.213  1179  1217 V AnimatingAppWindowTokenRegistry: reset and invoke finish: token=AppWindowToken{9f14d07 token=Token{66f7746 ActivityRecord{e84f721 u0 com.facebook.katana/.immersiveactivity.ImmersiveActivity t21326}}}
11-25 11:12:45.336  1179  6965 W SettingsProvider: call() name : font_scale
11-25 11:12:45.399  1179  1271 E BatteryExternalStatsWorker: no controller energy info supplied for bluetooth
11-25 11:12:45.416  1179  1244 D BatteryStatsService: @@@@ awaitUninterruptibly in 32 ms
11-25 11:12:45.419  1179  1246 W SettingsProvider: call() name : game_mode_status_auto
11-25 11:12:45.420  1179  1246 W SettingsProvider: call() name : rading_mode_status_auto
11-25 11:12:45.421  1179  1179 V SettingsProvider: Notifying for 0: content://settings/system/game_mode_status_auto
11-25 11:12:45.422  1179  1179 V SettingsProvider: Notifying for 0: content://settings/system/rading_mode_status_auto
11-25 11:12:45.422  1179  1179 W SettingsProvider: call() name : game_mode_status_auto
11-25 11:12:45.422  1179  1179 W SettingsProvider: call() name : rading_mode_status_auto
11-25 11:12:45.422  1179  6965 W SettingsProvider: call() name : time_12_24
11-25 11:12:45.422  1179  1179 W SettingsProvider: call() name : game_mode_status_auto
11-25 11:12:45.423  1179  1179 W SettingsProvider: call() name : game_mode_status_auto
11-25 11:12:45.423  1179  1179 W SettingsProvider: call() name : game_mode_status_manual
11-25 11:12:45.423  1179  1179 W SettingsProvider: call() name : game_mode_status_manual
11-25 11:12:45.423  1179  1179 W SettingsProvider: call() name : game_mode_status
11-25 11:12:45.423  1179  1179 W SettingsProvider: call() name : game_mode_status_auto
11-25 11:12:45.423  1179  1179 W SettingsProvider: call() name : esport_mode_enabled
11-25 11:12:45.423  1179  1179 I OIMC    : notified , mode GameMode changeTo 2
11-25 11:12:45.423  1179  1179 W SettingsProvider: call() name : rading_mode_status_auto
11-25 11:12:45.423  1179  1179 W SettingsProvider: call() name : rading_mode_status_auto
11-25 11:12:45.423  1179  1179 W SettingsProvider: call() name : reading_mode_status_manual
11-25 11:12:45.423  1179  1179 W SettingsProvider: call() name : reading_mode_status_manual
11-25 11:12:45.423  1179  1179 W SettingsProvider: call() name : reading_mode_status
11-25 11:12:45.423  1179  1179 W SettingsProvider: call() name : rading_mode_status_auto
11-25 11:12:45.424  1179  1179 I OIMC    : notified , mode ReadMode changeTo 2
11-25 11:12:45.424  1179  1179 V SettingsProvider: Notifying for 0: content://settings/system/game_mode_status_auto
11-25 11:12:45.425  1179  1179 V SettingsProvider: Notifying for 0: content://settings/system/rading_mode_status_auto
11-25 11:12:45.425  1179  1179 W SettingsProvider: call() name : game_mode_status_auto
11-25 11:12:45.425  1179  1179 W SettingsProvider: call() name : rading_mode_status_auto
11-25 11:12:45.426  1179  2560 W SettingsProvider: call() name : auto_caps
11-25 11:12:45.427  1179  1734 I OIMC    : The mode: GameMode is not entered
11-25 11:12:45.427  1179  1734 I OIMC    : The mode: ReadMode is not entered
11-25 11:12:45.428  1179  2560 W SettingsProvider: call() name : time_12_24
11-25 11:12:45.429  1179 12351 W SettingsProvider: call() name : auto_replace
11-25 11:12:45.430  1179  1217 W SettingsProvider: call() name : auto_punctuate
11-25 11:12:45.431  1179  1217 W SettingsProvider: call() name : show_password
11-25 11:12:45.432  1179 12351 W SettingsProvider: call() name : auto_caps
11-25 11:12:45.459  1179  1217 W SettingsProvider: call() name : font_scale
11-25 11:12:45.487  1179 12351 W SettingsProvider: call() name : font_scale
11-25 11:12:45.533  1179  1217 D ConnectivityService: Returning BLOCKED NetworkInfo to uid=10207
11-25 11:12:45.533  1179  1704 V AlarmManager: Triggering alarm #0: 3 when =153031610 package =android operation =*alarm*:com.android.server.action.NETWORK_STATS_POLL flags =0x8
11-25 11:12:45.533  1179  1704 V AlarmManager: Triggering alarm #1: 2 when =153039387 package =android operation = null listenTag =*job.delay* flags =0x0
11-25 11:12:45.807  1179  1704 V AlarmManager: Triggering alarm #0: 2 when =153039662 package =android operation = null listenTag =*job.delay* flags =0x0
11-25 11:12:47.965  1179  1244 D BatteryStatsService: ext-flush too soon, skip
11-25 11:12:48.293  1179  1244 D BatteryStatsService: ext-flush too soon, skip
11-25 11:12:51.578  1179  1217 W SettingsProvider: call() name : sound_effects_enabled
11-25 11:12:51.580  1179  2560 D StatusBarManagerService: onInputShown shown=false reserved=0
11-25 11:12:51.620  1179  1217 W SettingsProvider: call() name : op_navigation_bar_type
11-25 11:12:51.622  1179  1217 D StatusBarManagerService: onInputShown shown=false reserved=0
11-25 11:12:51.628  1179  1217 W SettingsProvider: call() name : haptic_feedback_enabled
11-25 11:12:52.615  1179 12351 D StatusBarManagerService: onInputShown shown=false reserved=0
11-25 11:12:52.659  1179 12351 D StatusBarManagerService: onInputShown shown=false reserved=0
11-25 11:12:52.665  1179  1246 W SettingsProvider: call() name : temp_disable_scene_screen_effect
11-25 11:12:52.665  1179  1246 D RestartProcessManager: updateSelf :  com.facebook.katana, size : 30
11-25 11:12:53.164  1179  1246 W SettingsProvider: call() name : game_mode_status_auto
11-25 11:12:53.165  1179  1246 W SettingsProvider: call() name : rading_mode_status_auto
11-25 11:12:53.167  1179  2560 W SettingsProvider: call() name : time_12_24
11-25 11:12:53.168  1179  1179 V SettingsProvider: Notifying for 0: content://settings/system/game_mode_status_auto
11-25 11:12:53.170  1179  1179 V SettingsProvider: Notifying for 0: content://settings/system/rading_mode_status_auto
11-25 11:12:53.170  1179  1179 W SettingsProvider: call() name : game_mode_status_auto
11-25 11:12:53.170  1179  1179 W SettingsProvider: call() name : rading_mode_status_auto
11-25 11:12:53.171  1179  1179 W SettingsProvider: call() name : game_mode_status_auto
11-25 11:12:53.171  1179  1179 W SettingsProvider: call() name : game_mode_status_auto
11-25 11:12:53.171  1179  1179 W SettingsProvider: call() name : game_mode_status_manual
11-25 11:12:53.171  1179  1179 W SettingsProvider: call() name : game_mode_status_manual
11-25 11:12:53.172  1179  1179 W SettingsProvider: call() name : game_mode_status
11-25 11:12:53.172  1179  1179 W SettingsProvider: call() name : game_mode_status_auto
11-25 11:12:53.173  1179  1179 W SettingsProvider: call() name : esport_mode_enabled
11-25 11:12:53.173  1179  1179 I OIMC    : notified , mode GameMode changeTo 2
11-25 11:12:53.174  1179  1734 I OIMC    : The mode: GameMode is not entered
11-25 11:12:53.174  1179  1179 W SettingsProvider: call() name : rading_mode_status_auto
11-25 11:12:53.174  1179  1179 W SettingsProvider: call() name : rading_mode_status_auto
11-25 11:12:53.174  1179  1179 W SettingsProvider: call() name : reading_mode_status_manual
11-25 11:12:53.174  1179  1179 W SettingsProvider: call() name : reading_mode_status_manual
11-25 11:12:53.174  1179  1179 W SettingsProvider: call() name : reading_mode_status
11-25 11:12:53.175  1179  1179 W SettingsProvider: call() name : rading_mode_status_auto
11-25 11:12:53.175  1179  1179 I OIMC    : notified , mode ReadMode changeTo 2
11-25 11:12:53.175  1179  1734 I OIMC    : The mode: ReadMode is not entered
11-25 11:12:53.177  1179  2560 W SettingsProvider: call() name : time_12_24
11-25 11:12:53.177  1179  1179 V SettingsProvider: Notifying for 0: content://settings/system/game_mode_status_auto
11-25 11:12:53.179  1179  1179 V SettingsProvider: Notifying for 0: content://settings/system/rading_mode_status_auto
11-25 11:12:53.180  1179  1179 W SettingsProvider: call() name : game_mode_status_auto
11-25 11:12:53.180  1179  1179 W SettingsProvider: call() name : rading_mode_status_auto
11-25 11:12:53.229  1179  1704 V AlarmManager: Triggering alarm #0: 2 when =153047084 package =android operation = null listenTag =*job.delay* flags =0x0
11-25 11:12:53.229  1179  1704 V AlarmManager: Triggering alarm #1: 3 when =153040880 package =com.android.phone operation =*alarm*:com.android.internal.telephony.data-stall flags =0x8
11-25 11:12:53.235  1179  6965 D NetworkManagement: OP_DATA_STALL: OPgetDnsInfo() cellularNetId = 176, cellularServerslength = 4, cellularDomainslength = 0
11-25 11:12:53.236  1179  6965 D NetworkManagement: OP_DATA_STALL: OPgetDnsInfo() e = java.lang.RuntimeException: bad array lengths
11-25 11:12:53.236  1179  6965 D NetworkManagement: OP_DATA_STALL: OPgetDnsInfo() resultServers[0] = null
11-25 11:12:53.236  1179  6965 D NetworkManagement: OP_DATA_STALL: OPgetDnsInfo() resultServers[1] = null
11-25 11:12:53.236  1179  6965 D NetworkManagement: OP_DATA_STALL: OPgetDnsInfo() resultServers[2] = null
11-25 11:12:53.236  1179  6965 D NetworkManagement: OP_DATA_STALL: OPgetDnsInfo() resultServers[3] = null
11-25 11:12:53.239  1179  6965 W SettingsProvider: call() name : radio.data.stall.recovery.action
11-25 11:12:53.579  1179  1704 V AlarmManager: Triggering alarm #0: 2 when =153047084 package =android operation = null listenTag =*job.deadline* flags =0x0
11-25 11:12:53.683  1179  1704 V AlarmManager: Triggering alarm #0: 2 when =153047538 package =android operation = null listenTag =*job.delay* flags =0x0
11-25 11:12:53.731  1179  1704 V AlarmManager: Triggering alarm #0: 2 when =153047538 package =android operation = null listenTag =*job.deadline* flags =0x0
11-25 11:12:54.951  1179 12351 W SettingsProvider: call() name : sound_effects_enabled
11-25 11:12:54.989  1179  1217 D StatusBarManagerService: onInputShown shown=false reserved=0
11-25 11:12:55.453  1179  1217 W SettingsProvider: call() name : font_scale
11-25 11:12:57.261  1179  1704 V AlarmManager: Triggering alarm #0: 2 when =153051115 package =com.whatsapp operation =*walarm*:com.whatsapp.alarm.AVAILABLE_TIMEOUT flags =0x5
11-25 11:12:59.405  1179  1217 W SettingsProvider: call() name : op_navigation_bar_type
11-25 11:12:59.452  1179  1217 D StatusBarManagerService: onInputShown shown=false reserved=0
11-25 11:12:59.455  1179  1217 W SettingsProvider: call() name : haptic_feedback_enabled
11-25 11:13:00.001  1179  1704 V AlarmManager: Triggering alarm #0: 3 when =153053856 package =android operation =*alarm*:android.intent.action.TIME_TICK flags =0x1
11-25 11:13:13.488  1179  1217 W SettingsProvider: call() name : haptic_feedback_enabled
11-25 11:13:15.446  1179  1246 I ActivityManager: pid= 796 st.name = surfaceflinger cpuPercent = 18 st.rel_utime =20660 st.rel_stime =8120
11-25 11:13:15.446  1179  1246 I ActivityManager: pid= 5442 st.name = ileged_process2 cpuPercent = 32 st.rel_utime =33400 st.rel_stime =15480
11-25 11:13:15.447  1179  1246 E OHPD    : [BgDetect] AppForkedProc kworker/3:2 pid 12008 uid 0 can't find pkgName
11-25 11:13:15.447  1179  1246 I ActivityManager: pid= 30916 st.name = facebook.katana cpuPercent = 14 st.rel_utime =18900 st.rel_stime =3260
11-25 11:13:15.449  1179  1246 W SettingsProvider: call() name : com_oneplus_systemui_recent_task_lockd_list
11-25 11:13:15.449  1179  1246 I OHPD    : [BgDetect]chkExcessCpu level: 1 doKills: true critical false uptime: 300297
11-25 11:13:15.531  1179  1246 I OHPD    : isIsolated process: app.uid:99355,app.info.uid:10167, app.processName:com.android.chrome:sandboxed_process1
11-25 11:13:15.553  1179  1246 I OHPD    : isIsolated process: app.uid:99319,app.info.uid:10423, app.processName:com.android.chrome:sandboxed_process0
11-25 11:13:15.569  1179  1246 I OHPD    : [BgDetect] skip proc com.android.chrome:privileged_process2(uid 10098), reason= white list pkg com.android.chrome
11-25 11:13:15.569  1179  1246 I OHPD    : isIsolated process: app.uid:99009,app.info.uid:10045, app.processName:com.android.chrome:sandboxed_process0
11-25 11:13:15.688  1179  1246 I OHPD    : isIsolated process: app.uid:99001,app.info.uid:10307, app.processName:com.android.chrome:sandboxed_process0
11-25 11:13:25.669   950  1030 E storaged: getDiskStats failed with result NOT_SUPPORTED and size 0
11-25 11:13:37.617  1179  1704 V AlarmManager: Triggering alarm #0: 2 when =153091472 package =android operation = null listenTag =*job.delay* flags =0x0
11-25 11:13:37.824  1179  2560 D ConnectivityService: requestNetwork for uid/pid:10063/10760 NetworkRequest [ TRACK_DEFAULT id=1721, [ Capabilities: INTERNET&NOT_RESTRICTED&TRUSTED Unwanted:  Uid: 10063] ]
11-25 11:13:44.700  1179  1217 W SettingsProvider: call() name : haptic_feedback_enabled
11-25 11:13:44.703  1179  1217 W SettingsProvider: call() name : sound_effects_enabled
11-25 11:13:44.820  1179  1217 D StatusBarManagerService: onInputShown shown=false reserved=0
11-25 11:13:49.998  1179  2560 D StatusBarManagerService: onInputShown shown=false reserved=0
11-25 11:13:51.174  1179  2560 W SettingsProvider: call() name : notification_light_pulse_color
11-25 11:13:51.324  1179  2560 W SettingsProvider: call() name : haptic_feedback_enabled
11-25 11:13:51.430  1179 12351 D StatusBarManagerService: onInputShown shown=false reserved=0
11-25 11:13:52.725  1179 12351 D StatusBarManagerService: onInputShown shown=true reserved=0
11-25 11:13:52.735  1179  1217 D StatusBarManagerService: onInputShown shown=false reserved=0
11-25 11:13:52.765  1179 12351 W SettingsProvider: call() name : font_scale
11-25 11:13:53.210  1179  1217 D StatusBarManagerService: onInputShown shown=true reserved=0
11-25 11:13:54.914  1179  7299 W SettingsProvider: call() name : haptic_feedback_enabled
11-25 11:13:55.058  1179  7299 D StatusBarManagerService: onInputShown shown=false reserved=0
11-25 11:13:56.147  1179  7299 W SettingsProvider: call() name : haptic_feedback_enabled
11-25 11:13:56.241  1179  7299 D StatusBarManagerService: onInputShown shown=false reserved=0
11-25 11:13:58.082  1179  3660 D StatusBarManagerService: onInputShown shown=false reserved=0
11-25 11:14:00.000  1179  1704 V AlarmManager: Triggering alarm #0: 3 when =153113855 package =android operation =*alarm*:android.intent.action.TIME_TICK flags =0x1
11-25 11:14:00.261  1179  1862 D OnePlusProcessManager: checkWhiteUid fail 10219
11-25 11:14:00.306  1179  3660 W SettingsProvider: call() name : haptic_feedback_enabled
11-25 11:14:00.405  1179 12351 D StatusBarManagerService: onInputShown shown=false reserved=0
11-25 11:14:01.649  1179  6965 D StatusBarManagerService: onInputShown shown=false reserved=0
11-25 11:14:02.251  1179 12351 W SettingsProvider: call() name : font_scale
11-25 11:14:06.146  1179  1704 V AlarmManager: Triggering alarm #0: 3 when =153120000 package =android operation = null listenTag =*job.heartbeat* flags =0x9
11-25 11:14:07.315  1179  1246 W ActivityManager: Stopping service due to app idle: u0a207 -2m7s472ms com.whatsapp/.messaging.MessageService
11-25 11:14:11.207  1179 12351 D ConnectivityService: Returning BLOCKED NetworkInfo to uid=10098
11-25 11:14:12.416  1179  2194 W SettingsProvider: call() name : haptic_feedback_enabled
11-25 11:14:12.573  1179  2194 D StatusBarManagerService: onInputShown shown=false reserved=0
11-25 11:14:13.294  1179  6965 W SettingsProvider: call() name : haptic_feedback_enabled
11-25 11:14:13.456  1179  6965 D StatusBarManagerService: onInputShown shown=false reserved=0
11-25 11:14:14.572 30916 30916 E SchedPolicy: set_timerslack_ns write failed: Operation not permitted
11-25 11:14:14.572 30916 30916 E SchedPolicy: set_timerslack_ns write failed: Operation not permitted
11-25 11:14:14.572 30916 31182 E SchedPolicy: set_timerslack_ns write failed: Operation not permitted
11-25 11:14:14.572 30916 31182 I chatty  : uid=10209(com.facebook.katana) FinalizerWatchd identical 1 line
11-25 11:14:14.573 30916 31182 E SchedPolicy: set_timerslack_ns write failed: Operation not permitted
11-25 11:14:17.089 30916 30916 E SchedPolicy: set_timerslack_ns write failed: Operation not permitted
11-25 11:14:17.090 30916 31182 E SchedPolicy: set_timerslack_ns write failed: Operation not permitted
11-25 11:14:17.090 30916 31182 E SchedPolicy: set_timerslack_ns write failed: Operation not permitted
11-25 11:14:17.193  1179  1704 V AlarmManager: Triggering alarm #0: 2 when =153131047 package =android operation = null listenTag =*job.delay* flags =0x0
11-25 11:14:17.254 30916 30916 E SchedPolicy: set_timerslack_ns write failed: Operation not permitted
11-25 11:14:17.254 30916 31182 E SchedPolicy: set_timerslack_ns write failed: Operation not permitted
11-25 11:14:17.254 30916 31182 E SchedPolicy: set_timerslack_ns write failed: Operation not permitted
11-25 11:14:18.099  1179  1704 V AlarmManager: Triggering alarm #0: 2 when =153131047 package =android operation = null listenTag =*job.deadline* flags =0x0
11-25 11:14:18.979  1179  2194 W ActivityManager: Background start not allowed: service Intent { act=com.whatsapp.messaging.MessageService.START cmp=com.whatsapp/.messaging.MessageService } to com.whatsapp/.messaging.MessageService from pid=4169 uid=10207 pkg=com.whatsapp startFg?=false
11-25 11:14:18.996  1179  1246 W SettingsProvider: call() name : notification_light_pulse_color
11-25 11:14:18.996  1179  1246 E NotificationService: Suppressing notification from package by user request. Package: com.whatsapp isGroupBlocked: false isRankingImportanceNone: true isRecordImportanceNone: false
11-25 11:14:19.015  1179  6965 D ConnectivityService: Returning UNBLOCKED NetworkInfo to uid=10207
11-25 11:14:19.018  1179  6965 D ConnectivityService: requestNetwork for uid/pid:10207/4169 NetworkRequest [ TRACK_DEFAULT id=1722, [ Capabilities: INTERNET&NOT_RESTRICTED&TRUSTED Unwanted:  Uid: 10207] ]
11-25 11:14:19.139 30916 30916 E SchedPolicy: set_timerslack_ns write failed: Operation not permitted
11-25 11:14:19.139 30916 31182 E SchedPolicy: set_timerslack_ns write failed: Operation not permitted
11-25 11:14:19.139 30916 31182 E SchedPolicy: set_timerslack_ns write failed: Operation not permitted
11-25 11:14:19.302  1179  6965 W SettingsProvider: call() name : haptic_feedback_enabled
11-25 11:14:19.478  1179  6965 W SettingsProvider: call() name : haptic_feedback_enabled
11-25 11:14:19.481  1179  1721 W SettingsProvider: call() name : user_setup_complete
11-25 11:14:19.484  1179  1721 W SettingsProvider: call() name : user_setup_complete
11-25 11:14:19.488  1179  1721 I ActivityManager: START u0 {act=android.intent.action.MAIN cat=[android.intent.category.HOME] flg=0x10200000 cmp=net.oneplus.launcher/.Launcher (has extras)} from uid 1000 pid 1179
11-25 11:14:19.501  1179  1246 W SettingsProvider: call() name : temp_disable_scene_screen_effect
11-25 11:14:19.551  1179 12351 W SettingsProvider: call() name : op_navigation_bar_type
11-25 11:14:19.552  1179 12351 D StatusBarManagerService: onInputShown shown=false reserved=0
11-25 11:14:19.609  1179  1773 D ConnectivityService: releasing NetworkRequest [ TRACK_DEFAULT id=1722, [ Capabilities: INTERNET&NOT_RESTRICTED&TRUSTED Unwanted:  Uid: 10207] ] (release request)
11-25 11:14:19.702  1179  2560 D ConnectivityService: Returning BLOCKED NetworkInfo to uid=10209
11-25 11:14:20.003  1179  1246 W SettingsProvider: call() name : game_mode_status_auto
11-25 11:14:20.004  1179  1246 W SettingsProvider: call() name : rading_mode_status_auto
11-25 11:14:20.009  1179  1179 V SettingsProvider: Notifying for 0: content://settings/system/game_mode_status_auto
11-25 11:14:20.009  1179  2560 W SettingsProvider: call() name : time_12_24
11-25 11:14:20.021  1179  1179 V SettingsProvider: Notifying for 0: content://settings/system/rading_mode_status_auto
11-25 11:14:20.022  1179  1179 W SettingsProvider: call() name : game_mode_status_auto
11-25 11:14:20.022  1179  1179 W SettingsProvider: call() name : rading_mode_status_auto
11-25 11:14:20.023  1179  6965 V AnimatingAppWindowTokenRegistry: reset and invoke finish: token=AppWindowToken{17ad75b token=Token{62266a ActivityRecord{b0e1c55 u0 com.facebook.katana/.activity.FbMainTabActivity t21326}}}
11-25 11:14:20.024  1179  6965 V AnimatingAppWindowTokenRegistry: reset and invoke finish: token=AppWindowToken{57a6faf token=Token{1c25b8e ActivityRecord{5cf1f89 u0 net.oneplus.launcher/.Launcher t21116}}}
11-25 11:14:20.033  1179  1179 W SettingsProvider: call() name : game_mode_status_auto
11-25 11:14:20.034  1179  1179 W SettingsProvider: call() name : game_mode_status_auto
11-25 11:14:20.034  1179  1179 W SettingsProvider: call() name : game_mode_status_manual
11-25 11:14:20.034  1179  1179 W SettingsProvider: call() name : game_mode_status_manual
11-25 11:14:20.034  1179  1179 W SettingsProvider: call() name : game_mode_status
11-25 11:14:20.035  1179  1179 W SettingsProvider: call() name : game_mode_status_auto
11-25 11:14:20.035  1179  1179 W SettingsProvider: call() name : esport_mode_enabled
11-25 11:14:20.035  1179  1179 I OIMC    : notified , mode GameMode changeTo 2
11-25 11:14:20.035  1179  1179 W SettingsProvider: call() name : rading_mode_status_auto
11-25 11:14:20.035  1179  1179 W SettingsProvider: call() name : rading_mode_status_auto
11-25 11:14:20.035  1179  1734 I OIMC    : The mode: GameMode is not entered
11-25 11:14:20.035  1179  1179 W SettingsProvider: call() name : reading_mode_status_manual
11-25 11:14:20.036  1179  1179 W SettingsProvider: call() name : reading_mode_status_manual
11-25 11:14:20.036  1179  1179 W SettingsProvider: call() name : reading_mode_status
11-25 11:14:20.036  1179  1179 W SettingsProvider: call() name : rading_mode_status_auto
11-25 11:14:20.036  1179  1179 I OIMC    : notified , mode ReadMode changeTo 2
11-25 11:14:20.040  1179  1734 I OIMC    : The mode: ReadMode is not entered
11-25 11:14:20.042  1179 12351 W SettingsProvider: call() name : time_12_24
11-25 11:14:20.043  1179  1179 V SettingsProvider: Notifying for 0: content://settings/system/game_mode_status_auto
11-25 11:14:20.044  1179  1179 V SettingsProvider: Notifying for 0: content://settings/system/rading_mode_status_auto
11-25 11:14:20.044  1179  1179 W SettingsProvider: call() name : game_mode_status_auto
11-25 11:14:20.044  1179  1179 W SettingsProvider: call() name : rading_mode_status_auto
11-25 11:14:21.317  1179  1722 D WindowManager: powerPress: eventTime=62328878 interactive=true count=1 beganFromNonInteractive=false mShortPressOnPowerBehavior=1
11-25 11:14:21.317  1179  1722 D DisplayManagerService: setWakingupReason: 
11-25 11:14:21.317  1179  1722 I PowerManagerService: Going to sleep due to power button (uid 1000)...
11-25 11:14:21.318  1179  1179 W UsageStatsService: Event reported without a package name
11-25 11:14:21.318  1179  1179 W UsageStatsService: Event reported without a package name
11-25 11:14:21.318  1179  1179 I WindowManager: Started going to sleep... (why=2)
11-25 11:14:21.329  1179  1217 W SettingsProvider: call() name : lock_screen_lock_after_timeout
11-25 11:14:21.333  1179  1217 W SettingsProvider: call() name : screen_off_timeout
11-25 11:14:21.333  1179  6965 W SettingsProvider: call() name : haptic_feedback_enabled
11-25 11:14:21.333  1179  1347 I DisplayPowerController: useProximityForceSuspend = false
11-25 11:14:21.335  1179  6965 W SettingsProvider: call() name : lockscreen_sounds_enabled
11-25 11:14:21.476  1179  1347 I DisplayPowerController: useProximityForceSuspend = false
11-25 11:14:21.476  1179  1347 I DisplayPowerController: Blocking screen off
11-25 11:14:21.476  1179  1347 I DisplayPowerController: Unblocked screen off after 0 ms
11-25 11:14:21.476  1179  1347 I ColorBalanceService: MSG:2
11-25 11:14:21.476  1179  1819 D ColorBalanceService: MSG_SCREEN_OFF
11-25 11:14:21.476  1179  1819 I ColorBalanceService: processScreenOn:false reason = 4
11-25 11:14:21.477  1179  1819 D ColorBalanceService: the SRGB sensor has been removed in project 18821/18827/18831/18857
11-25 11:14:21.485  1179  1347 I WindowManager: Screen turned off...
11-25 11:14:21.522  1179  1179 W SettingsProvider: call() name : car_charger_auto_turn_on_dnd
11-25 11:14:21.522  1179  1179 W SettingsProvider: call() name : op_care_charger_auto_open_app
11-25 11:14:21.533  1179  1347 D RestartProcessManager: Screen off is true
11-25 11:14:21.537  1179  7299 W SettingsProvider: call() name : screen_brightness
11-25 11:14:21.537  1179  1347 I DisplayPowerController: useProximityForceSuspend = false
11-25 11:14:21.537  1179  1347 D RestartProcessManager: Screen off is true
11-25 11:14:21.537  1179  1345 I DisplayManagerService: Display device changed state: "Built-in Screen", OFF
11-25 11:14:21.563  1179  7299 W SettingsProvider: call() name : airplane_mode_on
11-25 11:14:21.563  1179  7299 W SettingsProvider: call() name : ble_scan_always_enabled
11-25 11:14:21.571  1179  6965 W SettingsProvider: call() name : screen_brightness
11-25 11:14:21.577  1179  1271 E BatteryExternalStatsWorker: no controller energy info supplied for bluetooth
11-25 11:14:21.592  1179  6965 W SettingsProvider: call() name : accelerometer_rotation
11-25 11:14:21.593  1179 12351 W SettingsProvider: call() name : accessibility_display_grayscale_enabled
11-25 11:14:21.599  1179  6965 W SettingsProvider: call() name : esport_mode_enabled
11-25 11:14:21.600  1179  6965 W SettingsProvider: call() name : game_mode_status
11-25 11:14:21.600  1179 12351 W SettingsProvider: call() name : esport_mode_enabled
11-25 11:14:21.601  1179  6965 W SettingsProvider: call() name : reading_mode_status
11-25 11:14:21.602  1179  6965 W SettingsProvider: call() name : accessibility_display_grayscale_enabled
11-25 11:14:21.608  1179 12351 W SettingsProvider: call() name : device_demo_mode
11-25 11:14:21.663  1179  2560 W SettingsProvider: call() name : notification_light_pulse_color
11-25 11:14:21.667  1179  2560 I OIMC    : notified , mode FingerPrintMode changeTo 2
11-25 11:14:21.667  1179  1734 I OIMC    : The mode: FingerPrintMode is not entered
11-25 11:14:21.808  1179  1347 I DisplayPowerController: useProximityForceSuspend = false
11-25 11:14:21.808  1179  1347 D RestartProcessManager: Screen off is true
11-25 11:14:21.810  1179  1347 W SettingsProvider: call() name : doze_enabled
11-25 11:14:21.810  1179  1347 I DreamManagerService: Entering dreamland.
11-25 11:14:21.811  1179  1347 I PowerManagerService: Dozing...
11-25 11:14:21.811  1179  1343 I DreamController: Starting dream: name=ComponentInfo{com.android.systemui/com.android.systemui.doze.DozeService}, isTest=false, canDoze=true, userId=0
11-25 11:14:21.864  1179  3660 W SettingsProvider: call() name : user_setup_complete
11-25 11:14:21.866  1179  3660 W SettingsProvider: call() name : op_navigation_bar_type
11-25 11:14:21.911  1179  2560 W SettingsProvider: call() name : screen_brightness
11-25 11:14:21.912  1179  3660 W SettingsProvider: call() name : doze_always_on
11-25 11:14:21.918  1179  1347 I DisplayPowerController: useProximityForceSuspend = false
11-25 11:14:21.918  1179  1347 D RestartProcessManager: Screen off is true
11-25 11:14:21.922  1179  1179 I WindowManager: Finished going to sleep... (why=2)
11-25 11:14:21.922  1179  1179 D OnePlusPowerController: SCREEN is OFF
11-25 11:14:21.923  1179  1179 D OnePlusPowerController: mScreenOffStart=2022-11-25 11:14:21
11-25 11:14:21.933  1179  3660 I ActivityManager: FP_ACCELERATE: mIsFingerprintEnabled=false
11-25 11:14:21.935  1179  2194 W SettingsProvider: call() name : accelerometer_rotation
11-25 11:14:21.937  1179  3660 I ActivityManager: AppLocker: setKeyguardDone false
11-25 11:14:21.939  1179  2560 W SettingsProvider: call() name : accessibility_display_grayscale_enabled
11-25 11:14:21.945  1179 12351 D ConnectivityService: Returning BLOCKED NetworkInfo to uid=10329
11-25 11:14:21.965  1179 12351 W SettingsProvider: call() name : esport_mode_enabled
11-25 11:14:21.967  1179  3660 W SettingsProvider: call() name : status_bar_show_battery_percent
11-25 11:14:21.972  1179  1244 W SettingsProvider: call() name : location_global_kill_switch
11-25 11:14:21.978  1179  2194 D StatusBarManagerService: onInputShown shown=false reserved=0
11-25 11:14:21.979  1179 12351 W SettingsProvider: call() name : game_mode_status
11-25 11:14:21.983  1179  1979 W SettingsProvider: call() name : location_providers_allowed
11-25 11:14:21.984  1179  1179 V SettingsProvider: Notifying for 0: content://settings/secure/location_providers_allowed
11-25 11:14:21.985  1179  6965 W SettingsProvider: call() name : location_providers_allowed
11-25 11:14:21.985  1179  3660 W SettingsProvider: call() name : location_providers_allowed
11-25 11:14:21.985  1179  2194 W SettingsProvider: call() name : location_providers_allowed
11-25 11:14:21.986  1179  1179 V SettingsProvider: Notifying for 999: content://settings/secure/location_providers_allowed
11-25 11:14:21.987  1179  1179 W SettingsProvider: call() name : esport_mode_enabled
11-25 11:14:21.987  1179  7299 W SettingsProvider: call() name : location_providers_allowed
11-25 11:14:21.987  1179  1179 W SettingsProvider: call() name : esport_mode_data_saver
11-25 11:14:21.987  1179  1217 W SettingsProvider: call() name : esport_mode_enabled
11-25 11:14:21.989  1179  2194 W SettingsProvider: call() name : reading_mode_status
11-25 11:14:21.990  1179  7299 W SettingsProvider: call() name : accessibility_display_inversion_enabled
11-25 11:14:21.990  1179  7299 W SettingsProvider: call() name : accessibility_display_daltonizer_enabled
11-25 11:14:21.991  1179  2194 W SettingsProvider: call() name : accessibility_display_grayscale_enabled
11-25 11:14:21.992  1179  2194 W SettingsProvider: call() name : airplane_mode_on
11-25 11:14:21.995  1179  2558 W SettingsProvider: call() name : op_navigation_bar_type
11-25 11:14:21.996  1179  3533 W SettingsProvider: call() name : device_demo_mode
11-25 11:14:21.997  1179  2558 W SettingsProvider: call() name : multi_sim_voice_call
11-25 11:14:22.005  1179 12351 W SettingsProvider: call() name : location_providers_allowed
11-25 11:14:22.006  1179  1246 W BroadcastQueue: Background execution not allowed: receiving Intent { act=android.location.PROVIDERS_CHANGED flg=0x10 } to com.google.android.apps.maps/com.google.android.apps.gmm.geofence.GeofenceLocationAvailabilityManager$LocationProviderChangeBroadcastReceiver
11-25 11:14:22.006  1179  1246 W BroadcastQueue: Background execution not allowed: receiving Intent { act=android.location.PROVIDERS_CHANGED flg=0x10 } to com.google.android.apps.maps/com.google.android.apps.gmm.locationsharing.usr.LocationAvailabilityChecker$LocationProvidersChangedBroadcastReceiver
11-25 11:14:22.006  1179  1246 W BroadcastQueue: Background execution not allowed: receiving Intent { act=android.location.PROVIDERS_CHANGED flg=0x10 } to com.google.android.gms/.chimera.GmsIntentOperationService$PersistentTrustedReceiver
11-25 11:14:22.006  1179  1246 W BroadcastQueue: Background execution not allowed: receiving Intent { act=android.location.PROVIDERS_CHANGED flg=0x10 } to com.google.android.googlequicksearchbox/com.google.android.apps.gsa.broadcastreceiver.external.ExternalCommonBroadcastReceiver
11-25 11:14:22.006  1179  1246 W BroadcastQueue: Background execution not allowed: receiving Intent { act=android.location.PROVIDERS_CHANGED flg=0x10 } to nic.goi.aarogyasetu/.utility.BluetoothLocationReceiver
11-25 11:14:22.006  1179  1246 W BroadcastQueue: Background execution not allowed: receiving Intent { act=android.location.PROVIDERS_CHANGED flg=0x10 } to com.google.android.gms/.chimera.GmsIntentOperationService$PersistentTrustedReceiver
11-25 11:14:22.006  1179  1246 W BroadcastQueue: Background execution not allowed: receiving Intent { act=android.location.MODE_CHANGED flg=0x10 } to com.google.android.apps.maps/com.google.android.apps.gmm.geofence.GeofenceLocationAvailabilityManager$LocationProviderChangeBroadcastReceiver
11-25 11:14:22.006  1179  1246 W BroadcastQueue: Background execution not allowed: receiving Intent { act=android.location.MODE_CHANGED flg=0x10 } to com.google.android.apps.maps/com.google.android.apps.gmm.locationsharing.usr.LocationAvailabilityChecker$LocationProvidersChangedBroadcastReceiver
11-25 11:14:22.006  1179  1246 W BroadcastQueue: Background execution not allowed: receiving Intent { act=android.location.MODE_CHANGED flg=0x10 } to com.google.android.gms/.chimera.GmsIntentOperationService$PersistentTrustedReceiver
11-25 11:14:22.006  1179  1246 W BroadcastQueue: Background execution not allowed: receiving Intent { act=android.location.MODE_CHANGED flg=0x10 } to com.google.android.gms/.chimera.GmsIntentOperationService$PersistentTrustedReceiver
11-25 11:14:22.007  1179  6965 W SettingsProvider: call() name : location_providers_allowed
11-25 11:14:22.009  1179  1179 V SettingsProvider: Notifying for 0: content://settings/global/location_global_kill_switch
11-25 11:14:22.010  1179  1179 V SettingsProvider: Notifying for 999: content://settings/global/location_global_kill_switch
11-25 11:14:22.012  1179  1179 W SettingsProvider: call() name : network_recommendations_enabled
11-25 11:14:22.012  1179  1179 W SettingsProvider: call() name : network_recommendations_package
11-25 11:14:22.012  1179  1179 W SettingsProvider: call() name : network_recommendations_enabled
11-25 11:14:22.013  1179  1179 W SettingsProvider: call() name : network_scorer_app
11-25 11:14:22.013  1179  1179 W SettingsProvider: call() name : network_recommendations_enabled
11-25 11:14:22.013  1179  1179 W SettingsProvider: call() name : network_recommendations_package
11-25 11:14:22.017  1179  1179 V SettingsProvider: Notifying for 0: content://settings/global/network_recommendations_enabled
11-25 11:14:22.017  1179  1179 V SettingsProvider: Notifying for 999: content://settings/global/network_recommendations_enabled
11-25 11:14:22.019  1179  1179 W SettingsProvider: call() name : network_recommendations_enabled
11-25 11:14:22.023  1179 12857 W SettingsProvider: call() name : dropbox_age_seconds
11-25 11:14:22.023  1179  1217 W SettingsProvider: call() name : pdp_watchdog_long_poll_interval_ms
11-25 11:14:22.025  1179 12857 W SettingsProvider: call() name : dropbox_max_files
11-25 11:14:22.030  1179 12857 W SettingsProvider: call() name : dropbox_quota_percent
11-25 11:14:22.030  1179 12857 W SettingsProvider: call() name : dropbox_reserve_percent
11-25 11:14:22.030  1179 12857 W SettingsProvider: call() name : dropbox_quota_kb
11-25 11:14:22.032  1179  6965 W SettingsProvider: call() name : location_providers_allowed
11-25 11:14:22.040  1179  2560 W SettingsProvider: call() name : radio.data.stall.recovery.action
11-25 11:14:22.047  1179  1714 W SettingsProvider: call() name : airplane_mode_on
11-25 11:14:22.048  1179  1714 W SettingsProvider: call() name : airplane_mode_on
11-25 11:14:22.049  1179  1714 W SettingsProvider: call() name : ble_scan_always_enabled
11-25 11:14:22.049  1179  2194 W SettingsProvider: call() name : airplane_mode_on
11-25 11:14:22.050  1179  3458 W SettingsProvider: call() name : data_stall_alarm_non_aggressive_delay_in_ms
11-25 11:14:22.064  1179  1248 I ActivityManager: Start proc 12859:com.bt.bms/u0a215 for broadcast com.bt.bms/com.clevertap.android.geofence.CTLocationUpdateReceiver
11-25 11:14:22.095  1179  2560 D OnePlusSmartBoostManager: writeHotCount com.bt.bms, pid=12859
11-25 11:14:22.106  1179  3660 W UsageStatsService: Event reported without a package name
11-25 11:14:22.106  1179  3660 W UsageStatsService: Event reported without a package name
11-25 11:14:22.109  1179  3660 I OemSceneModeAmHelper: [scene] handleShowOrOccludedChanged showing true, occluded false
11-25 11:14:22.109  1179  1246 W SettingsProvider: call() name : temp_disable_scene_screen_effect
11-25 11:14:22.111  1179  1246 V UsbDeviceManager: onKeyguardStateChanged: isShowing:true secure:true user:0
11-25 11:14:22.111  1179  1343 D UsbDeviceManager: setEnabledFunctions functions=0, forceRestart=false, usbDataUnlocked=false
11-25 11:14:22.111  1179  1343 I UsbDeviceManager: Func=adb Cur_Func=0 Oem=adb Cur_Oem=adb Applied=true force=false
11-25 11:14:22.117  1179  6965 W SettingsProvider: call() name : location_providers_allowed
11-25 11:14:22.123  1179  3458 W SettingsProvider: call() name : user_setup_complete
11-25 11:14:22.132  1179  3533 W SettingsProvider: call() name : telecom.stale_session_cleanup_timeout_millis
11-25 11:14:22.133  1179  1248 I ActivityManager: Start proc 12923:com.google.android.gms/u999a45 for service com.google.android.gms/.chimera.GmsIntentOperationService
11-25 11:14:22.139  1179  2560 W SettingsProvider: call() name : show_password
11-25 11:14:22.140  1179  2560 W SettingsProvider: call() name : haptic_feedback_enabled
11-25 11:14:22.143  1179  2560 I chatty  : uid=1000(system) Binder:1179_B identical 3 lines
11-25 11:14:22.144  1179  2560 W SettingsProvider: call() name : haptic_feedback_enabled
11-25 11:14:22.145  1179  3458 W SettingsProvider: call() name : haptic_feedback_enabled
11-25 11:14:22.146  1179  3533 W SettingsProvider: call() name : haptic_feedback_enabled
11-25 11:14:22.147  1179  3533 W SettingsProvider: call() name : haptic_feedback_enabled
11-25 11:14:22.148  1179  2560 D OnePlusSmartBoostManager: writeHotCount com.google.android.gms, pid=12923
11-25 11:14:22.149  1179  3660 W SettingsProvider: call() name : haptic_feedback_enabled
11-25 11:14:22.152  1179  3660 W SettingsProvider: call() name : haptic_feedback_enabled
11-25 11:14:22.157  1179  6965 W SettingsProvider: call() name : haptic_feedback_enabled
11-25 11:14:22.160  1179  1217 W SettingsProvider: call() name : haptic_feedback_enabled
11-25 11:14:22.208  1179 12351 W SettingsProvider: call() name : enable_fullscreen_user_switcher
11-25 11:14:22.239  1179  2558 W SettingsProvider: call() name : device_provisioned
11-25 11:14:22.252  1179  2558 W SettingsProvider: call() name : screen_brightness
11-25 11:14:22.252  1892  1892 V KeyguardStatusView: refresh statusview showing:true
11-25 11:14:22.300  1179  2558 W SettingsProvider: call() name : sqlite_compatibility_wal_flags
11-25 11:14:22.310  1179  3660 W SettingsProvider: call() name : aod_clock_style
11-25 11:14:22.315  1179  1217 W SettingsProvider: call() name : enabled_accessibility_services
11-25 11:14:22.318  1179  2560 W SettingsProvider: call() name : device_demo_mode
11-25 11:14:22.319  1179  3660 W SettingsProvider: call() name : font_scale
11-25 11:14:22.325  1179  2560 W SettingsProvider: call() name : accessibility_display_magnification_enabled
11-25 11:14:22.325  1179  6965 W SettingsProvider: call() name : high_text_contrast_enabled
11-25 11:14:22.327  1179  2194 W SettingsProvider: call() name : multi_sim_voice_call
11-25 11:14:22.335  1179  1217 W SettingsProvider: call() name : accelerometer_rotation
11-25 11:14:22.340  1179  3458 I StatusBarManagerService: pkg = com.android.systemui, mDisabled1 = 1200000, mDisabled2 =0,what =18874368
11-25 11:14:22.348  1179  1714 W SettingsProvider: call() name : hide_rotation_lock_toggle_for_accessibility
11-25 11:14:22.351  1179  1248 I ActivityManager: Start proc 12979:com.google.process.gservices/u999a45 for content provider com.google.android.gsf/.gservices.GservicesProvider
11-25 11:14:22.352  1179  3660 W SettingsProvider: call() name : multi_sim_data_call
11-25 11:14:22.361  1179  3458 W SettingsProvider: call() name : device_provisioned
11-25 11:14:22.362  1179  3458 W SettingsProvider: call() name : mobile_data
11-25 11:14:22.363  1179  1217 W SettingsProvider: call() name : accelerometer_rotation
11-25 11:14:22.366  1892  1892 V KeyguardDisplayManager: show
11-25 11:14:22.373  1179  1217 W SettingsProvider: call() name : screen_brightness
11-25 11:14:22.374  1179  3660 W SettingsProvider: call() name : android_id
11-25 11:14:22.380  1179  2560 D OnePlusSmartBoostManager: writeHotCount com.google.android.gsf, pid=12979
11-25 11:14:22.381  1179  3660 W SettingsProvider: call() name : android_id
11-25 11:14:22.413  1179  3660 W SettingsProvider: call() name : accelerometer_rotation
11-25 11:14:22.416  1179  2560 W SettingsProvider: call() name : accelerometer_rotation
11-25 11:14:22.433  1179  1217 W SettingsProvider: call() name : theater_mode_on
11-25 11:14:22.449  1179  3458 W SettingsProvider: call() name : sqlite_compatibility_wal_flags
11-25 11:14:22.647  1179  1271 E BatteryExternalStatsWorker: no controller energy info supplied for bluetooth
11-25 11:14:22.681  1179  1244 D BatteryStatsService: @@@@ awaitUninterruptibly in 48 ms
11-25 11:14:22.786  1179  2194 W SettingsProvider: call() name : airplane_mode_on
11-25 11:14:22.806  1179  1714 W BroadcastQueue: Background execution not allowed: receiving Intent { act=android.net.conn.DATA_ACTIVITY_CHANGE flg=0x10 (has extras) } to com.oneplus.security/.network.trafficalarm.TrafficUsageAlarmReceiver
11-25 11:14:22.831  1179  2194 W SettingsProvider: call() name : development_settings_enabled
11-25 11:14:24.564  1179  1244 D BatteryStatsService: ext-flush too soon, skip
11-25 11:14:24.568  1179  1179 W SettingsProvider: call() name : enabled_notification_listeners
11-25 11:14:24.568  1179  1179 W SettingsProvider: call() name : enabled_notification_assistant
