11-25 11:20:57.494  1179  1246 D RestartProcessManager: updateSelf :  com.sixhandsapps.deleoapp, size : 30
11-25 11:20:57.494  1179  1246 D RestartProcessManager: updateSelf :  org.kcdastrust.Gayatri, size : 30
11-25 11:20:57.494  1179  1246 D RestartProcessManager: updateSelf :  com.google.android.apps.magazines, size : 30
11-25 11:20:57.494  1179  1246 D RestartProcessManager: updateSelf :  com.google.android.apps.authenticator2, size : 30
11-25 11:20:57.494  1179  1246 D RestartProcessManager: updateSelf :  com.google.android.music, size : 30
11-25 11:20:57.494  1179  1246 D RestartProcessManager: updateSelf :  com.bt.bms, size : 30
11-25 11:20:57.494  1179  1246 D RestartProcessManager: updateSelf :  com.nello.app, size : 30
11-25 11:20:57.494  1179  1246 D RestartProcessManager: updateSelf :  nic.goi.aarogyasetu, size : 30
11-25 11:20:57.494  1179  1246 D RestartProcessManager: updateSelf :  com.pms.activity, size : 30
11-25 11:20:57.494  1179  1246 D RestartProcessManager: updateSelf :  com.dreame.writer, size : 30
11-25 11:20:57.494  1179  1246 D RestartProcessManager: updateSelf :  com.google.android.keep, size : 30
11-25 11:20:57.494  1179  1246 D RestartProcessManager: updateSelf :  com.c25k, size : 30
11-25 11:20:57.494  1179  1246 D RestartProcessManager: updateSelf :  com.tatasky.binge, size : 30
11-25 11:20:57.494  1179  1246 D RestartProcessManager: updateSelf :  com.amazon.kindle, size : 30
11-25 11:20:57.494  1179  1246 D RestartProcessManager: updateSelf :  com.sixtostart.thewalk2, size : 30
11-25 11:20:57.494  1179  1246 D RestartProcessManager: updateSelf :  cris.org.in.prs.ima, size : 30
11-25 11:20:57.494  1179  1246 D RestartProcessManager: updateSelf :  com.NetmedsMarketplace.Netmeds, size : 30
11-25 11:20:57.494  1179  1246 D RestartProcessManager: updateSelf :  com.pedometer.sixpackworkout.loseweight, size : 30
11-25 11:20:57.494  1179  1246 D RestartProcessManager: updateSelf :  sortpuz.water.sort.puzzle.game, size : 30
11-25 11:20:57.494  1179  1246 D RestartProcessManager: updateSelf :  com.fiverr.fiverr, size : 30
11-25 11:20:57.494  1179  1246 D RestartProcessManager: updateSelf :  com.amhi.healthjinn, size : 30
11-25 11:20:57.494  1179  1246 D RestartProcessManager: updateSelf :  io.metamask, size : 30
11-25 11:20:57.494  1179  1246 D RestartProcessManager: updateSelf :  com.zoho.notebook, size : 30
11-25 11:20:57.494  1179  1246 D RestartProcessManager: updateSelf :  com.wix.android, size : 30
11-25 11:20:57.494  1179  1246 D RestartProcessManager: updateSelf :  com.google.android.apps.inputmethod.hindi, size : 30
11-25 11:20:57.494  1179  1246 D RestartProcessManager: updateSelf :  com.twitter.android, size : 30
11-25 11:20:57.494  1179  1246 D RestartProcessManager: updateSelf :  com.dealshare, size : 30
11-25 11:20:57.494  1179  1246 D RestartProcessManager: updateSelf :  com.smartspends, size : 30
11-25 11:20:57.494  1179  1246 D RestartProcessManager: updateSelf :  com.google.android.apps.docs.editors.slides, size : 30
11-25 11:20:57.494  1179  1246 D RestartProcessManager: updateSelf :  com.prodege.swagbucksmobile, size : 30
11-25 11:20:57.494  1179  1246 D RestartProcessManager: updateSelf :  com.icicibank.ibizz, size : 30
11-25 11:20:57.494  1179  1246 D RestartProcessManager: updateSelf :  com.strava, size : 30
11-25 11:20:57.494  1179  1246 D RestartProcessManager: updateSelf :  com.digilocker.android, size : 30
11-25 11:20:57.494  1179  1246 D RestartProcessManager: updateSelf :  com.localqueen, size : 30
11-25 11:20:57.494  1179  1246 D RestartProcessManager: updateSelf :  com.BlackGames.MathRiddles, size : 30
11-25 11:20:57.494  1179  1246 D RestartProcessManager: updateSelf :  com.google.android.apps.nbu.paisa.user, size : 30
11-25 11:20:57.494  1179  1246 D RestartProcessManager: updateSelf :  com.mfine, size : 30
11-25 11:20:57.494  1179  1246 D RestartProcessManager: updateSelf :  jee.techjd.jeeebooks, size : 30
11-25 11:20:57.494  1179  1246 D RestartProcessManager: updateSelf :  com.plugnplay.bblocks, size : 30
11-25 11:20:57.494  1179  1246 D RestartProcessManager: updateSelf :  com.easemytrip.android, size : 30
11-25 11:20:57.494  1179  1246 D RestartProcessManager: updateSelf :  com.google.android.apps.youtube.kids, size : 30
11-25 11:20:57.494  1179  1246 D RestartProcessManager: updateSelf :  com.bets.airindia.ui, size : 30
11-25 11:20:57.494  1179  1246 D RestartProcessManager: updateSelf :  com.dunzo.user, size : 30
11-25 11:20:57.494  1179  1246 D RestartProcessManager: updateSelf :  com.google.android.apps.maps, size : 30
11-25 11:20:57.494  1179  1246 D RestartProcessManager: updateSelf :  com.google.android.apps.tachyon, size : 30
11-25 11:20:57.494  1179  1246 D RestartProcessManager: updateSelf :  us.zoom.videomeetings, size : 30
11-25 11:20:57.494  1179  1246 D RestartProcessManager: updateSelf :  com.example.android.batchstepsensor, size : 30
11-25 11:20:57.494  1179  1246 D RestartProcessManager: updateSelf :  com.snapwork.hdfc, size : 30
11-25 11:20:57.494  1179  1246 D RestartProcessManager: updateSelf :  org.wordpress.android, size : 30
11-25 11:20:57.494  1179  1246 D RestartProcessManager: updateSelf :  com.amazon.avod.thirdpartyclient, size : 30
11-25 11:20:57.494  1179  1246 D RestartProcessManager: updateSelf :  com.dumplingsandwich.pencilsketch, size : 30
11-25 11:20:57.494  1179  1246 D RestartProcessManager: updateSelf :  com.microsoft.office.word, size : 30
11-25 11:20:57.494  1179  1246 D RestartProcessManager: updateSelf :  com.habitrpg.android.habitica, size : 30
11-25 11:20:57.494  1179  1246 D RestartProcessManager: updateSelf :  com.t11.skyviewfree, size : 30
11-25 11:20:57.494  1179  1246 D RestartProcessManager: updateSelf :  com.google.android.googlequicksearchbox, size : 30
11-25 11:20:57.494  1179  1246 D RestartProcessManager: updateSelf :  com.booking, size : 30
11-25 11:20:57.494  1179  1246 D RestartProcessManager: updateSelf :  com.google.android.apps.jam, size : 30
11-25 11:20:57.494  1179  1246 D RestartProcessManager: updateSelf :  com.google.ar.lens, size : 30
11-25 11:20:57.494  1179  1246 D RestartProcessManager: updateSelf :  org.mozilla.firefox, size : 30
11-25 11:20:57.494  1179  1246 D RestartProcessManager: updateSelf :  com.ea.game.nfs14_row, size : 30
11-25 11:20:57.494  1179  1246 D RestartProcessManager: updateSelf :  com.google.android.play.games, size : 30
11-25 11:20:57.494  1179  1246 D RestartProcessManager: updateSelf :  com.memeandsticker.personal, size : 30
11-25 11:20:57.494  1179  1246 D RestartProcessManager: updateSelf :  com.itc.itchotels, size : 30
11-25 11:20:57.494  1179  1246 D RestartProcessManager: updateSelf :  org.telegram.messenger, size : 30
11-25 11:20:57.494  1179  1246 D RestartProcessManager: updateSelf :  com.google.audio.hearing.visualization.accessibility.scribe, size : 30
11-25 11:20:57.494  1179  1246 D RestartProcessManager: updateSelf :  com.dreamplug.androidapp, size : 30
11-25 11:20:57.494  1179  1246 D RestartProcessManager: updateSelf :  com.amazon.clouddrive.photos, size : 30
11-25 11:20:57.494  1179  1246 D RestartProcessManager: updateSelf :  com.ubercab.uberlite, size : 30
11-25 11:20:57.494  1179  1246 D RestartProcessManager: updateSelf :  in.swiggy.android, size : 30
11-25 11:20:57.494  1179  1246 D RestartProcessManager: updateSelf :  com.waze, size : 30
11-25 11:20:57.494  1179  1246 D RestartProcessManager: updateSelf :  com.tatahealth.tatadhp, size : 30
11-25 11:20:57.494  1179  1246 D RestartProcessManager: updateSelf :  com.android.mms, size : 30
11-25 11:20:57.494  1179  1246 D RestartProcessManager: updateSelf :  com.truecaller, size : 30
11-25 11:20:57.494  1179  1246 D RestartProcessManager: updateSelf :  com.policybazaar, size : 30
11-25 11:20:57.494  1179  1246 D RestartProcessManager: updateSelf :  com.amazon.mp3, size : 30
11-25 11:20:57.494  1179  1246 D RestartProcessManager: updateSelf :  icici.lombard.ghi, size : 30
11-25 11:20:57.494  1179  1246 D RestartProcessManager: updateSelf :  com.hdfcclife.activities, size : 30
11-25 11:20:57.494  1179  1246 D RestartProcessManager: updateSelf :  com.sankhyantra.mathstricks, size : 30
11-25 11:20:57.494  1179  1246 D RestartProcessManager: updateSelf :  com.mightybell.mb, size : 30
11-25 11:20:57.494  1179  1246 D RestartProcessManager: updateSelf :  com.wework.mobile, size : 30
11-25 11:20:57.494  1179  1246 D RestartProcessManager: updateSelf :  com.android.settings, size : 30
11-25 11:20:57.494  1179  1246 D RestartProcessManager: updateSelf :  com.microsoft.appmanager, size : 30
11-25 11:20:57.494  1179  1246 D RestartProcessManager: updateSelf :  com.microsoft.teams, size : 30
11-25 11:20:57.494  1179  1246 D RestartProcessManager: updateSelf :  com.oneplus.note, size : 30
11-25 11:20:57.494  1179  1246 D RestartProcessManager: updateSelf :  com.flipkart.android, size : 30
11-25 11:20:57.494  1179  1246 D RestartProcessManager: updateSelf :  net.smartposture.app, size : 30
11-25 11:20:57.494  1179  1246 D RestartProcessManager: updateSelf :  com.ojassoft.astrosage, size : 30
11-25 11:20:57.494  1179  1246 D RestartProcessManager: updateSelf :  com.xiaomi.hm.health, size : 30
11-25 11:20:57.494  1179  1246 D RestartProcessManager: updateSelf :  com.instagram.android, size : 30
11-25 11:20:57.494  1179  1246 D RestartProcessManager: updateSelf :  com.android.dialer, size : 30
11-25 11:20:57.494  1179  1246 D RestartProcessManager: updateSelf :  in.amazon.mShop.android.shopping, size : 30
11-25 11:20:57.494  1179  1246 D RestartProcessManager: updateSelf :  pro.capture.screenshot, size : 30
11-25 11:20:57.494  1179  1246 D RestartProcessManager: updateSelf :  com.haxor, size : 30
11-25 11:20:57.494  1179  1246 D RestartProcessManager: updateSelf :  com.transferwise.android, size : 30
11-25 11:20:57.494  1179  1246 D RestartProcessManager: updateSelf :  com.wokamon.android, size : 30
11-25 11:20:57.494  1179  1246 D RestartProcessManager: updateSelf :  com.tripledot.woodoku, size : 30
11-25 11:20:57.494  1179  1246 D RestartProcessManager: updateSelf :  com.kiloo.subwaysurf, size : 30
11-25 11:20:57.494  1179  1246 D RestartProcessManager: updateSelf :  com.requestanapp.mathwordproblemsfree, size : 30
11-25 11:20:57.494  1179  1246 D RestartProcessManager: updateSelf :  com.android.vending, size : 30
11-25 11:20:57.494  1179  1246 D RestartProcessManager: updateSelf :  com.github.android, size : 30
11-25 11:20:57.494  1179  1246 D RestartProcessManager: updateSelf :  com.google.android.apps.nbu.files, size : 30
11-25 11:20:57.494  1179  1246 D RestartProcessManager: updateSelf :  seesaw.shadowpuppet.co.classroom, size : 30
11-25 11:20:57.494  1179  1246 D RestartProcessManager: updateSelf :  corpusnovus.silverblood.apecs, size : 30
11-25 11:20:57.494  1179  1246 D RestartProcessManager: updateSelf :  com.urbanclap.urbanclap, size : 30
11-25 11:20:57.494  1179  1246 D RestartProcessManager: updateSelf :  com.android.chrome, size : 30
11-25 11:20:57.494  1179  1246 D RestartProcessManager: updateSelf :  com.smart.iit_jeeexamprepration, size : 30
11-25 11:20:57.494  1179  1246 D RestartProcessManager: updateSelf :  com.pristyncare.patientapp, size : 30
11-25 11:20:57.494  1179  1246 D RestartProcessManager: updateSelf :  com.android.stk, size : 30
11-25 11:20:57.494  1179  1246 D RestartProcessManager: updateSelf :  com.microsoft.office.powerpoint, size : 30
11-25 11:20:57.494  1179  1246 D RestartProcessManager: updateSelf :  com.headway.books, size : 30
11-25 11:20:57.494  1179  1246 D RestartProcessManager: updateSelf :  uhiveapp.uhive.com.uhive, size : 30
11-25 11:20:57.494  1179  1246 D RestartProcessManager: updateSelf :  com.google.android.youtube, size : 30
11-25 11:20:57.494  1179  1246 D RestartProcessManager: updateSelf :  com.ea.gp.fifamobile, size : 30
11-25 11:20:57.494  1179  1246 D RestartProcessManager: updateSelf :  com.netflix.mediaclient, size : 30
11-25 11:20:57.494  1179  1246 D RestartProcessManager: updateSelf :  com.hashifytech.stickers, size : 30
11-25 11:20:57.494  1179  1246 D RestartProcessManager: updateSelf :  com.skype.raider, size : 30
11-25 11:20:57.494  1179  1246 D RestartProcessManager: updateSelf :  com.goyourfly.bigidea, size : 30
11-25 11:20:57.494  1179  1246 D RestartProcessManager: updateSelf :  com.vspl.docopd, size : 30
11-25 11:20:57.494  1179  1246 D RestartProcessManager: updateSelf :  com.apollo.patientapp, size : 30
11-25 11:20:57.494  1179  1246 D RestartProcessManager: updateSelf :  com.loco.holoped, size : 30
11-25 11:20:57.494  1179  1246 D RestartProcessManager: updateSelf :  com.symcoding.widget.stickynotes, size : 30
11-25 11:20:57.494  1179  1246 D RestartProcessManager: updateSelf :  uk.co.guardian.puzzles, size : 30
11-25 11:20:57.494  1179  1246 D RestartProcessManager: updateSelf :  com.learnacad.learnacad, size : 30
11-25 11:20:57.494  1179  1246 D RestartProcessManager: updateSelf :  com.facebook.orca, size : 30
11-25 11:20:57.494  1179  1246 D RestartProcessManager: updateSelf :  com.anydo, size : 30
11-25 11:20:57.494  1179  1246 D RestartProcessManager: updateSelf :  com.oneplus.filemanager, size : 30
11-25 11:20:57.494  1179  1246 D RestartProcessManager: updateSelf :  com.hamatim.podomoro, size : 30
11-25 11:20:57.494  1179  1246 D RestartProcessManager: updateSelf :  com.mygate.user, size : 30
11-25 11:20:57.494  1179  1246 D RestartProcessManager: updateSelf :  com.mediinformatics.medicalcodelookup, size : 30
11-25 11:20:57.494  1179  1246 D RestartProcessManager: updateSelf :  com.mobstac.thehindu, size : 30
11-25 11:20:57.494  1179  1246 D RestartProcessManager: updateSelf :  com.milkbasket.app, size : 30
11-25 11:20:57.494  1179  1246 D RestartProcessManager: updateSelf :  supply.power.tsspdcl, size : 30
11-25 11:20:57.494  1179  1246 D RestartProcessManager: updateSelf :  com.mmm.postit, size : 30
11-25 11:20:57.494  1179  1246 D RestartProcessManager: updateSelf :  com.google.android.gm, size : 30
11-25 11:20:57.494  1179  1246 D RestartProcessManager: updateSelf :  com.slowlyapp, size : 30
11-25 11:20:57.494  1179  1246 D RestartProcessManager: updateSelf :  com.imangi.templerun, size : 30
11-25 11:20:57.494  1179  1246 D RestartProcessManager: updateSelf :  money.myhubble, size : 30
11-25 11:20:57.494  1179  1246 D RestartProcessManager: updateSelf :  com.google.android.calendar, size : 30
11-25 11:20:57.496  1179  1246 D RestartProcessManager: Max day duration : 3576031
11-25 11:20:57.496  1179  1246 D RestartProcessManager: com.android.contacts got score 0.11330997969536617 in DayDuration for duration : 4052
11-25 11:20:57.496  1179  1246 D RestartProcessManager: com.android.dialer got score 0.38017008241818934 in DayDuration for duration : 13595
11-25 11:20:57.496  1179  1246 D RestartProcessManager: com.oneplus.camera got score 0.48587386406885175 in DayDuration for duration : 17375
11-25 11:20:57.496  1179  1246 D RestartProcessManager: com.milkbasket.app got score 0.8572632619795523 in DayDuration for duration : 30656
11-25 11:20:57.496  1179  1246 D RestartProcessManager: net.one97.paytm got score 0.9965517636731897 in DayDuration for duration : 35637
11-25 11:20:57.496  1179  1246 D RestartProcessManager: com.android.settings got score 1.1091067163567654 in DayDuration for duration : 39662
11-25 11:20:57.496  1179  1246 D RestartProcessManager: com.google.android.apps.nbu.paisa.user got score 1.481894312437448 in DayDuration for duration : 52993
11-25 11:20:57.496  1179  1246 D RestartProcessManager: io.ionic.starter got score 2.387311519391191 in DayDuration for duration : 85371
11-25 11:20:57.496  1179  1246 D RestartProcessManager: com.google.android.gm got score 3.838137868491632 in DayDuration for duration : 137253
11-25 11:20:57.496  1179  1246 D RestartProcessManager: com.example.pedometer_example got score 8.334267795776938 in DayDuration for duration : 298036
11-25 11:20:57.496  1179  1246 D RestartProcessManager: com.whereismytrain.android got score 9.451176457922204 in DayDuration for duration : 337977
11-25 11:20:57.496  1179  1246 D RestartProcessManager: com.ubercab got score 11.729708159688771 in DayDuration for duration : 419458
11-25 11:20:57.496  1179  1246 D RestartProcessManager: in.swiggy.android got score 17.645596472737513 in DayDuration for duration : 631012
11-25 11:20:57.496  1179  1246 D RestartProcessManager: com.amazon.avod.thirdpartyclient got score 25.35878464140831 in DayDuration for duration : 906838
11-25 11:20:57.496  1179  1246 D RestartProcessManager: com.google.android.apps.fitness got score 25.372431055547338 in DayDuration for duration : 907326
11-25 11:20:57.496  1179  1246 D RestartProcessManager: com.android.chrome got score 32.40570341811914 in DayDuration for duration : 1158838
11-25 11:20:57.496  1179  1246 D RestartProcessManager: com.whatsapp got score 41.12075650350906 in DayDuration for duration : 1470491
11-25 11:20:57.496  1179  1246 D RestartProcessManager: com.truecaller got score 74.09177940571544 in DayDuration for duration : 2649545
11-25 11:20:57.496  1179  1246 D RestartProcessManager: com.facebook.katana got score 100.0 in DayDuration for duration : 3576031
11-25 11:20:57.496  1179  1246 D RestartProcessManager: Max LRU Diff : 21052760
11-25 11:20:57.496  1179  1246 D RestartProcessManager: com.whereismytrain.android got score 3.874546615265647 in DayLRU for LRU diff : 815699
11-25 11:20:57.496  1179  1246 D RestartProcessManager: net.one97.paytm got score 7.513808165770189 in DayLRU for LRU diff : 1581864
11-25 11:20:57.496  1179  1246 D RestartProcessManager: com.ubercab got score 11.312079746313547 in DayLRU for LRU diff : 2381505
11-25 11:20:57.496  1179  1246 D RestartProcessManager: com.milkbasket.app got score 14.524808148670292 in DayLRU for LRU diff : 3057873
11-25 11:20:57.496  1179  1246 D RestartProcessManager: com.google.android.apps.nbu.paisa.user got score 23.71874756563985 in DayLRU for LRU diff : 4993451
11-25 11:20:57.496  1179  1246 D RestartProcessManager: com.amazon.avod.thirdpartyclient got score 31.621374109617932 in DayLRU for LRU diff : 6657172
11-25 11:20:57.496  1179  1246 D RestartProcessManager: com.google.android.gm got score 31.664522846410637 in DayLRU for LRU diff : 6666256
11-25 11:20:57.496  1179  1246 D RestartProcessManager: com.android.settings got score 56.160280172290946 in DayLRU for LRU diff : 11823289
11-25 11:20:57.496  1179  1246 D RestartProcessManager: com.oneplus.camera got score 68.41238868442903 in DayLRU for LRU diff : 14402696
11-25 11:20:57.496  1179  1246 D RestartProcessManager: in.swiggy.android got score 68.45523817304714 in DayLRU for LRU diff : 14411717
11-25 11:20:57.496  1179  1246 D RestartProcessManager: com.android.contacts got score 74.69743159566727 in DayLRU for LRU diff : 15725871
11-25 11:20:57.496  1179  1246 D RestartProcessManager: com.android.dialer got score 74.712850001615 in DayLRU for LRU diff : 15729117
11-25 11:20:57.496  1179  1246 D RestartProcessManager: com.truecaller got score 78.16035047186212 in DayLRU for LRU diff : 16454911
11-25 11:20:57.496  1179  1246 D RestartProcessManager: com.example.pedometer_example got score 86.29902682593637 in DayLRU for LRU diff : 18168327
11-25 11:20:57.496  1179  1246 D RestartProcessManager: com.google.android.apps.fitness got score 87.68491637201014 in DayLRU for LRU diff : 18460095
11-25 11:20:57.496  1179  1246 D RestartProcessManager: io.ionic.starter got score 89.04044410329097 in DayLRU for LRU diff : 18745471
11-25 11:20:57.496  1179  1246 D RestartProcessManager: com.facebook.katana got score 97.71956266066778 in DayLRU for LRU diff : 20572665
11-25 11:20:57.496  1179  1246 D RestartProcessManager: com.whatsapp got score 99.95942099753191 in DayLRU for LRU diff : 21044217
11-25 11:20:57.496  1179  1246 D RestartProcessManager: com.android.chrome got score 100.0 in DayLRU for LRU diff : 21052760
11-25 11:20:57.496  1179  1246 D RestartProcessManager: Max launch times : 36
11-25 11:20:57.496  1179  1246 D RestartProcessManager: net.one97.paytm got score 2.7777777777777777 in DayLaunchTimes for launch times : 1
11-25 11:20:57.496  1179  1246 D RestartProcessManager: com.milkbasket.app got score 5.555555555555555 in DayLaunchTimes for launch times : 2
11-25 11:20:57.496  1179  1246 D RestartProcessManager: com.amazon.avod.thirdpartyclient got score 5.555555555555555 in DayLaunchTimes for launch times : 2
11-25 11:20:57.496  1179  1246 D RestartProcessManager: com.oneplus.camera got score 5.555555555555555 in DayLaunchTimes for launch times : 2
11-25 11:20:57.496  1179  1246 D RestartProcessManager: com.google.android.apps.nbu.paisa.user got score 8.333333333333332 in DayLaunchTimes for launch times : 3
11-25 11:20:57.496  1179  1246 D RestartProcessManager: com.android.contacts got score 8.333333333333332 in DayLaunchTimes for launch times : 3
11-25 11:20:57.496  1179  1246 D RestartProcessManager: com.ubercab got score 11.11111111111111 in DayLaunchTimes for launch times : 4
11-25 11:20:57.496  1179  1246 D RestartProcessManager: io.ionic.starter got score 11.11111111111111 in DayLaunchTimes for launch times : 4
11-25 11:20:57.496  1179  1246 D RestartProcessManager: com.whereismytrain.android got score 13.88888888888889 in DayLaunchTimes for launch times : 5
11-25 11:20:57.496  1179  1246 D RestartProcessManager: com.google.android.gm got score 13.88888888888889 in DayLaunchTimes for launch times : 5
11-25 11:20:57.496  1179  1246 D RestartProcessManager: com.android.dialer got score 13.88888888888889 in DayLaunchTimes for launch times : 5
11-25 11:20:57.496  1179  1246 D RestartProcessManager: com.android.settings got score 22.22222222222222 in DayLaunchTimes for launch times : 8
11-25 11:20:57.496  1179  1246 D RestartProcessManager: com.android.chrome got score 22.22222222222222 in DayLaunchTimes for launch times : 8
11-25 11:20:57.496  1179  1246 D RestartProcessManager: com.truecaller got score 27.77777777777778 in DayLaunchTimes for launch times : 10
11-25 11:20:57.496  1179  1246 D RestartProcessManager: com.example.pedometer_example got score 27.77777777777778 in DayLaunchTimes for launch times : 10
11-25 11:20:57.496  1179  1246 D RestartProcessManager: in.swiggy.android got score 30.555555555555557 in DayLaunchTimes for launch times : 11
11-25 11:20:57.496  1179  1246 D RestartProcessManager: com.google.android.apps.fitness got score 33.33333333333333 in DayLaunchTimes for launch times : 12
11-25 11:20:57.496  1179  1246 D RestartProcessManager: com.facebook.katana got score 47.22222222222222 in DayLaunchTimes for launch times : 17
11-25 11:20:57.496  1179  1246 D RestartProcessManager: com.whatsapp got score 100.0 in DayLaunchTimes for launch times : 36
11-25 11:20:57.499  1179  1246 D RestartProcessManager: Finish all packages
11-25 11:20:57.500  1179  1246 I OHPD    : [BgDetect]chkExcessCpu level: 3 doKills: true critical false uptime: 1200446
11-25 11:20:57.573  1179  1246 I OHPD    : isIsolated process: app.uid:99319,app.info.uid:10423, app.processName:com.android.chrome:sandboxed_process0
11-25 11:20:57.590  1179  1246 I OHPD    : isIsolated process: app.uid:99009,app.info.uid:10045, app.processName:com.android.chrome:sandboxed_process0
11-25 11:20:57.768  1179  1246 I OHPD    : isIsolated process: app.uid:99001,app.info.uid:10307, app.processName:com.android.chrome:sandboxed_process0
11-25 11:21:00.000  1179  1704 V AlarmManager: Triggering alarm #0: 3 when =153533855 package =android operation =*alarm*:android.intent.action.TIME_TICK flags =0x1
11-25 11:21:00.323  1179  1751 W SettingsProvider: call() name : netstats_sample_enabled
11-25 11:21:00.326  1179  1752 W SettingsProvider: call() name : netstats_augment_enabled
11-25 11:21:05.182  1179  1704 V AlarmManager: Triggering alarm #0: 2 when =153539037 package =com.whatsapp operation =*walarm*:com.whatsapp.alarm.AVAILABLE_TIMEOUT flags =0x5
11-25 11:21:05.330  1179  1179 W SettingsProvider: call() name : car_charger_auto_turn_on_dnd
11-25 11:21:05.330  1179  1179 W SettingsProvider: call() name : op_care_charger_auto_open_app
11-25 11:21:05.347  1179  1271 E BatteryExternalStatsWorker: no controller energy info supplied for bluetooth
11-25 11:21:05.410  1179  2194 W SettingsProvider: call() name : notification_light_pulse_color
11-25 11:21:06.976  1179  2559 W SettingsProvider: call() name : enabled_accessibility_services
11-25 11:21:08.860  1179  2194 D ConnectivityService: Returning UNBLOCKED NetworkInfo to uid=10207
11-25 11:21:11.063  1179  2559 W SettingsProvider: call() name : radio.data.stall.recovery.action
11-25 11:21:11.105  1179  2194 D StatusBarManagerService: onInputShown shown=false reserved=0
11-25 11:21:11.107  1179  2194 W SettingsProvider: call() name : auto_time_zone
11-25 11:21:11.118  1179  1179 I Telecom : CallsManager: onServiceStateChanged networkType: 13
11-25 11:21:11.137  1179  2194 W SettingsProvider: call() name : data_roaming3
11-25 11:21:11.139  1179  2194 W SettingsProvider: call() name : op_country_code_is_suggested
11-25 11:21:11.283  1179  1179 I Telecom : CallsManager: onImsCapabilityStatusChange phoneId: 1 ,VoLte: true ,ViLte: false ,VoWifi: false ,ViWifi: false ,UTLte: true ,UTWifi: false
11-25 11:21:11.289  1179  2194 W SettingsProvider: call() name : wtf_is_fatal
11-25 11:21:11.480  1179  1804 W SettingsProvider: call() name : font_scale
11-25 11:21:12.784  1179  2194 W SettingsProvider: call() name : enabled_accessibility_services
11-25 11:21:12.864  1179  2194 W SettingsProvider: call() name : enabled_accessibility_services
11-25 11:21:20.160  1179  1804 W SettingsProvider: call() name : haptic_feedback_enabled
11-25 11:21:20.162  1179  1804 W SettingsProvider: call() name : sound_effects_enabled
11-25 11:21:21.724  1179  1179 I Telecom : CallsManager: onServiceStateChanged networkType: 13
11-25 11:21:24.739  1179  1246 I ActivityManager: pid= 796 st.name = surfaceflinger cpuPercent = 14 st.rel_utime =2540 st.rel_stime =1420
11-25 11:21:24.739  1179  1246 I ActivityManager: pid= 5240 st.name = dboxed_process1 cpuPercent = 117 st.rel_utime =28490 st.rel_stime =3400
11-25 11:21:24.739  1179  1246 I ActivityManager: pid= 5442 st.name = ileged_process2 cpuPercent = 31 st.rel_utime =6650 st.rel_stime =2020
11-25 11:21:24.739  1179  1246 E OHPD    : [BgDetect] AppForkedProc irq/241-touchpa pid 13343 uid 0 can't find pkgName
11-25 11:21:24.741  1179  1246 W SettingsProvider: call() name : com_oneplus_systemui_recent_task_lockd_list
11-25 11:21:24.742  1179  1246 I OHPD    : [BgDetect]chkExcessCpu level: 2 doKills: true critical false uptime: 600296
11-25 11:21:24.814  1179  1246 I OHPD    : isIsolated process: app.uid:99319,app.info.uid:10423, app.processName:com.android.chrome:sandboxed_process0
11-25 11:21:24.831  1179  1246 I OHPD    : isIsolated process: app.uid:99009,app.info.uid:10045, app.processName:com.android.chrome:sandboxed_process0
11-25 11:21:25.013  1179  1246 I OHPD    : isIsolated process: app.uid:99001,app.info.uid:10307, app.processName:com.android.chrome:sandboxed_process0
11-25 11:21:34.900  1179  1704 V AlarmManager: Triggering alarm #0: 2 when =153550898 package =android operation = null listenTag =*job.deadline* flags =0x0
11-25 11:21:34.900  1179  1704 V AlarmManager: Triggering alarm #1: 2 when =153550898 package =android operation = null listenTag =*job.deadline* flags =0x0
11-25 11:21:34.900  1179  1704 V AlarmManager: Triggering alarm #2: 3 when =153568755 package =com.google.android.gms operation =*alarm*:com.google.android.gms.gcm.ACTION_CHECK_QUEUE flags =0x0
11-25 11:21:43.910   950  1030 E storaged: getDiskStats failed with result NOT_SUPPORTED and size 0
11-25 11:21:52.936  1179 11966 D StatusBarManagerService: onInputShown shown=false reserved=0
11-25 11:21:52.952  1179 11966 I chatty  : uid=1000(system) Binder:1179_1E identical 1 line
11-25 11:21:52.952  1179 11966 D StatusBarManagerService: onInputShown shown=false reserved=0
11-25 11:21:55.785  1179  1248 I ActivityManager: Start proc 14130:com.android.chrome:sandboxed_process36/u0i386 for webview_service com.android.chrome/org.chromium.content.app.SandboxedProcessService36
11-25 11:21:55.806  1179  1248 I ActivityManager: Start proc 14136:com.android.chrome:sandboxed_process36/u0i387 for webview_service com.android.chrome/org.chromium.content.app.SandboxedProcessService36
11-25 11:21:55.849  1179  2559 I ActivityManager: Killing 14130:com.android.chrome:sandboxed_process36/u0a98i386 (adj 920): isolated not needed
11-25 11:21:58.827  1179  2559 E SchedPolicy: set_timerslack_ns write failed: No such process
11-25 11:21:58.829  1179  2559 I ActivityManager: Killing 4541:com.android.chrome:sandboxed_process26/u0a98i363 (adj 0): isolated not needed
11-25 11:21:58.849  1179  1804 I ActivityManager: Killing 5240:com.android.chrome:sandboxed_process1/u0a98i377 (adj 0): isolated not needed
11-25 11:21:59.699  1179  1248 I ActivityManager: Start proc 14184:com.android.chrome:sandboxed_process38/u0i388 for webview_service com.android.chrome/org.chromium.content.app.SandboxedProcessService38
11-25 11:21:59.719  1179  1248 I ActivityManager: Start proc 14190:com.android.chrome:sandboxed_process38/u0i389 for webview_service com.android.chrome/org.chromium.content.app.SandboxedProcessService38
11-25 11:21:59.739  1179  3501 I ActivityManager: Killing 14184:com.android.chrome:sandboxed_process38/u0a98i388 (adj 920): isolated not needed
11-25 11:22:00.000  1179  1704 V AlarmManager: Triggering alarm #0: 3 when =153593855 package =android operation =*alarm*:android.intent.action.TIME_TICK flags =0x1
11-25 11:22:00.086  1179  2194 W SettingsProvider: call() name : instant_apps_enabled
11-25 11:22:00.127  1179  1248 I ActivityManager: Start proc 14231:com.android.chrome:sandboxed_process39/u0i390 for webview_service com.android.chrome/org.chromium.content.app.SandboxedProcessService39
11-25 11:22:00.147  1179  1248 I ActivityManager: Start proc 14237:com.android.chrome:sandboxed_process39/u0i391 for webview_service com.android.chrome/org.chromium.content.app.SandboxedProcessService39
11-25 11:22:00.170  1179  2194 I ActivityManager: Killing 14231:com.android.chrome:sandboxed_process39/u0a98i390 (adj 920): isolated not needed
11-25 11:22:00.330  1179 11966 I ActivityManager: Killing 14237:com.android.chrome:sandboxed_process39/u0a98i391 (adj 0): isolated not needed
11-25 11:22:00.625  1179  1804 W SettingsProvider: call() name : device_provisioned
11-25 11:22:00.660  1179  1248 I ActivityManager: Start proc 14271:com.android.chrome:sandboxed_process0/u0i392 for webview_service com.android.chrome/org.chromium.content.app.SandboxedProcessService0
11-25 11:22:00.682  1179  1248 I ActivityManager: Start proc 14280:com.android.chrome:sandboxed_process0/u0i393 for webview_service com.android.chrome/org.chromium.content.app.SandboxedProcessService0
11-25 11:22:00.693  1179  2194 I ActivityManager: Killing 14271:com.android.chrome:sandboxed_process0/u0a98i392 (adj 920): isolated not needed
11-25 11:22:02.428  1179  1804 W SettingsProvider: call() name : haptic_feedback_enabled
11-25 11:22:02.526  1179  1721 W SettingsProvider: call() name : user_setup_complete
11-25 11:22:02.529  1179  1721 W SettingsProvider: call() name : user_setup_complete
11-25 11:22:02.532  1179  1721 I ActivityManager: START u0 {act=android.intent.action.MAIN cat=[android.intent.category.HOME] flg=0x10200000 cmp=net.oneplus.launcher/.Launcher (has extras)} from uid 1000 pid 1179
11-25 11:22:02.611  1179  2194 I ActivityManager: Process com.android.chrome:sandboxed_process38 (pid 14190) has died: fore SVC 
11-25 11:22:02.636  1179  1246 W SettingsProvider: call() name : temp_disable_scene_screen_effect
11-25 11:22:02.666  1179  3501 W SettingsProvider: call() name : op_navigation_bar_type
11-25 11:22:02.710  1179  1804 W SettingsProvider: call() name : op_navigation_bar_type
11-25 11:22:02.711  1179  3501 D StatusBarManagerService: onInputShown shown=false reserved=0
11-25 11:22:03.073  1179 11966 I ActivityManager: Killing 14136:com.android.chrome:sandboxed_process36/u0a98i387 (adj 0): isolated not needed
11-25 11:22:03.138  1179  1246 W SettingsProvider: call() name : game_mode_status_auto
11-25 11:22:03.139  1179  1246 W SettingsProvider: call() name : rading_mode_status_auto
11-25 11:22:03.141  1179  1804 W SettingsProvider: call() name : time_12_24
11-25 11:22:03.141  1179  1179 V SettingsProvider: Notifying for 0: content://settings/system/game_mode_status_auto
11-25 11:22:03.143  1179  1179 V SettingsProvider: Notifying for 0: content://settings/system/rading_mode_status_auto
11-25 11:22:03.143  1179  1179 W SettingsProvider: call() name : game_mode_status_auto
11-25 11:22:03.145  1179  1179 W SettingsProvider: call() name : rading_mode_status_auto
11-25 11:22:03.145  1179  1179 W SettingsProvider: call() name : game_mode_status_auto
11-25 11:22:03.145  1179  1179 W SettingsProvider: call() name : game_mode_status_auto
11-25 11:22:03.145  1179  1179 W SettingsProvider: call() name : game_mode_status_manual
11-25 11:22:03.146  1179  1179 W SettingsProvider: call() name : game_mode_status_manual
11-25 11:22:03.146  1179  1179 W SettingsProvider: call() name : game_mode_status
11-25 11:22:03.146  1179  1179 W SettingsProvider: call() name : game_mode_status_auto
11-25 11:22:03.146  1179  1179 W SettingsProvider: call() name : esport_mode_enabled
11-25 11:22:03.147  1179  1179 I OIMC    : notified , mode GameMode changeTo 2
11-25 11:22:03.147  1179  1734 I OIMC    : The mode: GameMode is not entered
11-25 11:22:03.147  1179  1179 W SettingsProvider: call() name : rading_mode_status_auto
11-25 11:22:03.147  1179  1179 W SettingsProvider: call() name : rading_mode_status_auto
11-25 11:22:03.147  1179  1179 W SettingsProvider: call() name : reading_mode_status_manual
11-25 11:22:03.147  1179  1179 W SettingsProvider: call() name : reading_mode_status_manual
11-25 11:22:03.147  1179  1179 W SettingsProvider: call() name : reading_mode_status
11-25 11:22:03.147  1179  1179 W SettingsProvider: call() name : rading_mode_status_auto
11-25 11:22:03.148  1179  1179 I OIMC    : notified , mode ReadMode changeTo 2
11-25 11:22:03.148  1179  1734 I OIMC    : The mode: ReadMode is not entered
11-25 11:22:03.149  1179  1804 W SettingsProvider: call() name : time_12_24
11-25 11:22:03.150  1179  1179 V SettingsProvider: Notifying for 0: content://settings/system/game_mode_status_auto
11-25 11:22:03.153  1179  1179 V SettingsProvider: Notifying for 0: content://settings/system/rading_mode_status_auto
11-25 11:22:03.154  1179  1179 W SettingsProvider: call() name : game_mode_status_auto
11-25 11:22:03.154  1179  1179 W SettingsProvider: call() name : rading_mode_status_auto
11-25 11:22:03.204  1179  1804 V AnimatingAppWindowTokenRegistry: reset and invoke finish: token=AppWindowToken{58ae41d token=Token{a9f44f4 ActivityRecord{dedd6c7 u0 com.android.chrome/org.chromium.chrome.browser.ChromeTabbedActivity t21309}}}
11-25 11:22:03.205  1179  1804 V AnimatingAppWindowTokenRegistry: reset and invoke finish: token=AppWindowToken{57a6faf token=Token{1c25b8e ActivityRecord{5cf1f89 u0 net.oneplus.launcher/.Launcher t21116}}}
11-25 11:22:03.362  1179  1773 D ConnectivityService: releasing NetworkRequest [ TRACK_DEFAULT id=1725, [ Capabilities: INTERNET&NOT_RESTRICTED&TRUSTED Unwanted:  Uid: 10098] ] (release request)
11-25 11:22:04.295  1179  1804 W SettingsProvider: call() name : esport_mode_enabled
11-25 11:22:04.296  1179  1804 I ActivityManager: START u0 {act=android.intent.action.MAIN cat=[android.intent.category.LAUNCHER] flg=0x10200000 cmp=com.google.android.gm/.ConversationListActivityGmail bnds=[236,1174][439,1523]} from uid 10024 pid 3593
11-25 11:22:04.335  1179  1862 D OnePlusProcessManager: checkActiveSensor fail 10146
11-25 11:22:04.349  1179 11966 W SettingsProvider: call() name : sound_effects_enabled
11-25 11:22:04.349  1179  1671 W SettingsProvider: call() name : oem_black_mode
11-25 11:22:04.354  1179  1671 W SettingsProvider: call() name : op_navigation_bar_type
11-25 11:22:04.359  1179  2194 D OnePlusSmartBoostManager: writeHotCount com.google.android.gm, pid=10497
11-25 11:22:04.374  1179  1246 W SettingsProvider: call() name : temp_disable_scene_screen_effect
11-25 11:22:04.374  1179  1246 D RestartProcessManager: updateSelf :  com.google.android.gm, size : 30
11-25 11:22:04.377  1179  2194 W SettingsProvider: call() name : op_navigation_bar_type
11-25 11:22:04.494 10497 10497 D ActivityThread: Loading provider com.google.android.gm.sapi: com.google.android.gm.sapi.SapiUiProvider
11-25 11:22:04.649  1179  1804 W SettingsProvider: call() name : sqlite_compatibility_wal_flags
11-25 11:22:04.650  1179  3501 W SettingsProvider: call() name : force_resizable_activities
11-25 11:22:04.662  1179  1179 W SettingsProvider: call() name : enabled_notification_listeners
11-25 11:22:04.662  1179  1179 W SettingsProvider: call() name : enabled_notification_assistant
11-25 11:22:04.662  1179  1179 W SettingsProvider: call() name : enabled_notification_policy_access_packages
11-25 11:22:04.697  1179  1179 W SettingsProvider: call() name : enabled_notification_listeners
11-25 11:22:04.697  1179  1179 W SettingsProvider: call() name : enabled_notification_assistant
11-25 11:22:04.697  1179  1179 W SettingsProvider: call() name : enabled_notification_policy_access_packages
11-25 11:22:04.703  1179  3501 V AnimatingAppWindowTokenRegistry: reset and invoke finish: token=AppWindowToken{57a6faf token=Token{1c25b8e ActivityRecord{5cf1f89 u0 net.oneplus.launcher/.Launcher t21116}}}
11-25 11:22:04.703  1179  3501 V AnimatingAppWindowTokenRegistry: reset and invoke finish: token=AppWindowToken{6099d87 token=Token{a6cb9c6 ActivityRecord{bfbb3a1 u0 com.google.android.gm/.ConversationListActivityGmail t21308}}}
11-25 11:22:04.712  1179  1179 W SettingsProvider: call() name : enabled_notification_listeners
11-25 11:22:04.712  1179  1179 W SettingsProvider: call() name : enabled_notification_assistant
11-25 11:22:04.712  1179  1179 W SettingsProvider: call() name : enabled_notification_policy_access_packages
11-25 11:22:04.728  1179  1179 W SettingsProvider: call() name : enabled_notification_listeners
11-25 11:22:04.728  1179  1179 W SettingsProvider: call() name : enabled_notification_assistant
11-25 11:22:04.728  1179  1179 W SettingsProvider: call() name : enabled_notification_policy_access_packages
11-25 11:22:04.762  1179  2194 W SettingsProvider: call() name : time_12_24
11-25 11:22:04.787  1179  3458 W SettingsProvider: call() name : font_scale
11-25 11:22:04.839  1179  3458 W SettingsProvider: call() name : text_classifier_constants
11-25 11:22:04.846  1179  3458 D ConnectivityService: Returning UNBLOCKED NetworkInfo to uid=10075
11-25 11:22:04.850  1179  1179 W SettingsProvider: call() name : enabled_notification_listeners
11-25 11:22:04.851  1179  1179 W SettingsProvider: call() name : enabled_notification_assistant
11-25 11:22:04.851  1179  1179 W SettingsProvider: call() name : enabled_notification_policy_access_packages
11-25 11:22:04.859  1179  1246 W SettingsProvider: call() name : game_mode_status_auto
11-25 11:22:04.859  1179  1246 W SettingsProvider: call() name : rading_mode_status_auto
11-25 11:22:04.863  1179  1179 W SettingsProvider: call() name : enabled_notification_listeners
11-25 11:22:04.863  1179  1179 W SettingsProvider: call() name : enabled_notification_assistant
11-25 11:22:04.863  1179  1179 W SettingsProvider: call() name : enabled_notification_policy_access_packages
11-25 11:22:04.877  1179  1179 W SettingsProvider: call() name : enabled_notification_listeners
11-25 11:22:04.877  1179  1179 W SettingsProvider: call() name : enabled_notification_assistant
11-25 11:22:04.877  1179  1179 W SettingsProvider: call() name : enabled_notification_policy_access_packages
11-25 11:22:04.884  1179  3458 W SettingsProvider: call() name : time_12_24
11-25 11:22:04.884  1179  1179 V SettingsProvider: Notifying for 0: content://settings/system/game_mode_status_auto
11-25 11:22:04.886  1179  1179 V SettingsProvider: Notifying for 0: content://settings/system/rading_mode_status_auto
11-25 11:22:04.887  1179  1179 W SettingsProvider: call() name : game_mode_status_auto
11-25 11:22:04.888  1179  1179 W SettingsProvider: call() name : rading_mode_status_auto
11-25 11:22:04.888  1179  1179 W SettingsProvider: call() name : game_mode_status_auto
11-25 11:22:04.888  1179  1179 W SettingsProvider: call() name : game_mode_status_auto
11-25 11:22:04.888  1179  1179 W SettingsProvider: call() name : game_mode_status_manual
11-25 11:22:04.888  1179  1179 W SettingsProvider: call() name : game_mode_status_manual
11-25 11:22:04.888  1179  1179 W SettingsProvider: call() name : game_mode_status
11-25 11:22:04.889  1179  1179 W SettingsProvider: call() name : game_mode_status_auto
11-25 11:22:04.889  1179  1179 W SettingsProvider: call() name : esport_mode_enabled
11-25 11:22:04.889  1179  1179 I OIMC    : notified , mode GameMode changeTo 2
11-25 11:22:04.889  1179  1734 I OIMC    : The mode: GameMode is not entered
11-25 11:22:04.890  1179  1179 W SettingsProvider: call() name : rading_mode_status_auto
11-25 11:22:04.890  1179  1179 W SettingsProvider: call() name : rading_mode_status_auto
11-25 11:22:04.890  1179  1179 W SettingsProvider: call() name : reading_mode_status_manual
11-25 11:22:04.890  1179  1179 W SettingsProvider: call() name : reading_mode_status_manual
11-25 11:22:04.890  1179  1179 W SettingsProvider: call() name : reading_mode_status
11-25 11:22:04.890  1179  1179 W SettingsProvider: call() name : rading_mode_status_auto
11-25 11:22:04.891  1179  1179 I OIMC    : notified , mode ReadMode changeTo 2
11-25 11:22:04.891  1179  1734 I OIMC    : The mode: ReadMode is not entered
11-25 11:22:04.892  1179  3458 W SettingsProvider: call() name : time_12_24
11-25 11:22:04.892  1179  1179 V SettingsProvider: Notifying for 0: content://settings/system/game_mode_status_auto
11-25 11:22:04.894  1179  1179 V SettingsProvider: Notifying for 0: content://settings/system/rading_mode_status_auto
11-25 11:22:04.894  1179  1179 W SettingsProvider: call() name : game_mode_status_auto
11-25 11:22:04.894  1179  1179 W SettingsProvider: call() name : rading_mode_status_auto
11-25 11:22:04.903  1179  3458 D ConnectivityService: requestNetwork for uid/pid:10075/10497 NetworkRequest [ TRACK_DEFAULT id=1727, [ Capabilities: INTERNET&NOT_RESTRICTED&TRUSTED Unwanted:  Uid: 10075] ]
11-25 11:22:04.927  1179  2194 W SettingsProvider: call() name : font_scale
11-25 11:22:04.958  1179  3458 D ConnectivityService: requestNetwork for uid/pid:10075/10497 NetworkRequest [ TRACK_DEFAULT id=1729, [ Capabilities: INTERNET&NOT_RESTRICTED&TRUSTED Unwanted:  Uid: 10075] ]
11-25 11:22:04.969  1179  3458 W SettingsProvider: call() name : op_navigation_bar_type
11-25 11:22:05.066  1179  2559 D ActivityManager: # addPackageDependency # packageName=com.google.android.gms -> proc: ProcessRecord{a56402c 10497:com.google.android.gm/u0a75}
11-25 11:22:05.069  1179  1216 W SettingsProvider: call() name : android_id
11-25 11:22:05.076  1179  1179 W SettingsProvider: call() name : enabled_notification_listeners
11-25 11:22:05.076  1179  1179 W SettingsProvider: call() name : enabled_notification_assistant
11-25 11:22:05.077  1179  1179 W SettingsProvider: call() name : enabled_notification_policy_access_packages
11-25 11:22:05.079  1179  2559 D StatusBarManagerService: onInputShown shown=false reserved=0
11-25 11:22:05.089  1179 11966 W SettingsProvider: call() name : haptic_feedback_enabled
11-25 11:22:05.094  1179  1179 W SettingsProvider: call() name : enabled_notification_listeners
11-25 11:22:05.094  1179  1179 W SettingsProvider: call() name : enabled_notification_assistant
11-25 11:22:05.094  1179  1179 W SettingsProvider: call() name : enabled_notification_policy_access_packages
11-25 11:22:05.108  1179  1179 W SettingsProvider: call() name : enabled_notification_listeners
11-25 11:22:05.109  1179  1179 W SettingsProvider: call() name : enabled_notification_assistant
11-25 11:22:05.109  1179  1179 W SettingsProvider: call() name : enabled_notification_policy_access_packages
11-25 11:22:05.124  1179  1179 W SettingsProvider: call() name : enabled_notification_listeners
11-25 11:22:05.124  1179  1179 W SettingsProvider: call() name : enabled_notification_assistant
11-25 11:22:05.124  1179  1179 W SettingsProvider: call() name : enabled_notification_policy_access_packages
11-25 11:22:05.160  1179  1179 W SettingsProvider: call() name : enabled_notification_listeners
11-25 11:22:05.160  1179  1179 W SettingsProvider: call() name : enabled_notification_assistant
11-25 11:22:05.160  1179  1179 W SettingsProvider: call() name : enabled_notification_policy_access_packages
11-25 11:22:05.194  1179  1179 W SettingsProvider: call() name : enabled_notification_listeners
11-25 11:22:05.194  1179  1179 W SettingsProvider: call() name : enabled_notification_assistant
11-25 11:22:05.194  1179  1179 W SettingsProvider: call() name : enabled_notification_policy_access_packages
11-25 11:22:05.208  1179  1179 W SettingsProvider: call() name : enabled_notification_listeners
11-25 11:22:05.208  1179  1179 W SettingsProvider: call() name : enabled_notification_assistant
11-25 11:22:05.208  1179  1179 W SettingsProvider: call() name : enabled_notification_policy_access_packages
11-25 11:22:05.244  1179  1179 W SettingsProvider: call() name : enabled_notification_listeners
11-25 11:22:05.244  1179  1179 W SettingsProvider: call() name : enabled_notification_assistant
11-25 11:22:05.244  1179  1179 W SettingsProvider: call() name : enabled_notification_policy_access_packages
11-25 11:22:05.277  1179  1179 W SettingsProvider: call() name : enabled_notification_listeners
11-25 11:22:05.278  1179  1179 W SettingsProvider: call() name : enabled_notification_assistant
11-25 11:22:05.278  1179  1179 W SettingsProvider: call() name : enabled_notification_policy_access_packages
11-25 11:22:05.434  1179  3458 W SettingsProvider: call() name : time_12_24
11-25 11:22:05.629  1179  1271 E BatteryExternalStatsWorker: no controller energy info supplied for bluetooth
11-25 11:22:05.646  1179  1244 D BatteryStatsService: @@@@ awaitUninterruptibly in 32 ms
11-25 11:22:05.647  1179 11966 D ActivityManager: # addPackageDependency # packageName=com.android.chrome -> proc: ProcessRecord{a56402c 10497:com.google.android.gm/u0a75}
11-25 11:22:05.649  1179  1216 D ActivityManager: # addPackageDependency # packageName=com.android.chrome -> proc: ProcessRecord{a56402c 10497:com.google.android.gm/u0a75}
11-25 11:22:05.710  1179 11966 W SettingsProvider: call() name : webview_multiprocess
11-25 11:22:05.819  1179  1248 I ActivityManager: Start proc 14575:com.android.chrome:sandboxed_process0/u0i394 for webview_service com.google.android.gm/org.chromium.content.app.SandboxedProcessService0
11-25 11:22:05.850  1179  1248 I ActivityManager: Start proc 14583:com.android.chrome:sandboxed_process0/u0i395 for webview_service com.google.android.gm/org.chromium.content.app.SandboxedProcessService0
11-25 11:22:05.904  1179  2194 W SettingsProvider: call() name : enabled_accessibility_services
11-25 11:22:05.938  1179  2194 W SettingsProvider: call() name : show_password
11-25 11:22:05.950  1179  2194 D ConnectivityService: requestNetwork for uid/pid:10075/10497 NetworkRequest [ TRACK_DEFAULT id=1730, [ Capabilities: INTERNET&NOT_RESTRICTED&TRUSTED Unwanted:  Uid: 10075] ]
11-25 11:22:05.958  1179  1216 W SettingsProvider: call() name : device_provisioned
11-25 11:22:05.962  1179  1804 W SettingsProvider: call() name : animator_duration_scale
11-25 11:22:06.015  1179  1248 I ActivityManager: Start proc 14644:com.android.chrome:webview_apk/u0a98 for service com.android.chrome/org.chromium.android_webview.nonembedded.AwComponentUpdateService
11-25 11:22:06.045  1179  6362 D OnePlusSmartBoostManager: writeHotCount com.android.chrome, pid=14644
11-25 11:22:06.083  1179  1804 W SettingsProvider: call() name : package_verifier_enable
11-25 11:22:06.284  1179  6362 I ActivityManager: Killing 14575:com.android.chrome:sandboxed_process0/u0a75i394 (adj 920): isolated not needed
11-25 11:22:06.328  1179  1271 D KernelUidCpuTimeReader: Removing uids 99389-99389
11-25 11:22:06.328  1179  1271 D BatteryStatsImpl: Got readings for an isolated uid with no mapping: 99389
11-25 11:22:06.328  1179  1271 D KernelUidCpuTimeReader: Removing uids 99363-99363
11-25 11:22:06.328  1179  1271 D BatteryStatsImpl: Got readings for an isolated uid with no mapping: 99363
11-25 11:22:06.328  1179  1271 D KernelUidCpuTimeReader: Removing uids 99392-99392
11-25 11:22:06.329  1179  1271 D BatteryStatsImpl: Got readings for an isolated uid with no mapping: 99392
11-25 11:22:06.329  1179  1271 D KernelUidCpuTimeReader: Removing uids 99387-99387
11-25 11:22:06.329  1179  1271 D BatteryStatsImpl: Got readings for an isolated uid with no mapping: 99387
11-25 11:22:06.329  1179  1271 D KernelUidCpuTimeReader: Removing uids 99390-99390
11-25 11:22:06.329  1179  1271 D BatteryStatsImpl: Got readings for an isolated uid with no mapping: 99390
11-25 11:22:06.329  1179  1271 D KernelUidCpuTimeReader: Removing uids 99377-99377
11-25 11:22:06.329  1179  1271 D BatteryStatsImpl: Got readings for an isolated uid with no mapping: 99377
11-25 11:22:06.329  1179  1271 D KernelUidCpuTimeReader: Removing uids 99388-99388
11-25 11:22:06.329  1179  1271 D BatteryStatsImpl: Got readings for an isolated uid with no mapping: 99388
11-25 11:22:06.330  1179  1271 D KernelUidCpuTimeReader: Removing uids 99391-99391
11-25 11:22:06.330  1179  1271 D BatteryStatsImpl: Got readings for an isolated uid with no mapping: 99391
11-25 11:22:06.333  1179  1244 D BatteryStatsService: ext-flush too soon, skip
11-25 11:22:06.440  1179  1179 W SettingsProvider: call() name : enabled_notification_listeners
11-25 11:22:06.441  1179  1179 W SettingsProvider: call() name : enabled_notification_assistant
