11-25 11:28:23.963  1179  6362 W SettingsProvider: call() name : google_play_store_system_component_update
11-25 11:28:23.974  1179  1216 W SettingsProvider: call() name : sqlite_compatibility_wal_flags
11-25 11:28:24.013  1179  1216 W SettingsProvider: call() name : ble_scan_balanced_window_ms
11-25 11:28:24.013  1179  2195 W SettingsProvider: call() name : ble_scan_balanced_interval_ms
11-25 11:28:24.047  1179  2559 D ActivityManager: # addPackageDependency # packageName=com.google.android.gms -> proc: ProcessRecord{af1886c 16707:com.google.android.apps.docs/u0a105}
11-25 11:28:24.106  1179  1179 W SettingsProvider: call() name : enabled_notification_listeners
11-25 11:28:24.106  1179  1179 W SettingsProvider: call() name : enabled_notification_assistant
11-25 11:28:24.106  1179  1179 W SettingsProvider: call() name : enabled_notification_policy_access_packages
11-25 11:28:24.157  1179  1714 D ActivityManager: # addPackageDependency # packageName=com.google.android.gms -> proc: ProcessRecord{28aec7d 16696:com.google.android.apps.tachyon/u0a99}
11-25 11:28:24.160  1179  1179 W SettingsProvider: call() name : enabled_notification_listeners
11-25 11:28:24.160  1179  1179 W SettingsProvider: call() name : enabled_notification_assistant
11-25 11:28:24.160  1179  1179 W SettingsProvider: call() name : enabled_notification_policy_access_packages
11-25 11:28:24.204  1179  1179 W SettingsProvider: call() name : enabled_notification_listeners
11-25 11:28:24.204  1179  1179 W SettingsProvider: call() name : enabled_notification_assistant
11-25 11:28:24.204  1179  1179 W SettingsProvider: call() name : enabled_notification_policy_access_packages
11-25 11:28:24.254  1179  1704 V AlarmManager: Triggering alarm #0: 2 when =153977989 package =android operation = null listenTag =*job.delay* flags =0x0
11-25 11:28:24.355  1179 11966 W SettingsProvider: call() name : google_play_store_system_component_update
11-25 11:28:24.366  1179  6362 W SettingsProvider: call() name : sound_effects_enabled
11-25 11:28:24.482  1179  3499 D ActivityManager: # addPackageDependency # packageName=com.google.android.gms -> proc: ProcessRecord{5527904 16726:com.google.android.calendar/u0a72}
11-25 11:28:24.628  1179  1704 V AlarmManager: Triggering alarm #0: 2 when =153978458 package =android operation = null listenTag =*job.delay* flags =0x0
11-25 11:28:24.633  1179  1246 W BroadcastQueue: Background execution not allowed: receiving Intent { act=android.intent.action.DROPBOX_ENTRY_ADDED flg=0x10 (has extras) } to com.google.android.gms/.stats.service.DropBoxEntryAddedReceiver
11-25 11:28:24.634  1179  1246 W BroadcastQueue: Background execution not allowed: receiving Intent { act=android.intent.action.DROPBOX_ENTRY_ADDED flg=0x10 (has extras) } to com.google.android.gms/.chimera.GmsIntentOperationService$PersistentTrustedReceiver
11-25 11:28:24.710  1179  1246 W BroadcastQueue: Background execution not allowed: receiving Intent { act=android.intent.action.DROPBOX_ENTRY_ADDED flg=0x10 (has extras) } to com.google.android.gms/.stats.service.DropBoxEntryAddedReceiver
11-25 11:28:24.710  1179  1246 W BroadcastQueue: Background execution not allowed: receiving Intent { act=android.intent.action.DROPBOX_ENTRY_ADDED flg=0x10 (has extras) } to com.google.android.gms/.chimera.GmsIntentOperationService$PersistentTrustedReceiver
11-25 11:28:24.774  1179  1246 W BroadcastQueue: Background execution not allowed: receiving Intent { act=android.intent.action.DROPBOX_ENTRY_ADDED flg=0x10 (has extras) } to com.google.android.gms/.stats.service.DropBoxEntryAddedReceiver
11-25 11:28:24.774  1179  1246 W BroadcastQueue: Background execution not allowed: receiving Intent { act=android.intent.action.DROPBOX_ENTRY_ADDED flg=0x10 (has extras) } to com.google.android.gms/.chimera.GmsIntentOperationService$PersistentTrustedReceiver
11-25 11:28:24.836  1179  1246 W BroadcastQueue: Background execution not allowed: receiving Intent { act=android.intent.action.DROPBOX_ENTRY_ADDED flg=0x10 (has extras) } to com.google.android.gms/.stats.service.DropBoxEntryAddedReceiver
11-25 11:28:24.836  1179  1246 W BroadcastQueue: Background execution not allowed: receiving Intent { act=android.intent.action.DROPBOX_ENTRY_ADDED flg=0x10 (has extras) } to com.google.android.gms/.chimera.GmsIntentOperationService$PersistentTrustedReceiver
11-25 11:28:24.898  1179  1246 W BroadcastQueue: Background execution not allowed: receiving Intent { act=android.intent.action.DROPBOX_ENTRY_ADDED flg=0x10 (has extras) } to com.google.android.gms/.stats.service.DropBoxEntryAddedReceiver
11-25 11:28:24.899  1179  1246 W BroadcastQueue: Background execution not allowed: receiving Intent { act=android.intent.action.DROPBOX_ENTRY_ADDED flg=0x10 (has extras) } to com.google.android.gms/.chimera.GmsIntentOperationService$PersistentTrustedReceiver
11-25 11:28:24.927  1179  1246 W BroadcastQueue: Background execution not allowed: receiving Intent { act=android.intent.action.DROPBOX_ENTRY_ADDED flg=0x10 (has extras) } to com.google.android.gms/.stats.service.DropBoxEntryAddedReceiver
11-25 11:28:24.927  1179  1246 W BroadcastQueue: Background execution not allowed: receiving Intent { act=android.intent.action.DROPBOX_ENTRY_ADDED flg=0x10 (has extras) } to com.google.android.gms/.chimera.GmsIntentOperationService$PersistentTrustedReceiver
11-25 11:28:24.998  1179  1246 W BroadcastQueue: Background execution not allowed: receiving Intent { act=android.intent.action.DROPBOX_ENTRY_ADDED flg=0x10 (has extras) } to com.google.android.gms/.stats.service.DropBoxEntryAddedReceiver
11-25 11:28:24.999  1179  1246 W BroadcastQueue: Background execution not allowed: receiving Intent { act=android.intent.action.DROPBOX_ENTRY_ADDED flg=0x10 (has extras) } to com.google.android.gms/.chimera.GmsIntentOperationService$PersistentTrustedReceiver
11-25 11:28:25.086  1179  1246 W BroadcastQueue: Background execution not allowed: receiving Intent { act=android.intent.action.DROPBOX_ENTRY_ADDED flg=0x10 (has extras) } to com.google.android.gms/.stats.service.DropBoxEntryAddedReceiver
11-25 11:28:25.086  1179  1246 W BroadcastQueue: Background execution not allowed: receiving Intent { act=android.intent.action.DROPBOX_ENTRY_ADDED flg=0x10 (has extras) } to com.google.android.gms/.chimera.GmsIntentOperationService$PersistentTrustedReceiver
11-25 11:28:25.185  1179  1246 W BroadcastQueue: Background execution not allowed: receiving Intent { act=android.intent.action.DROPBOX_ENTRY_ADDED flg=0x10 (has extras) } to com.google.android.gms/.stats.service.DropBoxEntryAddedReceiver
11-25 11:28:25.185  1179  1246 W BroadcastQueue: Background execution not allowed: receiving Intent { act=android.intent.action.DROPBOX_ENTRY_ADDED flg=0x10 (has extras) } to com.google.android.gms/.chimera.GmsIntentOperationService$PersistentTrustedReceiver
11-25 11:28:25.202  1179  5891 W SettingsProvider: call() name : esport_mode_enabled
11-25 11:28:25.202  1179  5891 I ActivityManager: START u0 {act=android.intent.action.MAIN cat=[android.intent.category.LAUNCHER] flg=0x10200000 cmp=com.example.pedometer_example/.MainActivity bnds=[96,1748][318,2059]} from uid 10024 pid 3593
11-25 11:28:25.261  1179  1246 W SettingsProvider: call() name : temp_disable_scene_screen_effect
11-25 11:28:25.262  1179  1246 D RestartProcessManager: updateSelf :  com.example.pedometer_example, size : 30
11-25 11:28:25.298  1179  7299 D ConnectivityService: Returning UNBLOCKED NetworkInfo to uid=10072
11-25 11:28:25.400  1179  3458 W SettingsProvider: call() name : op_navigation_bar_type
11-25 11:28:25.418  1179 11966 D StatusBarManagerService: onInputShown shown=false reserved=0
11-25 11:28:25.447  1179  2195 I PackageManager: CameraNotch: isFullAndNotchEnabled() com.google.uid.shared:10045 isFullMode=false mNotchOptionState=false feature=all pid=16852, uid=99910045
11-25 11:28:25.523  1179  2195 W BroadcastQueue: Background execution not allowed: receiving Intent { act=android.intent.action.DROPBOX_ENTRY_ADDED flg=0x10 (has extras) } to com.google.android.gms/.stats.service.DropBoxEntryAddedReceiver
11-25 11:28:25.525  1179  1246 W BroadcastQueue: Background execution not allowed: receiving Intent { act=android.intent.action.DROPBOX_ENTRY_ADDED flg=0x10 (has extras) } to com.google.android.gms/.chimera.GmsIntentOperationService$PersistentTrustedReceiver
11-25 11:28:25.568  1179  1900 V AnimatingAppWindowTokenRegistry: reset and invoke finish: token=AppWindowToken{57a6faf token=Token{1c25b8e ActivityRecord{5cf1f89 u0 net.oneplus.launcher/.Launcher t21116}}}
11-25 11:28:25.568  1179  1900 V AnimatingAppWindowTokenRegistry: reset and invoke finish: token=AppWindowToken{569c7e token=Token{b590e39 ActivityRecord{bd99600 u0 com.example.pedometer_example/.MainActivity t21323}}}
11-25 11:28:25.632  1179  5265 D ConnectivityService: requestNetwork for uid/pid:10072/16726 NetworkRequest [ TRACK_DEFAULT id=1736, [ Capabilities: INTERNET&NOT_RESTRICTED&TRUSTED Unwanted:  Uid: 10072] ]
11-25 11:28:25.703  1179  3536 D ConnectivityService: requestNetwork for uid/pid:10099/16696 NetworkRequest [ TRACK_DEFAULT id=1738, [ Capabilities: INTERNET&NOT_RESTRICTED&TRUSTED Unwanted:  Uid: 10099] ]
11-25 11:28:25.762  1179  2194 W BroadcastQueue: Background execution not allowed: receiving Intent { act=android.intent.action.DROPBOX_ENTRY_ADDED flg=0x10 (has extras) } to com.google.android.gms/.stats.service.DropBoxEntryAddedReceiver
11-25 11:28:25.762  1179  1246 W SettingsProvider: call() name : game_mode_status_auto
11-25 11:28:25.766  1179  1246 W SettingsProvider: call() name : rading_mode_status_auto
11-25 11:28:25.766  1179  1246 W BroadcastQueue: Background execution not allowed: receiving Intent { act=android.intent.action.DROPBOX_ENTRY_ADDED flg=0x10 (has extras) } to com.google.android.gms/.chimera.GmsIntentOperationService$PersistentTrustedReceiver
11-25 11:28:25.767  1179  1179 V SettingsProvider: Notifying for 0: content://settings/system/game_mode_status_auto
11-25 11:28:25.767  1179  3536 W SettingsProvider: call() name : time_12_24
11-25 11:28:25.768  1179  1179 V SettingsProvider: Notifying for 0: content://settings/system/rading_mode_status_auto
11-25 11:28:25.769  1179  1179 W SettingsProvider: call() name : game_mode_status_auto
11-25 11:28:25.769  1179  1179 W SettingsProvider: call() name : rading_mode_status_auto
11-25 11:28:25.769  1179  1179 W SettingsProvider: call() name : game_mode_status_auto
11-25 11:28:25.769  1179  1179 W SettingsProvider: call() name : game_mode_status_auto
11-25 11:28:25.769  1179  1179 W SettingsProvider: call() name : game_mode_status_manual
11-25 11:28:25.769  1179  1179 W SettingsProvider: call() name : game_mode_status_manual
11-25 11:28:25.769  1179  1179 W SettingsProvider: call() name : game_mode_status
11-25 11:28:25.769  1179  1179 W SettingsProvider: call() name : game_mode_status_auto
11-25 11:28:25.769  1179  1179 W SettingsProvider: call() name : esport_mode_enabled
11-25 11:28:25.769  1179  1179 I OIMC    : notified , mode GameMode changeTo 2
11-25 11:28:25.770  1179  1179 W SettingsProvider: call() name : rading_mode_status_auto
11-25 11:28:25.770  1179  1179 W SettingsProvider: call() name : rading_mode_status_auto
11-25 11:28:25.770  1179  1734 I OIMC    : The mode: GameMode is not entered
11-25 11:28:25.770  1179  1179 W SettingsProvider: call() name : reading_mode_status_manual
11-25 11:28:25.770  1179  1179 W SettingsProvider: call() name : reading_mode_status_manual
11-25 11:28:25.770  1179  1179 W SettingsProvider: call() name : reading_mode_status
11-25 11:28:25.770  1179  1179 W SettingsProvider: call() name : rading_mode_status_auto
11-25 11:28:25.770  1179  1179 I OIMC    : notified , mode ReadMode changeTo 2
11-25 11:28:25.770  1179  1734 I OIMC    : The mode: ReadMode is not entered
11-25 11:28:25.771  1179  1179 V SettingsProvider: Notifying for 0: content://settings/system/game_mode_status_auto
11-25 11:28:25.771  1179  5891 W SettingsProvider: call() name : time_12_24
11-25 11:28:25.771  1179  5891 I PackageManager: CameraNotch: isFullAndNotchEnabled() com.google.uid.shared:10045 isFullMode=false mNotchOptionState=false feature=all pid=16686, uid=10045
11-25 11:28:25.771  1179  1179 V SettingsProvider: Notifying for 0: content://settings/system/rading_mode_status_auto
11-25 11:28:25.772  1179  1179 W SettingsProvider: call() name : game_mode_status_auto
11-25 11:28:25.772  1179  1179 W SettingsProvider: call() name : rading_mode_status_auto
11-25 11:28:25.803  1179  2194 W SettingsProvider: call() name : font_scale
11-25 11:28:26.086  1179  1246 W BroadcastQueue: Background execution not allowed: receiving Intent { act=android.intent.action.DROPBOX_ENTRY_ADDED flg=0x10 (has extras) } to com.google.android.gms/.stats.service.DropBoxEntryAddedReceiver
11-25 11:28:26.086  1179  1246 W BroadcastQueue: Background execution not allowed: receiving Intent { act=android.intent.action.DROPBOX_ENTRY_ADDED flg=0x10 (has extras) } to com.google.android.gms/.chimera.GmsIntentOperationService$PersistentTrustedReceiver
11-25 11:28:26.466  1179  1704 V AlarmManager: Triggering alarm #0: 2 when =153980251 package =android operation = null listenTag =*job.delay* flags =0x0
11-25 11:28:26.734  1179  1248 I ActivityManager: Start proc 17221:com.truecaller/u0a299 for service com.truecaller/androidx.work.impl.background.systemjob.SystemJobService
11-25 11:28:26.752  1179  2195 D OnePlusSmartBoostManager: writeHotCount com.truecaller, pid=17221
11-25 11:28:27.211  1179  3533 W SettingsProvider: call() name : android_id
11-25 11:28:27.215  1179  2194 D ActivityManager: # addPackageDependency # packageName=com.google.android.gms -> proc: ProcessRecord{34efc8e 17221:com.truecaller/u0a299}
11-25 11:28:27.426  1179  2195 D ActivityManager: # addPackageDependency # packageName=com.google.android.gms -> proc: ProcessRecord{34efc8e 17221:com.truecaller/u0a299}
11-25 11:28:27.556  1179  2560 W SettingsProvider: call() name : android_id
11-25 11:28:27.563  1179  2560 W SettingsProvider: call() name : sqlite_compatibility_wal_flags
11-25 11:28:27.583  1179  2195 W SettingsProvider: call() name : android_id
11-25 11:28:27.624  1179  3536 D ActivityManager: # addPackageDependency # packageName=com.google.android.gms -> proc: ProcessRecord{34efc8e 17221:com.truecaller/u0a299}
11-25 11:28:27.638  1179  2560 W ActivityManager: Background start not allowed: service Intent { cmp=com.truecaller/.clipboard.ClipboardService } to com.truecaller/.clipboard.ClipboardService from pid=17221 uid=10299 pkg=com.truecaller startFg?=false
11-25 11:28:27.752  1179  1179 W SettingsProvider: call() name : car_charger_auto_turn_on_dnd
11-25 11:28:27.752  1179  1179 W SettingsProvider: call() name : op_care_charger_auto_open_app
11-25 11:28:27.826  1179  1344 W SettingsProvider: call() name : enable_cache_quota_calculation
11-25 11:28:27.877  1179  1714 D ConnectivityService: Returning UNBLOCKED NetworkInfo to uid=10299
11-25 11:28:27.884  1179  2194 D ConnectivityService: requestNetwork for uid/pid:10299/17221 NetworkRequest [ TRACK_DEFAULT id=1742, [ Capabilities: INTERNET&NOT_RESTRICTED&TRUSTED Unwanted:  Uid: 10299] ]
11-25 11:28:27.935  1179  2195 W SettingsProvider: call() name : location_providers_allowed
11-25 11:28:27.947  1179  2195 W SettingsProvider: call() name : auto_time
11-25 11:28:28.321  1179  1773 D ConnectivityService: releasing NetworkRequest [ TRACK_DEFAULT id=1742, [ Capabilities: INTERNET&NOT_RESTRICTED&TRUSTED Unwanted:  Uid: 10299] ] (release request)
11-25 11:28:28.807  1179  1900 D ConnectivityService: requestNetwork for uid/pid:10299/17221 NetworkRequest [ TRACK_DEFAULT id=1743, [ Capabilities: INTERNET&NOT_RESTRICTED&TRUSTED Unwanted:  Uid: 10299] ]
11-25 11:28:28.901  1179  1246 W BroadcastQueue: Background execution not allowed: receiving Intent { act=android.net.conn.DATA_ACTIVITY_CHANGE flg=0x10 (has extras) } to com.oneplus.security/.network.trafficalarm.TrafficUsageAlarmReceiver
11-25 11:28:29.002  1179  2195 W SettingsProvider: call() name : instant_apps_enabled
11-25 11:28:29.074  1179  3503 D ConnectivityService: requestNetwork for uid/pid:10299/17221 NetworkRequest [ TRACK_DEFAULT id=1744, [ Capabilities: INTERNET&NOT_RESTRICTED&TRUSTED Unwanted:  Uid: 10299] ]
11-25 11:28:29.078  1179  1773 D ConnectivityService: releasing NetworkRequest [ TRACK_DEFAULT id=1744, [ Capabilities: INTERNET&NOT_RESTRICTED&TRUSTED Unwanted:  Uid: 10299] ] (release request)
11-25 11:28:29.088  1179  2195 W SettingsProvider: call() name : enabled_accessibility_services
11-25 11:28:29.237  1179  2195 D ActivityManager: # addPackageDependency # packageName=com.android.chrome -> proc: ProcessRecord{34efc8e 17221:com.truecaller/u0a299}
11-25 11:28:29.243  1179  5891 D ActivityManager: # addPackageDependency # packageName=com.android.chrome -> proc: ProcessRecord{34efc8e 17221:com.truecaller/u0a299}
11-25 11:28:29.343  1179  1878 E JobScheduler: jobid:103576
11-25 11:28:29.343  1179  1878 E JobScheduler: java.lang.IllegalStateException: Same jobid in systemuid.
11-25 11:28:29.343  1179  1878 E JobScheduler: 	at com.android.server.job.JobSchedulerService.scheduleAsPackage(JobSchedulerService.java:889)
11-25 11:28:29.343  1179  1878 E JobScheduler: 	at com.android.server.job.JobSchedulerService$JobSchedulerStub.scheduleAsPackage(JobSchedulerService.java:2668)
11-25 11:28:29.343  1179  1878 E JobScheduler: 	at android.app.JobSchedulerImpl.scheduleAsPackage(JobSchedulerImpl.java:62)
11-25 11:28:29.343  1179  1878 E JobScheduler: 	at com.android.server.content.SyncManager.scheduleSyncOperationH(SyncManager.java:1680)
11-25 11:28:29.343  1179  1878 E JobScheduler: 	at com.android.server.content.SyncManager.scheduleSyncOperationH(SyncManager.java:1499)
11-25 11:28:29.343  1179  1878 E JobScheduler: 	at com.android.server.content.SyncManager.access$4100(SyncManager.java:153)
11-25 11:28:29.343  1179  1878 E JobScheduler: 	at com.android.server.content.SyncManager$SyncHandler.reschedulePeriodicSyncH(SyncManager.java:3688)
11-25 11:28:29.343  1179  1878 E JobScheduler: 	at com.android.server.content.SyncManager$SyncHandler.runSyncFinishedOrCanceledH(SyncManager.java:3736)
11-25 11:28:29.343  1179  1878 E JobScheduler: 	at com.android.server.content.SyncManager$SyncHandler.handleSyncMessage(SyncManager.java:3075)
11-25 11:28:29.343  1179  1878 E JobScheduler: 	at com.android.server.content.SyncManager$SyncHandler.handleMessage(SyncManager.java:2991)
11-25 11:28:29.343  1179  1878 E JobScheduler: 	at android.os.Handler.dispatchMessage(Handler.java:106)
11-25 11:28:29.343  1179  1878 E JobScheduler: 	at android.os.Looper.loop(Looper.java:193)
11-25 11:28:29.343  1179  1878 E JobScheduler: 	at android.os.HandlerThread.run(HandlerThread.java:65)
11-25 11:28:29.520  1179  2560 W SettingsProvider: call() name : webview_multiprocess
11-25 11:28:29.671  1179  1248 I ActivityManager: Start proc 17516:com.android.chrome:sandboxed_process0/u0i396 for webview_service com.truecaller/org.chromium.content.app.SandboxedProcessService0
11-25 11:28:29.692  1179  1248 I ActivityManager: Start proc 17529:com.android.chrome:sandboxed_process0/u0i397 for webview_service com.truecaller/org.chromium.content.app.SandboxedProcessService0
11-25 11:28:29.708  1179  1900 I ActivityManager: Killing 17516:com.android.chrome:sandboxed_process0/u0a299i396 (adj 920): isolated not needed
11-25 11:28:29.745  1179  1714 D OneplusAppPreload: Preload package : com.truecaller do not support preload
11-25 11:28:29.757  1179  1704 V AlarmManager: Triggering alarm #0: 2 when =153983611 package =android operation = null listenTag =*job.delay* flags =0x0
11-25 11:28:29.796  1179  2560 W SettingsProvider: call() name : enabled_accessibility_services
11-25 11:28:29.915  1179  1271 E BatteryExternalStatsWorker: no controller energy info supplied for bluetooth
11-25 11:28:29.927  1179  1244 D BatteryStatsService: @@@@ awaitUninterruptibly in 26 ms
11-25 11:28:29.951  1179  1244 D BatteryStatsService: ext-flush too soon, skip
11-25 11:28:29.952  1179  1773 D ConnectivityService: releasing NetworkRequest [ TRACK_DEFAULT id=1743, [ Capabilities: INTERNET&NOT_RESTRICTED&TRUSTED Unwanted:  Uid: 10299] ] (release request)
11-25 11:28:29.963  1179  5265 W SettingsProvider: call() name : package_verifier_enable
11-25 11:28:30.213  1179  1878 E JobScheduler: jobid:100781
11-25 11:28:30.213  1179  1878 E JobScheduler: java.lang.IllegalStateException: Same jobid in systemuid.
11-25 11:28:30.213  1179  1878 E JobScheduler: 	at com.android.server.job.JobSchedulerService.scheduleAsPackage(JobSchedulerService.java:889)
11-25 11:28:30.213  1179  1878 E JobScheduler: 	at com.android.server.job.JobSchedulerService$JobSchedulerStub.scheduleAsPackage(JobSchedulerService.java:2668)
11-25 11:28:30.213  1179  1878 E JobScheduler: 	at android.app.JobSchedulerImpl.scheduleAsPackage(JobSchedulerImpl.java:62)
11-25 11:28:30.213  1179  1878 E JobScheduler: 	at com.android.server.content.SyncManager.scheduleSyncOperationH(SyncManager.java:1680)
11-25 11:28:30.213  1179  1878 E JobScheduler: 	at com.android.server.content.SyncManager.scheduleSyncOperationH(SyncManager.java:1499)
11-25 11:28:30.213  1179  1878 E JobScheduler: 	at com.android.server.content.SyncManager.access$4100(SyncManager.java:153)
11-25 11:28:30.213  1179  1878 E JobScheduler: 	at com.android.server.content.SyncManager$SyncHandler.maybeUpdateSyncPeriodH(SyncManager.java:3371)
11-25 11:28:30.213  1179  1878 E JobScheduler: 	at com.android.server.content.SyncManager$SyncHandler.updateOrAddPeriodicSyncH(SyncManager.java:3391)
11-25 11:28:30.213  1179  1878 E JobScheduler: 	at com.android.server.content.SyncManager$SyncHandler.handleSyncMessage(SyncManager.java:3042)
11-25 11:28:30.213  1179  1878 E JobScheduler: 	at com.android.server.content.SyncManager$SyncHandler.handleMessage(SyncManager.java:2991)
11-25 11:28:30.213  1179  1878 E JobScheduler: 	at android.os.Handler.dispatchMessage(Handler.java:106)
11-25 11:28:30.213  1179  1878 E JobScheduler: 	at android.os.Looper.loop(Looper.java:193)
11-25 11:28:30.213  1179  1878 E JobScheduler: 	at android.os.HandlerThread.run(HandlerThread.java:65)
11-25 11:28:30.311  1179  2194 W SettingsProvider: call() name : auto_time
11-25 11:28:30.324  1179  1878 E JobScheduler: jobid:103000
11-25 11:28:30.324  1179  1878 E JobScheduler: java.lang.IllegalStateException: Same jobid in systemuid.
11-25 11:28:30.324  1179  1878 E JobScheduler: 	at com.android.server.job.JobSchedulerService.scheduleAsPackage(JobSchedulerService.java:889)
11-25 11:28:30.324  1179  1878 E JobScheduler: 	at com.android.server.job.JobSchedulerService$JobSchedulerStub.scheduleAsPackage(JobSchedulerService.java:2668)
11-25 11:28:30.324  1179  1878 E JobScheduler: 	at android.app.JobSchedulerImpl.scheduleAsPackage(JobSchedulerImpl.java:62)
11-25 11:28:30.324  1179  1878 E JobScheduler: 	at com.android.server.content.SyncManager.scheduleSyncOperationH(SyncManager.java:1680)
11-25 11:28:30.324  1179  1878 E JobScheduler: 	at com.android.server.content.SyncManager.scheduleSyncOperationH(SyncManager.java:1499)
11-25 11:28:30.324  1179  1878 E JobScheduler: 	at com.android.server.content.SyncManager.access$4100(SyncManager.java:153)
11-25 11:28:30.324  1179  1878 E JobScheduler: 	at com.android.server.content.SyncManager$SyncHandler.maybeUpdateSyncPeriodH(SyncManager.java:3371)
11-25 11:28:30.324  1179  1878 E JobScheduler: 	at com.android.server.content.SyncManager$SyncHandler.updateOrAddPeriodicSyncH(SyncManager.java:3391)
11-25 11:28:30.324  1179  1878 E JobScheduler: 	at com.android.server.content.SyncManager$SyncHandler.handleSyncMessage(SyncManager.java:3042)
11-25 11:28:30.324  1179  1878 E JobScheduler: 	at com.android.server.content.SyncManager$SyncHandler.handleMessage(SyncManager.java:2991)
11-25 11:28:30.324  1179  1878 E JobScheduler: 	at android.os.Handler.dispatchMessage(Handler.java:106)
11-25 11:28:30.324  1179  1878 E JobScheduler: 	at android.os.Looper.loop(Looper.java:193)
11-25 11:28:30.324  1179  1878 E JobScheduler: 	at android.os.HandlerThread.run(HandlerThread.java:65)
11-25 11:28:30.770  1179  2194 I ActivityManager: Killing 10936:com.mobstac.thehindu/u0a329 (adj 919): empty #23
11-25 11:28:30.778  1179  2195 W SettingsProvider: call() name : sms_default_application
11-25 11:28:30.891  1179  2194 W SettingsProvider: call() name : nfc_payment_default_component
11-25 11:28:30.896  1179  2195 W SettingsProvider: call() name : ble_scan_low_latency_interval_ms
11-25 11:28:30.897  1179  1714 W SettingsProvider: call() name : ble_scan_low_latency_window_ms
11-25 11:28:31.178  1179  1878 E JobScheduler: jobid:101447
11-25 11:28:31.178  1179  1878 E JobScheduler: java.lang.IllegalStateException: Same jobid in systemuid.
11-25 11:28:31.178  1179  1878 E JobScheduler: 	at com.android.server.job.JobSchedulerService.scheduleAsPackage(JobSchedulerService.java:889)
11-25 11:28:31.178  1179  1878 E JobScheduler: 	at com.android.server.job.JobSchedulerService$JobSchedulerStub.scheduleAsPackage(JobSchedulerService.java:2668)
11-25 11:28:31.178  1179  1878 E JobScheduler: 	at android.app.JobSchedulerImpl.scheduleAsPackage(JobSchedulerImpl.java:62)
11-25 11:28:31.178  1179  1878 E JobScheduler: 	at com.android.server.content.SyncManager.scheduleSyncOperationH(SyncManager.java:1680)
11-25 11:28:31.178  1179  1878 E JobScheduler: 	at com.android.server.content.SyncManager.scheduleSyncOperationH(SyncManager.java:1499)
11-25 11:28:31.178  1179  1878 E JobScheduler: 	at com.android.server.content.SyncManager.access$4100(SyncManager.java:153)
11-25 11:28:31.178  1179  1878 E JobScheduler: 	at com.android.server.content.SyncManager$SyncHandler.maybeUpdateSyncPeriodH(SyncManager.java:3371)
11-25 11:28:31.178  1179  1878 E JobScheduler: 	at com.android.server.content.SyncManager$SyncHandler.updateOrAddPeriodicSyncH(SyncManager.java:3391)
11-25 11:28:31.178  1179  1878 E JobScheduler: 	at com.android.server.content.SyncManager$SyncHandler.handleSyncMessage(SyncManager.java:3042)
11-25 11:28:31.178  1179  1878 E JobScheduler: 	at com.android.server.content.SyncManager$SyncHandler.handleMessage(SyncManager.java:2991)
11-25 11:28:31.178  1179  1878 E JobScheduler: 	at android.os.Handler.dispatchMessage(Handler.java:106)
11-25 11:28:31.178  1179  1878 E JobScheduler: 	at android.os.Looper.loop(Looper.java:193)
11-25 11:28:31.178  1179  1878 E JobScheduler: 	at android.os.HandlerThread.run(HandlerThread.java:65)
11-25 11:28:31.205  1179  1878 E JobScheduler: jobid:101092
11-25 11:28:31.205  1179  1878 E JobScheduler: java.lang.IllegalStateException: Same jobid in systemuid.
11-25 11:28:31.205  1179  1878 E JobScheduler: 	at com.android.server.job.JobSchedulerService.scheduleAsPackage(JobSchedulerService.java:889)
11-25 11:28:31.205  1179  1878 E JobScheduler: 	at com.android.server.job.JobSchedulerService$JobSchedulerStub.scheduleAsPackage(JobSchedulerService.java:2668)
11-25 11:28:31.205  1179  1878 E JobScheduler: 	at android.app.JobSchedulerImpl.scheduleAsPackage(JobSchedulerImpl.java:62)
11-25 11:28:31.205  1179  1878 E JobScheduler: 	at com.android.server.content.SyncManager.scheduleSyncOperationH(SyncManager.java:1680)
11-25 11:28:31.205  1179  1878 E JobScheduler: 	at com.android.server.content.SyncManager.scheduleSyncOperationH(SyncManager.java:1499)
11-25 11:28:31.205  1179  1878 E JobScheduler: 	at com.android.server.content.SyncManager.access$4100(SyncManager.java:153)
11-25 11:28:31.205  1179  1878 E JobScheduler: 	at com.android.server.content.SyncManager$SyncHandler.maybeUpdateSyncPeriodH(SyncManager.java:3371)
11-25 11:28:31.205  1179  1878 E JobScheduler: 	at com.android.server.content.SyncManager$SyncHandler.updateOrAddPeriodicSyncH(SyncManager.java:3391)
11-25 11:28:31.205  1179  1878 E JobScheduler: 	at com.android.server.content.SyncManager$SyncHandler.handleSyncMessage(SyncManager.java:3042)
11-25 11:28:31.205  1179  1878 E JobScheduler: 	at com.android.server.content.SyncManager$SyncHandler.handleMessage(SyncManager.java:2991)
11-25 11:28:31.205  1179  1878 E JobScheduler: 	at android.os.Handler.dispatchMessage(Handler.java:106)
11-25 11:28:31.205  1179  1878 E JobScheduler: 	at android.os.Looper.loop(Looper.java:193)
11-25 11:28:31.205  1179  1878 E JobScheduler: 	at android.os.HandlerThread.run(HandlerThread.java:65)
11-25 11:28:31.271  1179  1878 E JobScheduler: jobid:109043
11-25 11:28:31.271  1179  1878 E JobScheduler: java.lang.IllegalStateException: Same jobid in systemuid.
11-25 11:28:31.271  1179  1878 E JobScheduler: 	at com.android.server.job.JobSchedulerService.scheduleAsPackage(JobSchedulerService.java:889)
11-25 11:28:31.271  1179  1878 E JobScheduler: 	at com.android.server.job.JobSchedulerService$JobSchedulerStub.scheduleAsPackage(JobSchedulerService.java:2668)
11-25 11:28:31.271  1179  1878 E JobScheduler: 	at android.app.JobSchedulerImpl.scheduleAsPackage(JobSchedulerImpl.java:62)
11-25 11:28:31.271  1179  1878 E JobScheduler: 	at com.android.server.content.SyncManager.scheduleSyncOperationH(SyncManager.java:1680)
11-25 11:28:31.271  1179  1878 E JobScheduler: 	at com.android.server.content.SyncManager.scheduleSyncOperationH(SyncManager.java:1499)
11-25 11:28:31.271  1179  1878 E JobScheduler: 	at com.android.server.content.SyncManager.access$4100(SyncManager.java:153)
11-25 11:28:31.271  1179  1878 E JobScheduler: 	at com.android.server.content.SyncManager$SyncHandler.maybeUpdateSyncPeriodH(SyncManager.java:3371)
11-25 11:28:31.271  1179  1878 E JobScheduler: 	at com.android.server.content.SyncManager$SyncHandler.updateOrAddPeriodicSyncH(SyncManager.java:3391)
11-25 11:28:31.271  1179  1878 E JobScheduler: 	at com.android.server.content.SyncManager$SyncHandler.handleSyncMessage(SyncManager.java:3042)
11-25 11:28:31.271  1179  1878 E JobScheduler: 	at com.android.server.content.SyncManager$SyncHandler.handleMessage(SyncManager.java:2991)
11-25 11:28:31.271  1179  1878 E JobScheduler: 	at android.os.Handler.dispatchMessage(Handler.java:106)
11-25 11:28:31.271  1179  1878 E JobScheduler: 	at android.os.Looper.loop(Looper.java:193)
11-25 11:28:31.271  1179  1878 E JobScheduler: 	at android.os.HandlerThread.run(HandlerThread.java:65)
11-25 11:28:31.977  1179  1179 W Looper  : Slow dispatch took 1198ms main h=android.app.ActivityThread$H c=android.app.-$$Lambda$LoadedApk$ReceiverDispatcher$Args$_BumDX2UKsnxLVrE6UJsJZkotuA@ebf67c2 m=0
11-25 11:28:31.977  1179  1179 W Looper  : Slow delivery took 1214ms main h=android.app.ActivityThread$H c=android.app.-$$Lambda$LoadedApk$ReceiverDispatcher$Args$_BumDX2UKsnxLVrE6UJsJZkotuA@b2879d3 m=0
11-25 11:28:31.980  1179  1179 W SettingsProvider: call() name : enabled_vr_listeners
11-25 11:28:31.980  1179  1179 W SettingsProvider: call() name : enabled_vr_listeners
11-25 11:28:32.624  1179  2194 W ActivityManager: Background start not allowed: service Intent { act=com.whatsapp.messaging.MessageService.START cmp=com.whatsapp/.messaging.MessageService } to com.whatsapp/.messaging.MessageService from pid=4169 uid=10207 pkg=com.whatsapp startFg?=false
11-25 11:28:32.633  1179  1246 I ActivityManager: Waited long enough for: ServiceRecord{eac8856 u999 com.google.android.gms/.chimera.GmsIntentOperationService}
11-25 11:28:32.643  1179  1246 W SettingsProvider: call() name : notification_light_pulse_color
11-25 11:28:32.648  1179  1246 E NotificationService: Suppressing notification from package by user request. Package: com.whatsapp isGroupBlocked: false isRankingImportanceNone: true isRecordImportanceNone: false
11-25 11:28:32.655  1179  3536 D ConnectivityService: Returning UNBLOCKED NetworkInfo to uid=10207
11-25 11:28:32.660  1179  3536 D ConnectivityService: requestNetwork for uid/pid:10207/4169 NetworkRequest [ TRACK_DEFAULT id=1745, [ Capabilities: INTERNET&NOT_RESTRICTED&TRUSTED Unwanted:  Uid: 10207] ]
11-25 11:28:32.705  1179  1248 I ActivityManager: Start proc 17619:com.android.providers.calendar/u999a21 for content provider com.android.providers.calendar/.CalendarProvider2
11-25 11:28:32.726  1179  1244 W SettingsProvider: call() name : search_global_search_activity
11-25 11:28:32.730  1179  1179 W Looper  : Slow dispatch took 749ms main h=android.app.ActivityThread$H c=android.app.-$$Lambda$LoadedApk$ReceiverDispatcher$Args$_BumDX2UKsnxLVrE6UJsJZkotuA@833c495 m=0
11-25 11:28:32.730  1179  1244 W SettingsProvider: call() name : voice_interaction_service
11-25 11:28:32.735  1179  6362 D OnePlusSmartBoostManager: writeHotCount com.android.providers.calendar, pid=17619
11-25 11:28:32.737  1179  1179 W SettingsProvider: call() name : dialer_default_application
11-25 11:28:32.737  1179  1179 I Telecom : DefaultDialerCache: Refreshing default dialer for user 0: now com.truecaller: DDC.oR@R0E
11-25 11:28:32.738  1179  1179 W SettingsProvider: call() name : dialer_default_application
11-25 11:28:32.743  1179  1244 W LocationProviderProxy-network: Odd, no component found for service com.android.location.service.v3.NetworkLocationProvider
11-25 11:28:32.751  1179  1179 I Telecom : DefaultDialerCache: Refreshing default dialer for user 999: now com.android.dialer: DDC.oR@R0E
11-25 11:28:32.784  1179  1179 W AppWidgetServiceImpl: No cakemix.appwidget.metadata.create meta-data for AppWidget provider 'ProviderId{user:0, app:10105, cmp:ComponentInfo{com.google.android.apps.docs/com.google.android.apps.docs.drive.widget.CakemixAppWidgetProvider}}'
11-25 11:28:32.787  1179  1179 W SettingsProvider: call() name : enabled_vr_listeners
11-25 11:28:32.789  1179  3499 W SettingsProvider: call() name : sqlite_compatibility_wal_flags
11-25 11:28:32.813  1179  1179 I Telecom : DefaultDialerCache: Refreshing default dialer for user 0: now com.truecaller: DDC.oR@R0I
11-25 11:28:32.813  1179  1179 W SettingsProvider: call() name : dialer_default_application
11-25 11:28:32.815  1179  1179 I Telecom : DefaultDialerCache: Refreshing default dialer for user 999: now com.android.dialer: DDC.oR@R0I
11-25 11:28:32.825  1179  1780 W SettingsProvider: call() name : boot_count
11-25 11:28:32.830  1179  1179 W SettingsProvider: call() name : enabled_notification_listeners
11-25 11:28:32.830  1179  1179 W SettingsProvider: call() name : enabled_notification_assistant
11-25 11:28:32.830  1179  1179 W SettingsProvider: call() name : enabled_notification_policy_access_packages
11-25 11:28:32.830  1179  1244 W LocationProviderProxy-network: Odd, no component found for service com.android.location.service.v3.NetworkLocationProvider
11-25 11:28:32.858  1179  1179 W Looper  : Drained
11-25 11:28:33.390  1179  1773 D ConnectivityService: releasing NetworkRequest [ TRACK_DEFAULT id=1745, [ Capabilities: INTERNET&NOT_RESTRICTED&TRUSTED Unwanted:  Uid: 10207] ] (release request)
11-25 11:28:33.893  1179  1248 I ActivityManager: Start proc 17647:com.mobstac.thehindu/u0a329 for embryo com.mobstac.thehindu
11-25 11:28:33.977  1179  1751 W SettingsProvider: call() name : netstats_sample_enabled
11-25 11:28:33.990  1179  1752 W SettingsProvider: call() name : netstats_augment_enabled
11-25 11:28:34.622  1179  1704 V AlarmManager: Triggering alarm #0: 2 when =153988477 package =android operation = null listenTag =*job.delay* flags =0x0
11-25 11:28:34.776  1179  1704 V AlarmManager: Triggering alarm #0: 2 when =153988506 package =android operation = null listenTag =*job.delay* flags =0x0
11-25 11:28:35.840  1179  1704 V AlarmManager: Triggering alarm #0: 2 when =153989695 package =android operation = null listenTag =*job.delay* flags =0x0
11-25 11:28:36.245  1179  1704 V AlarmManager: Triggering alarm #0: 2 when =153989709 package =android operation = null listenTag =*job.delay* flags =0x0
11-25 11:28:37.678  1179  3458 I ActivityManager: Killing 13176:com.ishafoundation.app/u0a146 (adj 919): empty #23
11-25 11:28:37.710  1179  1714 W SettingsProvider: call() name : sms_default_application
11-25 11:28:37.741  1179  1714 D ConnectivityService: ConnectivityService NetworkRequestInfo binderDied(NetworkRequest [ LISTEN id=1723, [ Capabilities: NOT_RESTRICTED&TRUSTED&NOT_VPN&FOREGROUND Unwanted:  Uid: 10146] ], android.os.BinderProxy@c16df3c)
11-25 11:28:39.702  1179  5891 I ActivityManager: Killing 13512:net.oneplus.widget/1000 (adj 919): empty #23
11-25 11:28:40.675  1179  3536 I ActivityManager: Killing 13380:net.oneplus.weather/u0a117 (adj 919): empty #23
11-25 11:28:40.777  1179  1248 I ActivityManager: Start proc 17690:com.ishafoundation.app/u0a146 for embryo com.ishafoundation.app
11-25 11:28:41.632  1179 11966 I ActivityManager: Killing 15426:com.meetup/u0a280 (adj 919): empty #23
11-25 11:28:41.698  1179  6362 D ConnectivityService: ConnectivityService NetworkRequestInfo binderDied(NetworkRequest [ TRACK_DEFAULT id=1734, [ Capabilities: INTERNET&NOT_RESTRICTED&TRUSTED Unwanted:  Uid: 10280] ], android.os.BinderProxy@bb32339)
11-25 11:28:41.699  1179  1773 D ConnectivityService: releasing NetworkRequest [ TRACK_DEFAULT id=1734, [ Capabilities: INTERNET&NOT_RESTRICTED&TRUSTED Unwanted:  Uid: 10280] ] (release request)
11-25 11:28:43.764  1179  1248 I ActivityManager: Start proc 17712:net.oneplus.weather/u0a117 for embryo net.oneplus.weather
11-25 11:28:44.354  1179  3458 I ActivityManager: Killing 13408:com.google.process.gapps/u999a45 (adj 924): empty #23
11-25 11:28:44.649  1179  1704 V AlarmManager: Triggering alarm #0: 2 when =153998504 package =android operation = null listenTag =*job.delay* flags =0x0
11-25 11:28:44.649  1179  1704 V AlarmManager: Triggering alarm #1: 3 when =153990475 package =com.google.android.gms operation =*alarm*:com.google.android.gms.auth.authzen.cryptauth.DEVICE_STATE_CHECK_DELAY_COMPLETE flags =0x0
11-25 11:28:44.649  1179  1704 V AlarmManager: Triggering alarm #2: 3 when =153990478 package =com.google.android.gms operation =*alarm*:com.google.android.gms.auth.authzen.cryptauth.DEVICE_STATE_CHECK_DELAY_COMPLETE flags =0x0
11-25 11:28:44.737  1179  1248 I ActivityManager: Start proc 17737:com.meetup/u0a280 for embryo com.meetup
11-25 11:28:44.867  1179  1878 E JobScheduler: jobid:100781
11-25 11:28:44.867  1179  1878 E JobScheduler: java.lang.IllegalStateException: Same jobid in systemuid.
11-25 11:28:44.867  1179  1878 E JobScheduler: 	at com.android.server.job.JobSchedulerService.scheduleAsPackage(JobSchedulerService.java:889)
11-25 11:28:44.867  1179  1878 E JobScheduler: 	at com.android.server.job.JobSchedulerService$JobSchedulerStub.scheduleAsPackage(JobSchedulerService.java:2668)
11-25 11:28:44.867  1179  1878 E JobScheduler: 	at android.app.JobSchedulerImpl.scheduleAsPackage(JobSchedulerImpl.java:62)
11-25 11:28:44.867  1179  1878 E JobScheduler: 	at com.android.server.content.SyncManager.scheduleSyncOperationH(SyncManager.java:1680)
11-25 11:28:44.867  1179  1878 E JobScheduler: 	at com.android.server.content.SyncManager.scheduleSyncOperationH(SyncManager.java:1499)
11-25 11:28:44.867  1179  1878 E JobScheduler: 	at com.android.server.content.SyncManager.access$4100(SyncManager.java:153)
11-25 11:28:44.867  1179  1878 E JobScheduler: 	at com.android.server.content.SyncManager$SyncHandler.maybeUpdateSyncPeriodH(SyncManager.java:3371)
11-25 11:28:44.867  1179  1878 E JobScheduler: 	at com.android.server.content.SyncManager$SyncHandler.updateOrAddPeriodicSyncH(SyncManager.java:3391)
11-25 11:28:44.867  1179  1878 E JobScheduler: 	at com.android.server.content.SyncManager$SyncHandler.handleSyncMessage(SyncManager.java:3042)
11-25 11:28:44.867  1179  1878 E JobScheduler: 	at com.android.server.content.SyncManager$SyncHandler.handleMessage(SyncManager.java:2991)
11-25 11:28:44.867  1179  1878 E JobScheduler: 	at android.os.Handler.dispatchMessage(Handler.java:106)
11-25 11:28:44.867  1179  1878 E JobScheduler: 	at android.os.Looper.loop(Looper.java:193)
11-25 11:28:44.867  1179  1878 E JobScheduler: 	at android.os.HandlerThread.run(HandlerThread.java:65)
11-25 11:28:44.869  1179  1704 V AlarmManager: Triggering alarm #0: 2 when =153998724 package =android operation = null listenTag =*job.delay* flags =0x0
11-25 11:28:44.926  1179  1878 E JobScheduler: jobid:103000
11-25 11:28:44.926  1179  1878 E JobScheduler: java.lang.IllegalStateException: Same jobid in systemuid.
11-25 11:28:44.926  1179  1878 E JobScheduler: 	at com.android.server.job.JobSchedulerService.scheduleAsPackage(JobSchedulerService.java:889)
11-25 11:28:44.926  1179  1878 E JobScheduler: 	at com.android.server.job.JobSchedulerService$JobSchedulerStub.scheduleAsPackage(JobSchedulerService.java:2668)
11-25 11:28:44.926  1179  1878 E JobScheduler: 	at android.app.JobSchedulerImpl.scheduleAsPackage(JobSchedulerImpl.java:62)
11-25 11:28:44.926  1179  1878 E JobScheduler: 	at com.android.server.content.SyncManager.scheduleSyncOperationH(SyncManager.java:1680)
11-25 11:28:44.926  1179  1878 E JobScheduler: 	at com.android.server.content.SyncManager.scheduleSyncOperationH(SyncManager.java:1499)
11-25 11:28:44.926  1179  1878 E JobScheduler: 	at com.android.server.content.SyncManager.access$4100(SyncManager.java:153)
11-25 11:28:44.926  1179  1878 E JobScheduler: 	at com.android.server.content.SyncManager$SyncHandler.maybeUpdateSyncPeriodH(SyncManager.java:3371)
11-25 11:28:44.926  1179  1878 E JobScheduler: 	at com.android.server.content.SyncManager$SyncHandler.updateOrAddPeriodicSyncH(SyncManager.java:3391)
11-25 11:28:44.926  1179  1878 E JobScheduler: 	at com.android.server.content.SyncManager$SyncHandler.handleSyncMessage(SyncManager.java:3042)
11-25 11:28:44.926  1179  1878 E JobScheduler: 	at com.android.server.content.SyncManager$SyncHandler.handleMessage(SyncManager.java:2991)
11-25 11:28:44.926  1179  1878 E JobScheduler: 	at android.os.Handler.dispatchMessage(Handler.java:106)
11-25 11:28:44.926  1179  1878 E JobScheduler: 	at android.os.Looper.loop(Looper.java:193)
11-25 11:28:44.926  1179  1878 E JobScheduler: 	at android.os.HandlerThread.run(HandlerThread.java:65)
11-25 11:28:45.192  1179  1878 E JobScheduler: jobid:101447
11-25 11:28:45.192  1179  1878 E JobScheduler: java.lang.IllegalStateException: Same jobid in systemuid.
11-25 11:28:45.192  1179  1878 E JobScheduler: 	at com.android.server.job.JobSchedulerService.scheduleAsPackage(JobSchedulerService.java:889)
11-25 11:28:45.192  1179  1878 E JobScheduler: 	at com.android.server.job.JobSchedulerService$JobSchedulerStub.scheduleAsPackage(JobSchedulerService.java:2668)
11-25 11:28:45.192  1179  1878 E JobScheduler: 	at android.app.JobSchedulerImpl.scheduleAsPackage(JobSchedulerImpl.java:62)
11-25 11:28:45.192  1179  1878 E JobScheduler: 	at com.android.server.content.SyncManager.scheduleSyncOperationH(SyncManager.java:1680)
11-25 11:28:45.192  1179  1878 E JobScheduler: 	at com.android.server.content.SyncManager.scheduleSyncOperationH(SyncManager.java:1499)
11-25 11:28:45.192  1179  1878 E JobScheduler: 	at com.android.server.content.SyncManager.access$4100(SyncManager.java:153)
11-25 11:28:45.192  1179  1878 E JobScheduler: 	at com.android.server.content.SyncManager$SyncHandler.maybeUpdateSyncPeriodH(SyncManager.java:3371)
11-25 11:28:45.192  1179  1878 E JobScheduler: 	at com.android.server.content.SyncManager$SyncHandler.updateOrAddPeriodicSyncH(SyncManager.java:3391)
11-25 11:28:45.192  1179  1878 E JobScheduler: 	at com.android.server.content.SyncManager$SyncHandler.handleSyncMessage(SyncManager.java:3042)
11-25 11:28:45.192  1179  1878 E JobScheduler: 	at com.android.server.content.SyncManager$SyncHandler.handleMessage(SyncManager.java:2991)
11-25 11:28:45.192  1179  1878 E JobScheduler: 	at android.os.Handler.dispatchMessage(Handler.java:106)
11-25 11:28:45.192  1179  1878 E JobScheduler: 	at android.os.Looper.loop(Looper.java:193)
11-25 11:28:45.192  1179  1878 E JobScheduler: 	at android.os.HandlerThread.run(HandlerThread.java:65)
11-25 11:28:45.212  1179  1878 E JobScheduler: jobid:101092
11-25 11:28:45.212  1179  1878 E JobScheduler: java.lang.IllegalStateException: Same jobid in systemuid.
11-25 11:28:45.212  1179  1878 E JobScheduler: 	at com.android.server.job.JobSchedulerService.scheduleAsPackage(JobSchedulerService.java:889)
11-25 11:28:45.212  1179  1878 E JobScheduler: 	at com.android.server.job.JobSchedulerService$JobSchedulerStub.scheduleAsPackage(JobSchedulerService.java:2668)
11-25 11:28:45.212  1179  1878 E JobScheduler: 	at android.app.JobSchedulerImpl.scheduleAsPackage(JobSchedulerImpl.java:62)
11-25 11:28:45.212  1179  1878 E JobScheduler: 	at com.android.server.content.SyncManager.scheduleSyncOperationH(SyncManager.java:1680)
11-25 11:28:45.212  1179  1878 E JobScheduler: 	at com.android.server.content.SyncManager.scheduleSyncOperationH(SyncManager.java:1499)
11-25 11:28:45.212  1179  1878 E JobScheduler: 	at com.android.server.content.SyncManager.access$4100(SyncManager.java:153)
11-25 11:28:45.212  1179  1878 E JobScheduler: 	at com.android.server.content.SyncManager$SyncHandler.maybeUpdateSyncPeriodH(SyncManager.java:3371)
11-25 11:28:45.212  1179  1878 E JobScheduler: 	at com.android.server.content.SyncManager$SyncHandler.updateOrAddPeriodicSyncH(SyncManager.java:3391)
11-25 11:28:45.212  1179  1878 E JobScheduler: 	at com.android.server.content.SyncManager$SyncHandler.handleSyncMessage(SyncManager.java:3042)
11-25 11:28:45.212  1179  1878 E JobScheduler: 	at com.android.server.content.SyncManager$SyncHandler.handleMessage(SyncManager.java:2991)
11-25 11:28:45.212  1179  1878 E JobScheduler: 	at android.os.Handler.dispatchMessage(Handler.java:106)
11-25 11:28:45.212  1179  1878 E JobScheduler: 	at android.os.Looper.loop(Looper.java:193)
11-25 11:28:45.212  1179  1878 E JobScheduler: 	at android.os.HandlerThread.run(HandlerThread.java:65)
11-25 11:28:45.237  1179  1878 E JobScheduler: jobid:109043
11-25 11:28:45.237  1179  1878 E JobScheduler: java.lang.IllegalStateException: Same jobid in systemuid.
11-25 11:28:45.237  1179  1878 E JobScheduler: 	at com.android.server.job.JobSchedulerService.scheduleAsPackage(JobSchedulerService.java:889)
11-25 11:28:45.237  1179  1878 E JobScheduler: 	at com.android.server.job.JobSchedulerService$JobSchedulerStub.scheduleAsPackage(JobSchedulerService.java:2668)
11-25 11:28:45.237  1179  1878 E JobScheduler: 	at android.app.JobSchedulerImpl.scheduleAsPackage(JobSchedulerImpl.java:62)
11-25 11:28:45.237  1179  1878 E JobScheduler: 	at com.android.server.content.SyncManager.scheduleSyncOperationH(SyncManager.java:1680)
11-25 11:28:45.237  1179  1878 E JobScheduler: 	at com.android.server.content.SyncManager.scheduleSyncOperationH(SyncManager.java:1499)
11-25 11:28:45.237  1179  1878 E JobScheduler: 	at com.android.server.content.SyncManager.access$4100(SyncManager.java:153)
11-25 11:28:45.237  1179  1878 E JobScheduler: 	at com.android.server.content.SyncManager$SyncHandler.maybeUpdateSyncPeriodH(SyncManager.java:3371)
11-25 11:28:45.237  1179  1878 E JobScheduler: 	at com.android.server.content.SyncManager$SyncHandler.updateOrAddPeriodicSyncH(SyncManager.java:3391)
11-25 11:28:45.237  1179  1878 E JobScheduler: 	at com.android.server.content.SyncManager$SyncHandler.handleSyncMessage(SyncManager.java:3042)
11-25 11:28:45.237  1179  1878 E JobScheduler: 	at com.android.server.content.SyncManager$SyncHandler.handleMessage(SyncManager.java:2991)
11-25 11:28:45.237  1179  1878 E JobScheduler: 	at android.os.Handler.dispatchMessage(Handler.java:106)
11-25 11:28:45.237  1179  1878 E JobScheduler: 	at android.os.Looper.loop(Looper.java:193)
11-25 11:28:45.237  1179  1878 E JobScheduler: 	at android.os.HandlerThread.run(HandlerThread.java:65)
11-25 11:28:45.849  1179  1704 V AlarmManager: Triggering alarm #0: 2 when =153999704 package =android operation = null listenTag =*job.delay* flags =0x0
11-25 11:28:46.256  1179  1704 V AlarmManager: Triggering alarm #0: 2 when =154000110 package =android operation = null listenTag =*job.delay* flags =0x0
11-25 11:28:47.750  1179  1900 I ActivityManager: Killing 12859:com.bt.bms/u0a215 (adj 919): empty #23
11-25 11:28:49.985  1179  1179 I ActivityManager: Killing 11170:com.google.android.apps.turbo/u0a59 (adj 919): empty #23
11-25 11:28:50.176  1179  1878 E JobScheduler: jobid:105366
11-25 11:28:50.176  1179  1878 E JobScheduler: java.lang.IllegalStateException: Same jobid in systemuid.
11-25 11:28:50.176  1179  1878 E JobScheduler: 	at com.android.server.job.JobSchedulerService.scheduleAsPackage(JobSchedulerService.java:889)
11-25 11:28:50.176  1179  1878 E JobScheduler: 	at com.android.server.job.JobSchedulerService$JobSchedulerStub.scheduleAsPackage(JobSchedulerService.java:2668)
11-25 11:28:50.176  1179  1878 E JobScheduler: 	at android.app.JobSchedulerImpl.scheduleAsPackage(JobSchedulerImpl.java:62)
11-25 11:28:50.176  1179  1878 E JobScheduler: 	at com.android.server.content.SyncManager.scheduleSyncOperationH(SyncManager.java:1680)
11-25 11:28:50.176  1179  1878 E JobScheduler: 	at com.android.server.content.SyncManager.scheduleSyncOperationH(SyncManager.java:1499)
11-25 11:28:50.176  1179  1878 E JobScheduler: 	at com.android.server.content.SyncManager.access$4100(SyncManager.java:153)
11-25 11:28:50.176  1179  1878 E JobScheduler: 	at com.android.server.content.SyncManager$SyncHandler.reschedulePeriodicSyncH(SyncManager.java:3688)
11-25 11:28:50.176  1179  1878 E JobScheduler: 	at com.android.server.content.SyncManager$SyncHandler.runSyncFinishedOrCanceledH(SyncManager.java:3736)
11-25 11:28:50.176  1179  1878 E JobScheduler: 	at com.android.server.content.SyncManager$SyncHandler.handleSyncMessage(SyncManager.java:3075)
11-25 11:28:50.176  1179  1878 E JobScheduler: 	at com.android.server.content.SyncManager$SyncHandler.handleMessage(SyncManager.java:2991)
11-25 11:28:50.176  1179  1878 E JobScheduler: 	at android.os.Handler.dispatchMessage(Handler.java:106)
11-25 11:28:50.176  1179  1878 E JobScheduler: 	at android.os.Looper.loop(Looper.java:193)
11-25 11:28:50.176  1179  1878 E JobScheduler: 	at android.os.HandlerThread.run(HandlerThread.java:65)
11-25 11:28:50.194  1179  3503 I ActivityManager: Killing 16251:com.google.android.apps.tasks/u0a126 (adj 919): empty #23
