11-25 12:25:48.701  1179  1246 W BroadcastQueue: Background execution not allowed: receiving Intent { act=android.intent.action.DROPBOX_ENTRY_ADDED flg=0x10 (has extras) } to com.google.android.gms/.chimera.GmsIntentOperationService$PersistentTrustedReceiver
11-25 12:25:48.758  1179  1246 W BroadcastQueue: Background execution not allowed: receiving Intent { act=android.intent.action.DROPBOX_ENTRY_ADDED flg=0x10 (has extras) } to com.google.android.gms/.stats.service.DropBoxEntryAddedReceiver
11-25 12:25:48.758  1179  1246 W BroadcastQueue: Background execution not allowed: receiving Intent { act=android.intent.action.DROPBOX_ENTRY_ADDED flg=0x10 (has extras) } to com.google.android.gms/.chimera.GmsIntentOperationService$PersistentTrustedReceiver
11-25 12:25:48.837  1179  1246 W BroadcastQueue: Background execution not allowed: receiving Intent { act=android.intent.action.DROPBOX_ENTRY_ADDED flg=0x10 (has extras) } to com.google.android.gms/.stats.service.DropBoxEntryAddedReceiver
11-25 12:25:48.837  1179  1246 W BroadcastQueue: Background execution not allowed: receiving Intent { act=android.intent.action.DROPBOX_ENTRY_ADDED flg=0x10 (has extras) } to com.google.android.gms/.chimera.GmsIntentOperationService$PersistentTrustedReceiver
11-25 12:25:48.846  1179  1179 W Looper  : Slow dispatch took 487ms main h=android.app.ActivityThread$H c=android.app.-$$Lambda$LoadedApk$ReceiverDispatcher$Args$_BumDX2UKsnxLVrE6UJsJZkotuA@edab2f9 m=0
11-25 12:25:48.848  1179  1179 I Telecom : DefaultDialerCache: Refreshing default dialer for user 0: now com.truecaller: DDC.oR@R4E
11-25 12:25:48.849  1179  1179 W SettingsProvider: call() name : dialer_default_application
11-25 12:25:48.853  1179  1179 I Telecom : DefaultDialerCache: Refreshing default dialer for user 999: now com.android.dialer: DDC.oR@R4E
11-25 12:25:48.885  1179  1246 W BroadcastQueue: Background execution not allowed: receiving Intent { act=android.intent.action.DROPBOX_ENTRY_ADDED flg=0x10 (has extras) } to com.google.android.gms/.stats.service.DropBoxEntryAddedReceiver
11-25 12:25:48.885  1179  1246 W BroadcastQueue: Background execution not allowed: receiving Intent { act=android.intent.action.DROPBOX_ENTRY_ADDED flg=0x10 (has extras) } to com.google.android.gms/.chimera.GmsIntentOperationService$PersistentTrustedReceiver
11-25 12:25:48.888  1179 12351 D StatusBarManagerService: onInputShown shown=false reserved=0
11-25 12:25:48.897  1179 12351 W SettingsProvider: call() name : haptic_feedback_enabled
11-25 12:25:48.907  1179  1179 V BackupManagerConstants: getFullBackupIntervalMilliseconds(...) returns 86400000
11-25 12:25:48.922  1179  1179 E LoadedApk: Unable to instantiate appComponentFactory
11-25 12:25:48.922  1179  1179 E LoadedApk: java.lang.ClassNotFoundException: Didn't find class "androidx.core.app.CoreComponentFactory" on path: DexPathList[[],nativeLibraryDirectories=[/data/app/com.google.android.gms-rmsWrRNzY-mbTUZ6N9EyWw==/lib/arm64, /data/app/com.google.android.gms-rmsWrRNzY-mbTUZ6N9EyWw==/base.apk!/lib/arm64-v8a, /system/lib64]]
11-25 12:25:48.922  1179  1179 E LoadedApk: 	at dalvik.system.BaseDexClassLoader.findClass(BaseDexClassLoader.java:134)
11-25 12:25:48.922  1179  1179 E LoadedApk: 	at java.lang.ClassLoader.loadClass(ClassLoader.java:379)
11-25 12:25:48.922  1179  1179 E LoadedApk: 	at java.lang.ClassLoader.loadClass(ClassLoader.java:312)
11-25 12:25:48.922  1179  1179 E LoadedApk: 	at android.app.LoadedApk.createAppFactory(LoadedApk.java:226)
11-25 12:25:48.922  1179  1179 E LoadedApk: 	at android.app.LoadedApk.updateApplicationInfo(LoadedApk.java:346)
11-25 12:25:48.922  1179  1179 E LoadedApk: 	at android.app.ActivityThread.handleDispatchPackageBroadcast(ActivityThread.java:5618)
11-25 12:25:48.922  1179  1179 E LoadedApk: 	at android.app.ActivityThread$H.handleMessage(ActivityThread.java:1870)
11-25 12:25:48.922  1179  1179 E LoadedApk: 	at android.os.Handler.dispatchMessage(Handler.java:106)
11-25 12:25:48.922  1179  1179 E LoadedApk: 	at android.os.Looper.loop(Looper.java:193)
11-25 12:25:48.922  1179  1179 E LoadedApk: 	at com.android.server.SystemServer.run(SystemServer.java:503)
11-25 12:25:48.922  1179  1179 E LoadedApk: 	at com.android.server.SystemServer.main(SystemServer.java:339)
11-25 12:25:48.922  1179  1179 E LoadedApk: 	at java.lang.reflect.Method.invoke(Native Method)
11-25 12:25:48.922  1179  1179 E LoadedApk: 	at com.android.internal.os.RuntimeInit$MethodAndArgsCaller.run(RuntimeInit.java:537)
11-25 12:25:48.922  1179  1179 E LoadedApk: 	at com.android.internal.os.ZygoteInit.main(ZygoteInit.java:838)
11-25 12:25:48.930  1179  1179 E LoadedApk: Unable to instantiate appComponentFactory
11-25 12:25:48.930  1179  1179 E LoadedApk: java.lang.ClassNotFoundException: Didn't find class "androidx.core.app.CoreComponentFactory" on path: DexPathList[[],nativeLibraryDirectories=[/data/app/com.google.android.gms-rmsWrRNzY-mbTUZ6N9EyWw==/lib/arm64, /data/app/com.google.android.gms-rmsWrRNzY-mbTUZ6N9EyWw==/base.apk!/lib/arm64-v8a, /system/lib64]]
11-25 12:25:48.930  1179  1179 E LoadedApk: 	at dalvik.system.BaseDexClassLoader.findClass(BaseDexClassLoader.java:134)
11-25 12:25:48.930  1179  1179 E LoadedApk: 	at java.lang.ClassLoader.loadClass(ClassLoader.java:379)
11-25 12:25:48.930  1179  1179 E LoadedApk: 	at java.lang.ClassLoader.loadClass(ClassLoader.java:312)
11-25 12:25:48.930  1179  1179 E LoadedApk: 	at android.app.LoadedApk.createAppFactory(LoadedApk.java:226)
11-25 12:25:48.930  1179  1179 E LoadedApk: 	at android.app.LoadedApk.updateApplicationInfo(LoadedApk.java:346)
11-25 12:25:48.930  1179  1179 E LoadedApk: 	at android.app.ActivityThread.handleDispatchPackageBroadcast(ActivityThread.java:5618)
11-25 12:25:48.930  1179  1179 E LoadedApk: 	at android.app.ActivityThread$H.handleMessage(ActivityThread.java:1870)
11-25 12:25:48.930  1179  1179 E LoadedApk: 	at android.os.Handler.dispatchMessage(Handler.java:106)
11-25 12:25:48.930  1179  1179 E LoadedApk: 	at android.os.Looper.loop(Looper.java:193)
11-25 12:25:48.930  1179  1179 E LoadedApk: 	at com.android.server.SystemServer.run(SystemServer.java:503)
11-25 12:25:48.930  1179  1179 E LoadedApk: 	at com.android.server.SystemServer.main(SystemServer.java:339)
11-25 12:25:48.930  1179  1179 E LoadedApk: 	at java.lang.reflect.Method.invoke(Native Method)
11-25 12:25:48.930  1179  1179 E LoadedApk: 	at com.android.internal.os.RuntimeInit$MethodAndArgsCaller.run(RuntimeInit.java:537)
11-25 12:25:48.930  1179  1179 E LoadedApk: 	at com.android.internal.os.ZygoteInit.main(ZygoteInit.java:838)
11-25 12:25:48.962  1179  3502 I ActivityManager: Killing 30864:com.google.process.gapps/u0a45 (adj 922): empty #23
11-25 12:25:48.964  1179  1179 V SettingsProvider: Notifying for 0: content://settings/system/game_mode_status_auto
11-25 12:25:48.966  1179  2195 W SettingsProvider: call() name : time_12_24
11-25 12:25:48.969  1179  1179 V SettingsProvider: Notifying for 0: content://settings/system/rading_mode_status_auto
11-25 12:25:48.983  1179  1179 W SettingsProvider: call() name : enabled_notification_listeners
11-25 12:25:48.984  1179  1179 W SettingsProvider: call() name : enabled_notification_assistant
11-25 12:25:48.984  1179  1179 W SettingsProvider: call() name : enabled_notification_policy_access_packages
11-25 12:25:49.007  1179  1179 W SettingsProvider: call() name : game_mode_status_auto
11-25 12:25:49.007  1179  1179 W SettingsProvider: call() name : rading_mode_status_auto
11-25 12:25:49.009  1179  1179 W SettingsProvider: call() name : game_mode_status_auto
11-25 12:25:49.010  1179  1179 W SettingsProvider: call() name : game_mode_status_auto
11-25 12:25:49.010  1179  1179 W SettingsProvider: call() name : game_mode_status_manual
11-25 12:25:49.010  1179  1179 W SettingsProvider: call() name : game_mode_status_manual
11-25 12:25:49.010  1179  1179 W SettingsProvider: call() name : game_mode_status
11-25 12:25:49.010  1179  1179 W SettingsProvider: call() name : game_mode_status_auto
11-25 12:25:49.011  1179  1179 W SettingsProvider: call() name : esport_mode_enabled
11-25 12:25:49.011  1179  1179 I OIMC    : notified , mode GameMode changeTo 2
11-25 12:25:49.011  1179  1179 W Looper  : Drained
11-25 12:25:49.011  1179  1734 I OIMC    : The mode: GameMode is not entered
11-25 12:25:49.011  1179  1179 W SettingsProvider: call() name : rading_mode_status_auto
11-25 12:25:49.012  1179  1179 W SettingsProvider: call() name : rading_mode_status_auto
11-25 12:25:49.012  1179  1179 W SettingsProvider: call() name : reading_mode_status_manual
11-25 12:25:49.012  1179  1179 W SettingsProvider: call() name : reading_mode_status_manual
11-25 12:25:49.013  1179  1179 W SettingsProvider: call() name : reading_mode_status
11-25 12:25:49.013  1179  1179 W SettingsProvider: call() name : rading_mode_status_auto
11-25 12:25:49.014  1179  1179 I OIMC    : notified , mode ReadMode changeTo 2
11-25 12:25:49.014  1179  1734 I OIMC    : The mode: ReadMode is not entered
11-25 12:25:49.016  1179  1179 V SettingsProvider: Notifying for 0: content://settings/system/game_mode_status_auto
11-25 12:25:49.024  1179  3502 W SettingsProvider: call() name : time_12_24
11-25 12:25:49.031  1179  1179 V SettingsProvider: Notifying for 0: content://settings/system/rading_mode_status_auto
11-25 12:25:49.031  1179  1179 W SettingsProvider: call() name : game_mode_status_auto
11-25 12:25:49.032  1179  1179 W SettingsProvider: call() name : rading_mode_status_auto
11-25 12:25:49.047  1179  1217 W SettingsProvider: call() name : font_scale
11-25 12:25:49.180  1179  1217 W BroadcastQueue: Background execution not allowed: receiving Intent { act=android.intent.action.DROPBOX_ENTRY_ADDED flg=0x10 (has extras) } to com.google.android.gms/.stats.service.DropBoxEntryAddedReceiver
11-25 12:25:49.183  1179  1246 W BroadcastQueue: Background execution not allowed: receiving Intent { act=android.intent.action.DROPBOX_ENTRY_ADDED flg=0x10 (has extras) } to com.google.android.gms/.chimera.GmsIntentOperationService$PersistentTrustedReceiver
11-25 12:25:49.183  1179  1246 W BroadcastQueue: Background execution not allowed: receiving Intent { act=android.intent.action.DROPBOX_ENTRY_ADDED flg=0x10 (has extras) } to com.google.android.gms/.stats.service.DropBoxEntryAddedReceiver
11-25 12:25:49.184  1179  1246 W BroadcastQueue: Background execution not allowed: receiving Intent { act=android.intent.action.DROPBOX_ENTRY_ADDED flg=0x10 (has extras) } to com.google.android.gms/.chimera.GmsIntentOperationService$PersistentTrustedReceiver
11-25 12:25:49.184  1179  1246 W BroadcastQueue: Background execution not allowed: receiving Intent { act=android.intent.action.DROPBOX_ENTRY_ADDED flg=0x10 (has extras) } to com.google.android.gms/.stats.service.DropBoxEntryAddedReceiver
11-25 12:25:49.184  1179  1246 W BroadcastQueue: Background execution not allowed: receiving Intent { act=android.intent.action.DROPBOX_ENTRY_ADDED flg=0x10 (has extras) } to com.google.android.gms/.chimera.GmsIntentOperationService$PersistentTrustedReceiver
11-25 12:25:49.184  1179  1246 W BroadcastQueue: Background execution not allowed: receiving Intent { act=android.intent.action.DROPBOX_ENTRY_ADDED flg=0x10 (has extras) } to com.google.android.gms/.stats.service.DropBoxEntryAddedReceiver
11-25 12:25:49.184  1179  1246 W BroadcastQueue: Background execution not allowed: receiving Intent { act=android.intent.action.DROPBOX_ENTRY_ADDED flg=0x10 (has extras) } to com.google.android.gms/.chimera.GmsIntentOperationService$PersistentTrustedReceiver
11-25 12:25:49.184  1179  1246 W BroadcastQueue: Background execution not allowed: receiving Intent { act=android.intent.action.DROPBOX_ENTRY_ADDED flg=0x10 (has extras) } to com.google.android.gms/.stats.service.DropBoxEntryAddedReceiver
11-25 12:25:49.184  1179  1246 W BroadcastQueue: Background execution not allowed: receiving Intent { act=android.intent.action.DROPBOX_ENTRY_ADDED flg=0x10 (has extras) } to com.google.android.gms/.chimera.GmsIntentOperationService$PersistentTrustedReceiver
11-25 12:25:49.204  1179  1246 W BroadcastQueue: Background execution not allowed: receiving Intent { act=android.intent.action.DROPBOX_ENTRY_ADDED flg=0x10 (has extras) } to com.google.android.gms/.stats.service.DropBoxEntryAddedReceiver
11-25 12:25:49.204  1179  1246 W BroadcastQueue: Background execution not allowed: receiving Intent { act=android.intent.action.DROPBOX_ENTRY_ADDED flg=0x10 (has extras) } to com.google.android.gms/.chimera.GmsIntentOperationService$PersistentTrustedReceiver
11-25 12:25:49.238  1179  1246 W BroadcastQueue: Background execution not allowed: receiving Intent { act=android.intent.action.DROPBOX_ENTRY_ADDED flg=0x10 (has extras) } to com.google.android.gms/.stats.service.DropBoxEntryAddedReceiver
11-25 12:25:49.238  1179  1246 W BroadcastQueue: Background execution not allowed: receiving Intent { act=android.intent.action.DROPBOX_ENTRY_ADDED flg=0x10 (has extras) } to com.google.android.gms/.chimera.GmsIntentOperationService$PersistentTrustedReceiver
11-25 12:25:49.668  1179  1179 W SettingsProvider: call() name : car_charger_auto_turn_on_dnd
11-25 12:25:49.669  1179  1179 W SettingsProvider: call() name : op_care_charger_auto_open_app
11-25 12:25:49.773  1179  1244 W LocationProviderProxy-network: Odd, no component found for service com.android.location.service.v3.NetworkLocationProvider
11-25 12:25:51.448  1179  3151 V BackupManagerConstants: getFullBackupRequiredNetworkType(...) returns 2
11-25 12:25:51.448  1179  3151 V BackupManagerConstants: getFullBackupRequireCharging(...) returns true
11-25 12:25:51.455  1179  3151 E JobScheduler: jobid:20536
11-25 12:25:51.455  1179  3151 E JobScheduler: java.lang.IllegalStateException: Same jobid in systemuid.
11-25 12:25:51.455  1179  3151 E JobScheduler: 	at com.android.server.job.JobSchedulerService.scheduleAsPackage(JobSchedulerService.java:889)
11-25 12:25:51.455  1179  3151 E JobScheduler: 	at com.android.server.job.JobSchedulerService$JobSchedulerStub.schedule(JobSchedulerService.java:2601)
11-25 12:25:51.455  1179  3151 E JobScheduler: 	at android.app.JobSchedulerImpl.schedule(JobSchedulerImpl.java:44)
11-25 12:25:51.455  1179  3151 E JobScheduler: 	at com.android.server.backup.FullBackupJob.schedule(FullBackupJob.java:54)
11-25 12:25:51.455  1179  3151 E JobScheduler: 	at com.android.server.backup.BackupManagerService$3.run(BackupManagerService.java:1925)
11-25 12:25:51.455  1179  3151 E JobScheduler: 	at android.os.Handler.handleCallback(Handler.java:873)
11-25 12:25:51.455  1179  3151 E JobScheduler: 	at android.os.Handler.dispatchMessage(Handler.java:99)
11-25 12:25:51.455  1179  3151 E JobScheduler: 	at android.os.Looper.loop(Looper.java:193)
11-25 12:25:51.455  1179  3151 E JobScheduler: 	at android.os.HandlerThread.run(HandlerThread.java:65)
11-25 12:25:52.816  1179  1271 E BatteryExternalStatsWorker: no controller energy info supplied for bluetooth
11-25 12:25:52.864  1179  1244 D BatteryStatsService: @@@@ awaitUninterruptibly in 65 ms
11-25 12:25:52.868  1179  1244 D BatteryStatsService: ext-flush too soon, skip
11-25 12:26:00.001  1179  1704 V AlarmManager: Triggering alarm #0: 3 when =157433855 package =android operation =*alarm*:android.intent.action.TIME_TICK flags =0x1
11-25 12:26:01.858  1179  1704 V AlarmManager: Triggering alarm #0: 2 when =157435713 package =android operation = null listenTag =*job.delay* flags =0x0
11-25 12:26:08.668   950  1030 E storaged: getDiskStats failed with result NOT_SUPPORTED and size 0
11-25 12:26:16.624  1179 11978 I ActivityManager: Killing 3431:com.google.android.keep/u0a256 (adj 922): empty #23
11-25 12:26:16.643  1179 11978 I ActivityManager: Killing 3523:com.snapwork.hdfcsec/u0a129 (adj 919): empty #24
11-25 12:26:16.679  1179 11978 I ActivityManager: Killing 3305:com.google.android.apps.maps/u0a69 (adj 922): empty #25
11-25 12:26:16.771  1179  3660 D ConnectivityService: ConnectivityService NetworkRequestInfo binderDied(NetworkRequest [ LISTEN id=1891, [ Capabilities: INTERNET&NOT_RESTRICTED&TRUSTED Unwanted:  Uid: 10069] ], android.os.BinderProxy@4eb11ca)
11-25 12:26:16.771  1179  2195 D ConnectivityService: ConnectivityService NetworkRequestInfo binderDied(NetworkRequest [ TRACK_DEFAULT id=1890, [ Capabilities: INTERNET&NOT_RESTRICTED&TRUSTED Unwanted:  Uid: 10069] ], android.os.BinderProxy@3be4f3b)
11-25 12:26:16.773  1179  1773 D ConnectivityService: releasing NetworkRequest [ TRACK_DEFAULT id=1890, [ Capabilities: INTERNET&NOT_RESTRICTED&TRUSTED Unwanted:  Uid: 10069] ] (release request)
11-25 12:26:16.770  1179  2560 D ConnectivityService: ConnectivityService NetworkRequestInfo binderDied(NetworkRequest [ TRACK_DEFAULT id=1889, [ Capabilities: INTERNET&NOT_RESTRICTED&TRUSTED Unwanted:  Uid: 10069] ], android.os.BinderProxy@d841935)
11-25 12:26:16.773  1179  1773 D ConnectivityService: releasing NetworkRequest [ TRACK_DEFAULT id=1889, [ Capabilities: INTERNET&NOT_RESTRICTED&TRUSTED Unwanted:  Uid: 10069] ] (release request)
11-25 12:26:19.802  1179  1248 I ActivityManager: Start proc 5266:com.snapwork.hdfcsec/u0a129 for embryo com.snapwork.hdfcsec
11-25 12:26:22.254  1179  1704 V AlarmManager: Triggering alarm #0: 2 when =157456108 package =android operation = null listenTag =*job.delay* flags =0x0
11-25 12:26:24.603  1179  1704 V AlarmManager: Triggering alarm #0: 2 when =157458456 package =android operation = null listenTag =*job.delay* flags =0x0
11-25 12:26:24.603  1179  1704 V AlarmManager: Triggering alarm #1: 3 when =157451948 package =com.whatsapp operation =*alarm*:com.whatsapp.alarm.CLIENT_PING_PERIODIC flags =0x0
11-25 12:26:24.639  1179  1217 D ConnectivityService: requestNetwork for uid/pid:10206/10675 NetworkRequest [ TRACK_DEFAULT id=1899, [ Capabilities: INTERNET&NOT_RESTRICTED&TRUSTED Unwanted:  Uid: 10206] ]
11-25 12:26:24.834  1179  1773 D ConnectivityService: releasing NetworkRequest [ TRACK_DEFAULT id=1899, [ Capabilities: INTERNET&NOT_RESTRICTED&TRUSTED Unwanted:  Uid: 10206] ] (release request)
11-25 12:26:41.888  1179  1704 V AlarmManager: Triggering alarm #0: 2 when =157475742 package =com.whatsapp operation =*walarm*:com.whatsapp.action.HEARTBEAT_WAKEUP flags =0x5
11-25 12:26:49.050  1179  1704 V AlarmManager: Triggering alarm #0: 2 when =157482905 package =android operation = null listenTag =*job.delay* flags =0x0
11-25 12:26:49.109  1179  1248 I ActivityManager: Start proc 5300:com.google.android.apps.classroom/u0a184 for service com.google.android.apps.classroom/androidx.work.impl.background.systemjob.SystemJobService
11-25 12:26:49.139  1179  7299 D OnePlusSmartBoostManager: writeHotCount com.google.android.apps.classroom, pid=5300
11-25 12:26:49.419  1179  1714 D ConnectivityService: requestNetwork for uid/pid:10184/5300 NetworkRequest [ TRACK_DEFAULT id=1900, [ Capabilities: INTERNET&NOT_RESTRICTED&TRUSTED Unwanted:  Uid: 10184] ]
11-25 12:26:49.461  1179  1248 I ActivityManager: Start proc 5345:com.google.android.apps.docs/u0a105 for service com.google.android.apps.docs/.drive.ipcservice.DriveIpcService
11-25 12:26:49.478  1179  7299 W ActivityManager: Unable to start service Intent { cmp=com.google.android.apps.classroom/bor } U=0: not found
11-25 12:26:49.480  1179  7299 W SettingsProvider: call() name : sqlite_compatibility_wal_flags
11-25 12:26:49.491  1179  2195 D OnePlusSmartBoostManager: writeHotCount com.google.android.apps.docs, pid=5345
11-25 12:26:49.556  1179  2195 I ActivityManager: Killing 3786:com.google.process.gservices/u999a45 (adj 922): empty #23
11-25 12:26:50.254  1179  1179 W SettingsProvider: call() name : enabled_notification_listeners
11-25 12:26:50.254  1179  1179 W SettingsProvider: call() name : enabled_notification_assistant
11-25 12:26:50.254  1179  1179 W SettingsProvider: call() name : enabled_notification_policy_access_packages
11-25 12:26:50.297  1179  1179 W SettingsProvider: call() name : enabled_notification_listeners
11-25 12:26:50.298  1179  1179 W SettingsProvider: call() name : enabled_notification_assistant
11-25 12:26:50.298  1179  1179 W SettingsProvider: call() name : enabled_notification_policy_access_packages
11-25 12:26:50.363  1179  7380 W SettingsProvider: call() name : sqlite_compatibility_wal_flags
11-25 12:26:50.440  1179  1246 W BroadcastQueue: Background execution not allowed: receiving Intent { act=android.intent.action.DROPBOX_ENTRY_ADDED flg=0x10 (has extras) } to com.google.android.gms/.stats.service.DropBoxEntryAddedReceiver
11-25 12:26:50.440  1179  1246 W BroadcastQueue: Background execution not allowed: receiving Intent { act=android.intent.action.DROPBOX_ENTRY_ADDED flg=0x10 (has extras) } to com.google.android.gms/.chimera.GmsIntentOperationService$PersistentTrustedReceiver
11-25 12:26:50.462  1179  1246 W BroadcastQueue: Background execution not allowed: receiving Intent { act=android.intent.action.DROPBOX_ENTRY_ADDED flg=0x10 (has extras) } to com.google.android.gms/.stats.service.DropBoxEntryAddedReceiver
11-25 12:26:50.465  1179  1246 W BroadcastQueue: Background execution not allowed: receiving Intent { act=android.intent.action.DROPBOX_ENTRY_ADDED flg=0x10 (has extras) } to com.google.android.gms/.chimera.GmsIntentOperationService$PersistentTrustedReceiver
11-25 12:26:50.495  1179  1246 W BroadcastQueue: Background execution not allowed: receiving Intent { act=android.intent.action.DROPBOX_ENTRY_ADDED flg=0x10 (has extras) } to com.google.android.gms/.stats.service.DropBoxEntryAddedReceiver
11-25 12:26:50.496  1179  1246 W BroadcastQueue: Background execution not allowed: receiving Intent { act=android.intent.action.DROPBOX_ENTRY_ADDED flg=0x10 (has extras) } to com.google.android.gms/.chimera.GmsIntentOperationService$PersistentTrustedReceiver
11-25 12:26:50.520  1179  1246 W BroadcastQueue: Background execution not allowed: receiving Intent { act=android.intent.action.DROPBOX_ENTRY_ADDED flg=0x10 (has extras) } to com.google.android.gms/.stats.service.DropBoxEntryAddedReceiver
11-25 12:26:50.520  1179  1246 W BroadcastQueue: Background execution not allowed: receiving Intent { act=android.intent.action.DROPBOX_ENTRY_ADDED flg=0x10 (has extras) } to com.google.android.gms/.chimera.GmsIntentOperationService$PersistentTrustedReceiver
11-25 12:26:50.558  1179  1246 W BroadcastQueue: Background execution not allowed: receiving Intent { act=android.intent.action.DROPBOX_ENTRY_ADDED flg=0x10 (has extras) } to com.google.android.gms/.stats.service.DropBoxEntryAddedReceiver
11-25 12:26:50.559  1179  1246 W BroadcastQueue: Background execution not allowed: receiving Intent { act=android.intent.action.DROPBOX_ENTRY_ADDED flg=0x10 (has extras) } to com.google.android.gms/.chimera.GmsIntentOperationService$PersistentTrustedReceiver
11-25 12:26:50.571  1179  1246 W BroadcastQueue: Background execution not allowed: receiving Intent { act=android.intent.action.DROPBOX_ENTRY_ADDED flg=0x10 (has extras) } to com.google.android.gms/.stats.service.DropBoxEntryAddedReceiver
11-25 12:26:50.571  1179  1246 W BroadcastQueue: Background execution not allowed: receiving Intent { act=android.intent.action.DROPBOX_ENTRY_ADDED flg=0x10 (has extras) } to com.google.android.gms/.chimera.GmsIntentOperationService$PersistentTrustedReceiver
11-25 12:26:52.246  1179  1704 V AlarmManager: Triggering alarm #0: 2 when =157486101 package =android operation = null listenTag =*job.delay* flags =0x0
11-25 12:26:52.306  1179  1248 I ActivityManager: Start proc 5538:com.google.android.apps.youtube.kids/u0a175 for service com.google.android.apps.youtube.kids/androidx.work.impl.background.systemjob.SystemJobService
11-25 12:26:52.340  1179  7299 D OnePlusSmartBoostManager: writeHotCount com.google.android.apps.youtube.kids, pid=5538
11-25 12:26:52.626  1179  7299 D ConnectivityService: requestNetwork for uid/pid:10175/5538 NetworkRequest [ TRACK_DEFAULT id=1902, [ Capabilities: INTERNET&NOT_RESTRICTED&TRUSTED Unwanted:  Uid: 10175] ]
11-25 12:26:52.702  1179  2560 W SettingsProvider: call() name : sqlite_compatibility_wal_flags
11-25 12:26:52.823  1179  1179 W SettingsProvider: call() name : enabled_notification_listeners
11-25 12:26:52.823  1179  1179 W SettingsProvider: call() name : enabled_notification_assistant
11-25 12:26:52.823  1179  1179 W SettingsProvider: call() name : enabled_notification_policy_access_packages
11-25 12:26:52.872  1179  1704 V AlarmManager: Triggering alarm #0: 2 when =157486727 package =android operation = null listenTag =*job.delay* flags =0x0
11-25 12:26:52.903  1179  1248 I ActivityManager: Start proc 5634:com.google.android.apps.youtube.creator/u0a274 for service com.google.android.apps.youtube.creator/androidx.work.impl.background.systemjob.SystemJobService
11-25 12:26:52.949  1179  7299 D OnePlusSmartBoostManager: writeHotCount com.google.android.apps.youtube.creator, pid=5634
11-25 12:26:52.972  1179  7299 W SettingsProvider: call() name : accessibility_captioning_locale
11-25 12:26:52.973  1179  7299 W SettingsProvider: call() name : accessibility_captioning_enabled
11-25 12:26:53.005  1179  1179 W SettingsProvider: call() name : enabled_notification_listeners
11-25 12:26:53.006  1179  1179 W SettingsProvider: call() name : enabled_notification_assistant
11-25 12:26:53.006  1179  1179 W SettingsProvider: call() name : enabled_notification_policy_access_packages
11-25 12:26:53.028  1179  1179 W SettingsProvider: call() name : enabled_notification_listeners
11-25 12:26:53.028  1179  1179 W SettingsProvider: call() name : enabled_notification_assistant
11-25 12:26:53.028  1179  1179 W SettingsProvider: call() name : enabled_notification_policy_access_packages
11-25 12:26:53.111  1179  2195 W SettingsProvider: call() name : accessibility_captioning_locale
11-25 12:26:53.248  1179  1714 W SettingsProvider: call() name : sqlite_compatibility_wal_flags
11-25 12:26:53.267  1179  1179 W SettingsProvider: call() name : enabled_notification_listeners
11-25 12:26:53.267  1179  1179 W SettingsProvider: call() name : enabled_notification_assistant
11-25 12:26:53.267  1179  1179 W SettingsProvider: call() name : enabled_notification_policy_access_packages
11-25 12:26:53.273  1179  2195 I ActivityManager: Killing 3841:com.google.android.gms.unstable/u999a45 (adj 922): empty #23
11-25 12:26:53.300  1179  1179 W SettingsProvider: call() name : enabled_notification_listeners
11-25 12:26:53.301  1179  1179 W SettingsProvider: call() name : enabled_notification_assistant
11-25 12:26:53.301  1179  1179 W SettingsProvider: call() name : enabled_notification_policy_access_packages
11-25 12:26:53.456  1179  3458 D ActivityManager: # addPackageDependency # packageName=com.google.android.gms -> proc: ProcessRecord{422c3f2 5345:com.google.android.apps.docs/u0a105}
11-25 12:26:53.531  1179  2558 I ActivityManager: Killing 3760:com.google.android.gms/u999a45 (adj 922): empty #23
11-25 12:26:53.536  1179  3458 D ActivityManager: # addPackageDependency # packageName=com.google.android.gms -> proc: ProcessRecord{2ca878 5634:com.google.android.apps.youtube.creator/u0a274}
11-25 12:26:53.589  1179  1704 V AlarmManager: Triggering alarm #0: 2 when =157487444 package =android operation = null listenTag =*job.delay* flags =0x0
11-25 12:26:53.643  1179  1248 I ActivityManager: Start proc 5775:com.google.android.apps.youtube.music/u0a145 for service com.google.android.apps.youtube.music/androidx.work.impl.background.systemjob.SystemJobService
11-25 12:26:53.671  1179 12351 D OnePlusSmartBoostManager: writeHotCount com.google.android.apps.youtube.music, pid=5775
11-25 12:26:53.704  1179  9397 D ActivityManager: # addPackageDependency # packageName=com.google.android.gms -> proc: ProcessRecord{2ca878 5634:com.google.android.apps.youtube.creator/u0a274}
11-25 12:26:53.729  1179 12351 D ConnectivityService: requestNetwork for uid/pid:10274/5634 NetworkRequest [ TRACK_DEFAULT id=1904, [ Capabilities: INTERNET&NOT_RESTRICTED&TRUSTED Unwanted:  Uid: 10274] ]
11-25 12:26:53.744  1179  3502 W SettingsProvider: call() name : adb_enabled
11-25 12:26:53.785  1179 12351 D ConnectivityService: requestNetwork for uid/pid:10274/5634 NetworkRequest [ TRACK_DEFAULT id=1905, [ Capabilities: INTERNET&NOT_RESTRICTED&TRUSTED Unwanted:  Uid: 10274] ]
11-25 12:26:53.947  1179  3502 D ConnectivityService: requestNetwork for uid/pid:10145/5775 NetworkRequest [ TRACK_DEFAULT id=1907, [ Capabilities: INTERNET&NOT_RESTRICTED&TRUSTED Unwanted:  Uid: 10145] ]
11-25 12:26:54.000  1179  3502 W SettingsProvider: call() name : sqlite_compatibility_wal_flags
11-25 12:26:54.052  1179  3502 D ActivityManager: # addPackageDependency # packageName=com.google.android.gms -> proc: ProcessRecord{4689a20 5775:com.google.android.apps.youtube.music/u0a145}
11-25 12:26:54.286  1179 12351 D ActivityManager: # addPackageDependency # packageName=com.google.android.gms -> proc: ProcessRecord{4689a20 5775:com.google.android.apps.youtube.music/u0a145}
11-25 12:26:54.300  1179  3502 I ActivityManager: Killing 28751:com.lenskart.app:pushservice/u0a336 (adj 922): empty #23
11-25 12:26:54.340  1179 12351 W ActivityManager: Scheduling restart of crashed service com.lenskart.app/com.xiaomi.push.service.XMPushService in 1000ms
11-25 12:26:54.376  1179 12351 D ConnectivityService: requestNetwork for uid/pid:10145/5775 NetworkRequest [ TRACK_DEFAULT id=1909, [ Capabilities: INTERNET&NOT_RESTRICTED&TRUSTED Unwanted:  Uid: 10145] ]
11-25 12:26:54.412  1179 12351 W SettingsProvider: call() name : adb_enabled
11-25 12:26:54.808  1179 11966 W SettingsProvider: call() name : accessibility_captioning_locale
11-25 12:26:54.891  1179  1179 W SettingsProvider: call() name : enabled_notification_listeners
11-25 12:26:54.891  1179  1179 W SettingsProvider: call() name : enabled_notification_assistant
11-25 12:26:54.891  1179  1179 W SettingsProvider: call() name : enabled_notification_policy_access_packages
11-25 12:26:54.934  1179  1179 W SettingsProvider: call() name : enabled_notification_listeners
11-25 12:26:54.935  1179  1179 W SettingsProvider: call() name : enabled_notification_assistant
11-25 12:26:54.935  1179  1179 W SettingsProvider: call() name : enabled_notification_policy_access_packages
11-25 12:26:54.947  1179  1179 W SettingsProvider: call() name : enabled_notification_listeners
11-25 12:26:54.947  1179  1179 W SettingsProvider: call() name : enabled_notification_assistant
11-25 12:26:54.947  1179  1179 W SettingsProvider: call() name : enabled_notification_policy_access_packages
11-25 12:26:54.959  1179  1179 W SettingsProvider: call() name : enabled_notification_listeners
11-25 12:26:54.960  1179  1179 W SettingsProvider: call() name : enabled_notification_assistant
11-25 12:26:54.960  1179  1179 W SettingsProvider: call() name : enabled_notification_policy_access_packages
11-25 12:26:54.973  1179  1179 W SettingsProvider: call() name : enabled_notification_listeners
11-25 12:26:54.973  1179  1179 W SettingsProvider: call() name : enabled_notification_assistant
11-25 12:26:54.973  1179  1179 W SettingsProvider: call() name : enabled_notification_policy_access_packages
11-25 12:26:55.356  1179 12351 D ActivityManager: # addPackageDependency # packageName=com.google.android.gms -> proc: ProcessRecord{4689a20 5775:com.google.android.apps.youtube.music/u0a145}
11-25 12:26:55.370  1179  1248 I ActivityManager: Start proc 6053:com.lenskart.app:pushservice/u0a336 for service com.lenskart.app/com.xiaomi.push.service.XMPushService
11-25 12:26:55.413  1179 11966 D OnePlusSmartBoostManager: writeHotCount com.lenskart.app, pid=6053
11-25 12:26:55.585  1179 11966 W SettingsProvider: call() name : android_id
11-25 12:26:55.599  1179 11966 W SettingsProvider: call() name : sqlite_compatibility_wal_flags
11-25 12:26:55.607  1179 11966 W SettingsProvider: call() name : android_id
11-25 12:26:55.677  1179  1179 W SettingsProvider: call() name : enabled_notification_listeners
11-25 12:26:55.677  1179  1179 W SettingsProvider: call() name : enabled_notification_assistant
11-25 12:26:55.677  1179  1179 W SettingsProvider: call() name : enabled_notification_policy_access_packages
11-25 12:26:55.693  1179  1179 W SettingsProvider: call() name : enabled_notification_listeners
11-25 12:26:55.693  1179  1179 W SettingsProvider: call() name : enabled_notification_assistant
11-25 12:26:55.693  1179  1179 W SettingsProvider: call() name : enabled_notification_policy_access_packages
11-25 12:26:55.711  1179 11966 D ConnectivityService: Returning BLOCKED NetworkInfo to uid=10336
11-25 12:26:55.731  1179  1179 W SettingsProvider: call() name : enabled_notification_listeners
11-25 12:26:55.731  1179  1179 W SettingsProvider: call() name : enabled_notification_assistant
11-25 12:26:55.731  1179  1179 W SettingsProvider: call() name : enabled_notification_policy_access_packages
11-25 12:27:00.002  1179  1704 V AlarmManager: Triggering alarm #0: 3 when =157493855 package =android operation =*alarm*:android.intent.action.TIME_TICK flags =0x1
11-25 12:27:00.738  1179  1179 W Looper  : Slow dispatch took 692ms main h=android.app.ActivityThread$H c=android.app.-$$Lambda$LoadedApk$ReceiverDispatcher$Args$_BumDX2UKsnxLVrE6UJsJZkotuA@ecd3e50 m=0
11-25 12:27:00.738  1179  1179 W Looper  : Slow delivery took 703ms main h=android.app.ActivityThread$H c=android.app.-$$Lambda$LoadedApk$ReceiverDispatcher$Args$_BumDX2UKsnxLVrE6UJsJZkotuA@8401849 m=0
11-25 12:27:00.755  1179  1179 W AppWidgetServiceImpl: No cakemix.appwidget.metadata.create meta-data for AppWidget provider 'ProviderId{user:0, app:10105, cmp:ComponentInfo{com.google.android.apps.docs/com.google.android.apps.docs.drive.widget.CakemixAppWidgetProvider}}'
11-25 12:27:00.757  1179  1179 W SettingsProvider: call() name : enabled_vr_listeners
11-25 12:27:01.107  1179  1179 W Looper  : Slow dispatch took 350ms main h=android.app.ActivityThread$H c=android.app.-$$Lambda$LoadedApk$ReceiverDispatcher$Args$_BumDX2UKsnxLVrE6UJsJZkotuA@6f13379 m=0
11-25 12:27:01.110  1179  1179 I Telecom : DefaultDialerCache: Refreshing default dialer for user 0: now com.truecaller: DDC.oR@R4I
11-25 12:27:01.110  1179  1179 W SettingsProvider: call() name : dialer_default_application
11-25 12:27:01.111  1179  1244 W LocationProviderProxy-network: Odd, no component found for service com.android.location.service.v3.NetworkLocationProvider
11-25 12:27:01.112  1179  1179 I Telecom : DefaultDialerCache: Refreshing default dialer for user 999: now com.android.dialer: DDC.oR@R4I
11-25 12:27:01.125  1179  1179 W SettingsProvider: call() name : enabled_notification_listeners
11-25 12:27:01.125  1179  1179 W SettingsProvider: call() name : enabled_notification_assistant
11-25 12:27:01.125  1179  1179 W SettingsProvider: call() name : enabled_notification_policy_access_packages
11-25 12:27:02.537  1179  1704 V AlarmManager: Triggering alarm #0: 2 when =157496391 package =android operation = null listenTag =*job.delay* flags =0x0
11-25 12:27:02.541  1179  1179 W Looper  : Drained
11-25 12:27:08.670   950  1030 E storaged: getDiskStats failed with result NOT_SUPPORTED and size 0
11-25 12:27:15.202  1179  3501 I ActivityManager: Killing 4099:net.oneplus.widget/1000 (adj 919): empty #23
11-25 12:27:24.440  1179  1704 V AlarmManager: Triggering alarm #0: 2 when =157511182 package =com.instagram.android operation =*walarm*:action_batch_upload flags =0x0
11-25 12:27:24.440  1179  1704 V AlarmManager: Triggering alarm #1: 2 when =157518295 package =android operation = null listenTag =*job.delay* flags =0x0
11-25 12:27:44.320  1179  1704 V AlarmManager: Triggering alarm #0: 2 when =157532170 package =android operation = null listenTag =*job.delay* flags =0x0
11-25 12:27:44.320  1179  1704 V AlarmManager: Triggering alarm #1: 3 when =157538174 package =com.google.android.gms operation =*alarm*:com.google.android.gms.gcm.ACTION_CHECK_QUEUE flags =0x0
11-25 12:27:47.402  1179  1862 D OnePlusProcessManager: checkWhiteUid fail 10219
11-25 12:27:48.861  1179  1704 V AlarmManager: Triggering alarm #0: 2 when =157542716 package =android operation = null listenTag =*job.delay* flags =0x0
11-25 12:27:52.803  1179  1704 V AlarmManager: Triggering alarm #0: 2 when =157546658 package =android operation = null listenTag =*job.delay* flags =0x0
11-25 12:27:52.874  1179  6362 D ConnectivityService: requestNetwork for uid/pid:10175/5538 NetworkRequest [ TRACK_DEFAULT id=1910, [ Capabilities: INTERNET&NOT_RESTRICTED&TRUSTED Unwanted:  Uid: 10175] ]
11-25 12:27:52.880  1179  1773 D ConnectivityService: releasing NetworkRequest [ TRACK_DEFAULT id=1910, [ Capabilities: INTERNET&NOT_RESTRICTED&TRUSTED Unwanted:  Uid: 10175] ] (release request)
11-25 12:27:52.962  1179  7299 D ActivityManager: # addPackageDependency # packageName=com.google.android.gms -> proc: ProcessRecord{e825fa6 5538:com.google.android.apps.youtube.kids/u0a175}
11-25 12:27:53.027  1179  6362 D ConnectivityService: requestNetwork for uid/pid:10175/5538 NetworkRequest [ TRACK_DEFAULT id=1911, [ Capabilities: INTERNET&NOT_RESTRICTED&TRUSTED Unwanted:  Uid: 10175] ]
11-25 12:27:53.070  1179  1773 D ConnectivityService: releasing NetworkRequest [ TRACK_DEFAULT id=1911, [ Capabilities: INTERNET&NOT_RESTRICTED&TRUSTED Unwanted:  Uid: 10175] ] (release request)
11-25 12:27:53.152  1179  1216 D ActivityManager: # addPackageDependency # packageName=com.google.android.gms -> proc: ProcessRecord{e825fa6 5538:com.google.android.apps.youtube.kids/u0a175}
11-25 12:27:53.192  1179  2194 D ConnectivityService: requestNetwork for uid/pid:10175/5538 NetworkRequest [ TRACK_DEFAULT id=1912, [ Capabilities: INTERNET&NOT_RESTRICTED&TRUSTED Unwanted:  Uid: 10175] ]
11-25 12:27:53.220  1179  7299 W SettingsProvider: call() name : adb_enabled
11-25 12:27:53.498  1179  1704 V AlarmManager: Triggering alarm #0: 2 when =157547353 package =android operation = null listenTag =*job.delay* flags =0x0
11-25 12:27:53.529  1179  6362 D ConnectivityService: requestNetwork for uid/pid:10274/5634 NetworkRequest [ TRACK_DEFAULT id=1913, [ Capabilities: INTERNET&NOT_RESTRICTED&TRUSTED Unwanted:  Uid: 10274] ]
11-25 12:27:53.571  1179  1773 D ConnectivityService: releasing NetworkRequest [ TRACK_DEFAULT id=1913, [ Capabilities: INTERNET&NOT_RESTRICTED&TRUSTED Unwanted:  Uid: 10274] ] (release request)
11-25 12:27:54.685  1179  1704 V AlarmManager: Triggering alarm #0: 2 when =157548540 package =android operation = null listenTag =*job.delay* flags =0x0
11-25 12:27:54.725  1179  1216 D ConnectivityService: requestNetwork for uid/pid:10145/5775 NetworkRequest [ TRACK_DEFAULT id=1914, [ Capabilities: INTERNET&NOT_RESTRICTED&TRUSTED Unwanted:  Uid: 10145] ]
11-25 12:27:54.754  1179  1773 D ConnectivityService: releasing NetworkRequest [ TRACK_DEFAULT id=1914, [ Capabilities: INTERNET&NOT_RESTRICTED&TRUSTED Unwanted:  Uid: 10145] ] (release request)
11-25 12:27:54.862  1179  7299 W SettingsProvider: call() name : location_providers_allowed
11-25 12:28:00.000  1179  1704 V AlarmManager: Triggering alarm #0: 3 when =157553855 package =android operation =*alarm*:android.intent.action.TIME_TICK flags =0x1
11-25 12:28:02.831  1179  1704 V AlarmManager: Triggering alarm #0: 2 when =157556686 package =android operation = null listenTag =*job.delay* flags =0x0
11-25 12:28:05.107  1179  1246 E OHPD    : [BgDetect] AppForkedProc kworker/u16:11 pid 4903 uid 0 can't find pkgName
11-25 12:28:05.107  1179  1246 E OHPD    : [BgDetect] AppForkedProc kworker/u16:12 pid 4904 uid 0 can't find pkgName
11-25 12:28:05.114  1179  1246 W SettingsProvider: call() name : com_oneplus_systemui_recent_task_lockd_list
11-25 12:28:05.114  1179  1246 I OHPD    : [BgDetect]chkExcessCpu level: 1 doKills: true critical false uptime: 300558
11-25 12:28:05.250  1179  1246 I OHPD    : isIsolated process: app.uid:99319,app.info.uid:10423, app.processName:com.android.chrome:sandboxed_process0
11-25 12:28:05.268  1179  1246 I OHPD    : isIsolated process: app.uid:99009,app.info.uid:10045, app.processName:com.android.chrome:sandboxed_process0
11-25 12:28:05.545  1179  1246 I OHPD    : isIsolated process: app.uid:99397,app.info.uid:10299, app.processName:com.android.chrome:sandboxed_process0
11-25 12:28:05.627  1179  1246 I OHPD    : isIsolated process: app.uid:99001,app.info.uid:10307, app.processName:com.android.chrome:sandboxed_process0
11-25 12:28:08.674   950  1030 E storaged: getDiskStats failed with result NOT_SUPPORTED and size 0
11-25 12:28:17.471  1179  1704 V AlarmManager: Triggering alarm #0: 2 when =157571324 package =com.lenskart.app operation =*walarm*:com.xiaomi.push.PING_TIMER flags =0x5
11-25 12:28:17.519  1179  7299 D ConnectivityService: Returning UNBLOCKED NetworkInfo to uid=10336
11-25 12:28:19.533  1179  7299 I ActivityManager: Killing 4165:com.oneplus.gallery:cloud/u0a50 (adj 922): empty #23
11-25 12:28:20.413  1179  1759 W SettingsProvider: call() name : wifi_should_switch_network
11-25 12:28:21.055  1179  1704 V AlarmManager: Triggering alarm #0: 2 when =157574908 package =android operation = null listenTag =*job.delay* flags =0x0
11-25 12:28:21.106  1179  7299 D ConnectivityService: requestNetwork for uid/pid:10206/10675 NetworkRequest [ TRACK_DEFAULT id=1915, [ Capabilities: INTERNET&NOT_RESTRICTED&TRUSTED Unwanted:  Uid: 10206] ]
11-25 12:28:21.336  1179  1773 D ConnectivityService: releasing NetworkRequest [ TRACK_DEFAULT id=1915, [ Capabilities: INTERNET&NOT_RESTRICTED&TRUSTED Unwanted:  Uid: 10206] ] (release request)
11-25 12:28:21.722  1179  7299 W SettingsProvider: call() name : accelerometer_rotation
11-25 12:28:21.724  1179  7299 W SettingsProvider: call() name : hide_rotation_lock_toggle_for_accessibility
11-25 12:28:21.735  1179  7299 W SettingsProvider: call() name : accelerometer_rotation
11-25 12:28:21.737  1179  7299 W SettingsProvider: call() name : accelerometer_rotation
11-25 12:28:21.756  1179  7299 W SettingsProvider: call() name : accessibility_display_grayscale_enabled
11-25 12:28:21.758  1179  7299 W SettingsProvider: call() name : accessibility_display_grayscale_enabled
11-25 12:28:21.847  1179  7299 W SettingsProvider: call() name : esport_mode_enabled
11-25 12:28:21.856  1179  7299 I chatty  : uid=1000(system) Binder:1179_1A identical 3 lines
11-25 12:28:21.861  1179  7299 W SettingsProvider: call() name : esport_mode_enabled
11-25 12:28:21.887  1179  7299 W SettingsProvider: call() name : game_mode_status
11-25 12:28:21.888  1179  7299 W SettingsProvider: call() name : esport_mode_enabled
11-25 12:28:21.888  1179  7299 W SettingsProvider: call() name : game_mode_status
11-25 12:28:21.888  1179  7299 W SettingsProvider: call() name : esport_mode_enabled
11-25 12:28:21.889  1179  7299 W SettingsProvider: call() name : reading_mode_status
11-25 12:28:21.889  1179  7299 W SettingsProvider: call() name : accessibility_display_grayscale_enabled
11-25 12:28:21.890  1179  7299 W SettingsProvider: call() name : reading_mode_status
11-25 12:28:21.890  1179  7299 W SettingsProvider: call() name : accessibility_display_grayscale_enabled
11-25 12:28:29.061  1179  1704 V AlarmManager: Triggering alarm #0: 2 when =157582916 package =android operation = null listenTag =*job.delay* flags =0x0
11-25 12:28:29.189  1179  7299 I ActivityManager: Killing 4232:com.amazon.clouddrive.photos/u0a162 (adj 922): empty #23
11-25 12:28:29.200  1179  7299 I ActivityManager: Killing 4247:com.google.android.apps.authenticator2/u0a225 (adj 919): empty #24
11-25 12:28:29.257  1179  2558 D ConnectivityService: ConnectivityService NetworkRequestInfo binderDied(NetworkRequest [ LISTEN id=1893, [ Capabilities: NOT_RESTRICTED&TRUSTED&NOT_VPN&FOREGROUND Unwanted:  Uid: 10162] ], android.os.BinderProxy@ed3de9f)
11-25 12:28:29.257  1179  2375 D ConnectivityService: ConnectivityService NetworkRequestInfo binderDied(NetworkRequest [ LISTEN id=1895, [ Capabilities: NOT_RESTRICTED&TRUSTED&NOT_VPN&FOREGROUND Unwanted:  Uid: 10162] ], android.os.BinderProxy@c046bec)
11-25 12:28:32.267  1179  1248 I ActivityManager: Start proc 6368:com.google.android.apps.authenticator2/u0a225 for embryo com.google.android.apps.authenticator2
11-25 12:28:32.301  1179  1248 I ActivityManager: Start proc 6380:com.amazon.clouddrive.photos/u0a162 for embryo com.amazon.clouddrive.photos
11-25 12:28:54.508  1179  1246 W BroadcastQueue: Background execution not allowed: receiving Intent { act=android.net.conn.DATA_ACTIVITY_CHANGE flg=0x10 (has extras) } to com.oneplus.security/.network.trafficalarm.TrafficUsageAlarmReceiver
11-25 12:29:00.002  1179  1704 V AlarmManager: Triggering alarm #0: 3 when =157613855 package =android operation =*alarm*:android.intent.action.TIME_TICK flags =0x1
11-25 12:29:01.567  1179  1246 W BroadcastQueue: Background execution not allowed: receiving Intent { act=android.net.conn.DATA_ACTIVITY_CHANGE flg=0x10 (has extras) } to com.oneplus.security/.network.trafficalarm.TrafficUsageAlarmReceiver
11-25 12:29:08.677   950  1030 E storaged: getDiskStats failed with result NOT_SUPPORTED and size 0
11-25 12:29:16.907  1179  1246 W BroadcastQueue: Background execution not allowed: receiving Intent { act=android.net.conn.DATA_ACTIVITY_CHANGE flg=0x10 (has extras) } to com.oneplus.security/.network.trafficalarm.TrafficUsageAlarmReceiver
11-25 12:29:17.015  1179  1246 W BroadcastQueue: Background execution not allowed: receiving Intent { act=android.net.conn.DATA_ACTIVITY_CHANGE flg=0x10 (has extras) } to com.oneplus.security/.network.trafficalarm.TrafficUsageAlarmReceiver
11-25 12:29:23.117  1179  1704 V AlarmManager: Triggering alarm #0: 2 when =157636972 package =android operation = null listenTag =*job.delay* flags =0x0
11-25 12:30:00.002  1179  1704 V AlarmManager: Triggering alarm #0: 3 when =157673855 package =android operation =*alarm*:android.intent.action.TIME_TICK flags =0x1
11-25 12:30:08.679   950  1030 E storaged: getDiskStats failed with result NOT_SUPPORTED and size 0
11-25 12:30:16.079  1179  1346 E OHPD    : [BgDetect] AppForkedProc kworker/0:5 pid 4750 uid 0 can't find pkgName
11-25 12:30:16.079  1179  1346 E OHPD    : [BgDetect] AppForkedProc kworker/u17:4 pid 5066 uid 0 can't find pkgName
11-25 12:30:16.079  1179  1346 E OHPD    : [BgDetect] AppForkedProc kworker/3:0 pid 6295 uid 0 can't find pkgName
11-25 12:30:16.114  1179  1271 E BatteryExternalStatsWorker: no controller energy info supplied for bluetooth
11-25 12:30:24.914  1179  1704 V AlarmManager: Triggering alarm #0: 2 when =157672951 package =android operation = null listenTag =*job.delay* flags =0x0
11-25 12:30:24.915  1179  1704 V AlarmManager: Triggering alarm #1: 3 when =157698769 package =com.whatsapp operation =*alarm*:com.whatsapp.alarm.CLIENT_PING_PERIODIC flags =0x0
11-25 12:30:24.971  1179  1248 I ActivityManager: Start proc 6480:com.oneplus.gallery/u0a50 for service com.oneplus.gallery/com.oneplus.gallery2.contentdetection.ContentDetectionManager$DetectionJobScheduleService
11-25 12:30:25.005  1179  1216 D OnePlusSmartBoostManager: writeHotCount com.oneplus.gallery, pid=6480
11-25 12:30:25.285  1179  1248 I ActivityManager: Start proc 6511:com.oneplus.gallery:recyclebin/u0a50 for service com.oneplus.gallery/com.oneplus.gallery2.recyclebin.LocalRecycleBinService
11-25 12:30:25.312  1179  2195 D OnePlusSmartBoostManager: writeHotCount com.oneplus.gallery, pid=6511
11-25 12:30:25.361  1179  1216 I ActivityManager: Killing 4931:com.android.defcontainer/u0a44 (adj 922): empty #23
11-25 12:30:25.363  1179  1216 I ActivityManager: Killing 4831:com.sbi.lotusintouch/u0a149 (adj 919): empty #24
11-25 12:30:25.425  1179  2375 W SettingsProvider: call() name : sqlite_compatibility_wal_flags
11-25 12:30:25.440  1179  1248 I ActivityManager: Start proc 6543:com.oneplus.gallery:cloud/u0a50 for service com.oneplus.gallery/com.oneplus.gallery2.cloud.CloudGalleryService
11-25 12:30:25.486  1179  1216 D OnePlusSmartBoostManager: writeHotCount com.oneplus.gallery, pid=6543
11-25 12:30:25.586  1179  1216 I ActivityManager: Killing 5030:com.android.keychain/1000 (adj 922): empty #23
11-25 12:30:26.194  1179  1216 W SettingsProvider: call() name : sqlite_compatibility_wal_flags
11-25 12:30:28.508  1179  1248 I ActivityManager: Start proc 6572:com.sbi.lotusintouch/u0a149 for embryo com.sbi.lotusintouch
11-25 12:30:30.659  1179  1346 E OHPD    : [BgDetect] AppForkedProc kworker/2:1 pid 6401 uid 0 can't find pkgName
11-25 12:30:37.275  1179  1246 W SettingsProvider: call() name : com_oneplus_systemui_recent_task_lockd_list
11-25 12:30:37.278  1179  1246 I OHPD    : [BgDetect]chkExcessCpu level: 0 doKills: true critical false uptime: 300531
11-25 12:30:37.409  1179  1246 I OHPD    : isIsolated process: app.uid:99319,app.info.uid:10423, app.processName:com.android.chrome:sandboxed_process0
11-25 12:30:37.427  1179  1246 I OHPD    : isIsolated process: app.uid:99009,app.info.uid:10045, app.processName:com.android.chrome:sandboxed_process0
11-25 12:30:37.457  1179  1246 I OHPD    : isIsolated process: app.uid:99397,app.info.uid:10299, app.processName:com.android.chrome:sandboxed_process0
11-25 12:30:37.739  1179  1246 I OHPD    : isIsolated process: app.uid:99001,app.info.uid:10307, app.processName:com.android.chrome:sandboxed_process0
11-25 12:30:37.778  1179  1179 W Looper  : Slow dispatch took 120ms main h=android.os.Handler c=com.android.server.-$$Lambda$BatteryService$2x73lvpB0jctMSVP4qb9sHAqRPw@2836918 m=0
11-25 12:30:37.806  1179  1271 E BatteryExternalStatsWorker: no controller energy info supplied for bluetooth
11-25 12:30:37.864  1179  1244 D BatteryStatsService: @@@@ awaitUninterruptibly in 86 ms
11-25 12:30:41.904  1179  6362 W SettingsProvider: call() name : notification_light_pulse_color
11-25 12:30:42.009  1179  6362 W SettingsProvider: call() name : notification_light_pulse_color
11-25 12:30:42.170  1179  2375 W SettingsProvider: call() name : notification_light_pulse_color
11-25 12:30:42.305  1179  5891 W SettingsProvider: call() name : notification_light_pulse_color
11-25 12:30:42.424  1179  5891 W SettingsProvider: call() name : notification_light_pulse_color
11-25 12:30:42.570  1179 11966 W SettingsProvider: call() name : notification_light_pulse_color
