11-25 12:42:02.633  9353  9410 I ps.youtube.kid:   at cbi ade.m(android.content.Context, com.google.ads.afma.f) (:com.google.android.gms.policy_ads_fdr_dynamite@223712200@223712200057.473771314.473771314:8)
11-25 12:42:02.633  9353  9410 I ps.youtube.kid:   at java.lang.String acz.r(android.content.Context, java.lang.String, int, android.view.View, android.app.Activity, byte[]) (:com.google.android.gms.policy_ads_fdr_dynamite@223712200@223712200057.473771314.473771314:8)
11-25 12:42:02.633  9353  9410 I ps.youtube.kid:   at java.lang.String acz.g(android.content.Context, byte[]) (:com.google.android.gms.policy_ads_fdr_dynamite@223712200@223712200057.473771314.473771314:2)
11-25 12:42:02.633  9353  9410 I ps.youtube.kid:   at java.lang.String com.google.android.gms.ads.adshield.internal.a.b(aou, byte[]) (:com.google.android.gms.policy_ads_fdr_dynamite@223712200@223712200057.473771314.473771314:1)
11-25 12:42:02.633  9353  9410 I ps.youtube.kid:   at boolean com.google.android.gms.ads.adshield.internal.a.bQ(int, android.os.Parcel, android.os.Parcel) (:com.google.android.gms.policy_ads_fdr_dynamite@223712200@223712200057.473771314.473771314:50)
11-25 12:42:02.633  9353  9410 I ps.youtube.kid:   at boolean aeu.onTransact(int, android.os.Parcel, android.os.Parcel, int) (:com.google.android.gms.policy_ads_fdr_dynamite@223712200@223712200057.473771314.473771314:4)
11-25 12:42:02.633  9353  9410 I ps.youtube.kid:   at boolean android.os.Binder.transact(int, android.os.Parcel, android.os.Parcel, int) (Binder.java:688)
11-25 12:42:02.633  9353  9410 I ps.youtube.kid:   at java.lang.String fcb.b(fzq, byte[]) (PG:6)
11-25 12:42:02.633  9353  9410 I ps.youtube.kid:   at java.lang.String irz.b() (PG:3)
11-25 12:42:02.633  9353  9410 I ps.youtube.kid:   at java.lang.String irx.c() (PG:1)
11-25 12:42:02.633  9353  9410 I ps.youtube.kid:   at void efl.a(qjp) (PG:14)
11-25 12:42:02.633  9353  9410 I ps.youtube.kid:   at qjp ffb.e() (PG:6)
11-25 12:42:02.633  9353  9410 I ps.youtube.kid:   at qjp jxr.g() (PG:1)
11-25 12:42:02.633  9353  9410 I ps.youtube.kid:   at com.google.protobuf.MessageLite jyt.z() (PG:2)
11-25 12:42:02.633  9353  9410 I ps.youtube.kid:   at byte[] jyt.g() (PG:2)
11-25 12:42:02.633  9353  9410 I ps.youtube.kid:   at void jif.a() (PG:17)
11-25 12:42:02.633  9353  9410 I ps.youtube.kid:   at void jif.run() (PG:22)
11-25 12:42:02.633  9353  9410 I ps.youtube.kid:   at void java.util.concurrent.ThreadPoolExecutor.runWorker(java.util.concurrent.ThreadPoolExecutor$Worker) (ThreadPoolExecutor.java:1167)
11-25 12:42:02.633  9353  9410 I ps.youtube.kid:   at void java.util.concurrent.ThreadPoolExecutor$Worker.run() (ThreadPoolExecutor.java:641)
11-25 12:42:02.633  9353  9410 I ps.youtube.kid:   at void jqo.run() (PG:90)
11-25 12:42:02.633  9353  9410 I ps.youtube.kid:   at void java.lang.Thread.run() (Thread.java:764)
11-25 12:42:02.633  9353  9410 I ps.youtube.kid: Caused by: java.lang.ClassNotFoundException: Didn't find class "android.content.pm.PackageManager$OnChecksumsReadyListener" on path: DexPathList[[zip file "/data/user_de/0/com.google.android.gms/app_chimera/m/00000400/dl-AdsFdrDynamite.integ_223712200100000.apk"],nativeLibraryDirectories=[/data/user_de/0/com.google.android.gms/app_chimera/m/00000400/dl-AdsFdrDynamite.integ_223712200100000.apk!/lib/arm64-v8a, /system/lib64]]
11-25 12:42:02.633  9353  9410 I ps.youtube.kid:   at java.lang.Class dalvik.system.BaseDexClassLoader.findClass(java.lang.String) (BaseDexClassLoader.java:134)
11-25 12:42:02.633  9353  9410 I ps.youtube.kid:   at java.lang.Class java.lang.ClassLoader.loadClass(java.lang.String, boolean) (ClassLoader.java:379)
11-25 12:42:02.633  9353  9410 I ps.youtube.kid:   at java.lang.Class gyg.loadClass(java.lang.String, boolean) (:com.google.android.gms@224417028@22.44.17 (100400-488410709):3)
11-25 12:42:02.633  9353  9410 I ps.youtube.kid:   at java.lang.Class java.lang.ClassLoader.loadClass(java.lang.String) (ClassLoader.java:312)
11-25 12:42:02.633  9353  9410 I ps.youtube.kid:   at java.lang.Class dalvik.system.DexFile.defineClassNative(java.lang.String, java.lang.ClassLoader, java.lang.Object, dalvik.system.DexFile) (DexFile.java:-2)
11-25 12:42:02.633  9353  9410 I ps.youtube.kid:   at java.lang.Class dalvik.system.DexFile.defineClass(java.lang.String, java.lang.ClassLoader, java.lang.Object, dalvik.system.DexFile, java.util.List) (DexFile.java:283)
11-25 12:42:02.633  9353  9410 I ps.youtube.kid:   at java.lang.Class dalvik.system.DexFile.loadClassBinaryName(java.lang.String, java.lang.ClassLoader, java.util.List) (DexFile.java:276)
11-25 12:42:02.633  9353  9410 I ps.youtube.kid:   at java.lang.Class dalvik.system.DexPathList$Element.findClass(java.lang.String, java.lang.ClassLoader, java.util.List) (DexPathList.java:738)
11-25 12:42:02.633  9353  9410 I ps.youtube.kid:   at java.lang.Class dalvik.system.DexPathList.findClass(java.lang.String, java.util.List) (DexPathList.java:493)
11-25 12:42:02.633  9353  9410 I ps.youtube.kid:   at java.lang.Class dalvik.system.BaseDexClassLoader.findClass(java.lang.String) (BaseDexClassLoader.java:132)
11-25 12:42:02.633  9353  9410 I ps.youtube.kid:   at java.lang.Class gyg.loadClass(java.lang.String, boolean) (:com.google.android.gms@224417028@22.44.17 (100400-488410709):2)
11-25 12:42:02.633  9353  9410 I ps.youtube.kid:   at java.lang.Class java.lang.ClassLoader.loadClass(java.lang.String) (ClassLoader.java:312)
11-25 12:42:02.633  9353  9410 I ps.youtube.kid:   at java.util.List ade.r(aeg, android.content.Context, cbi, com.google.ads.afma.f) (:com.google.android.gms.policy_ads_fdr_dynamite@223712200@223712200057.473771314.473771314:5)
11-25 12:42:02.633  9353  9410 I ps.youtube.kid:   at java.util.List adf.r(aeg, android.content.Context, cbi, com.google.ads.afma.f) (:com.google.android.gms.policy_ads_fdr_dynamite@223712200@223712200057.473771314.473771314:4)
11-25 12:42:02.633  9353  9410 I ps.youtube.kid:   at void ade.s(aeg, android.content.Context, cbi, com.google.ads.afma.f) (:com.google.android.gms.policy_ads_fdr_dynamite@223712200@223712200057.473771314.473771314:0)
11-25 12:42:02.633  9353  9410 I ps.youtube.kid:   at cbi ade.m(android.content.Context, com.google.ads.afma.f) (:com.google.android.gms.policy_ads_fdr_dynamite@223712200@223712200057.473771314.473771314:8)
11-25 12:42:02.633  9353  9410 I ps.youtube.kid:   at java.lang.String acz.r(android.content.Context, java.lang.String, int, android.view.View, android.app.Activity, byte[]) (:com.google.android.gms.policy_ads_fdr_dynamite@223712200@223712200057.473771314.473771314:8)
11-25 12:42:02.633  9353  9410 I ps.youtube.kid:   at java.lang.String acz.g(android.content.Context, byte[]) (:com.google.android.gms.policy_ads_fdr_dynamite@223712200@223712200057.473771314.473771314:2)
11-25 12:42:02.633  9353  9410 I ps.youtube.kid:   at java.lang.String com.google.android.gms.ads.adshield.internal.a.b(aou, byte[]) (:com.google.android.gms.policy_ads_fdr_dynamite@223712200@223712200057.473771314.473771314:1)
11-25 12:42:02.633  9353  9410 I ps.youtube.kid:   at boolean com.google.android.gms.ads.adshield.internal.a.bQ(int, android.os.Parcel, android.os.Parcel) (:com.google.android.gms.policy_ads_fdr_dynamite@223712200@223712200057.473771314.473771314:50)
11-25 12:42:02.633  9353  9410 I ps.youtube.kid:   at boolean aeu.onTransact(int, android.os.Parcel, android.os.Parcel, int) (:com.google.android.gms.policy_ads_fdr_dynamite@223712200@223712200057.473771314.473771314:4)
11-25 12:42:02.633  9353  9410 I ps.youtube.kid:   at boolean android.os.Binder.transact(int, android.os.Parcel, android.os.Parcel, int) (Binder.java:688)
11-25 12:42:02.633  9353  9410 I ps.youtube.kid:   at java.lang.String fcb.b(fzq, byte[]) (PG:6)
11-25 12:42:02.633  9353  9410 I ps.youtube.kid:   at java.lang.String irz.b() (PG:3)
11-25 12:42:02.633  9353  9410 I ps.youtube.kid:   at java.lang.String irx.c() (PG:1)
11-25 12:42:02.633  9353  9410 I ps.youtube.kid:   at void efl.a(qjp) (PG:14)
11-25 12:42:02.633  9353  9410 I ps.youtube.kid:   at qjp ffb.e() (PG:6)
11-25 12:42:02.633  9353  9410 I ps.youtube.kid:   at qjp jxr.g() (PG:1)
11-25 12:42:02.633  9353  9410 I ps.youtube.kid:   at com.google.protobuf.MessageLite jyt.z() (PG:2)
11-25 12:42:02.633  9353  9410 I ps.youtube.kid:   at byte[] jyt.g() (PG:2)
11-25 12:42:02.633  9353  9410 I ps.youtube.kid:   at void jif.a() (PG:17)
11-25 12:42:02.633  9353  9410 I ps.youtube.kid:   at void jif.run() (PG:22)
11-25 12:42:02.633  9353  9410 I ps.youtube.kid:   at void java.util.concurrent.ThreadPoolExecutor.runWorker(java.util.concurrent.ThreadPoolExecutor$Worker) (ThreadPoolExecutor.java:1167)
11-25 12:42:02.633  9353  9410 I ps.youtube.kid:   at void java.util.concurrent.ThreadPoolExecutor$Worker.run() (ThreadPoolExecutor.java:641)
11-25 12:42:02.633  9353  9410 I ps.youtube.kid:   at void jqo.run() (PG:90)
11-25 12:42:02.633  9353  9410 I ps.youtube.kid:   at void java.lang.Thread.run() (Thread.java:764)
11-25 12:42:02.633  9353  9410 I ps.youtube.kid: 
11-25 12:42:02.642  1179  3660 W SettingsProvider: call() name : adb_enabled
11-25 12:42:02.648  2828  8181 W AdvertisingIdSettings: Package com.google.android.apps.youtube.kids failed Ad Id permission check. Apps that target Android SDK 33 or higher should declare com.google.android.gms.permission.AD_ID in the app manifest to access Ad Id.
11-25 12:42:02.870  9353  9453 D NetworkSecurityConfig: Using Network Security Config from resource network_security_config debugBuild: false
11-25 12:42:03.013  6511  6538 D ServiceBinder: connect() - Connect to ICloudGalleryService
11-25 12:42:03.052  1179  1248 I ActivityManager: Start proc 9881:com.oneplus.gallery:cloud/u0a50 for service com.oneplus.gallery/com.oneplus.gallery2.cloud.CloudGalleryService
11-25 12:42:03.082  9881  9881 E s.gallery:clou: Not starting debugger since process cannot load the jdwp agent.
11-25 12:42:03.101  1179  7299 D OnePlusSmartBoostManager: writeHotCount com.oneplus.gallery, pid=9881
11-25 12:42:03.115  9881  9893 I s.gallery:clou: The ClassLoaderContext is a special shared library.
11-25 12:42:03.124  9881  9881 I s.gallery:clou: The ClassLoaderContext is a special shared library.
11-25 12:42:03.145  9881  9881 W s.gallery:clou: resources.arsc in APK '/data/app/com.oneplus.gallery-wY9TdgbAdZl-FkHxkwabbA==/base.apk' is compressed.
11-25 12:42:03.175  9881  9881 I Perf    : Connecting to perf service.
11-25 12:42:03.185  9881  9881 W MemoryMonitor: start() - Thresholds : 350.00 MB / 450.00 MB / 480.00 MB
11-25 12:42:03.185  9881  9896 W MemoryMonitor: Monitor started
11-25 12:42:03.185  9881  9896 W MemoryMonitor: xxxxx Monitor memory is disabled xxxxx
11-25 12:42:03.193  9881  9881 E CloudGalleryUtils: isSupported() - Error.
11-25 12:42:03.193  9881  9881 E CloudGalleryUtils: android.content.pm.PackageManager$NameNotFoundException: com.heytap.cloud
11-25 12:42:03.193  9881  9881 E CloudGalleryUtils: 	at android.app.ApplicationPackageManager.getPackageInfoAsUser(ApplicationPackageManager.java:186)
11-25 12:42:03.193  9881  9881 E CloudGalleryUtils: 	at android.app.ApplicationPackageManager.getPackageInfo(ApplicationPackageManager.java:157)
11-25 12:42:03.193  9881  9881 E CloudGalleryUtils: 	at com.oneplus.gallery2.cloud.utils.CloudGalleryUtils.isSupported(CloudGalleryUtils.java:53)
11-25 12:42:03.193  9881  9881 E CloudGalleryUtils: 	at com.oneplus.gallery2.cloud.CloudGalleryContentProvider.onCreate(CloudGalleryContentProvider.java:57)
11-25 12:42:03.193  9881  9881 E CloudGalleryUtils: 	at android.content.ContentProvider.attachInfo(ContentProvider.java:1999)
11-25 12:42:03.193  9881  9881 E CloudGalleryUtils: 	at android.content.ContentProvider.attachInfo(ContentProvider.java:1974)
11-25 12:42:03.193  9881  9881 E CloudGalleryUtils: 	at android.app.ActivityThread.installProvider(ActivityThread.java:6731)
11-25 12:42:03.193  9881  9881 E CloudGalleryUtils: 	at android.app.ActivityThread.installContentProviders(ActivityThread.java:6261)
11-25 12:42:03.193  9881  9881 E CloudGalleryUtils: 	at android.app.ActivityThread.handleBindApplication(ActivityThread.java:6165)
11-25 12:42:03.193  9881  9881 E CloudGalleryUtils: 	at android.app.ActivityThread.access$1300(ActivityThread.java:208)
11-25 12:42:03.193  9881  9881 E CloudGalleryUtils: 	at android.app.ActivityThread$H.handleMessage(ActivityThread.java:1785)
11-25 12:42:03.193  9881  9881 E CloudGalleryUtils: 	at android.os.Handler.dispatchMessage(Handler.java:106)
11-25 12:42:03.193  9881  9881 E CloudGalleryUtils: 	at android.os.Looper.loop(Looper.java:193)
11-25 12:42:03.193  9881  9881 E CloudGalleryUtils: 	at android.app.ActivityThread.main(ActivityThread.java:7009)
11-25 12:42:03.193  9881  9881 E CloudGalleryUtils: 	at java.lang.reflect.Method.invoke(Native Method)
11-25 12:42:03.193  9881  9881 E CloudGalleryUtils: 	at com.android.internal.os.RuntimeInit$MethodAndArgsCaller.run(RuntimeInit.java:537)
11-25 12:42:03.193  9881  9881 E CloudGalleryUtils: 	at com.android.internal.os.ZygoteInit.main(ZygoteInit.java:858)
11-25 12:42:03.193  9881  9881 W CloudGalleryContentProvider: onCreate() - Cloud Gallery is not supported.
11-25 12:42:03.196  9881  9881 W TrustedTime: initialize()
11-25 12:42:03.196  9881  9881 D HandlerThread: start()
11-25 12:42:03.196  9881  9897 D HandlerThread: Enter message loop
11-25 12:42:03.196  9881  9881 D HandlerThread: start() - Take 1 ms to start
11-25 12:42:03.197  9881  9898 W ThreadMonitor: prepare()
11-25 12:42:03.197  9881  9898 W ThreadMonitor: Start monitor 'Trusted time thread' (9898)
11-25 12:42:03.197  9881  9899 W ThreadMonitor: ***** Monitor thread start *****
11-25 12:42:03.197  9881  9899 W ThreadMonitor: xxxxx Monitor thread is disabled xxxxx
11-25 12:42:03.200  9881  9881 W ThreadMonitor: Start monitor 'main' (9881)
11-25 12:42:03.200  9881  9881 W OPGalleryApplication: onCreate() - Starting media content thread
11-25 12:42:03.200  9881  9881 W MediaContentThread: startSync()
11-25 12:42:03.200  9881  9881 W MediaContentThread: start()
11-25 12:42:03.201  9881  9900 W MediaContentThread: +++++ START +++++
11-25 12:42:03.201  9881  9900 W ThreadMonitor: Start monitor 'Media content thread' (9900)
11-25 12:42:03.201  9881  9881 W OPGalleryApplication: onCreate() - Media content thread started
11-25 12:42:03.202  9881  9881 D OPGalleryApplication: [Property] IsWriteStoragePermissionGranted(id=3) : false -> true
11-25 12:42:03.203  9881  9881 D OPGalleryApplication: [Property] IsReadStoragePermissionGranted(id=1) : false -> true
11-25 12:42:03.204  9881  9881 W ComponentManager: createComponents(NORMAL) - Start
11-25 12:42:03.204  9881  9881 W ComponentManager: createComponents(HIGH) - Start
11-25 12:42:03.204  9881  9881 W ComponentManager: createComponents(LAUNCH) - Start
11-25 12:42:03.204  9881  9881 W ComponentManager: createComponents(LAUNCH) - End
11-25 12:42:03.204  9881  9881 W ComponentManager: createComponents(HIGH) - End
11-25 12:42:03.204  9881  9881 D ComponentManager: createComponent() - Component : Periodic Message Dispatcher Impl
11-25 12:42:03.204  9881  9881 D ComponentManager: initializeComponent() - Component : Periodic Message Dispatcher Impl
11-25 12:42:03.204  9881  9881 W ComponentManager: createComponents(NORMAL) - End
11-25 12:42:03.206  9881  9881 D OPGalleryApplication: [Property] IsNetworkConnected(id=8) : false -> true
11-25 12:42:03.210  9881  9881 E CloudGalleryUtils: isSupported() - Error.
11-25 12:42:03.210  9881  9881 E CloudGalleryUtils: android.content.pm.PackageManager$NameNotFoundException: com.heytap.cloud
11-25 12:42:03.210  9881  9881 E CloudGalleryUtils: 	at android.app.ApplicationPackageManager.getPackageInfoAsUser(ApplicationPackageManager.java:186)
11-25 12:42:03.210  9881  9881 E CloudGalleryUtils: 	at android.app.ApplicationPackageManager.getPackageInfo(ApplicationPackageManager.java:157)
11-25 12:42:03.210  9881  9881 E CloudGalleryUtils: 	at com.oneplus.gallery2.cloud.utils.CloudGalleryUtils.isSupported(CloudGalleryUtils.java:53)
11-25 12:42:03.210  9881  9881 E CloudGalleryUtils: 	at com.oneplus.gallery2.cloud.CloudGalleryService.onCreate(CloudGalleryService.java:417)
11-25 12:42:03.210  9881  9881 E CloudGalleryUtils: 	at android.app.ActivityThread.handleCreateService(ActivityThread.java:3744)
11-25 12:42:03.210  9881  9881 E CloudGalleryUtils: 	at android.app.ActivityThread.access$1500(ActivityThread.java:208)
11-25 12:42:03.210  9881  9881 E CloudGalleryUtils: 	at android.app.ActivityThread$H.handleMessage(ActivityThread.java:1801)
11-25 12:42:03.210  9881  9881 E CloudGalleryUtils: 	at android.os.Handler.dispatchMessage(Handler.java:106)
11-25 12:42:03.210  9881  9881 E CloudGalleryUtils: 	at android.os.Looper.loop(Looper.java:193)
11-25 12:42:03.210  9881  9881 E CloudGalleryUtils: 	at android.app.ActivityThread.main(ActivityThread.java:7009)
11-25 12:42:03.210  9881  9881 E CloudGalleryUtils: 	at java.lang.reflect.Method.invoke(Native Method)
11-25 12:42:03.210  9881  9881 E CloudGalleryUtils: 	at com.android.internal.os.RuntimeInit$MethodAndArgsCaller.run(RuntimeInit.java:537)
11-25 12:42:03.210  9881  9881 E CloudGalleryUtils: 	at com.android.internal.os.ZygoteInit.main(ZygoteInit.java:858)
11-25 12:42:03.216  6511  6511 D ServiceBinder: onServiceConnected() - ICloudGalleryService connected
11-25 12:42:03.216  9881  9881 D OPGalleryApplication: [Property] IsO2PermissionRequested(id=7) : false -> true
11-25 12:42:03.559 10497 10497 E aopg    : Clearcut logging failed. Status code: 31003. Status message: Log dropped because of log cap for this log source exceeded.
11-25 12:42:04.176  2828  2828 D BoundBrokerSvc: onUnbind: Intent { act=com.google.android.gms.potokens.service.START dat=chimera-action: cmp=com.google.android.gms/.chimera.GmsApiService }
11-25 12:42:04.362 24356 24412 I nightwatch-target: monitor resources last 600 iteration: 2129922 msec
11-25 12:42:05.071  8347  8545 I         : [SubmittedTask::execute():INFO] Moving current task 'EmitMetaRecord:242' into EXECUTING state.
11-25 12:42:05.071  8347  8545 I         : [SubmittedTask::execute():INFO] Starting Task: 'EmitMetaRecord:242'.
11-25 12:42:05.072  8347  8545 I         : [SubmittedTask::execute():INFO] Moving current task 'EmitMetaRecord:242' into DONE state.
11-25 12:42:05.344  1179  1350 D EmbryoManager: packageChanged com.google.android.apps.docs uid 10105
11-25 12:42:05.353  2521 17910 I AccountTypeManager: handleMessage loadAccountsInBackground
11-25 12:42:05.359  3183  3183 D RegisteredServicesCache: Intent action: android.intent.action.PACKAGE_CHANGED
11-25 12:42:05.366  2521 17910 D AccountTypeManager: Registering external account type=net.one97.paytm, packageName=net.one97.paytm
11-25 12:42:05.366  2521  5086 D AccountTypeManager: Registering external account type=net.one97.paytm, packageName=net.one97.paytm
11-25 12:42:05.368  2521 17910 D AccountTypeManager: Registering external account type=org.telegram.messenger, packageName=org.telegram.messenger
11-25 12:42:05.369  2521  5086 D AccountTypeManager: Registering external account type=org.telegram.messenger, packageName=org.telegram.messenger
11-25 12:42:05.371 30027 32284 I AccountTypeManager: handleMessage loadAccountsInBackground
11-25 12:42:05.375  1179  3660 I ActivityManager: Killing 6511:com.oneplus.gallery:recyclebin/u0a50 (adj 924): empty #23
11-25 12:42:05.376  1179  1249 W libprocessgroup: kill(-6511, 9) failed: No such process
11-25 12:42:05.385  2521 17910 D AccountTypeManager: Registering external account type=com.google.android.apps.tachyon, packageName=com.google.android.apps.tachyon
11-25 12:42:05.386  2521  5086 D AccountTypeManager: Registering external account type=com.google.android.apps.tachyon, packageName=com.google.android.apps.tachyon
11-25 12:42:05.387 30027 32284 D AccountTypeManager: Registering external account type=net.one97.paytm, packageName=net.one97.paytm
11-25 12:42:05.390 30027 32284 D AccountTypeManager: Registering external account type=org.telegram.messenger, packageName=org.telegram.messenger
11-25 12:42:05.392  2521  5086 D AccountTypeManager: Registering external account type=com.whatsapp, packageName=com.whatsapp
11-25 12:42:05.392  2521 17910 D AccountTypeManager: Registering external account type=com.whatsapp, packageName=com.whatsapp
11-25 12:42:05.393  2128  2128 D ImsResolver: maybeAddedImsService, packageName: com.google.android.apps.docs
11-25 12:42:05.396  1179  1249 W libprocessgroup: kill(-6511, 9) failed: No such process
11-25 12:42:05.397  2521  5086 D AccountTypeManager: Registering external account type=us.zoom.videomeetings, packageName=us.zoom.videomeetings
11-25 12:42:05.401  1179  1244 E system_server: No package ID 7f found for ID 0x7f0802cb.
11-25 12:42:05.401  1179  1244 E system_server: No package ID 7f found for ID 0x7f1305f1.
11-25 12:42:05.401  1179  1244 E system_server: No package ID 7f found for ID 0x7f1305f1.
11-25 12:42:05.401  1179  1244 E system_server: No package ID 7f found for ID 0x7f0802c7.
11-25 12:42:05.401  1179  1244 E system_server: No package ID 7f found for ID 0x7f1305ef.
11-25 12:42:05.401  1179  1244 E system_server: No package ID 7f found for ID 0x7f1305ef.
11-25 12:42:05.402  1179  1244 E system_server: No package ID 7f found for ID 0x7f0802c9.
11-25 12:42:05.402  1179  1244 E system_server: No package ID 7f found for ID 0x7f1305f0.
11-25 12:42:05.402  1179  1244 E system_server: No package ID 7f found for ID 0x7f1305f0.
11-25 12:42:05.402  1179  1244 W ShortcutService: Invalid tag 'capability' found at depth 2
11-25 12:42:05.402  1179  1244 E ShortcutService: Ignoring excessive intent tag.
11-25 12:42:05.402  1179  1244 W ShortcutService: Invalid tag 'parameter' found at depth 4
11-25 12:42:05.402  2128  2128 D CarrierSvcBindHelper: No carrier app for: 0
11-25 12:42:05.403  2521 17910 D AccountTypeManager: Registering external account type=us.zoom.videomeetings, packageName=us.zoom.videomeetings
11-25 12:42:05.402 30027 32284 D AccountTypeManager: Registering external account type=com.google.android.apps.tachyon, packageName=com.google.android.apps.tachyon
11-25 12:42:05.404 26578  9916 I Fitness : OnPackageChangedOperation got intent: Intent { act=android.intent.action.PACKAGE_CHANGED dat=package:com.google.android.apps.docs flg=0x45000010 pkg=com.google.android.gms cmp=com.google.android.gms/.chimera.PersistentIntentOperationService (has extras) } [CONTEXT service_id=17 ]
11-25 12:42:05.402  1179  1244 W ShortcutService: Invalid tag 'capability' found at depth 2
11-25 12:42:05.404  1179  1244 W ShortcutService: Invalid tag 'slice' found at depth 3
11-25 12:42:05.404  1179  1244 W ShortcutService: Invalid tag 'url-template' found at depth 4
11-25 12:42:05.404  1179  1244 W ShortcutService: Invalid tag 'share-target' found at depth 2
11-25 12:42:05.404  1179  1244 W ShortcutService: Invalid tag 'data' found at depth 3
11-25 12:42:05.404  1179  1244 W ShortcutService: Invalid tag 'category' found at depth 3
11-25 12:42:05.406 30027 32284 D AccountTypeManager: Registering external account type=com.whatsapp, packageName=com.whatsapp
11-25 12:42:05.406  2521  5086 D AccountTypeManager: Registering external account type=com.myairtelapp, packageName=com.myairtelapp
11-25 12:42:05.407  2128  2128 D CarrierSvcBindHelper: No carrier app for: 1
11-25 12:42:05.408  2521 17910 D AccountTypeManager: Registering external account type=com.myairtelapp, packageName=com.myairtelapp
11-25 12:42:05.409 26578 29151 I Fitness : Package com.google.android.apps.docs enabled.  Potentially restarting recording [CONTEXT service_id=17 ]
11-25 12:42:05.411 26578  9916 I Fitness : FitCleanupIntentOperation received Intent android.intent.action.PACKAGE_CHANGED [CONTEXT service_id=17 ]
11-25 12:42:05.412  2521  5086 D AccountTypeManager: Registering external account type=com.facebook.messenger, packageName=com.facebook.orca
11-25 12:42:05.412  2521 17910 D AccountTypeManager: Registering external account type=com.facebook.messenger, packageName=com.facebook.orca
11-25 12:42:05.413 30027 32284 D AccountTypeManager: Registering external account type=us.zoom.videomeetings, packageName=us.zoom.videomeetings
11-25 12:42:05.414 30027 32284 D AccountTypeManager: Registering external account type=com.myairtelapp, packageName=com.myairtelapp
11-25 12:42:05.416 30027 32284 D AccountTypeManager: Registering external account type=com.facebook.messenger, packageName=com.facebook.orca
11-25 12:42:05.416  2521  5086 D AccountTypeManager: Registering external account type=com.goibibo, packageName=com.goibibo
11-25 12:42:05.418 30027 32284 D AccountTypeManager: Registering external account type=com.goibibo, packageName=com.goibibo
11-25 12:42:05.418  2521 17910 D AccountTypeManager: Registering external account type=com.goibibo, packageName=com.goibibo
11-25 12:42:05.427 30027 32284 D AccountTypeManager: Registering external account type=com.skype.raider, packageName=com.skype.raider
11-25 12:42:05.427  2521 17910 D AccountTypeManager: Registering external account type=com.skype.raider, packageName=com.skype.raider
11-25 12:42:05.427  2521  5086 D AccountTypeManager: Registering external account type=com.skype.raider, packageName=com.skype.raider
11-25 12:42:05.432  6480  6480 E ServiceBinder: onServiceDisconnected()
11-25 12:42:05.433 30027 32284 D AccountTypeManager: Registering external account type=com.microsoft.teams, packageName=com.microsoft.teams
11-25 12:42:05.434   675   675 I Zygote  : Process 6511 exited due to signal (9)
11-25 12:42:05.434   675   675 I Zygote  : Process 7450 exited due to signal (9)
11-25 12:42:05.435  2521 17910 D AccountTypeManager: Registering external account type=com.microsoft.teams, packageName=com.microsoft.teams
11-25 12:42:05.435  2521  5086 D AccountTypeManager: Registering external account type=com.microsoft.teams, packageName=com.microsoft.teams
11-25 12:42:05.436 26578 29151 I Fitness : Package com.google.android.apps.docs enabled.  Potentially restarting recording [CONTEXT service_id=17 ]
11-25 12:42:05.437  1179  2194 D EmbryoManager: prepare com.oneplus.gallery user 0
11-25 12:42:05.437  2521 17910 D AccountTypeManager: Registering external account type=uhive.uhiveapp.com, packageName=uhiveapp.uhive.com.uhive
11-25 12:42:05.438 30027 32284 D AccountTypeManager: Registering external account type=uhive.uhiveapp.com, packageName=uhiveapp.uhive.com.uhive
11-25 12:42:05.439  1179  2194 W ActivityManager: Scheduling restart of crashed service com.oneplus.gallery/com.oneplus.gallery2.recyclebin.LocalRecycleBinService in 1000ms
11-25 12:42:05.439  2521  5086 D AccountTypeManager: Registering external account type=uhive.uhiveapp.com, packageName=uhiveapp.uhive.com.uhive
11-25 12:42:05.442  1179  1249 W libprocessgroup: kill(-6511, 9) failed: No such process
11-25 12:42:05.442  1179  1249 I libprocessgroup: Successfully killed process cgroup uid 10050 pid 6511 in 65ms
11-25 12:42:05.445  2521  5086 D AccountTypeManager: Registering 1 extension packages
11-25 12:42:05.445 26578 29151 I Fitness : Package com.google.android.apps.docs enabled.  Potentially restarting recording [CONTEXT service_id=17 ]
11-25 12:42:05.446 30027 32284 D AccountTypeManager: Registering 1 extension packages
11-25 12:42:05.447  2521 17910 D AccountTypeManager: Registering 1 extension packages
11-25 12:42:05.451 30027 32284 E ExternalAccountType: Unsupported attribute readOnly
11-25 12:42:05.454 26578 29151 I Fitness : Package com.google.android.apps.docs enabled.  Potentially restarting recording [CONTEXT service_id=17 ]
11-25 12:42:05.455 30027 32284 D AccountTypeManager: Registering extension package account type=com.google, dataSet=plus, packageName=com.google.android.gms
11-25 12:42:05.465  2521  5086 E ExternalAccountType: Unsupported attribute readOnly
11-25 12:42:05.466  2521 17910 E ExternalAccountType: Unsupported attribute readOnly
11-25 12:42:05.472  2521  5086 D AccountTypeManager: Registering extension package account type=com.google, dataSet=plus, packageName=com.google.android.gms
11-25 12:42:05.473  2521 17910 D AccountTypeManager: Registering extension package account type=com.google, dataSet=plus, packageName=com.google.android.gms
11-25 12:42:05.474  2828 18152 I Icing   : IndexChimeraService.getServiceInterface callingPackage=com.google.android.gms componentName=AppsCorpus serviceId=36
11-25 12:42:05.475 26578 29151 W ChimeraUtils: Module com.google.android.gms.nearby_en has empty metadata display_name_string_id
11-25 12:42:05.480 30027 32284 I AccountTypeManager: Loaded meta-data for 17 account types, 16 accounts in 109ms(wall) 19ms(cpu)
11-25 12:42:05.488 26578 29151 W ChimeraUtils: Module com.google.android.gms.nearby_en has empty metadata display_name_string_id
11-25 12:42:05.489 26578 29151 W ChimeraUtils: Module com.google.android.gms.nearby_en has empty metadata display_name_string_id
11-25 12:42:05.494  2828  5091 I GmsCoreXrpcWrapper: Returning a channel provider with trafficStatsTag=12803 trafficStatsUid=-1
11-25 12:42:05.500  2521  5086 I AccountTypeManager: Loaded meta-data for 14 account types, 15 accounts in 141ms(wall) 22ms(cpu)
11-25 12:42:05.504  2521 17910 I AccountTypeManager: Loaded meta-data for 16 account types, 16 accounts in 150ms(wall) 18ms(cpu)
11-25 12:42:05.514  1179  1722 I InputReader: Reconfiguring input devices.  changes=0x00000010
11-25 12:42:05.532  2828 32606 I Icing   : IndexChimeraService.getServiceInterface callingPackage=com.google.android.gms componentName=null serviceId=30
11-25 12:42:05.536  2828  5091 I Icing   : Usage reports ok 1, Failed Usage reports 0, indexed 0, rejected 0
11-25 12:42:05.543  1179  1244 V Theme   : com.android.contacts, Add app's resource
11-25 12:42:05.567  1179  1179 V Theme   : com.oneplus.account, Add app's resource
11-25 12:42:05.574  1179  1244 V Theme   : com.android.contacts, Add app's resource
11-25 12:42:05.575  1179  1179 V Theme   : com.oneplus.account, Add app's resource
11-25 12:42:05.582  2828  5091 I GmsCoreXrpcWrapper: Returning a channel provider with trafficStatsTag=12803 trafficStatsUid=-1
11-25 12:42:05.593  3183  3183 D RegisteredServicesCache: Adding service: ComponentInfo{com.google.android.gms/com.google.android.gms.nearby.mediums.nearfieldcommunication.NfcAdvertisingService} AIDs: [F00000FE2C]
11-25 12:42:05.593  3183  3183 D RegisteredServicesCache: Adding service: ComponentInfo{com.google.android.apps.nbu.paisa.user/com.google.nbu.paisa.flutter.plugins.upiovernfc.UpiOverNfcService} AIDs: [F222222200, A0000005242020]
11-25 12:42:05.593  3183  3183 D RegisteredServicesCache: Adding service: ComponentInfo{net.one97.paytm/net.one97.paytm.tokenizationbase.TokenizationPaymentService} AIDs: [325041592E5359532E4444463031, A0000000041010, A0000000042203, A0000000043060, A00000000310, A0000000031010, A0000000980840, A000000003101001, A000000003101002, A0000000032020, A0000000032010, A0000002771010, A0000005410002, A0000003241010, A000000025011003, A00000002501, A0000001523010, A00000038420, A00000038410]
11-25 12:42:05.593  3183  3183 D RegisteredServicesCache: Adding service: ComponentInfo{com.americanexpress.android.acctsvcs.in/com.americanexpress.mobilepayments.paymentframework.service.AmexHceApduService} AIDs: [A000000025, A00000002501, A0000000250110, A000000025011001, A00000002502, A0000000250210, A000000025021001, 325041592E5359532E4444463031]
11-25 12:42:05.593  3183  3183 D RegisteredServicesCache: Adding service: ComponentInfo{com.csam.icici.bank.imobile/com.csam.icici.bank.imobile.HostApduService} AIDs: [325041592E5359532E4444463031, A0000000041010, A0000000031010]
11-25 12:42:05.593  3183  3183 D RegisteredServicesCache: Adding service: ComponentInfo{com.grabtaxi.passenger/com.grab.payx.nfc.service.NFCHceService} AIDs: [325041592E5359532E4444463031, A0000000041010, A0000000042203, A0000000043060, A0000000049100]
11-25 12:42:05.593  3183  3183 D RegisteredServicesCache: Adding service: ComponentInfo{com.itc.itchotels/com.assaabloy.mobilekeys.api.hce.HceService} AIDs: [A0000004400001010001, A00000054000060100010000FF]
11-25 12:42:05.593  3183  3183 D RegisteredServicesCache:  Reading service state data always from file
11-25 12:42:05.594  3183  3183 D RegisteredServicesCache: ServiceStateFileVersion=1.0
11-25 12:42:05.594  3183  3183 E RegisteredServicesCache: Next Tag=services
11-25 12:42:05.594  3183  3183 D RegisteredServicesCache:  curr component com.google.android.gms/com.google.android.gms.nearby.mediums.nearfieldcommunication.NfcAdvertisingService
11-25 12:42:05.594  3183  3183 D RegisteredServicesCache:  curr uid 10045
11-25 12:42:05.594  3183  3183 D RegisteredServicesCache:  curr state 1
11-25 12:42:05.594  3183  3183 E RegisteredServicesCache: installedServices no uidString 
11-25 12:42:05.594  3183  3183 D RegisteredServicesCache:  curr component com.itc.itchotels/com.assaabloy.mobilekeys.api.hce.HceService
11-25 12:42:05.594  3183  3183 D RegisteredServicesCache:  curr uid 10355
11-25 12:42:05.594  3183  3183 D RegisteredServicesCache:  curr state 2
11-25 12:42:05.594  3183  3183 E RegisteredServicesCache: installedServices no uidString 
11-25 12:42:05.594  3183  3183 D RegisteredServicesCache:  curr component com.google.android.apps.nbu.paisa.user/com.google.nbu.paisa.flutter.plugins.upiovernfc.UpiOverNfcService
11-25 12:42:05.594  3183  3183 D RegisteredServicesCache:  curr uid 10261
11-25 12:42:05.594  3183  3183 D RegisteredServicesCache:  curr state 1
11-25 12:42:05.594  3183  3183 E RegisteredServicesCache: installedServices no uidString 
11-25 12:42:05.594  3183  3183 D RegisteredServicesCache:  curr component com.google.android.gms/com.google.android.gms.nearby.mediums.nearfieldcommunication.NfcAdvertisingService
11-25 12:42:05.594  3183  3183 D RegisteredServicesCache:  curr uid 99910045
11-25 12:42:05.594  3183  3183 D RegisteredServicesCache:  curr state 2
11-25 12:42:05.594  3183  3183 E RegisteredServicesCache: installedServices no uidString 
11-25 12:42:05.594  3183  3183 E RegisteredServicesCache: 1invalidateCache:WriteServiceStateToFile
11-25 12:42:05.594  3183  3183 E RegisteredServicesCache:  Writing service state Data Always
11-25 12:42:05.595  3183  3183 E RegisteredServicesCache: component namecom.google.android.gms/com.google.android.gms.nearby.mediums.nearfieldcommunication.NfcAdvertisingService
11-25 12:42:05.595  3183  3183 E RegisteredServicesCache: component namecom.itc.itchotels/com.assaabloy.mobilekeys.api.hce.HceService
11-25 12:42:05.595  3183  3183 E RegisteredServicesCache: component namecom.google.android.apps.nbu.paisa.user/com.google.nbu.paisa.flutter.plugins.upiovernfc.UpiOverNfcService
11-25 12:42:05.595  3183  3183 E RegisteredServicesCache: component namecom.google.android.gms/com.google.android.gms.nearby.mediums.nearfieldcommunication.NfcAdvertisingService
11-25 12:42:05.596  2828  5091 I Icing   : Usage reports ok 0, Failed Usage reports 0, indexed 0, rejected 0
11-25 12:42:05.597  2828  5091 I Icing   : Indexing com.google.android.gms-apps from com.google.android.gms
11-25 12:42:05.599  3183  3183 D CardEmulationManager: Current default: ComponentInfo{com.google.android.gms/com.google.android.gms.tapandpay.hce.service.TpHceService}
11-25 12:42:05.604  3183  3183 D RegisteredServicesCache: ApduService: ComponentInfo{com.google.android.gms/com.google.android.gms.nearby.mediums.nearfieldcommunication.NfcAdvertisingService}, description: Nearby, Static AID Groups: Category: other, AIDs:F00000FE2C, , Dynamic AID Groups: 
11-25 12:42:05.604  3183  3183 D RegisteredServicesCache: ApduService: ComponentInfo{com.google.android.apps.nbu.paisa.user/com.google.nbu.paisa.flutter.plugins.upiovernfc.UpiOverNfcService}, description: UPI over NFC, Static AID Groups: Category: other, AIDs:F222222200, A0000005242020, , Dynamic AID Groups: 
11-25 12:42:05.604  3183  3183 D RegisteredServicesCache: ApduService: ComponentInfo{net.one97.paytm/net.one97.paytm.tokenizationbase.TokenizationPaymentService}, description: Paytm, Static AID Groups: Category: payment, AIDs:325041592E5359532E4444463031, A0000000041010, A0000000042203, A0000000043060, A00000000310, A0000000031010, A0000000980840, A000000003101001, A000000003101002, A0000000032020, A0000000032010, A0000002771010, A0000005410002, A0000003241010, A000000025011003, A00000002501, A0000001523010, A00000038420, A00000038410, , Dynamic AID Groups: 
11-25 12:42:05.604  3183  3183 D RegisteredServicesCache: ApduService: ComponentInfo{com.americanexpress.android.acctsvcs.in/com.americanexpress.mobilepayments.paymentframework.service.AmexHceApduService}, description: Amex Pay, Static AID Groups: Category: payment, AIDs:A000000025, A00000002501, A0000000250110, A000000025011001, A00000002502, A0000000250210, A000000025021001, 325041592E5359532E4444463031, , Dynamic AID Groups: 
11-25 12:42:05.604  3183  3183 D RegisteredServicesCache: ApduService: ComponentInfo{com.csam.icici.bank.imobile/com.csam.icici.bank.imobile.HostApduService}, description: iMobile Pay, Static AID Groups: Category: payment, AIDs:325041592E5359532E4444463031, A0000000041010, A0000000031010, , Dynamic AID Groups: 
11-25 12:42:05.604  3183  3183 D RegisteredServicesCache: ApduService: ComponentInfo{com.grabtaxi.passenger/com.grab.payx.nfc.service.NFCHceService}, description: GrabPay, Static AID Groups: Category: payment, AIDs:325041592E5359532E4444463031, A0000000041010, A0000000042203, A0000000043060, A0000000049100, , Dynamic AID Groups: 
11-25 12:42:05.604  3183  3183 D RegisteredServicesCache: ApduService: ComponentInfo{com.itc.itchotels/com.assaabloy.mobilekeys.api.hce.HceService}, description: Mobile Keys HCE Example, Static AID Groups: Category: other, AIDs:A0000004400001010001, A00000054000060100010000FF, , Dynamic AID Groups: 
11-25 12:42:05.605  3183  3183 D RegisteredNfcFServicesCache: Service unchanged, not updating
11-25 12:42:05.608  2828  5091 I Icing   : Indexing done com.google.android.gms-apps
11-25 12:42:05.905  1179  1704 V AlarmManager: Triggering alarm #0: 2 when =158395852 package =android operation = null listenTag =*job.deadline* flags =0x0
11-25 12:42:05.905  1179  1704 V AlarmManager: Triggering alarm #1: 2 when =158399760 package =android operation = null listenTag =*job.deadline* flags =0x0
11-25 12:42:05.905  1179  1704 V AlarmManager: Triggering alarm #2: 2 when =158399760 package =android operation = null listenTag =*job.delay* flags =0x0
11-25 12:42:05.905  1179  1704 V AlarmManager: Triggering alarm #3: 3 when =158394200 package =com.google.android.gms operation =*alarm*:com.google.android.gms.auth.authzen.cryptauth.DEVICE_STATE_CHECK_DELAY_COMPLETE flags =0x0
11-25 12:42:05.905  1179  1704 V AlarmManager: Triggering alarm #4: 3 when =158394351 package =com.google.android.gms operation =*alarm*:com.google.android.gms.auth.authzen.cryptauth.DEVICE_STATE_CHECK_DELAY_COMPLETE flags =0x0
11-25 12:42:05.925  1179  1704 I ActivityManager: Killing 6480:com.oneplus.gallery/u0a50 (adj 924): empty #23
11-25 12:42:05.927  1179  1249 W libprocessgroup: kill(-6480, 9) failed: No such process
11-25 12:42:05.930  1892  1892 E ndroid.systemu: Invalid ID 0x00000000.
11-25 12:42:05.930  1892  1892 E ndroid.systemu: Invalid ID 0x00000000.
11-25 12:42:05.942  1179  1249 W libprocessgroup: kill(-6480, 9) failed: No such process
11-25 12:42:05.955  2828  9921 I Authzen : [DeviceStateSyncManager] The server is in sync with current state. Nothing to do
11-25 12:42:05.963  1179  1249 W libprocessgroup: kill(-6480, 9) failed: No such process
11-25 12:42:05.971  7926  9929 I Authzen : [DeviceStateSyncManager] The server is in sync with current state. Nothing to do
11-25 12:42:06.000  1179  3533 D ConnectivityService: ConnectivityService NetworkRequestInfo binderDied(NetworkRequest [ LISTEN id=1916, [ Capabilities: INTERNET&NOT_RESTRICTED&TRUSTED&NOT_VPN Unwanted:  Uid: 10050] ], android.os.BinderProxy@77f3783)
11-25 12:42:06.000  1179  3500 D EmbryoManager: prepare com.oneplus.gallery user 0
11-25 12:42:06.003   675   675 I Zygote  : Process 6480 exited due to signal (9)
11-25 12:42:06.006  1179  1249 W libprocessgroup: kill(-6480, 9) failed: No such process
11-25 12:42:06.006  1179  1249 I libprocessgroup: Successfully killed process cgroup uid 10050 pid 6480 in 79ms
11-25 12:42:06.134  8554  8666 I AmazonPhotos_UPLDR_SchedulingCallbac: reevaluateBlockers with no delay and no constraints.
11-25 12:42:06.134  8554  8666 I AmazonPhotos_UPLDR_SchedulingCallbac: reevaluateBlockers with 0 ms delay and null constraints.
11-25 12:42:06.134  8554  8666 I AmazonPhotos_UPLDR_SchedulingCallbac: reevaluateBlockers begin unique work using work policy REPLACE.
11-25 12:42:06.136  8554  8666 I AmazonPhotos_NetworkManager: Network Status Changed: NetworkState(networkType=Wifi; networkSubType=null)
11-25 12:42:06.145  1179  1704 V AlarmManager: Triggering alarm #0: 3 when =158400000 package =android operation = null listenTag =*job.heartbeat* flags =0x9
11-25 12:42:06.161  1892  1892 E ndroid.systemu: Invalid ID 0x00000000.
11-25 12:42:06.162  1892  1892 E ndroid.systemu: Invalid ID 0x00000000.
11-25 12:42:06.212  8554  8734 I AmazonPhotos_UPLDR_BlockerEvaluatorW: Evaluating blockers.
11-25 12:42:06.218  8554  8734 I AmazonPhotos_UPLDR_BlockerEvaluatorW: Global blocker detected: [Blocker(name='STORAGE_PERMISSION_DENIED')]
11-25 12:42:06.218  8554  8734 I AmazonPhotos_UPLDR_PersistentLogger: Adding [BlockerEvaluatorWorker	Global blocker detected: [Blocker(name='STORAGE_PERMISSION_DENIED')]]
11-25 12:42:06.231  8554  8734 I AmazonPhotos_UPLDR_BlockerEvaluatorW: Blocker evaluation complete. 0 unblocked queues found.
11-25 12:42:06.232  8554  8760 I WM-WorkerWrapper: Worker result SUCCESS for Work [ id=2df315d0-b98d-47a3-aefd-47fce2b7b144, tags={ com.amazon.photos.uploader.internal.workers.BlockerEvaluatorWorker, AndroidPhotosUploader_All } ]
11-25 12:42:06.234  8554  8760 I WM-WorkerWrapper: Setting status to enqueued for 9a292c6a-a531-432d-a522-6664cd654d63
11-25 12:42:06.255  8554  8734 I AmazonPhotos_UPLDR_SchedulerWorker: Scheduler started.
11-25 12:42:06.256  8554  8734 I AmazonPhotos_UPLDR_SchedulerWorker: Found 0 unblocked requests.
11-25 12:42:06.256  8554  8734 I AmazonPhotos_UPLDR_SchedulerWorker: Scheduler complete.
11-25 12:42:06.257  8554  8715 I WM-WorkerWrapper: Worker result SUCCESS for Work [ id=9a292c6a-a531-432d-a522-6664cd654d63, tags={ AndroidPhotosUploader_All, AndroidPhotosUploader_SCHEDULE, com.amazon.photos.uploader.internal.workers.SchedulerWorker } ]
11-25 12:42:06.334  9881  9897 D SntpClient: round trip: 96ms, clock offset: 1018ms
11-25 12:42:06.335  9881  9897 D NtpTrustedTime: getTimeFromServer() - Success to get time from O2 server : time.android.com, current time : 1669360327353, cached ntp time : 1669360327352, cached ntp elapsed real time : 158400189, cached ntp certainty : 48
11-25 12:42:06.722  1179  1179 I LoadedApk: android.content.pm.RegisteredServicesCache$1@f8c2374 onReceive android.intent.action.PACKAGE_CHANGED in 1359ms
11-25 12:42:06.722  1179  1179 W Looper  : Slow dispatch took 1359ms main h=android.app.ActivityThread$H c=android.app.-$$Lambda$LoadedApk$ReceiverDispatcher$Args$_BumDX2UKsnxLVrE6UJsJZkotuA@e16fcea m=0
11-25 12:42:06.723  1179  1179 W Looper  : Slow delivery took 1376ms main h=android.app.ActivityThread$H c=android.app.-$$Lambda$LoadedApk$ReceiverDispatcher$Args$_BumDX2UKsnxLVrE6UJsJZkotuA@7d52bdb m=0
11-25 12:42:06.757  1179  1179 W AppWidgetServiceImpl: No cakemix.appwidget.metadata.create meta-data for AppWidget provider 'ProviderId{user:0, app:10105, cmp:ComponentInfo{com.google.android.apps.docs/com.google.android.apps.docs.drive.widget.CakemixAppWidgetProvider}}'
11-25 12:42:06.786  1179  1179 W SettingsProvider: call() name : enabled_vr_listeners
11-25 12:42:06.867   789  3323 E oemlogkit: oemlogkit: Android log path: (null). Inside
11-25 12:42:06.867   789  3323 E oemlogkit: oemlogkit: !start_log, sleep
11-25 12:42:07.180  1179  1244 I LoadedApk: com.android.server.search.SearchManagerService$MyPackageMonitor@16d96f0 onReceive android.intent.action.PACKAGE_CHANGED in 1690ms
11-25 12:42:07.183  1179  1244 W LocationProviderProxy-network: com.qualcomm.location resolves service com.android.location.service.v3.NetworkLocationProvider, but has wrong signature, ignoring
11-25 12:42:07.184  1179  1244 W LocationProviderProxy-network: com.google.android.gms resolves service com.android.location.service.v3.NetworkLocationProvider, but has wrong signature, ignoring
11-25 12:42:07.184  1179  1244 W LocationProviderProxy-network: com.qualcomm.location resolves service com.android.location.service.v3.NetworkLocationProvider, but has wrong signature, ignoring
11-25 12:42:07.184  1179  1244 W LocationProviderProxy-network: Odd, no component found for service com.android.location.service.v3.NetworkLocationProvider
11-25 12:42:07.226  1179  1179 W Looper  : Slow dispatch took 439ms main h=android.app.ActivityThread$H c=android.app.-$$Lambda$LoadedApk$ReceiverDispatcher$Args$_BumDX2UKsnxLVrE6UJsJZkotuA@6ab6677 m=0
11-25 12:42:07.228  1179  1179 I Telecom : DefaultDialerCache: Refreshing default dialer for user 0: now com.truecaller: DDC.oR@R5o
11-25 12:42:07.228  1179  1179 W SettingsProvider: call() name : dialer_default_application
11-25 12:42:07.237  1179  1179 I Telecom : DefaultDialerCache: Refreshing default dialer for user 999: now com.android.dialer: DDC.oR@R5o
11-25 12:42:07.280  1179  1179 W SettingsProvider: call() name : enabled_notification_listeners
11-25 12:42:07.280  1179  1179 W SettingsProvider: call() name : enabled_notification_assistant
11-25 12:42:07.280  1179  1179 W SettingsProvider: call() name : enabled_notification_policy_access_packages
11-25 12:42:07.318  1179  1248 I ActivityManager: Start proc 9943:com.google.android.partnersetup/u0a28 for service com.google.android.partnersetup/.InstalledAppJobService
11-25 12:42:07.341  9943  9943 E id.partnersetu: Not starting debugger since process cannot load the jdwp agent.
11-25 12:42:07.357  1179  8968 D OnePlusSmartBoostManager: writeHotCount com.google.android.partnersetup, pid=9943
11-25 12:42:07.362  3593  3670 D GridItemProvider: getToolBoxItems: jsonStr= [{"id":0,"intent":{"mAction":"android.intent.action.MAIN","mCategories":["android.intent.category.LAUNCHER"],"mComponent":{"mClass":"com.oneplus.calculator.Calculator","mPackage":"com.oneplus.calculator"},"mContentUserHint":-2,"mFlags":270532608,"mPackage":"com.oneplus.calculator"},"itemType":0,"launchCount":0,"restored":0,"serialNumber":0},{"id":0,"intent":{"mAction":"android.intent.action.MAIN","mCategories":["net.oneplus.launcher.DEEP_SHORTCUT"],"mComponent":{"mClass":"com.oneplus.camera.OPCameraActivity","mPackage":"com.oneplus.camera"},"mContentUserHint":-2,"mFlags":270532608,"mPackage":"com.oneplus.camera"},"itemType":6,"launchCount":0,"restored":0,"serialNumber":0,"shortcutId":"selfie"},{"id":0,"intent":{"mAction":"android.intent.action.MAIN","mCategories":["net.oneplus.launcher.DEEP_SHORTCUT"],"mComponent":{"mClass":"com.oneplus.deskclock.DeskClock","mPackage":"com.oneplus.deskclock"},"mContentUserHint":-2,"mFlags":270532608,"mPackage":"com.oneplus.deskclock"},"itemType":6,"launchCount":0,"restored":0,"serialNumber":0,"shortcutId":"timer"},{"id":0,"intent":{"mAction":"android.intent.action.MAIN","mCategories":["net.oneplus.launcher.DEEP_SHORTCUT"],"mComponent":{"mClass":"com.oneplus.filemanager.HomePageActivity","mPackage":"com.oneplus.filemanager"},"mContentUserHint":-2,"mFlags":270532608,"mPackage":"com.oneplus.filemanager"},"itemType":6,"launchCount":0,"restored":0,"serialNumber":0,"shortcutId":"send"},{"id":0,"intent":{"mAction":"android.intent.action.MAIN","mCategories":["net.oneplus.launcher.DEEP_SHORTCUT"],"mComponent":{"mClass":"com.google.android.apps.chrome.Main","mPackage":"com.android.chrome"},"mContentUserHint":-2,"mFlags":270532608,"mPackage":"com.android.chrome"},"itemType":6,"launchCount":0,"restored":4,"serialNumber":0,"shortcutId":"new-tab-shortcut"}]
11-25 12:42:07.370  1179  1179 W Looper  : Drained
11-25 12:42:07.372  3593  3670 D GridItemProvider: getToolBoxItems: bean= GridItemBean: itemType=0, intent=Intent { act=android.intent.action.MAIN cat=[android.intent.category.LAUNCHER] flg=0x10200000 pkg=com.oneplus.calculator cmp=com.oneplus.calculator/.Calculator }, serialNumber= 0, shortcutId= null, restored= 0, id= 0, info= ShelfShortcutInfo(id=-1 type=SHORTCUT container=-1 screen=-1 cell(-1,-1) span(1,1) minSpan(1,1) rank=0 user=UserHandle{0} title=null hidden=false dirty = false newInstallTag=null)
11-25 12:42:07.373  9943  9964 I id.partnersetu: The ClassLoaderContext is a special shared library.
11-25 12:42:07.391  9943  9943 I id.partnersetu: The ClassLoaderContext is a special shared library.
11-25 12:42:07.406  3593  3670 E neplus.launche: Invalid ID 0x00000000.
11-25 12:42:07.406  3593  3670 E neplus.launche: Invalid ID 0x00000000.
11-25 12:42:07.410  3593  3670 D GridItemProvider: getToolBoxItems: bean= GridItemBean: itemType=6, intent=Intent { act=android.intent.action.MAIN cat=[net.oneplus.launcher.DEEP_SHORTCUT] flg=0x10200000 pkg=com.oneplus.camera cmp=com.oneplus.camera/.OPCameraActivity (has extras) }, serialNumber= 0, shortcutId= selfie, restored= 0, id= 0, info= ShelfShortcutInfo(id=-1 type=DEEPSHORTCUT container=-1 screen=-1 cell(-1,-1) span(1,1) minSpan(1,1) rank=0 user=UserHandle{0} title=Selfie hidden=false dirty = false newInstallTag=null)
11-25 12:42:07.416  3593  3670 E neplus.launche: Invalid ID 0x00000000.
11-25 12:42:07.416  3593  3670 I chatty  : uid=10024(net.oneplus.launcher) launcher-loader identical 4 lines
11-25 12:42:07.416  3593  3670 E neplus.launche: Invalid ID 0x00000000.
