11-25 12:35:12.183  1179  1179 W SettingsProvider: call() name : game_mode_status_auto
11-25 12:35:12.183  1179  1179 W SettingsProvider: call() name : esport_mode_enabled
11-25 12:35:12.183  1179  1179 I OIMC    : notified , mode GameMode changeTo 2
11-25 12:35:12.183  1179  1179 W SettingsProvider: call() name : rading_mode_status_auto
11-25 12:35:12.183  1179  1179 W SettingsProvider: call() name : rading_mode_status_auto
11-25 12:35:12.183  1179  1179 W SettingsProvider: call() name : reading_mode_status_manual
11-25 12:35:12.184  1179  1734 I OIMC    : The mode: GameMode is not entered
11-25 12:35:12.184  1179  1179 W SettingsProvider: call() name : reading_mode_status_manual
11-25 12:35:12.184  1179  1179 W SettingsProvider: call() name : reading_mode_status
11-25 12:35:12.184  1179  1179 W SettingsProvider: call() name : rading_mode_status_auto
11-25 12:35:12.184  1179  1179 I OIMC    : notified , mode ReadMode changeTo 2
11-25 12:35:12.184  1179  1734 I OIMC    : The mode: ReadMode is not entered
11-25 12:35:12.185  1179  1179 V SettingsProvider: Notifying for 0: content://settings/system/game_mode_status_auto
11-25 12:35:12.186  1179  1179 V SettingsProvider: Notifying for 0: content://settings/system/rading_mode_status_auto
11-25 12:35:12.186  1179  1179 W SettingsProvider: call() name : game_mode_status_auto
11-25 12:35:12.186  1179  1179 W SettingsProvider: call() name : rading_mode_status_auto
11-25 12:35:12.189  1179  9397 W SettingsProvider: call() name : time_12_24
11-25 12:35:12.201  1179  1246 W BroadcastQueue: Background execution not allowed: receiving Intent { act=android.intent.action.DROPBOX_ENTRY_ADDED flg=0x10 (has extras) } to com.google.android.gms/.stats.service.DropBoxEntryAddedReceiver
11-25 12:35:12.202  1179  1246 W BroadcastQueue: Background execution not allowed: receiving Intent { act=android.intent.action.DROPBOX_ENTRY_ADDED flg=0x10 (has extras) } to com.google.android.gms/.chimera.GmsIntentOperationService$PersistentTrustedReceiver
11-25 12:35:12.205  1179  9397 W SettingsProvider: call() name : font_scale
11-25 12:35:12.233  1179  1246 W BroadcastQueue: Background execution not allowed: receiving Intent { act=android.intent.action.DROPBOX_ENTRY_ADDED flg=0x10 (has extras) } to com.google.android.gms/.stats.service.DropBoxEntryAddedReceiver
11-25 12:35:12.233  1179  1246 W BroadcastQueue: Background execution not allowed: receiving Intent { act=android.intent.action.DROPBOX_ENTRY_ADDED flg=0x10 (has extras) } to com.google.android.gms/.chimera.GmsIntentOperationService$PersistentTrustedReceiver
11-25 12:35:12.263  1179  1246 W BroadcastQueue: Background execution not allowed: receiving Intent { act=android.intent.action.DROPBOX_ENTRY_ADDED flg=0x10 (has extras) } to com.google.android.gms/.stats.service.DropBoxEntryAddedReceiver
11-25 12:35:12.263  1179  1246 W BroadcastQueue: Background execution not allowed: receiving Intent { act=android.intent.action.DROPBOX_ENTRY_ADDED flg=0x10 (has extras) } to com.google.android.gms/.chimera.GmsIntentOperationService$PersistentTrustedReceiver
11-25 12:35:12.282  1179  3533 W SettingsProvider: call() name : transition_animation_scale
11-25 12:35:12.287  1179  3533 W SettingsProvider: call() name : show_password
11-25 12:35:12.289  1179  2559 W SettingsProvider: call() name : time_12_24
11-25 12:35:12.308  1179  1246 W BroadcastQueue: Background execution not allowed: receiving Intent { act=android.intent.action.DROPBOX_ENTRY_ADDED flg=0x10 (has extras) } to com.google.android.gms/.stats.service.DropBoxEntryAddedReceiver
11-25 12:35:12.308  1179  1246 W BroadcastQueue: Background execution not allowed: receiving Intent { act=android.intent.action.DROPBOX_ENTRY_ADDED flg=0x10 (has extras) } to com.google.android.gms/.chimera.GmsIntentOperationService$PersistentTrustedReceiver
11-25 12:35:12.345  1179  1246 W BroadcastQueue: Background execution not allowed: receiving Intent { act=android.intent.action.DROPBOX_ENTRY_ADDED flg=0x10 (has extras) } to com.google.android.gms/.stats.service.DropBoxEntryAddedReceiver
11-25 12:35:12.346  1179  1246 W BroadcastQueue: Background execution not allowed: receiving Intent { act=android.intent.action.DROPBOX_ENTRY_ADDED flg=0x10 (has extras) } to com.google.android.gms/.chimera.GmsIntentOperationService$PersistentTrustedReceiver
11-25 12:35:12.365  1179  8968 W SettingsProvider: call() name : op_navigation_bar_type
11-25 12:35:12.381  1179  1246 W BroadcastQueue: Background execution not allowed: receiving Intent { act=android.intent.action.DROPBOX_ENTRY_ADDED flg=0x10 (has extras) } to com.google.android.gms/.stats.service.DropBoxEntryAddedReceiver
11-25 12:35:12.381  1179  1246 W BroadcastQueue: Background execution not allowed: receiving Intent { act=android.intent.action.DROPBOX_ENTRY_ADDED flg=0x10 (has extras) } to com.google.android.gms/.chimera.GmsIntentOperationService$PersistentTrustedReceiver
11-25 12:35:12.482  1179  1246 W BroadcastQueue: Background execution not allowed: receiving Intent { act=android.intent.action.DROPBOX_ENTRY_ADDED flg=0x10 (has extras) } to com.google.android.gms/.stats.service.DropBoxEntryAddedReceiver
11-25 12:35:12.482  1179  1246 W BroadcastQueue: Background execution not allowed: receiving Intent { act=android.intent.action.DROPBOX_ENTRY_ADDED flg=0x10 (has extras) } to com.google.android.gms/.chimera.GmsIntentOperationService$PersistentTrustedReceiver
11-25 12:35:12.508  1179  1246 W BroadcastQueue: Background execution not allowed: receiving Intent { act=android.intent.action.DROPBOX_ENTRY_ADDED flg=0x10 (has extras) } to com.google.android.gms/.stats.service.DropBoxEntryAddedReceiver
11-25 12:35:12.508  1179  1246 W BroadcastQueue: Background execution not allowed: receiving Intent { act=android.intent.action.DROPBOX_ENTRY_ADDED flg=0x10 (has extras) } to com.google.android.gms/.chimera.GmsIntentOperationService$PersistentTrustedReceiver
11-25 12:35:12.557  1179  1246 W BroadcastQueue: Background execution not allowed: receiving Intent { act=android.intent.action.DROPBOX_ENTRY_ADDED flg=0x10 (has extras) } to com.google.android.gms/.stats.service.DropBoxEntryAddedReceiver
11-25 12:35:12.557  1179  1246 W BroadcastQueue: Background execution not allowed: receiving Intent { act=android.intent.action.DROPBOX_ENTRY_ADDED flg=0x10 (has extras) } to com.google.android.gms/.chimera.GmsIntentOperationService$PersistentTrustedReceiver
11-25 12:35:12.608  1179  1244 W LocationProviderProxy-network: Odd, no component found for service com.android.location.service.v3.NetworkLocationProvider
11-25 12:35:12.629  1179  1246 W BroadcastQueue: Background execution not allowed: receiving Intent { act=android.intent.action.DROPBOX_ENTRY_ADDED flg=0x10 (has extras) } to com.google.android.gms/.stats.service.DropBoxEntryAddedReceiver
11-25 12:35:12.629  1179  1246 W BroadcastQueue: Background execution not allowed: receiving Intent { act=android.intent.action.DROPBOX_ENTRY_ADDED flg=0x10 (has extras) } to com.google.android.gms/.chimera.GmsIntentOperationService$PersistentTrustedReceiver
11-25 12:35:12.637  1179  9397 D StatusBarManagerService: onInputShown shown=false reserved=0
11-25 12:35:12.658  1179  8968 W SettingsProvider: call() name : haptic_feedback_enabled
11-25 12:35:12.675  1179  3533 I ActivityManager: Killing 5300:com.google.android.apps.classroom/u0a184 (adj 922): empty #23
11-25 12:35:12.804  1179  8968 D ConnectivityService: ConnectivityService NetworkRequestInfo binderDied(NetworkRequest [ LISTEN id=1901, [ Capabilities: INTERNET&NOT_RESTRICTED&TRUSTED&FOREGROUND Unwanted:  Uid: 10184] ], android.os.BinderProxy@1d239d8)
11-25 12:35:12.804  1179  3533 D ConnectivityService: ConnectivityService NetworkRequestInfo binderDied(NetworkRequest [ TRACK_DEFAULT id=1900, [ Capabilities: INTERNET&NOT_RESTRICTED&TRUSTED Unwanted:  Uid: 10184] ], android.os.BinderProxy@932a131)
11-25 12:35:12.806  1179  1773 D ConnectivityService: releasing NetworkRequest [ TRACK_DEFAULT id=1900, [ Capabilities: INTERNET&NOT_RESTRICTED&TRUSTED Unwanted:  Uid: 10184] ] (release request)
11-25 12:35:12.852  1179  1900 W BroadcastQueue: Background execution not allowed: receiving Intent { act=android.intent.action.DROPBOX_ENTRY_ADDED flg=0x10 (has extras) } to com.google.android.gms/.stats.service.DropBoxEntryAddedReceiver
11-25 12:35:12.854  1179  1246 W BroadcastQueue: Background execution not allowed: receiving Intent { act=android.intent.action.DROPBOX_ENTRY_ADDED flg=0x10 (has extras) } to com.google.android.gms/.chimera.GmsIntentOperationService$PersistentTrustedReceiver
11-25 12:35:12.854  1179  1246 W BroadcastQueue: Background execution not allowed: receiving Intent { act=android.intent.action.DROPBOX_ENTRY_ADDED flg=0x10 (has extras) } to com.google.android.gms/.stats.service.DropBoxEntryAddedReceiver
11-25 12:35:12.854  1179  1246 W BroadcastQueue: Background execution not allowed: receiving Intent { act=android.intent.action.DROPBOX_ENTRY_ADDED flg=0x10 (has extras) } to com.google.android.gms/.chimera.GmsIntentOperationService$PersistentTrustedReceiver
11-25 12:35:14.552  1179  1704 V AlarmManager: Triggering alarm #0: 2 when =157988407 package =android operation = null listenTag =*job.delay* flags =0x0
11-25 12:35:14.615  1179  3151 V BackupManagerConstants: getFullBackupRequiredNetworkType(...) returns 2
11-25 12:35:14.616  1179  3151 V BackupManagerConstants: getFullBackupRequireCharging(...) returns true
11-25 12:35:14.634  1179  3151 E JobScheduler: jobid:20536
11-25 12:35:14.634  1179  3151 E JobScheduler: java.lang.IllegalStateException: Same jobid in systemuid.
11-25 12:35:14.634  1179  3151 E JobScheduler: 	at com.android.server.job.JobSchedulerService.scheduleAsPackage(JobSchedulerService.java:889)
11-25 12:35:14.634  1179  3151 E JobScheduler: 	at com.android.server.job.JobSchedulerService$JobSchedulerStub.schedule(JobSchedulerService.java:2601)
11-25 12:35:14.634  1179  3151 E JobScheduler: 	at android.app.JobSchedulerImpl.schedule(JobSchedulerImpl.java:44)
11-25 12:35:14.634  1179  3151 E JobScheduler: 	at com.android.server.backup.FullBackupJob.schedule(FullBackupJob.java:54)
11-25 12:35:14.634  1179  3151 E JobScheduler: 	at com.android.server.backup.BackupManagerService$3.run(BackupManagerService.java:1925)
11-25 12:35:14.634  1179  3151 E JobScheduler: 	at android.os.Handler.handleCallback(Handler.java:873)
11-25 12:35:14.634  1179  3151 E JobScheduler: 	at android.os.Handler.dispatchMessage(Handler.java:99)
11-25 12:35:14.634  1179  3151 E JobScheduler: 	at android.os.Looper.loop(Looper.java:193)
11-25 12:35:14.634  1179  3151 E JobScheduler: 	at android.os.HandlerThread.run(HandlerThread.java:65)
11-25 12:35:15.682  1179  1271 E BatteryExternalStatsWorker: no controller energy info supplied for bluetooth
11-25 12:35:15.722  1179  1244 D BatteryStatsService: @@@@ awaitUninterruptibly in 59 ms
11-25 12:35:15.723  1179  1244 D BatteryStatsService: ext-flush too soon, skip
11-25 12:35:15.837  1179  1248 I ActivityManager: Start proc 7428:com.google.android.apps.classroom/u0a184 for embryo com.google.android.apps.classroom
11-25 12:35:18.641  1179  1179 W SettingsProvider: call() name : car_charger_auto_turn_on_dnd
11-25 12:35:18.642  1179  1179 W SettingsProvider: call() name : op_care_charger_auto_open_app
11-25 12:35:21.323  1179  9397 I ActivityManager: Killing 5345:com.google.android.apps.docs/u0a105 (adj 922): empty #23
11-25 12:35:24.444  1179  1248 I ActivityManager: Start proc 7450:com.google.android.apps.docs/u0a105 for embryo com.google.android.apps.docs
11-25 12:35:25.551  1179  1704 V AlarmManager: Triggering alarm #0: 2 when =157999406 package =android operation = null listenTag =*job.delay* flags =0x0
11-25 12:35:32.745  1179  1246 I ActivityManager: Killing 5538:com.google.android.apps.youtube.kids/u0a175 (adj 922): empty #23
11-25 12:35:32.766  1179  5891 I ActivityManager: Killing 5634:com.google.android.apps.youtube.creator/u0a274 (adj 922): empty #23
11-25 12:35:32.861  1179 11978 D ConnectivityService: ConnectivityService NetworkRequestInfo binderDied(NetworkRequest [ TRACK_DEFAULT id=1904, [ Capabilities: INTERNET&NOT_RESTRICTED&TRUSTED Unwanted:  Uid: 10274] ], android.os.BinderProxy@c94b875)
11-25 12:35:32.861  1179  2558 D ConnectivityService: ConnectivityService NetworkRequestInfo binderDied(NetworkRequest [ TRACK_DEFAULT id=1905, [ Capabilities: INTERNET&NOT_RESTRICTED&TRUSTED Unwanted:  Uid: 10274] ], android.os.BinderProxy@b04600a)
11-25 12:35:32.861  1179  2558 D ConnectivityService: ConnectivityService NetworkRequestInfo binderDied(NetworkRequest [ LISTEN id=1906, [ Capabilities: INTERNET&NOT_RESTRICTED&TRUSTED&FOREGROUND Unwanted:  Uid: 10274] ], android.os.BinderProxy@7dc207b)
11-25 12:35:32.861  1179  1773 D ConnectivityService: releasing NetworkRequest [ TRACK_DEFAULT id=1904, [ Capabilities: INTERNET&NOT_RESTRICTED&TRUSTED Unwanted:  Uid: 10274] ] (release request)
11-25 12:35:32.862  1179  1773 D ConnectivityService: releasing NetworkRequest [ TRACK_DEFAULT id=1905, [ Capabilities: INTERNET&NOT_RESTRICTED&TRUSTED Unwanted:  Uid: 10274] ] (release request)
11-25 12:35:32.902  1179  1217 D ConnectivityService: ConnectivityService NetworkRequestInfo binderDied(NetworkRequest [ TRACK_DEFAULT id=1912, [ Capabilities: INTERNET&NOT_RESTRICTED&TRUSTED Unwanted:  Uid: 10175] ], android.os.BinderProxy@4c17e98)
11-25 12:35:32.902  1179  3660 D ConnectivityService: ConnectivityService NetworkRequestInfo binderDied(NetworkRequest [ TRACK_DEFAULT id=1902, [ Capabilities: INTERNET&NOT_RESTRICTED&TRUSTED Unwanted:  Uid: 10175] ], android.os.BinderProxy@c8566f1)
11-25 12:35:32.902  1179  3536 D ConnectivityService: ConnectivityService NetworkRequestInfo binderDied(NetworkRequest [ LISTEN id=1903, [ Capabilities: INTERNET&NOT_RESTRICTED&TRUSTED&FOREGROUND Unwanted:  Uid: 10175] ], android.os.BinderProxy@99072d6)
11-25 12:35:32.902  1179  1773 D ConnectivityService: releasing NetworkRequest [ TRACK_DEFAULT id=1912, [ Capabilities: INTERNET&NOT_RESTRICTED&TRUSTED Unwanted:  Uid: 10175] ] (release request)
11-25 12:35:32.903  1179  1773 D ConnectivityService: releasing NetworkRequest [ TRACK_DEFAULT id=1902, [ Capabilities: INTERNET&NOT_RESTRICTED&TRUSTED Unwanted:  Uid: 10175] ] (release request)
11-25 12:35:35.266  1179  1217 W SettingsProvider: call() name : radio.data.stall.recovery.action
11-25 12:35:35.315  1179  1179 I Telecom : CallsManager: onServiceStateChanged networkType: 13
11-25 12:35:35.342  1179  5891 W SettingsProvider: call() name : op_country_code_is_suggested
11-25 12:35:35.928  1179  1248 I ActivityManager: Start proc 7479:com.google.android.apps.youtube.creator/u0a274 for embryo com.google.android.apps.youtube.creator
11-25 12:35:35.965  1179  1248 I ActivityManager: Start proc 7492:com.google.android.apps.youtube.kids/u0a175 for embryo com.google.android.apps.youtube.kids
11-25 12:35:37.868  1179  1246 E OHPD    : [BgDetect] AppForkedProc kworker/u16:0 pid 6800 uid 0 can't find pkgName
11-25 12:35:37.872  1179  1246 W SettingsProvider: call() name : com_oneplus_systemui_recent_task_lockd_list
11-25 12:35:37.875  1179  1246 I OHPD    : [BgDetect]chkExcessCpu level: 0 doKills: true critical false uptime: 300597
11-25 12:35:38.011  1179  1246 I OHPD    : isIsolated process: app.uid:99319,app.info.uid:10423, app.processName:com.android.chrome:sandboxed_process0
11-25 12:35:38.029  1179  1246 I OHPD    : isIsolated process: app.uid:99009,app.info.uid:10045, app.processName:com.android.chrome:sandboxed_process0
11-25 12:35:38.112  1179  1246 I OHPD    : isIsolated process: app.uid:99397,app.info.uid:10299, app.processName:com.android.chrome:sandboxed_process0
11-25 12:35:38.283  1179  1246 I OHPD    : isIsolated process: app.uid:99001,app.info.uid:10307, app.processName:com.android.chrome:sandboxed_process0
11-25 12:35:38.350  1179  1271 E BatteryExternalStatsWorker: no controller energy info supplied for bluetooth
11-25 12:35:38.427  1179  1244 D BatteryStatsService: @@@@ awaitUninterruptibly in 107 ms
11-25 12:35:45.785  1179  1179 I Telecom : CallsManager: onServiceStateChanged networkType: 13
11-25 12:35:45.851  1179  1704 V AlarmManager: Triggering alarm #0: 2 when =158019706 package =android operation = null listenTag =*job.delay* flags =0x0
11-25 12:35:56.755  1179  1347 I DisplayPowerController: useProximityForceSuspend = false
11-25 12:35:56.755  1179  1347 D RestartProcessManager: Screen off is false
11-25 12:35:56.758  1179  1347 W SettingsProvider: call() name : fp_screen_time_out
11-25 12:35:56.763  1179  1179 V SettingsProvider: Notifying for 0: content://settings/system/fp_screen_time_out
11-25 12:35:56.766  1179  3458 W SettingsProvider: call() name : time_12_24
11-25 12:35:56.854  1179  1347 I DisplayPowerController: useProximityForceSuspend = false
11-25 12:35:56.855  1179  1347 D RestartProcessManager: Screen off is false
11-25 12:35:56.857  1179  1347 W SettingsProvider: call() name : fp_screen_time_out
11-25 12:35:59.587  1179  1179 W SettingsProvider: call() name : car_charger_auto_turn_on_dnd
11-25 12:35:59.588  1179  1179 W SettingsProvider: call() name : op_care_charger_auto_open_app
11-25 12:36:00.001  1179  1704 V AlarmManager: Triggering alarm #0: 3 when =158033855 package =android operation =*alarm*:android.intent.action.TIME_TICK flags =0x1
11-25 12:36:01.295  1179  1704 V AlarmManager: Triggering alarm #0: 2 when =158035150 package =android operation = null listenTag =*job.delay* flags =0x0
11-25 12:36:03.752  1179  1347 I PowerManagerService: Going to sleep due to screen timeout (uid 1000)...
11-25 12:36:03.760  1179  1179 W UsageStatsService: Event reported without a package name
11-25 12:36:03.760  1179  1179 W UsageStatsService: Event reported without a package name
11-25 12:36:03.760  1179  1347 I DisplayPowerController: useProximityForceSuspend = false
11-25 12:36:03.761  1179  1179 I WindowManager: Started going to sleep... (why=3)
11-25 12:36:03.770  1179  5891 W SettingsProvider: call() name : lock_screen_lock_after_timeout
11-25 12:36:03.773  1179  1217 W SettingsProvider: call() name : screen_off_timeout
11-25 12:36:03.776  1179  1217 W SettingsProvider: call() name : haptic_feedback_enabled
11-25 12:36:03.851  1179  1347 W SettingsProvider: call() name : fp_screen_time_out
11-25 12:36:03.854  1179  5891 W SettingsProvider: call() name : time_12_24
11-25 12:36:03.854  1179  1179 V SettingsProvider: Notifying for 0: content://settings/system/fp_screen_time_out
11-25 12:36:03.867  1179  1347 I DisplayPowerController: useProximityForceSuspend = false
11-25 12:36:03.868  1179  1347 I DisplayPowerController: Blocking screen off
11-25 12:36:03.868  1179  1347 I DisplayPowerController: Unblocked screen off after 0 ms
11-25 12:36:03.868  1179  1347 I ColorBalanceService: MSG:2
11-25 12:36:03.868  1179  1819 D ColorBalanceService: MSG_SCREEN_OFF
11-25 12:36:03.868  1179  1819 I ColorBalanceService: processScreenOn:false reason = 2
11-25 12:36:03.868  1179  1819 D ColorBalanceService: the SRGB sensor has been removed in project 18821/18827/18831/18857
11-25 12:36:03.868  1179  1347 I WindowManager: Screen turned off...
11-25 12:36:03.922  1179  3533 W SettingsProvider: call() name : screen_brightness
11-25 12:36:03.924  1179  3533 I OIMC    : notified , mode FingerPrintMode changeTo 2
11-25 12:36:03.924  1179  1734 I OIMC    : The mode: FingerPrintMode is not entered
11-25 12:36:03.924  1179  1347 D RestartProcessManager: Screen off is true
11-25 12:36:03.926  1179  1347 I DisplayPowerController: useProximityForceSuspend = false
11-25 12:36:03.926  1179  1347 D RestartProcessManager: Screen off is true
11-25 12:36:03.927  1179  1345 I DisplayManagerService: Display device changed state: "Built-in Screen", OFF
11-25 12:36:03.975  1179  3458 W SettingsProvider: call() name : screen_brightness
11-25 12:36:03.984  1179  3458 W SettingsProvider: call() name : accelerometer_rotation
11-25 12:36:03.985  1179  3458 W SettingsProvider: call() name : accessibility_display_grayscale_enabled
11-25 12:36:03.988  1179  5891 W SettingsProvider: call() name : esport_mode_enabled
11-25 12:36:03.990  1179  3458 W SettingsProvider: call() name : game_mode_status
11-25 12:36:03.991  1179  3458 W SettingsProvider: call() name : esport_mode_enabled
11-25 12:36:03.992  1179  3458 W SettingsProvider: call() name : reading_mode_status
11-25 12:36:03.994  1179  3458 W SettingsProvider: call() name : accessibility_display_grayscale_enabled
11-25 12:36:04.191  1179  1347 I DisplayPowerController: useProximityForceSuspend = false
11-25 12:36:04.191  1179  1347 D RestartProcessManager: Screen off is true
11-25 12:36:04.193  1179  1347 W SettingsProvider: call() name : doze_enabled
11-25 12:36:04.194  1179  1347 I DreamManagerService: Entering dreamland.
11-25 12:36:04.194  1179  1347 I PowerManagerService: Dozing...
11-25 12:36:04.196  1179  1343 I DreamController: Starting dream: name=ComponentInfo{com.android.systemui/com.android.systemui.doze.DozeService}, isTest=false, canDoze=true, userId=0
11-25 12:36:04.217  1179  5891 W SettingsProvider: call() name : user_setup_complete
11-25 12:36:04.219  1179  5891 W SettingsProvider: call() name : op_navigation_bar_type
11-25 12:36:04.291  1179  3533 W SettingsProvider: call() name : screen_brightness
11-25 12:36:04.293  1179  5891 W SettingsProvider: call() name : doze_always_on
11-25 12:36:04.299  1179  1347 I DisplayPowerController: useProximityForceSuspend = false
11-25 12:36:04.299  1179  1347 D RestartProcessManager: Screen off is true
11-25 12:36:04.300  1179  1179 I WindowManager: Finished going to sleep... (why=3)
11-25 12:36:04.301  1179  1179 D OnePlusPowerController: SCREEN is OFF
11-25 12:36:04.301  1179  1179 D OnePlusPowerController: mScreenOffStart=2022-11-25 12:36:04
11-25 12:36:04.303  1179  3533 W SettingsProvider: call() name : accelerometer_rotation
11-25 12:36:04.304  1179  3533 W SettingsProvider: call() name : accessibility_display_grayscale_enabled
11-25 12:36:04.311  1179  3533 W SettingsProvider: call() name : status_bar_show_battery_percent
11-25 12:36:04.321  1179  3458 W SettingsProvider: call() name : esport_mode_enabled
11-25 12:36:04.323  1179  3533 W SettingsProvider: call() name : game_mode_status
11-25 12:36:04.323  1179  3533 W SettingsProvider: call() name : esport_mode_enabled
11-25 12:36:04.324  1179  3533 W SettingsProvider: call() name : reading_mode_status
11-25 12:36:04.324  1179  3533 W SettingsProvider: call() name : accessibility_display_grayscale_enabled
11-25 12:36:04.337  1179  1217 D StatusBarManagerService: onInputShown shown=false reserved=0
11-25 12:36:04.345  1179  3533 W SettingsProvider: call() name : screen_brightness
11-25 12:36:04.351  1179  1217 W SettingsProvider: call() name : haptic_feedback_enabled
11-25 12:36:04.361  1179  3458 W SettingsProvider: call() name : screen_brightness
11-25 12:36:04.385  1179  2558 W SettingsProvider: call() name : accelerometer_rotation
11-25 12:36:04.388  1179  5891 W ActivityManager: Finishing task with all activities already finished
11-25 12:36:04.388  1179  5891 W ActivityManager: Duplicate finish request for ActivityRecord{1edd27c u0 com.facebook.katana/.LoginActivity t21350 f}
11-25 12:36:04.389  1179  1217 W SettingsProvider: call() name : accessibility_display_grayscale_enabled
11-25 12:36:04.390  1179  1248 I ActivityManager: Start proc 7562:com.oneplus.gallery:contentdetector/u0a50 for service com.oneplus.gallery/com.oneplus.gallery2.contentdetection.service.SceneDetectorService
11-25 12:36:04.396  1179  5891 W ActivityManager: Finishing task with all activities already finished
11-25 12:36:04.396  1179  5891 W ActivityManager: Duplicate finish request for ActivityRecord{1edd27c u0 com.facebook.katana/.LoginActivity t21350 f}
11-25 12:36:04.400  1179  1217 W SettingsProvider: call() name : esport_mode_enabled
11-25 12:36:04.406  1179  3458 W SettingsProvider: call() name : game_mode_status
11-25 12:36:04.407  1179  3458 W SettingsProvider: call() name : esport_mode_enabled
11-25 12:36:04.408  1179  2558 D OnePlusSmartBoostManager: writeHotCount com.oneplus.gallery, pid=7562
11-25 12:36:04.409  1179  1217 W SettingsProvider: call() name : reading_mode_status
11-25 12:36:04.410  1179  1217 W SettingsProvider: call() name : accessibility_display_grayscale_enabled
11-25 12:36:04.432  1179  3533 W SettingsProvider: call() name : op_navigation_bar_type
11-25 12:36:04.446  1179  2558 W ActivityManager: Finishing task with all activities already finished
11-25 12:36:04.446  1179  2558 W ActivityManager: Duplicate finish request for ActivityRecord{1edd27c u0 com.facebook.katana/.LoginActivity t21350 f}
11-25 12:36:04.506  1179  3533 I ActivityManager: Killing 5775:com.google.android.apps.youtube.music/u0a145 (adj 922): empty #23
11-25 12:36:04.532  1179  3533 I ActivityManager: Killing 6053:com.lenskart.app:pushservice/u0a336 (adj 919): empty #23
11-25 12:36:04.553  1179  1217 W ActivityManager: Scheduling restart of crashed service com.lenskart.app/com.xiaomi.push.service.XMPushService in 1000ms
11-25 12:36:04.575  1179  5891 D ConnectivityService: ConnectivityService NetworkRequestInfo binderDied(NetworkRequest [ TRACK_DEFAULT id=1907, [ Capabilities: INTERNET&NOT_RESTRICTED&TRUSTED Unwanted:  Uid: 10145] ], android.os.BinderProxy@f97d1ef)
11-25 12:36:04.575  1179  6362 D ConnectivityService: ConnectivityService NetworkRequestInfo binderDied(NetworkRequest [ TRACK_DEFAULT id=1909, [ Capabilities: INTERNET&NOT_RESTRICTED&TRUSTED Unwanted:  Uid: 10145] ], android.os.BinderProxy@37564fc)
11-25 12:36:04.576  1179  3458 D ConnectivityService: ConnectivityService NetworkRequestInfo binderDied(NetworkRequest [ LISTEN id=1908, [ Capabilities: INTERNET&NOT_RESTRICTED&TRUSTED&FOREGROUND Unwanted:  Uid: 10145] ], android.os.BinderProxy@4a8f785)
11-25 12:36:04.576  1179  1773 D ConnectivityService: releasing NetworkRequest [ TRACK_DEFAULT id=1907, [ Capabilities: INTERNET&NOT_RESTRICTED&TRUSTED Unwanted:  Uid: 10145] ] (release request)
11-25 12:36:04.576  1179  1773 D ConnectivityService: releasing NetworkRequest [ TRACK_DEFAULT id=1909, [ Capabilities: INTERNET&NOT_RESTRICTED&TRUSTED Unwanted:  Uid: 10145] ] (release request)
11-25 12:36:04.593  1179  1179 W SettingsProvider: call() name : esport_mode_enabled
11-25 12:36:04.593  1179  1179 W SettingsProvider: call() name : esport_mode_data_saver
11-25 12:36:04.627  1179  2559 W SettingsProvider: call() name : pdp_watchdog_long_poll_interval_ms
11-25 12:36:04.630  1179  6965 W SettingsProvider: call() name : radio.data.stall.recovery.action
11-25 12:36:04.631  1179  1217 W SettingsProvider: call() name : data_stall_alarm_non_aggressive_delay_in_ms
11-25 12:36:04.721  1179  1246 W BroadcastQueue: Background execution not allowed: receiving Intent { act=android.net.conn.DATA_ACTIVITY_CHANGE flg=0x10 (has extras) } to com.oneplus.security/.network.trafficalarm.TrafficUsageAlarmReceiver
11-25 12:36:04.853  1179  2194 W SettingsProvider: call() name : font_scale
11-25 12:36:05.220  1179  2194 W BroadcastQueue: Skipping deliver [foreground] BroadcastRecord{9030aa0 u-1 android.intent.action.SCREEN_OFF} to ReceiverList{5f1bbf1 5775 com.google.android.apps.youtube.music/10145/u0 remote:b860798}: process gone or crashing
11-25 12:36:05.230  1179  1246 W BroadcastQueue: Skipping deliver [foreground] BroadcastRecord{9030aa0 u-1 android.intent.action.SCREEN_OFF} to ReceiverList{5f806d1 5775 com.google.android.apps.youtube.music/10145/u0 remote:9d31f8}: process gone or crashing
11-25 12:36:05.588  1179  1248 I ActivityManager: Start proc 7599:com.lenskart.app:pushservice/u0a336 for service com.lenskart.app/com.xiaomi.push.service.XMPushService
11-25 12:36:05.621  1179  2558 D OnePlusSmartBoostManager: writeHotCount com.lenskart.app, pid=7599
11-25 12:36:05.709  1179  2194 W SettingsProvider: call() name : android_id
11-25 12:36:05.724  1179  2558 W SettingsProvider: call() name : sqlite_compatibility_wal_flags
11-25 12:36:05.730  1179  3533 W SettingsProvider: call() name : android_id
11-25 12:36:05.793  1179  3533 D ConnectivityService: Returning BLOCKED NetworkInfo to uid=10336
11-25 12:36:05.801  1179  1179 W SettingsProvider: call() name : enabled_notification_listeners
11-25 12:36:05.801  1179  1179 W SettingsProvider: call() name : enabled_notification_assistant
11-25 12:36:05.801  1179  1179 W SettingsProvider: call() name : enabled_notification_policy_access_packages
11-25 12:36:05.821  1179  1179 W SettingsProvider: call() name : enabled_notification_listeners
11-25 12:36:05.821  1179  1179 W SettingsProvider: call() name : enabled_notification_assistant
11-25 12:36:05.821  1179  1179 W SettingsProvider: call() name : enabled_notification_policy_access_packages
11-25 12:36:05.834  1179  1179 W SettingsProvider: call() name : enabled_notification_listeners
11-25 12:36:05.834  1179  1179 W SettingsProvider: call() name : enabled_notification_assistant
11-25 12:36:05.835  1179  1179 W SettingsProvider: call() name : enabled_notification_policy_access_packages
11-25 12:36:06.617  1179  1179 W SettingsProvider: call() name : car_charger_auto_turn_on_dnd
11-25 12:36:06.617  1179  1179 W SettingsProvider: call() name : op_care_charger_auto_open_app
11-25 12:36:07.608  1179  1248 I ActivityManager: Start proc 7670:com.google.android.apps.youtube.music/u0a145 for embryo com.google.android.apps.youtube.music
11-25 12:36:08.703   950  1030 E storaged: getDiskStats failed with result NOT_SUPPORTED and size 0
11-25 12:36:12.229  1179  1246 W ActivityManager: Sleep timeout!  Sleeping now.
11-25 12:36:15.469  1179  1246 W BroadcastQueue: Background execution not allowed: receiving Intent { act=android.net.conn.DATA_ACTIVITY_CHANGE flg=0x10 (has extras) } to com.oneplus.security/.network.trafficalarm.TrafficUsageAlarmReceiver
11-25 12:36:33.878  1179  1704 V AlarmManager: Triggering alarm #0: 2 when =158059963 package =android operation = null listenTag =*job.delay* flags =0x0
11-25 12:36:33.879  1179  1704 V AlarmManager: Triggering alarm #1: 3 when =158067733 package =com.google.android.gms operation =*alarm*:com.google.android.gms.gcm.ACTION_CHECK_QUEUE flags =0x0
11-25 12:36:34.135  1179  3536 W ActivityManager: Unable to start service Intent { act=com.android.vending.contentfilters.IContentFiltersService.BIND pkg=com.android.vending } U=999: not found
11-25 12:36:34.152  1179  1244 I UsageStatsService: User[999] Rolling over usage stats
11-25 12:36:34.486  1179  1244 I UsageStatsService: User[999] Rollover scheduled @ 2022-11-26 12:36:33(1669446393653)
11-25 12:36:34.486  1179  1244 I UsageStatsService: User[999] Rolling over usage stats complete. Took 334 milliseconds
11-25 12:36:49.389  1179  1246 W BroadcastQueue: Background execution not allowed: receiving Intent { act=android.net.conn.DATA_ACTIVITY_CHANGE flg=0x10 (has extras) } to com.oneplus.security/.network.trafficalarm.TrafficUsageAlarmReceiver
11-25 12:36:52.327  1179  1704 V AlarmManager: Triggering alarm #0: 2 when =158086182 package =android operation = null listenTag =*job.delay* flags =0x0
11-25 12:36:52.432  1179  1248 I ActivityManager: Start proc 7723:com.google.android.calendar/u0a72 for service com.google.android.calendar/com.google.android.apps.calendar.vagabond.tasks.impl.sync.PlatformSync$SyncService
11-25 12:36:52.459  1179  3533 D OnePlusSmartBoostManager: writeHotCount com.google.android.calendar, pid=7723
11-25 12:36:52.799  1179  1248 I ActivityManager: Start proc 7745:com.android.providers.calendar/u0a21 for content provider com.android.providers.calendar/.CalendarProvider2
11-25 12:36:52.828  1179  1217 D OnePlusSmartBoostManager: writeHotCount com.android.providers.calendar, pid=7745
11-25 12:36:52.894  1179  3536 W SettingsProvider: call() name : sqlite_compatibility_wal_flags
11-25 12:36:52.907  1179  3458 W SettingsProvider: call() name : sqlite_compatibility_wal_flags
11-25 12:36:52.913  1179  3458 W SettingsProvider: call() name : boot_count
11-25 12:36:53.227  1179  2195 D ActivityManager: # addPackageDependency # packageName=com.google.android.gms -> proc: ProcessRecord{3ca36ac 7723:com.google.android.calendar/u0a72}
11-25 12:36:53.437  1179  2195 D ConnectivityService: requestNetwork for uid/pid:10072/7723 NetworkRequest [ TRACK_DEFAULT id=1921, [ Capabilities: INTERNET&NOT_RESTRICTED&TRUSTED Unwanted:  Uid: 10072] ]
11-25 12:36:53.601  1179  1248 I ActivityManager: Start proc 7816:com.google.process.gapps/u0a45 for content provider com.google.android.gsf/.subscribedfeeds.SubscribedFeedsProvider
11-25 12:36:53.624  1179  2194 D OnePlusSmartBoostManager: writeHotCount com.google.android.gsf, pid=7816
11-25 12:36:53.716  1179  1217 W SettingsProvider: call() name : sqlite_compatibility_wal_flags
11-25 12:37:00.003  1179  1704 V AlarmManager: Triggering alarm #0: 3 when =158093855 package =android operation =*alarm*:android.intent.action.TIME_TICK flags =0x1
11-25 12:37:01.020  1179  1704 V AlarmManager: Triggering alarm #0: 2 when =158094874 package =android operation = null listenTag =*job.delay* flags =0x0
11-25 12:37:01.262  1179  1246 W BroadcastQueue: Background execution not allowed: receiving Intent { act=android.net.conn.DATA_ACTIVITY_CHANGE flg=0x10 (has extras) } to com.oneplus.security/.network.trafficalarm.TrafficUsageAlarmReceiver
11-25 12:37:01.998  1179  1704 V AlarmManager: Triggering alarm #0: 2 when =158095852 package =android operation = null listenTag =*job.delay* flags =0x0
11-25 12:37:08.706   950  1030 E storaged: getDiskStats failed with result NOT_SUPPORTED and size 0
11-25 12:37:11.280  1179  1862 D OnePlusProcessManager: checkWhiteUid fail 10219
11-25 12:37:13.180  1179  1244 I UsageStatsService: User[0] Flushing usage stats to disk
11-25 12:37:13.241  1179  1244 I UsageStatsService: User[999] Flushing usage stats to disk
11-25 12:37:16.392  1179  3536 I ActivityManager: Killing 6543:com.oneplus.gallery:cloud/u0a50 (adj 922): empty #24
11-25 12:37:16.451  1179  1217 W ActivityManager: Scheduling restart of crashed service com.oneplus.gallery/com.oneplus.gallery2.cloud.CloudGalleryService in 1000ms
11-25 12:37:16.910  1179  1246 W BroadcastQueue: Background execution not allowed: receiving Intent { act=android.net.conn.DATA_ACTIVITY_CHANGE flg=0x10 (has extras) } to com.oneplus.security/.network.trafficalarm.TrafficUsageAlarmReceiver
11-25 12:37:17.069  1179  1248 I ActivityManager: Start proc 7867:com.oneplus.gallery:cloud/u0a50 for service com.oneplus.gallery/com.oneplus.gallery2.cloud.CloudGalleryService
11-25 12:37:17.098  1179  3533 D OnePlusSmartBoostManager: writeHotCount com.oneplus.gallery, pid=7867
11-25 12:37:17.198  1179  3533 I ActivityManager: Killing 6633:com.meetup/u0a280 (adj 919): empty #23
11-25 12:37:17.280  1179  6362 D ConnectivityService: ConnectivityService NetworkRequestInfo binderDied(NetworkRequest [ TRACK_DEFAULT id=1917, [ Capabilities: INTERNET&NOT_RESTRICTED&TRUSTED Unwanted:  Uid: 10280] ], android.os.BinderProxy@1501168)
11-25 12:37:17.280  1179  1773 D ConnectivityService: releasing NetworkRequest [ TRACK_DEFAULT id=1917, [ Capabilities: INTERNET&NOT_RESTRICTED&TRUSTED Unwanted:  Uid: 10280] ] (release request)
11-25 12:37:20.223  1179  1246 W BroadcastQueue: Background execution not allowed: receiving Intent { act=android.net.conn.DATA_ACTIVITY_CHANGE flg=0x10 (has extras) } to com.oneplus.security/.network.trafficalarm.TrafficUsageAlarmReceiver
11-25 12:37:20.342  1179  1248 I ActivityManager: Start proc 7888:com.meetup/u0a280 for embryo com.meetup
11-25 12:37:34.196  1179  1704 V AlarmManager: Triggering alarm #0: 2 when =158128049 package =android operation = null listenTag =*job.delay* flags =0x0
11-25 12:37:34.196  1179  1704 V AlarmManager: Triggering alarm #1: 3 when =158124028 package =com.google.android.gms operation =*alarm*:com.google.android.gms.gcm.ACTION_CHECK_QUEUE flags =0x0
11-25 12:37:34.301  1179  1248 I ActivityManager: Start proc 7926:com.google.android.gms/u999a45 for service com.google.android.gms/.gcm.gmsproc.GcmInGmsTaskService
11-25 12:37:34.329  1179  3536 D OnePlusSmartBoostManager: writeHotCount com.google.android.gms, pid=7926
11-25 12:37:34.527  1179  1248 I ActivityManager: Start proc 7945:com.google.process.gservices/u999a45 for content provider com.google.android.gsf/.gservices.GservicesProvider
11-25 12:37:34.565  1179  3533 D OnePlusSmartBoostManager: writeHotCount com.google.android.gsf, pid=7945
11-25 12:37:34.576  1179  2375 W ActivityManager: Unable to start service Intent { act=com.android.vending.contentfilters.IContentFiltersService.BIND pkg=com.android.vending } U=999: not found
11-25 12:37:34.611  1179 11966 W SettingsProvider: call() name : sqlite_compatibility_wal_flags
11-25 12:37:34.762  1179  1271 E BatteryExternalStatsWorker: no controller energy info supplied for bluetooth
11-25 12:37:59.444  1179  6362 I ActivityManager: Killing 6832:com.mobstac.thehindu/u0a329 (adj 919): empty #23
11-25 12:38:00.000  1179  1704 V AlarmManager: Triggering alarm #0: 3 when =158153855 package =android operation =*alarm*:android.intent.action.TIME_TICK flags =0x1
11-25 12:38:02.550  1179  1248 I ActivityManager: Start proc 8010:com.mobstac.thehindu/u0a329 for embryo com.mobstac.thehindu
11-25 12:38:06.347  1179  1246 E OHPD    : [BgDetect] AppForkedProc kworker/5:1 pid 5225 uid 0 can't find pkgName
11-25 12:38:06.347  1179  1246 E OHPD    : [BgDetect] AppForkedProc kworker/u17:1 pid 7130 uid 0 can't find pkgName
11-25 12:38:06.350  1179  1246 W SettingsProvider: call() name : com_oneplus_systemui_recent_task_lockd_list
11-25 12:38:06.351  1179  1246 I OHPD    : [BgDetect]chkExcessCpu level: 1 doKills: true critical false uptime: 300599
11-25 12:38:06.486  1179  1246 I OHPD    : isIsolated process: app.uid:99319,app.info.uid:10423, app.processName:com.android.chrome:sandboxed_process0
11-25 12:38:06.503  1179  1246 I OHPD    : isIsolated process: app.uid:99009,app.info.uid:10045, app.processName:com.android.chrome:sandboxed_process0
11-25 12:38:06.621  1179  1246 I OHPD    : isIsolated process: app.uid:99397,app.info.uid:10299, app.processName:com.android.chrome:sandboxed_process0
11-25 12:38:06.738  1179  1246 I OHPD    : isIsolated process: app.uid:99001,app.info.uid:10307, app.processName:com.android.chrome:sandboxed_process0
11-25 12:38:08.712   950  1030 E storaged: getDiskStats failed with result NOT_SUPPORTED and size 0
11-25 12:38:15.789  1179  1246 W BroadcastQueue: Background execution not allowed: receiving Intent { act=android.net.conn.DATA_ACTIVITY_CHANGE flg=0x10 (has extras) } to com.oneplus.security/.network.trafficalarm.TrafficUsageAlarmReceiver
11-25 12:38:24.536  1179  1704 V AlarmManager: Triggering alarm #0: 2 when =158178391 package =android operation = null listenTag =*job.delay* flags =0x0
11-25 12:38:25.549  1179  1704 V AlarmManager: Triggering alarm #0: 2 when =158179186 package =android operation = null listenTag =*job.delay* flags =0x0
11-25 12:38:28.463  1179  1246 W BroadcastQueue: Background execution not allowed: receiving Intent { act=android.net.conn.DATA_ACTIVITY_CHANGE flg=0x10 (has extras) } to com.oneplus.security/.network.trafficalarm.TrafficUsageAlarmReceiver
11-25 12:38:54.460  1179  1704 V AlarmManager: Triggering alarm #0: 2 when =158208315 package =android operation = null listenTag =*job.delay* flags =0x0
11-25 12:38:54.555  1179  8096 E OHPD    : [BgDetect] AppForkedProc kworker/0:5 pid 7104 uid 0 can't find pkgName
11-25 12:39:00.000  1179  1704 V AlarmManager: Triggering alarm #0: 3 when =158213855 package =android operation =*alarm*:android.intent.action.TIME_TICK flags =0x1
11-25 12:39:08.714   950  1030 E storaged: getDiskStats failed with result NOT_SUPPORTED and size 0
11-25 12:39:47.948  1179  1246 W BroadcastQueue: Background execution not allowed: receiving Intent { act=android.net.conn.DATA_ACTIVITY_CHANGE flg=0x10 (has extras) } to com.oneplus.security/.network.trafficalarm.TrafficUsageAlarmReceiver
11-25 12:39:50.179  1179  1246 W BroadcastQueue: Background execution not allowed: receiving Intent { act=android.net.conn.DATA_ACTIVITY_CHANGE flg=0x10 (has extras) } to com.oneplus.security/.network.trafficalarm.TrafficUsageAlarmReceiver
11-25 12:40:00.001  1179  1704 V AlarmManager: Triggering alarm #0: 2 when =158273855 package =com.lenskart.app operation =*walarm*:com.xiaomi.push.PING_TIMER flags =0x5
11-25 12:40:00.063  1179  6362 D ConnectivityService: Returning UNBLOCKED NetworkInfo to uid=10336
11-25 12:40:08.715   950  1030 E storaged: getDiskStats failed with result NOT_SUPPORTED and size 0
11-25 12:40:32.750  1179  1246 W BroadcastQueue: Background execution not allowed: receiving Intent { act=android.net.conn.DATA_ACTIVITY_CHANGE flg=0x10 (has extras) } to com.oneplus.security/.network.trafficalarm.TrafficUsageAlarmReceiver
11-25 12:40:34.411  1179  1246 W BroadcastQueue: Background execution not allowed: receiving Intent { act=android.net.conn.DATA_ACTIVITY_CHANGE flg=0x10 (has extras) } to com.oneplus.security/.network.trafficalarm.TrafficUsageAlarmReceiver
11-25 12:40:34.792  1179  1704 V AlarmManager: Triggering alarm #0: 0 when =1669360200000 package =com.phonepe.app operation =*walarm*:com.phonepe.app/com.phonepe.ncore.syncmanager.source.alarmmanager.SyncAlarmReceiver flags =0x0
11-25 12:40:34.792  1179  1704 V AlarmManager: Triggering alarm #1: 2 when =158273855 package =com.instagram.android operation =*walarm*:action_batch_upload flags =0x0
11-25 12:40:34.792  1179  1704 V AlarmManager: Triggering alarm #2: 2 when =158288407 package =android operation = null listenTag =*job.deadline* flags =0x0
11-25 12:40:34.792  1179  1704 V AlarmManager: Triggering alarm #3: 2 when =158288407 package =android operation = null listenTag =*job.deadline* flags =0x0
11-25 12:40:34.792  1179  1704 V AlarmManager: Triggering alarm #4: 2 when =158308642 package =android operation = null listenTag =*job.delay* flags =0x0
11-25 12:40:34.792  1179  1704 V AlarmManager: Triggering alarm #5: 3 when =158273855 package =com.whatsapp operation =*alarm*:com.whatsapp.action.HOURLY_CRON flags =0x0
11-25 12:40:34.792  1179  1704 V AlarmManager: Triggering alarm #6: 3 when =158273855 package =com.whatsapp operation =*alarm*:com.whatsapp.alarm.CLIENT_PING_PERIODIC flags =0x0
11-25 12:40:38.409  1179  1246 W SettingsProvider: call() name : com_oneplus_systemui_recent_task_lockd_list
11-25 12:40:38.411  1179  1246 I OHPD    : [BgDetect]chkExcessCpu level: 0 doKills: true critical false uptime: 300536
11-25 12:40:38.542  1179  1246 I OHPD    : isIsolated process: app.uid:99319,app.info.uid:10423, app.processName:com.android.chrome:sandboxed_process0
11-25 12:40:38.560  1179  1246 I OHPD    : isIsolated process: app.uid:99009,app.info.uid:10045, app.processName:com.android.chrome:sandboxed_process0
11-25 12:40:38.695  1179  1246 I OHPD    : isIsolated process: app.uid:99397,app.info.uid:10299, app.processName:com.android.chrome:sandboxed_process0
11-25 12:40:38.801  1179  1246 I OHPD    : isIsolated process: app.uid:99001,app.info.uid:10307, app.processName:com.android.chrome:sandboxed_process0
11-25 12:40:38.872  1179  1271 E BatteryExternalStatsWorker: no controller energy info supplied for bluetooth
11-25 12:40:38.954  1179  1244 D BatteryStatsService: @@@@ awaitUninterruptibly in 116 ms
11-25 12:40:50.667  1179  1246 W BroadcastQueue: Background execution not allowed: receiving Intent { act=android.net.conn.DATA_ACTIVITY_CHANGE flg=0x10 (has extras) } to com.oneplus.security/.network.trafficalarm.TrafficUsageAlarmReceiver
11-25 12:40:57.710  1179  1704 V AlarmManager: Triggering alarm #0: 2 when =158331563 package =android operation = null listenTag =*job.delay* flags =0x0
11-25 12:40:57.782  1179  1246 W BroadcastQueue: Background execution not allowed: receiving Intent { act=android.net.conn.DATA_ACTIVITY_CHANGE flg=0x10 (has extras) } to com.oneplus.security/.network.trafficalarm.TrafficUsageAlarmReceiver
11-25 12:40:57.810  1179  6362 I ActivityManager: Killing 7173:com.android.defcontainer/u0a44 (adj 922): empty #23
11-25 12:40:59.731  1179  1248 I ActivityManager: Start proc 8201:com.amazon.mp3/u0a170 for content provider com.amazon.mp3/.account.auth.AmazonMusicMAPInformationProvider
11-25 12:40:59.765  1179  6965 D OnePlusSmartBoostManager: writeHotCount com.amazon.mp3, pid=8201
11-25 12:41:00.000  1179  1704 V AlarmManager: Triggering alarm #0: 3 when =158333855 package =android operation =*alarm*:android.intent.action.TIME_TICK flags =0x1
11-25 12:41:00.130  1179  6965 W SettingsProvider: call() name : sqlite_compatibility_wal_flags
11-25 12:41:00.268  1179  6362 W SettingsProvider: call() name : airplane_mode_on
11-25 12:41:00.527  1179  6965 W SettingsProvider: call() name : USER_ROLE
11-25 12:41:00.545  1179  1179 W SettingsProvider: call() name : enabled_notification_listeners
11-25 12:41:00.546  1179  1179 W SettingsProvider: call() name : enabled_notification_assistant
11-25 12:41:00.546  1179  1179 W SettingsProvider: call() name : enabled_notification_policy_access_packages
11-25 12:41:00.700  1179  6362 W SettingsProvider: call() name : USER_ROLE
11-25 12:41:00.785  1179  6965 D ActivityManager: # addPackageDependency # packageName=com.google.android.gms -> proc: ProcessRecord{76d12d9 8201:com.amazon.mp3/u0a170}
11-25 12:41:00.898  1179  3536 E OnePlusAppBootManager: forbid start cpi=ContentProviderInfo{name=com.amazon.identity.auth.device.MapInfoProvider.KindleLite className=com.amazon.klite.authentication.MAPProvider}
11-25 12:41:00.899 10719 24781 E ActivityThread: Failed to find provider info for com.amazon.identity.auth.device.MapInfoProvider.KindleLite
11-25 12:41:00.903  1179  3536 E OnePlusAppBootManager: forbid start cpi=ContentProviderInfo{name=com.amazon.identity.auth.device.MapInfoProvider.KindleLite className=com.amazon.klite.authentication.MAPProvider}
11-25 12:41:00.903 10719 24781 E ActivityThread: Failed to find provider info for com.amazon.identity.auth.device.MapInfoProvider.KindleLite
11-25 12:41:00.937  1179  1248 I ActivityManager: Start proc 8347:com.amazon.kindle/u0a130 for content provider com.amazon.kindle/.map.StandaloneMAPInformationProvider
11-25 12:41:00.971  1179  6965 D OnePlusSmartBoostManager: writeHotCount com.amazon.kindle, pid=8347
11-25 12:41:00.978  1179  6965 I ActivityManager: Killing 7214:net.oneplus.provider.appcategoryprovider/u0a58 (adj 922): empty #23
11-25 12:41:01.447  1179  2375 W SettingsProvider: call() name : sqlite_compatibility_wal_flags
11-25 12:41:01.533  1179  6362 W BluetoothManagerService: registerAdapter, callback: android.bluetooth.IBluetoothManagerCallback$Stub$Proxy@ad85eae
11-25 12:41:01.798  1179  6362 W SettingsProvider: call() name : SAFEMODE_STATE
11-25 12:41:01.802  1179  1179 W SettingsProvider: call() name : enabled_notification_listeners
11-25 12:41:01.802  1179  1179 W SettingsProvider: call() name : enabled_notification_assistant
11-25 12:41:01.802  1179  1179 W SettingsProvider: call() name : enabled_notification_policy_access_packages
11-25 12:41:03.120  1179  3536 W SettingsProvider: call() name : SAFEMODE_STATE
11-25 12:41:03.120  1179  2375 W SettingsProvider: call() name : SAFEMODE_STATE
11-25 12:41:03.121  1179  6362 W SettingsProvider: call() name : SAFEMODE_STATE
11-25 12:41:03.155  1179  6965 W SettingsProvider: call() name : android_id
11-25 12:41:03.163  1179  3536 I PackageManager: CameraNotch: isFullAndNotchEnabled() com.amazon:10130 isFullMode=false mNotchOptionState=false feature=all pid=8347, uid=10130
11-25 12:41:03.171  1179  6965 W BackupManagerService: dataChanged but no participant pkg='com.amazon.kindle' uid=10130
11-25 12:41:03.185  1179  6362 W BackupManagerService: dataChanged but no participant pkg='com.amazon.kindle' uid=10130
11-25 12:41:03.216  1179  3536 W BackupManagerService: dataChanged but no participant pkg='com.amazon.kindle' uid=10130
11-25 12:41:03.217  1179  3536 W BackupManagerService: dataChanged but no participant pkg='com.amazon.kindle' uid=10130
11-25 12:41:03.230  1179  6362 W BackupManagerService: dataChanged but no participant pkg='com.amazon.kindle' uid=10130
11-25 12:41:03.231  1179  2375 W BackupManagerService: dataChanged but no participant pkg='com.amazon.kindle' uid=10130
11-25 12:41:03.237  1179  3536 D ActivityManager: # addPackageDependency # packageName=com.google.android.gms -> proc: ProcessRecord{120b92d 8347:com.amazon.kindle/u0a130}
11-25 12:41:03.252  1179  3536 W BackupManagerService: dataChanged but no participant pkg='com.amazon.kindle' uid=10130
11-25 12:41:03.253  1179  3536 W BackupManagerService: dataChanged but no participant pkg='com.amazon.kindle' uid=10130
11-25 12:41:03.299  1179  6362 W BackupManagerService: dataChanged but no participant pkg='com.amazon.kindle' uid=10130
11-25 12:41:03.654  1179  6362 I chatty  : uid=1000(system) Binder:1179_17 identical 4 lines
11-25 12:41:03.655  1179  6362 W BackupManagerService: dataChanged but no participant pkg='com.amazon.kindle' uid=10130
11-25 12:41:03.686  1179  1248 I ActivityManager: Start proc 8554:com.amazon.clouddrive.photos/u0a162 for content provider com.amazon.clouddrive.photos/com.amazon.photos.auth.PhotosMAPInformationProvider
11-25 12:41:03.705  1179  3533 W BackupManagerService: dataChanged but no participant pkg='com.amazon.kindle' uid=10130
11-25 12:41:03.711  1179  3533 I chatty  : uid=1000(system) Binder:1179_12 identical 4 lines
11-25 12:41:03.712  1179  3533 W BackupManagerService: dataChanged but no participant pkg='com.amazon.kindle' uid=10130
11-25 12:41:03.717  1179  3533 D OnePlusSmartBoostManager: writeHotCount com.amazon.clouddrive.photos, pid=8554
11-25 12:41:03.773  1179  1704 V AlarmManager: Triggering alarm #0: 2 when =158337628 package =com.android.systemui operation =*walarm*:com.android.internal.policy.impl.PhoneWindowManager.DELAYED_KEYGUARD flags =0x9
11-25 12:41:03.793  1179  3533 I ActivityManager: FP_ACCELERATE: mIsFingerprintEnabled=false
11-25 12:41:03.796  1179  3533 I ActivityManager: AppLocker: setKeyguardDone false
