11-25 12:42:11.704 10084 10084 W com.facebook.internal.o: FacebookActivity is not declared in the AndroidManifest.xml. If you are using the facebook-common module or dependent modules please add com.facebook.FacebookActivity to your AndroidManifest.xml file. See https://developers.facebook.com/docs/android/getting-started for more info.
11-25 12:42:11.715 10084 10084 W com.facebook.n: Please set a value for AutoLogAppEventsEnabled. Set the flag to TRUE if you want to collect app install, app launch and in-app purchase events automatically. To request user consent before collecting data, set the flag value to FALSE, then change to TRUE once user consent is received. Learn more: https://developers.facebook.com/docs/app-events/getting-started-app-events-android#disable-auto-events.
11-25 12:42:11.715 10084 10084 W com.facebook.n: You haven't set a value for AdvertiserIDCollectionEnabled. Set the flag to TRUE if you want to collect Advertiser ID for better advertising and analytics results. To request user consent before collecting data, set the flag value to FALSE, then change to TRUE once user consent is received. Learn more: https://developers.facebook.com/docs/app-events/getting-started-app-events-android#disable-auto-events.
11-25 12:42:11.728 10084 10118 D NetworkSecurityConfig: Using Network Security Config from resource network_security_config debugBuild: false
11-25 12:42:11.729 10084 10118 I DpmTcmClient: RegisterTcmMonitor from: $Proxy0
11-25 12:42:11.738  1179  1179 W SettingsProvider: call() name : enabled_notification_listeners
11-25 12:42:11.739  1179  1179 W SettingsProvider: call() name : enabled_notification_assistant
11-25 12:42:11.739  1179  1179 W SettingsProvider: call() name : enabled_notification_policy_access_packages
11-25 12:42:11.756  1179  1179 W SettingsProvider: call() name : enabled_notification_listeners
11-25 12:42:11.756  1179  1179 W SettingsProvider: call() name : enabled_notification_assistant
11-25 12:42:11.756  1179  1179 W SettingsProvider: call() name : enabled_notification_policy_access_packages
11-25 12:42:11.761  1179  3502 D ConnectivityService: Returning BLOCKED NetworkInfo to uid=10336
11-25 12:42:11.761 10084 10084 W XMPush-10084: [Tid:2] XMPushService created. pid=10084, uid=10336, vc=221111001, uuid=550676596811
11-25 12:42:11.764  1179  8968 I ActivityManager: Killing 24356:com.instagram.android/u0a223 (adj 924): empty #23
11-25 12:42:11.765  1179  1249 W libprocessgroup: kill(-24356, 9) failed: No such process
11-25 12:42:11.768 10084 10138 W JavaCalls: Meet exception when call Method 'isSystemConditionProviderEnabled' in android.app.NotificationManager@7024eb7, java.lang.NoSuchMethodException
11-25 12:42:11.771 10084 10138 E libc    : Access denied finding property "ro.vendor.oplus.regionmark"
11-25 12:42:11.775  1179  1249 W libprocessgroup: kill(-24356, 9) failed: No such process
11-25 12:42:11.761 10084 10084 W com.lenskart.app:pushservice: type=1400 audit(0.0:34183): avc: denied { map } for comm=436F6E6E656374696F6E20436F6E74 path="/dev/__properties__/u:object_r:vendor_default_prop:s0" dev="tmpfs" ino=16309 scontext=u:r:untrusted_app:s0:c80,c257,c512,c768 tcontext=u:object_r:vendor_default_prop:s0 tclass=file permissive=0
11-25 12:42:11.786  1179  1179 W SettingsProvider: call() name : enabled_notification_listeners
11-25 12:42:11.786  1179  1179 W SettingsProvider: call() name : enabled_notification_assistant
11-25 12:42:11.786  1179  1179 W SettingsProvider: call() name : enabled_notification_policy_access_packages
11-25 12:42:11.819  1179  1249 W libprocessgroup: kill(-24356, 9) failed: No such process
11-25 12:42:11.831  1179  3533 D EmbryoManager: prepare com.instagram.android user 0
11-25 12:42:11.833   675   675 I Zygote  : Process 24356 exited due to signal (9)
11-25 12:42:11.845 10084 10092 W System  : A resource failed to call close. 
11-25 12:42:11.859  1179  1249 W libprocessgroup: kill(-24356, 9) failed: No such process
11-25 12:42:11.860  1179  1249 I libprocessgroup: Successfully killed process cgroup uid 10223 pid 24356 in 94ms
11-25 12:42:12.524 10084 10116 E GraphResponse: {HttpStatus: 400, errorCode: 100, subErrorCode: 33, errorType: GraphMethodException, errorMessage: Unsupported get request. Object with ID '1539126669661542' does not exist, cannot be loaded due to missing permissions, or does not support this operation. Please read the Graph API documentation at https://developers.facebook.com/docs/graph-api}
11-25 12:42:12.936   925  1026 I ThermalEngine: Monitor : quiet_therm = 32990, msm_therm = 37083, xo_therm = 35520, battery_therm = 319,current_now = -137000 
11-25 12:42:13.419  1179  1245 I Embryo_Uterus: BirthRunnable checkProc return, uid 10336
11-25 12:42:13.426  9970  9984 I .nbu.paisa.use: Waiting for a blocking GC ProfileSaver
11-25 12:42:14.899  1179  1248 I ActivityManager: Start proc 10156:com.instagram.android/u0a223 for embryo com.instagram.android
11-25 12:42:14.899  1179  1248 D Embryo_Uterus: Embryo created.com.instagram.android, pid=10156
11-25 12:42:14.909 10156 10156 E stagram.androi: Not starting debugger since process cannot load the jdwp agent.
11-25 12:42:14.935  1179  3660 D EmbryoManager: Embryo attached, pid=10156
11-25 12:42:14.943 10156 10168 I stagram.androi: The ClassLoaderContext is a special shared library.
11-25 12:42:14.960 10156 10168 I chatty  : uid=10223(com.instagram.android) Binder:10156_2 identical 1 line
11-25 12:42:14.962 10156 10168 I stagram.androi: The ClassLoaderContext is a special shared library.
11-25 12:42:15.009 10156 10168 W stagram.androi: JIT profile information will not be recorded: profile file does not exits.
11-25 12:42:15.009 10156 10168 I chatty  : uid=10223(com.instagram.android) Binder:10156_2 identical 2 lines
11-25 12:42:15.009 10156 10168 W stagram.androi: JIT profile information will not be recorded: profile file does not exits.
11-25 12:42:15.021 10156 10156 W embryo  : type=1400 audit(0.0:34184): avc: denied { map } for path="/dev/__properties__/u:object_r:vendor_default_prop:s0" dev="tmpfs" ino=16309 scontext=u:r:untrusted_app:s0:c223,c256,c512,c768 tcontext=u:object_r:vendor_default_prop:s0 tclass=file permissive=0
11-25 12:42:15.021 10156 10156 W embryo  : type=1400 audit(0.0:34185): avc: denied { map } for path="/dev/__properties__/u:object_r:vendor_default_prop:s0" dev="tmpfs" ino=16309 scontext=u:r:untrusted_app:s0:c223,c256,c512,c768 tcontext=u:object_r:vendor_default_prop:s0 tclass=file permissive=0
11-25 12:42:15.031 10156 10156 E libc    : Access denied finding property "persist.vendor.hwui.skia.multithread.enabled"
11-25 12:42:15.031 10156 10156 E libc    : Access denied finding property "persist.vendor.hwui.skia.reduce.overdraw.enabled"
11-25 12:42:15.031 10156 10156 D Embryo  : preload com.instagram.android, 14ms, hwui=true, layout=false, decor=false
11-25 12:42:15.037  1179  3660 D Embryo_Uterus: get preload status from 10156, success=true
11-25 12:42:15.330 10065 10079 I roid.apps.turb: Waiting for a blocking GC ProfileSaver
11-25 12:42:15.367 10065 10079 I roid.apps.turb: WaitForGcToComplete blocked ProfileSaver on AddRemoveAppImageSpace for 38.051ms
11-25 12:42:16.580 10084 10098 I app:pushservic: Waiting for a blocking GC ProfileSaver
11-25 12:42:16.858 26578 10050 I AlarmManager: setExactAndAllowWhileIdle [name: GCM_HB_ALARM type: 2 triggerAtMillis: 158940713]
11-25 12:42:16.875 26578  9682 I AlarmManager: setExactAndAllowWhileIdle [name: FcmRetry type: 2 triggerAtMillis: 158530729]
11-25 12:42:16.884  1179  1246 D EmbryoManager: Embryo claimed. com.netflix.mediaclient, pid=7889
11-25 12:42:16.884  1179  1246 D OnePlusSmartBoostManager: writeHotCount com.netflix.mediaclient, pid=7889
11-25 12:42:16.900  1179  1246 I ActivityManager: Killing 8347:com.amazon.kindle/u0a130 (adj 922): empty #23
11-25 12:42:16.902  1179  1249 W libprocessgroup: kill(-8347, 9) failed: No such process
11-25 12:42:16.905 26578  9682 I AlarmManager: setExactAndAllowWhileIdle [name: GCM_HB_ALARM type: 2 triggerAtMillis: 158940760]
11-25 12:42:16.913  7889  7889 I Perf    : Connecting to perf service.
11-25 12:42:16.948  1179  1249 W libprocessgroup: kill(-8347, 9) failed: No such process
11-25 12:42:16.982  1179  3502 D ConnectivityService: ConnectivityService NetworkRequestInfo binderDied(NetworkRequest [ LISTEN id=1923, [ Capabilities: NOT_RESTRICTED&TRUSTED&NOT_VPN&FOREGROUND Unwanted:  Uid: 10130] ], android.os.BinderProxy@2fadea7)
11-25 12:42:16.982  1179  7299 D EmbryoManager: prepare com.amazon.kindle user 0
11-25 12:42:16.987   675   675 I Zygote  : Process 8347 exited due to signal (9)
11-25 12:42:16.990  1179  1249 W libprocessgroup: kill(-8347, 9) failed: No such process
11-25 12:42:16.994  1179  1249 I libprocessgroup: Successfully killed process cgroup uid 10130 pid 8347 in 92ms
11-25 12:42:17.073  1179  7380 W SettingsProvider: call() name : sqlite_compatibility_wal_flags
11-25 12:42:17.087  7889  7889 I FirebaseInitProvider: FirebaseApp initialization successful
11-25 12:42:17.100  7889  7889 D WM-WrkMgrInitializer: Initializing WorkManager with default configuration.
11-25 12:42:17.127  7889 10184 I FA      : Collection disabled with firebase_analytics_collection_deactivated=1
11-25 12:42:17.130  7889 10184 I FA      : App measurement is starting up, version: 19000
11-25 12:42:17.130  7889 10184 I FA      : To enable debug logging run: adb shell setprop log.tag.FA VERBOSE
11-25 12:42:17.131  7889 10184 I FA      : To enable faster debug mode event logging run:
11-25 12:42:17.131  7889 10184 I FA      :   adb shell setprop debug.firebase.analytics.app com.netflix.mediaclient
11-25 12:42:17.204  1179  7380 D ConnectivityService: requestNetwork for uid/pid:10103/7889 NetworkRequest [ TRACK_DEFAULT id=1936, [ Capabilities: INTERNET&NOT_RESTRICTED&TRUSTED Unwanted:  Uid: 10103] ]
11-25 12:42:17.205  1179  1759 D WIFI_UT : got request NetworkRequest [ TRACK_DEFAULT id=1936, [ Capabilities: INTERNET&NOT_RESTRICTED&TRUSTED Unwanted:  Uid: 10103] ] with score 100
11-25 12:42:17.206  1179  1759 D WIFI    : got request NetworkRequest [ TRACK_DEFAULT id=1936, [ Capabilities: INTERNET&NOT_RESTRICTED&TRUSTED Unwanted:  Uid: 10103] ] with score 100
11-25 12:42:17.206  2128  2128 D PhoneSwitcherNetworkRequstListener: got request NetworkRequest [ TRACK_DEFAULT id=1936, [ Capabilities: INTERNET&NOT_RESTRICTED&TRUSTED Unwanted:  Uid: 10103] ] with score 100
11-25 12:42:17.206  2128  2128 D PhoneSwitcherNetworkRequstListener: needNetworkFor NetworkRequest [ TRACK_DEFAULT id=1936, [ Capabilities: INTERNET&NOT_RESTRICTED&TRUSTED Unwanted:  Uid: 10103] ], 100
11-25 12:42:17.208  1179  1854 D Ethernet: got request NetworkRequest [ TRACK_DEFAULT id=1936, [ Capabilities: INTERNET&NOT_RESTRICTED&TRUSTED Unwanted:  Uid: 10103] ] with score 100
11-25 12:42:17.209  2103  2103 D QcrilMsgTunnelIfaceManager: handleMessage what = 1
11-25 12:42:17.212  2103  2103 I QcrilOemhookMsgTunnel: [0]invokeOemRilRequestRaw: serial=6449 length=24
11-25 12:42:17.213  2103  2184 I QcrilOemhookMsgTunnel: [0]processOemHookResponse serial no: 6449 error: 0length=0
11-25 12:42:17.213  2103  2103 D QcrilMsgTunnelIfaceManager: handleMessage what = 2
11-25 12:42:17.215  2103  2184 I QcrilOemhookMsgTunnel: [0]processOemHookIndication length=28
11-25 12:42:17.215  2103  2184 I QcrilOemhookMsgTunnel: [0]Response ID in RIL_UNSOL_OEM_HOOK_RAW is 525388
11-25 12:42:17.215  2103  2103 D QcrilMsgTunnelIfaceManager: handleMessage what = 1
11-25 12:42:17.216  2103  2103 I QcrilOemhookMsgTunnel: [1]invokeOemRilRequestRaw: serial=6450 length=24
11-25 12:42:17.216  2103  2103 D QcrilMsgTunnelIfaceManager: handleMessage what = 0
11-25 12:42:17.217  2103  2184 I QcrilOemhookMsgTunnel: [1]processOemHookResponse serial no: 6450 error: 0length=0
11-25 12:42:17.218  2103  2103 D QcrilMsgTunnelIfaceManager: handleMessage what = 2
11-25 12:42:17.224  2103  2184 I QcrilOemhookMsgTunnel: [1]processOemHookIndication length=28
11-25 12:42:17.224  2103  2184 I QcrilOemhookMsgTunnel: [1]Response ID in RIL_UNSOL_OEM_HOOK_RAW is 525388
11-25 12:42:17.225  2103  2103 D QcrilMsgTunnelIfaceManager: handleMessage what = 0
11-25 12:42:17.400  1179  1179 W SettingsProvider: call() name : enabled_notification_listeners
11-25 12:42:17.400  1179  1179 W SettingsProvider: call() name : enabled_notification_assistant
11-25 12:42:17.400  1179  1179 W SettingsProvider: call() name : enabled_notification_policy_access_packages
11-25 12:42:17.414  1179  1179 W SettingsProvider: call() name : enabled_notification_listeners
11-25 12:42:17.414  1179  1179 W SettingsProvider: call() name : enabled_notification_assistant
11-25 12:42:17.414  1179  1179 W SettingsProvider: call() name : enabled_notification_policy_access_packages
11-25 12:42:17.433  1179  1179 W SettingsProvider: call() name : enabled_notification_listeners
11-25 12:42:17.433  1179  1179 W SettingsProvider: call() name : enabled_notification_assistant
11-25 12:42:17.433  1179  1179 W SettingsProvider: call() name : enabled_notification_policy_access_packages
11-25 12:42:17.443  1179  1179 W SettingsProvider: call() name : enabled_notification_listeners
11-25 12:42:17.443  1179  1179 W SettingsProvider: call() name : enabled_notification_assistant
11-25 12:42:17.443  1179  1179 W SettingsProvider: call() name : enabled_notification_policy_access_packages
11-25 12:42:17.465  1179  1179 W SettingsProvider: call() name : enabled_notification_listeners
11-25 12:42:17.465  1179  1179 W SettingsProvider: call() name : enabled_notification_assistant
11-25 12:42:17.465  1179  1179 W SettingsProvider: call() name : enabled_notification_policy_access_packages
11-25 12:42:17.478  1179  1179 W SettingsProvider: call() name : enabled_notification_listeners
11-25 12:42:17.479  1179  1179 W SettingsProvider: call() name : enabled_notification_assistant
11-25 12:42:17.479  1179  1179 W SettingsProvider: call() name : enabled_notification_policy_access_packages
11-25 12:42:17.498  1179  1179 W SettingsProvider: call() name : enabled_notification_listeners
11-25 12:42:17.498  1179  1179 W SettingsProvider: call() name : enabled_notification_assistant
11-25 12:42:17.498  1179  1179 W SettingsProvider: call() name : enabled_notification_policy_access_packages
11-25 12:42:17.525  7889  7889 I PlayCore: UID: [10103]  PID: [7889] SplitInstallListenerRegistry : registerListener
11-25 12:42:17.609  1179  1196 I system_server: Background concurrent copying GC freed 486679(19MB) AllocSpace objects, 101(8MB) LOS objects, 24% free, 72MB/96MB, paused 476us total 161.010ms
11-25 12:42:17.631  7889 10188 I WM-WorkerWrapper: Worker result SUCCESS for Work [ id=245115ad-acaa-450c-8858-854edec5a1f8, tags={ com.netflix.mediaclient.service.fcm.FcmJobWorker, 158411416 } ]
11-25 12:42:17.659  7889  7889 W lix.mediaclien: Unsupported class loader
11-25 12:42:17.663  7889  7889 W lix.mediaclien: Skipping duplicate class check due to unsupported classloader
11-25 12:42:17.666  7889  7889 I DynamiteModule: Considering local module com.google.android.gms.cronet_dynamite:0 and remote module com.google.android.gms.cronet_dynamite:1911
11-25 12:42:17.666  7889  7889 I DynamiteModule: Selected remote version of com.google.android.gms.cronet_dynamite, version >= 1911
11-25 12:42:17.666  7889  7889 V DynamiteModule: Dynamite loader version >= 2, using loadModule2NoCrashUtils
11-25 12:42:17.681  7889  7889 W System  : ClassLoader referenced unknown path: 
11-25 12:42:17.712  7889  7889 W lix.mediaclien: Unsupported class loader
11-25 12:42:17.715  7889  7889 W lix.mediaclien: Skipping duplicate class check due to unsupported classloader
11-25 12:42:17.761  1179  2194 D ConnectivityService: requestNetwork for uid/pid:10103/7889 NetworkRequest [ TRACK_DEFAULT id=1937, [ Capabilities: INTERNET&NOT_RESTRICTED&TRUSTED Unwanted:  Uid: 10103] ]
11-25 12:42:17.762  1179  1854 D Ethernet: got request NetworkRequest [ TRACK_DEFAULT id=1937, [ Capabilities: INTERNET&NOT_RESTRICTED&TRUSTED Unwanted:  Uid: 10103] ] with score 100
11-25 12:42:17.763  1179  1759 D WIFI_UT : got request NetworkRequest [ TRACK_DEFAULT id=1937, [ Capabilities: INTERNET&NOT_RESTRICTED&TRUSTED Unwanted:  Uid: 10103] ] with score 100
11-25 12:42:17.763  1179  1759 D WIFI    : got request NetworkRequest [ TRACK_DEFAULT id=1937, [ Capabilities: INTERNET&NOT_RESTRICTED&TRUSTED Unwanted:  Uid: 10103] ] with score 100
11-25 12:42:17.763  2128  2128 D PhoneSwitcherNetworkRequstListener: got request NetworkRequest [ TRACK_DEFAULT id=1937, [ Capabilities: INTERNET&NOT_RESTRICTED&TRUSTED Unwanted:  Uid: 10103] ] with score 100
11-25 12:42:17.763  2128  2128 D PhoneSwitcherNetworkRequstListener: needNetworkFor NetworkRequest [ TRACK_DEFAULT id=1937, [ Capabilities: INTERNET&NOT_RESTRICTED&TRUSTED Unwanted:  Uid: 10103] ], 100
11-25 12:42:17.764  7889  7889 I cr_CronetLibraryLoader: Cronet version: 101.0.4951.41, arch: aarch64
11-25 12:42:17.766  2103  2103 D QcrilMsgTunnelIfaceManager: handleMessage what = 1
11-25 12:42:17.767  2103  2103 I QcrilOemhookMsgTunnel: [0]invokeOemRilRequestRaw: serial=6451 length=24
11-25 12:42:17.768  2103  2184 I QcrilOemhookMsgTunnel: [0]processOemHookResponse serial no: 6451 error: 0length=0
11-25 12:42:17.768  2103  2103 D QcrilMsgTunnelIfaceManager: handleMessage what = 2
11-25 12:42:17.769  2103  2103 D QcrilMsgTunnelIfaceManager: handleMessage what = 1
11-25 12:42:17.769  2103  2184 I QcrilOemhookMsgTunnel: [0]processOemHookIndication length=28
11-25 12:42:17.769  2103  2184 I QcrilOemhookMsgTunnel: [0]Response ID in RIL_UNSOL_OEM_HOOK_RAW is 525388
11-25 12:42:17.771  2103  2103 I QcrilOemhookMsgTunnel: [1]invokeOemRilRequestRaw: serial=6452 length=24
11-25 12:42:17.771  2103  2103 D QcrilMsgTunnelIfaceManager: handleMessage what = 0
11-25 12:42:17.771  2103  2184 I QcrilOemhookMsgTunnel: [1]processOemHookResponse serial no: 6452 error: 0length=0
11-25 12:42:17.772  2103  2103 D QcrilMsgTunnelIfaceManager: handleMessage what = 2
11-25 12:42:17.772  2103  2184 I QcrilOemhookMsgTunnel: [1]processOemHookIndication length=28
11-25 12:42:17.773  2103  2184 I QcrilOemhookMsgTunnel: [1]Response ID in RIL_UNSOL_OEM_HOOK_RAW is 525388
11-25 12:42:17.773  2103  2103 D QcrilMsgTunnelIfaceManager: handleMessage what = 0
11-25 12:42:17.872   943 31391 D DrmHal  : found drm@1.0 IDrmFactory clearkey
11-25 12:42:17.874   943 31391 D DrmHal  : found drm@1.0 IDrmFactory default
11-25 12:42:17.877   943 31391 D DrmHal  : found drm@1.0 IDrmFactory widevine
11-25 12:42:17.882   943 31391 D DrmHal  : found drm@1.1 IDrmFactory clearkey
11-25 12:42:17.884   943 31391 D DrmHal  : found drm@1.1 IDrmFactory widevine
11-25 12:42:17.903   743  8319 D WVCdm   : Instantiating CDM.
11-25 12:42:17.918   745  8333 I WVCdm   : [cdm_engine.cpp(481):QueryStatus] CdmEngine::QueryStatus
11-25 12:42:17.930   745 10238 I WVCdm   : [(0):] Level3 Library 7283 Oct  3 2018 13:10:37
11-25 12:42:17.966   745  8333 I WVCdm   : [oemcrypto_adapter_dynamic.cpp(573):Initialize] L3 Initialized. Trying L1.
11-25 12:42:18.028   745  8333 D QSEECOMAPI: QSEECom_get_handle sb_length = 0x19000
11-25 12:42:18.029   745  8333 D QSEECOMAPI: App is not loaded in QSEE
11-25 12:42:18.029   745  8333 E QSEECOMAPI: Error::Cannot open the file /vendor/firmware_mnt/image/widevine.mdt errno = 13
11-25 12:42:18.029   745  8333 E QSEECOMAPI: Error::Loading image failed with ret = -1
11-25 12:42:18.029   745  8333 D QSEECOMAPI: QSEECom_get_handle sb_length = 0x19000
11-25 12:42:18.030   745  8333 D QSEECOMAPI: App is not loaded in QSEE
11-25 12:42:18.043   745  8333 D QSEECOMAPI: app_arch = 2, total_files = 9
11-25 12:42:18.043   745  8333 E ion     : ioctl c0044901 failed with code -1: Not a typewriter
11-25 12:42:18.075   745  8333 D QSEECOMAPI: Loaded image: APP id = 54
11-25 12:42:18.079   745  8333 D QSAPPSVER: qsapps_get_capabilities: Capability from secure side: 0x1
11-25 12:42:18.079   745  8333 D QSAPPSVER: qsapps_get_capabilities: returns 0
11-25 12:42:18.079   745  8333 E DrmWidevineDash: g_mutex is null
11-25 12:42:18.080   745  8333 E DrmWidevineDash: hlos api version =  14
11-25 12:42:18.080   745  8333 E DrmWidevineDash: tz api version =  14
11-25 12:42:18.080   745  8333 E DrmWidevineDash: g_mutex is null
11-25 12:42:18.080   745  8333 E DrmWidevineDash: OEMCrypto_APIVersion: ends! returns version 14
11-25 12:42:18.097   589   600 D DrmLibTime: got the req here! ret=0
11-25 12:42:18.097   589   600 D DrmLibTime: command id, time_cmd_id = 770
11-25 12:42:18.097   589   600 D DrmLibTime: time_getutcsec starts!
11-25 12:42:18.097   589   600 D DrmLibTime: QSEE Time Listener: time_getutcsec
11-25 12:42:18.097   589   600 D DrmLibTime: QSEE Time Listener: get_utc_seconds
11-25 12:42:18.097   589   600 D DrmLibTime: QSEE Time Listener: time_get_modem_time
11-25 12:42:18.097   589   600 D DrmLibTime: QSEE Time Listener: Checking if ATS_MODEM is set or not.
11-25 12:42:18.097   589   600 D QC-time-services: Lib:time_genoff_operation: pargs->base = 13
11-25 12:42:18.097   589   600 D QC-time-services: Lib:time_genoff_operation: pargs->operation = 2
11-25 12:42:18.097   589   600 D QC-time-services: Lib:time_genoff_operation: pargs->ts_val = 0
11-25 12:42:18.098   589   600 D QC-time-services: Lib:time_genoff_operation: Send to server  passed!!
11-25 12:42:18.100   919   961 D QC-time-services: Daemon: Connection accepted:time_genoff
11-25 12:42:18.104   919 10239 D QC-time-services: Daemon:Received base = 13, unit = 1, operation = 2,value = 0
11-25 12:42:18.104   919 10239 D QC-time-services: Daemon:genoff_opr: Base = 13, val = 0, operation = 2
11-25 12:42:18.104   919 10239 D QC-time-services: offset is: 1 for base: 13
11-25 12:42:18.104   589   600 E QC-time-services: Receive Passed == base = 13, unit = 1, operation = 2, result = 0
11-25 12:42:18.104   589   600 D DrmLibTime: QSEE Time Listener: ATS_MODEM is set. Try to retrieve it.
11-25 12:42:18.104   919   961 E QC-time-services: Daemon: Time-services: Waiting to acceptconnection
11-25 12:42:18.105   919   961 D QC-time-services: Daemon: Connection accepted:time_genoff
11-25 12:42:18.105   919 10240 D QC-time-services: Daemon:Received base = 13, unit = 1, operation = 1,value = 0
11-25 12:42:18.105   919 10240 D QC-time-services: Daemon:genoff_opr: Base = 13, val = 0, operation = 1
11-25 12:42:18.105   919 10240 D QC-time-services: Daemon: genoff get for 13
11-25 12:42:18.105   919 10240 D QC-time-services: Daemon:Value read from QTimer mseconds = 158415809
11-25 12:42:18.105   919 10240 D QC-time-services: Daemon:Value read from RTC mseconds on boot = 109207034000
11-25 12:42:18.105   919 10240 D QC-time-services: Daemon:Value read from QTimer mseconds = 158415809
11-25 12:42:18.105   919 10240 D QC-time-services: Daemon:Value read from generic offset = 1559994917597
11-25 12:42:18.105   919 10240 D QC-time-services: Daemon:Delta read on boot mseconds = 109207004708
11-25 12:42:18.105   919 10240 D QC-time-services: Daemon:Final Time = 1669360338114
11-25 12:42:18.105   589   600 D DrmLibTime: QSEE Time Listener: Time GenOff - seconds: 1669360338
11-25 12:42:18.105   589   600 D DrmLibTime: time_getutcsec returns 0, sec = 1669360338; nsec = 0
11-25 12:42:18.105   589   600 D DrmLibTime: time_getutcsec finished! 
11-25 12:42:18.105   589   600 D DrmLibTime: iotcl_continue_command finished! and return 0 
11-25 12:42:18.105   589   600 D DrmLibTime: before calling ioctl to read the next time_cmd
11-25 12:42:18.106   919   961 E QC-time-services: Daemon: Time-services: Waiting to acceptconnection
11-25 12:42:18.108   745  8333 E DrmWidevineDash: hlos api version =  14
11-25 12:42:18.108   745  8333 E DrmWidevineDash: tz api version =  14
11-25 12:42:18.108   745  8333 E DrmWidevineDash: OEMCrypto_APIVersion: ends! returns version 14
11-25 12:42:18.108   745  8333 E DrmWidevineDash: hlos api version =  14
11-25 12:42:18.108   745  8333 E DrmWidevineDash: tz api version =  14
11-25 12:42:18.108   745  8333 E DrmWidevineDash: OEMCrypto_APIVersion: ends! returns version 14
11-25 12:42:18.112   745  8333 D WVCdm   : [oemcrypto_adapter_dynamic.cpp(590):Initialize] OEMCrypto_Initialize Level 1 success. I will use level 1.
11-25 12:42:18.112   745  8333 D WVCdm   : [crypto_session.cpp(646):Open] CryptoSession::Open: Lock: requested_security_level: Default
11-25 12:42:18.116   745  8333 E DrmWidevineDash: hlos api version =  14
11-25 12:42:18.116   745  8333 E DrmWidevineDash: tz api version =  14
11-25 12:42:18.116   745  8333 E DrmWidevineDash: OEMCrypto_APIVersion: ends! returns version 14
11-25 12:42:18.137   745  8333 I WVCdm   : [(0):] L3 Terminate.
11-25 12:42:18.138   745  8333 D QSEECOMAPI: QSEECom_dealloc_memory 
11-25 12:42:18.138   745  8333 D QSEECOMAPI: QSEECom_shutdown_app, app_id = 54
11-25 12:42:18.140   745  8333 D DrmLibHdcpSrm: Service_Uninitialize: App already closed 
11-25 12:42:18.141   745  8320 I WVCdm   : [cdm_engine.cpp(481):QueryStatus] CdmEngine::QueryStatus
11-25 12:42:18.141   745 10241 I WVCdm   : [(0):] Level3 Library 7283 Oct  3 2018 13:10:37
11-25 12:42:18.164   745  8320 I WVCdm   : [oemcrypto_adapter_dynamic.cpp(573):Initialize] L3 Initialized. Trying L1.
11-25 12:42:18.173   745  8320 D QSEECOMAPI: QSEECom_get_handle sb_length = 0x19000
11-25 12:42:18.173   745  8320 D QSEECOMAPI: App is not loaded in QSEE
11-25 12:42:18.173   745  8320 E QSEECOMAPI: Error::Cannot open the file /vendor/firmware_mnt/image/widevine.mdt errno = 13
11-25 12:42:18.173   745  8320 E QSEECOMAPI: Error::Loading image failed with ret = -1
11-25 12:42:18.173   745  8320 D QSEECOMAPI: QSEECom_get_handle sb_length = 0x19000
11-25 12:42:18.174   745  8320 D QSEECOMAPI: App is not loaded in QSEE
11-25 12:42:18.174   745  8320 D QSEECOMAPI: app_arch = 2, total_files = 9
11-25 12:42:18.174   745  8320 E ion     : ioctl c0044901 failed with code -1: Not a typewriter
11-25 12:42:18.205   745  8320 D QSEECOMAPI: Loaded image: APP id = 55
11-25 12:42:18.208   745  8320 D QSAPPSVER: qsapps_get_capabilities: Capability from secure side: 0x1
11-25 12:42:18.208   745  8320 D QSAPPSVER: qsapps_get_capabilities: returns 0
11-25 12:42:18.208   745  8320 E DrmWidevineDash: g_mutex is null
11-25 12:42:18.208   745  8320 E DrmWidevineDash: hlos api version =  14
11-25 12:42:18.208   745  8320 E DrmWidevineDash: tz api version =  14
11-25 12:42:18.208   745  8320 E DrmWidevineDash: g_mutex is null
11-25 12:42:18.208   745  8320 E DrmWidevineDash: OEMCrypto_APIVersion: ends! returns version 14
11-25 12:42:18.223   589   600 D DrmLibTime: got the req here! ret=0
11-25 12:42:18.223   589   600 D DrmLibTime: command id, time_cmd_id = 770
11-25 12:42:18.223   589   600 D DrmLibTime: time_getutcsec starts!
11-25 12:42:18.223   589   600 D DrmLibTime: QSEE Time Listener: time_getutcsec
11-25 12:42:18.223   589   600 D DrmLibTime: QSEE Time Listener: get_utc_seconds
11-25 12:42:18.223   589   600 D DrmLibTime: QSEE Time Listener: time_get_modem_time
11-25 12:42:18.223   589   600 D DrmLibTime: QSEE Time Listener: Checking if ATS_MODEM is set or not.
11-25 12:42:18.223   589   600 D QC-time-services: Lib:time_genoff_operation: pargs->base = 13
11-25 12:42:18.223   589   600 D QC-time-services: Lib:time_genoff_operation: pargs->operation = 2
11-25 12:42:18.223   589   600 D QC-time-services: Lib:time_genoff_operation: pargs->ts_val = 0
11-25 12:42:18.224   589   600 D QC-time-services: Lib:time_genoff_operation: Send to server  passed!!
11-25 12:42:18.224   919   961 D QC-time-services: Daemon: Connection accepted:time_genoff
11-25 12:42:18.224   919 10242 D QC-time-services: Daemon:Received base = 13, unit = 1, operation = 2,value = 0
11-25 12:42:18.224   919 10242 D QC-time-services: Daemon:genoff_opr: Base = 13, val = 0, operation = 2
11-25 12:42:18.224   919 10242 D QC-time-services: offset is: 1 for base: 13
11-25 12:42:18.225   589   600 E QC-time-services: Receive Passed == base = 13, unit = 1, operation = 2, result = 0
11-25 12:42:18.225   589   600 D DrmLibTime: QSEE Time Listener: ATS_MODEM is set. Try to retrieve it.
11-25 12:42:18.225   919   961 E QC-time-services: Daemon: Time-services: Waiting to acceptconnection
11-25 12:42:18.225   919   961 D QC-time-services: Daemon: Connection accepted:time_genoff
11-25 12:42:18.225   919 10243 D QC-time-services: Daemon:Received base = 13, unit = 1, operation = 1,value = 0
11-25 12:42:18.225   919 10243 D QC-time-services: Daemon:genoff_opr: Base = 13, val = 0, operation = 1
11-25 12:42:18.225   919 10243 D QC-time-services: Daemon: genoff get for 13
11-25 12:42:18.225   919 10243 D QC-time-services: Daemon:Value read from QTimer mseconds = 158415929
11-25 12:42:18.225   919 10243 D QC-time-services: Daemon:Value read from RTC mseconds on boot = 109207034000
11-25 12:42:18.225   919 10243 D QC-time-services: Daemon:Value read from QTimer mseconds = 158415929
11-25 12:42:18.225   919 10243 D QC-time-services: Daemon:Value read from generic offset = 1559994917597
11-25 12:42:18.225   919 10243 D QC-time-services: Daemon:Delta read on boot mseconds = 109207004708
11-25 12:42:18.225   919 10243 D QC-time-services: Daemon:Final Time = 1669360338234
11-25 12:42:18.225   589   600 D DrmLibTime: QSEE Time Listener: Time GenOff - seconds: 1669360338
11-25 12:42:18.225   589   600 D DrmLibTime: time_getutcsec returns 0, sec = 1669360338; nsec = 0
11-25 12:42:18.225   589   600 D DrmLibTime: time_getutcsec finished! 
11-25 12:42:18.225   589   600 D DrmLibTime: iotcl_continue_command finished! and return 0 
11-25 12:42:18.225   589   600 D DrmLibTime: before calling ioctl to read the next time_cmd
11-25 12:42:18.226   919   961 E QC-time-services: Daemon: Time-services: Waiting to acceptconnection
11-25 12:42:18.227   745  8320 E DrmWidevineDash: hlos api version =  14
11-25 12:42:18.227   745  8320 E DrmWidevineDash: tz api version =  14
11-25 12:42:18.227   745  8320 E DrmWidevineDash: OEMCrypto_APIVersion: ends! returns version 14
11-25 12:42:18.228   745  8320 E DrmWidevineDash: hlos api version =  14
11-25 12:42:18.228   745  8320 E DrmWidevineDash: tz api version =  14
11-25 12:42:18.228   745  8320 E DrmWidevineDash: OEMCrypto_APIVersion: ends! returns version 14
11-25 12:42:18.231   745  8320 D WVCdm   : [oemcrypto_adapter_dynamic.cpp(590):Initialize] OEMCrypto_Initialize Level 1 success. I will use level 1.
11-25 12:42:18.231   745  8320 D WVCdm   : [crypto_session.cpp(646):Open] CryptoSession::Open: Lock: requested_security_level: Default
11-25 12:42:18.236   745  8320 E DrmWidevineDash: hlos api version =  14
11-25 12:42:18.236   745  8320 E DrmWidevineDash: tz api version =  14
11-25 12:42:18.236   745  8320 E DrmWidevineDash: OEMCrypto_APIVersion: ends! returns version 14
11-25 12:42:18.244   745  8320 I WVCdm   : [(0):] L3 Terminate.
11-25 12:42:18.245   745  8320 D QSEECOMAPI: QSEECom_dealloc_memory 
11-25 12:42:18.245   745  8320 D QSEECOMAPI: QSEECom_shutdown_app, app_id = 55
11-25 12:42:18.247   745  8320 D DrmLibHdcpSrm: Service_Uninitialize: App already closed 
11-25 12:42:18.248   745  8333 I WVCdm   : [cdm_engine.cpp(481):QueryStatus] CdmEngine::QueryStatus
11-25 12:42:18.250   745 10244 I WVCdm   : [(0):] Level3 Library 7283 Oct  3 2018 13:10:37
11-25 12:42:18.262   745  8333 I WVCdm   : [oemcrypto_adapter_dynamic.cpp(573):Initialize] L3 Initialized. Trying L1.
11-25 12:42:18.268   745  8333 D QSEECOMAPI: QSEECom_get_handle sb_length = 0x19000
11-25 12:42:18.268   745  8333 D QSEECOMAPI: App is not loaded in QSEE
11-25 12:42:18.268   745  8333 E QSEECOMAPI: Error::Cannot open the file /vendor/firmware_mnt/image/widevine.mdt errno = 13
11-25 12:42:18.268   745  8333 E QSEECOMAPI: Error::Loading image failed with ret = -1
11-25 12:42:18.268   745  8333 D QSEECOMAPI: QSEECom_get_handle sb_length = 0x19000
11-25 12:42:18.268   745  8333 D QSEECOMAPI: App is not loaded in QSEE
11-25 12:42:18.269   745  8333 D QSEECOMAPI: app_arch = 2, total_files = 9
11-25 12:42:18.269   745  8333 E ion     : ioctl c0044901 failed with code -1: Not a typewriter
11-25 12:42:18.300   745  8333 D QSEECOMAPI: Loaded image: APP id = 56
11-25 12:42:18.303   745  8333 D QSAPPSVER: qsapps_get_capabilities: Capability from secure side: 0x1
11-25 12:42:18.303   745  8333 D QSAPPSVER: qsapps_get_capabilities: returns 0
11-25 12:42:18.303   745  8333 E DrmWidevineDash: g_mutex is null
11-25 12:42:18.303   745  8333 E DrmWidevineDash: hlos api version =  14
11-25 12:42:18.303   745  8333 E DrmWidevineDash: tz api version =  14
11-25 12:42:18.303   745  8333 E DrmWidevineDash: g_mutex is null
11-25 12:42:18.303   745  8333 E DrmWidevineDash: OEMCrypto_APIVersion: ends! returns version 14
11-25 12:42:18.317   589   600 D DrmLibTime: got the req here! ret=0
11-25 12:42:18.317   589   600 D DrmLibTime: command id, time_cmd_id = 770
11-25 12:42:18.317   589   600 D DrmLibTime: time_getutcsec starts!
11-25 12:42:18.317   589   600 D DrmLibTime: QSEE Time Listener: time_getutcsec
11-25 12:42:18.317   589   600 D DrmLibTime: QSEE Time Listener: get_utc_seconds
11-25 12:42:18.317   589   600 D DrmLibTime: QSEE Time Listener: time_get_modem_time
11-25 12:42:18.317   589   600 D DrmLibTime: QSEE Time Listener: Checking if ATS_MODEM is set or not.
11-25 12:42:18.317   589   600 D QC-time-services: Lib:time_genoff_operation: pargs->base = 13
11-25 12:42:18.317   589   600 D QC-time-services: Lib:time_genoff_operation: pargs->operation = 2
11-25 12:42:18.317   589   600 D QC-time-services: Lib:time_genoff_operation: pargs->ts_val = 0
11-25 12:42:18.317   589   600 D QC-time-services: Lib:time_genoff_operation: Send to server  passed!!
11-25 12:42:18.317   919   961 D QC-time-services: Daemon: Connection accepted:time_genoff
11-25 12:42:18.318   919 10245 D QC-time-services: Daemon:Received base = 13, unit = 1, operation = 2,value = 0
11-25 12:42:18.318   919 10245 D QC-time-services: Daemon:genoff_opr: Base = 13, val = 0, operation = 2
11-25 12:42:18.318   919 10245 D QC-time-services: offset is: 1 for base: 13
11-25 12:42:18.318   589   600 E QC-time-services: Receive Passed == base = 13, unit = 1, operation = 2, result = 0
11-25 12:42:18.318   589   600 D DrmLibTime: QSEE Time Listener: ATS_MODEM is set. Try to retrieve it.
11-25 12:42:18.318   919   961 E QC-time-services: Daemon: Time-services: Waiting to acceptconnection
11-25 12:42:18.318   919   961 D QC-time-services: Daemon: Connection accepted:time_genoff
11-25 12:42:18.321   919 10246 D QC-time-services: Daemon:Received base = 13, unit = 1, operation = 1,value = 0
11-25 12:42:18.321   919 10246 D QC-time-services: Daemon:genoff_opr: Base = 13, val = 0, operation = 1
11-25 12:42:18.321   919 10246 D QC-time-services: Daemon: genoff get for 13
11-25 12:42:18.321   919 10246 D QC-time-services: Daemon:Value read from QTimer mseconds = 158416025
11-25 12:42:18.321   919 10246 D QC-time-services: Daemon:Value read from RTC mseconds on boot = 109207034000
11-25 12:42:18.321   919 10246 D QC-time-services: Daemon:Value read from QTimer mseconds = 158416025
11-25 12:42:18.321   919 10246 D QC-time-services: Daemon:Value read from generic offset = 1559994917597
11-25 12:42:18.321   919 10246 D QC-time-services: Daemon:Delta read on boot mseconds = 109207004708
11-25 12:42:18.321   919 10246 D QC-time-services: Daemon:Final Time = 1669360338330
11-25 12:42:18.322   589   600 D DrmLibTime: QSEE Time Listener: Time GenOff - seconds: 1669360338
11-25 12:42:18.322   589   600 D DrmLibTime: time_getutcsec returns 0, sec = 1669360338; nsec = 0
11-25 12:42:18.322   589   600 D DrmLibTime: time_getutcsec finished! 
11-25 12:42:18.322   589   600 D DrmLibTime: iotcl_continue_command finished! and return 0 
11-25 12:42:18.322   589   600 D DrmLibTime: before calling ioctl to read the next time_cmd
11-25 12:42:18.322   919   961 E QC-time-services: Daemon: Time-services: Waiting to acceptconnection
11-25 12:42:18.324   745  8333 E DrmWidevineDash: hlos api version =  14
11-25 12:42:18.324   745  8333 E DrmWidevineDash: tz api version =  14
11-25 12:42:18.324   745  8333 E DrmWidevineDash: OEMCrypto_APIVersion: ends! returns version 14
11-25 12:42:18.324   745  8333 E DrmWidevineDash: hlos api version =  14
11-25 12:42:18.324   745  8333 E DrmWidevineDash: tz api version =  14
11-25 12:42:18.324   745  8333 E DrmWidevineDash: OEMCrypto_APIVersion: ends! returns version 14
11-25 12:42:18.327   745  8333 D WVCdm   : [oemcrypto_adapter_dynamic.cpp(590):Initialize] OEMCrypto_Initialize Level 1 success. I will use level 1.
11-25 12:42:18.327   745  8333 D WVCdm   : [crypto_session.cpp(646):Open] CryptoSession::Open: Lock: requested_security_level: Default
11-25 12:42:18.331   745  8333 E DrmWidevineDash: hlos api version =  14
11-25 12:42:18.331   745  8333 E DrmWidevineDash: tz api version =  14
11-25 12:42:18.331   745  8333 E DrmWidevineDash: OEMCrypto_APIVersion: ends! returns version 14
11-25 12:42:18.343   745  8333 I WVCdm   : [(0):] L3 Terminate.
11-25 12:42:18.343   745  8333 D QSEECOMAPI: QSEECom_dealloc_memory 
11-25 12:42:18.343   745  8333 D QSEECOMAPI: QSEECom_shutdown_app, app_id = 56
11-25 12:42:18.345   745  8333 D DrmLibHdcpSrm: Service_Uninitialize: App already closed 
11-25 12:42:18.346   745  8320 I WVCdm   : [cdm_engine.cpp(481):QueryStatus] CdmEngine::QueryStatus
11-25 12:42:18.347   745 10247 I WVCdm   : [(0):] Level3 Library 7283 Oct  3 2018 13:10:37
11-25 12:42:18.359   745  8320 I WVCdm   : [oemcrypto_adapter_dynamic.cpp(573):Initialize] L3 Initialized. Trying L1.
11-25 12:42:18.361   745  8320 D QSEECOMAPI: QSEECom_get_handle sb_length = 0x19000
11-25 12:42:18.361   745  8320 D QSEECOMAPI: App is not loaded in QSEE
11-25 12:42:18.361   745  8320 E QSEECOMAPI: Error::Cannot open the file /vendor/firmware_mnt/image/widevine.mdt errno = 13
11-25 12:42:18.361   745  8320 E QSEECOMAPI: Error::Loading image failed with ret = -1
11-25 12:42:18.361   745  8320 D QSEECOMAPI: QSEECom_get_handle sb_length = 0x19000
11-25 12:42:18.361   745  8320 D QSEECOMAPI: App is not loaded in QSEE
11-25 12:42:18.361   745  8320 D QSEECOMAPI: app_arch = 2, total_files = 9
11-25 12:42:18.361   745  8320 E ion     : ioctl c0044901 failed with code -1: Not a typewriter
11-25 12:42:18.382   745  8320 D QSEECOMAPI: Loaded image: APP id = 57
11-25 12:42:18.386   745  8320 D QSAPPSVER: qsapps_get_capabilities: Capability from secure side: 0x1
11-25 12:42:18.386   745  8320 D QSAPPSVER: qsapps_get_capabilities: returns 0
11-25 12:42:18.386   745  8320 E DrmWidevineDash: g_mutex is null
11-25 12:42:18.387   745  8320 E DrmWidevineDash: hlos api version =  14
11-25 12:42:18.387   745  8320 E DrmWidevineDash: tz api version =  14
11-25 12:42:18.387   745  8320 E DrmWidevineDash: g_mutex is null
11-25 12:42:18.387   745  8320 E DrmWidevineDash: OEMCrypto_APIVersion: ends! returns version 14
11-25 12:42:18.400   589   600 D DrmLibTime: got the req here! ret=0
11-25 12:42:18.400   589   600 D DrmLibTime: command id, time_cmd_id = 770
11-25 12:42:18.400   589   600 D DrmLibTime: time_getutcsec starts!
11-25 12:42:18.400   589   600 D DrmLibTime: QSEE Time Listener: time_getutcsec
11-25 12:42:18.401   589   600 D DrmLibTime: QSEE Time Listener: get_utc_seconds
11-25 12:42:18.401   589   600 D DrmLibTime: QSEE Time Listener: time_get_modem_time
11-25 12:42:18.401   589   600 D DrmLibTime: QSEE Time Listener: Checking if ATS_MODEM is set or not.
11-25 12:42:18.401   589   600 D QC-time-services: Lib:time_genoff_operation: pargs->base = 13
11-25 12:42:18.401   589   600 D QC-time-services: Lib:time_genoff_operation: pargs->operation = 2
11-25 12:42:18.401   589   600 D QC-time-services: Lib:time_genoff_operation: pargs->ts_val = 0
11-25 12:42:18.401   589   600 D QC-time-services: Lib:time_genoff_operation: Send to server  passed!!
11-25 12:42:18.401   919   961 D QC-time-services: Daemon: Connection accepted:time_genoff
11-25 12:42:18.401   919 10248 D QC-time-services: Daemon:Received base = 13, unit = 1, operation = 2,value = 0
11-25 12:42:18.401   919 10248 D QC-time-services: Daemon:genoff_opr: Base = 13, val = 0, operation = 2
11-25 12:42:18.401   919 10248 D QC-time-services: offset is: 1 for base: 13
11-25 12:42:18.401   589   600 E QC-time-services: Receive Passed == base = 13, unit = 1, operation = 2, result = 0
11-25 12:42:18.401   589   600 D DrmLibTime: QSEE Time Listener: ATS_MODEM is set. Try to retrieve it.
11-25 12:42:18.402   919   961 E QC-time-services: Daemon: Time-services: Waiting to acceptconnection
11-25 12:42:18.402   919   961 D QC-time-services: Daemon: Connection accepted:time_genoff
11-25 12:42:18.405   919 10249 D QC-time-services: Daemon:Received base = 13, unit = 1, operation = 1,value = 0
11-25 12:42:18.405   919 10249 D QC-time-services: Daemon:genoff_opr: Base = 13, val = 0, operation = 1
11-25 12:42:18.405   919 10249 D QC-time-services: Daemon: genoff get for 13
11-25 12:42:18.405   919 10249 D QC-time-services: Daemon:Value read from QTimer mseconds = 158416109
11-25 12:42:18.405   919 10249 D QC-time-services: Daemon:Value read from RTC mseconds on boot = 109207034000
11-25 12:42:18.405   919 10249 D QC-time-services: Daemon:Value read from QTimer mseconds = 158416109
11-25 12:42:18.405   919 10249 D QC-time-services: Daemon:Value read from generic offset = 1559994917597
11-25 12:42:18.405   919 10249 D QC-time-services: Daemon:Delta read on boot mseconds = 109207004708
11-25 12:42:18.405   919 10249 D QC-time-services: Daemon:Final Time = 1669360338414
11-25 12:42:18.405   589   600 D DrmLibTime: QSEE Time Listener: Time GenOff - seconds: 1669360338
11-25 12:42:18.405   589   600 D DrmLibTime: time_getutcsec returns 0, sec = 1669360338; nsec = 0
11-25 12:42:18.405   589   600 D DrmLibTime: time_getutcsec finished! 
11-25 12:42:18.405   589   600 D DrmLibTime: iotcl_continue_command finished! and return 0 
11-25 12:42:18.405   589   600 D DrmLibTime: before calling ioctl to read the next time_cmd
11-25 12:42:18.406   919   961 E QC-time-services: Daemon: Time-services: Waiting to acceptconnection
11-25 12:42:18.407   745  8320 E DrmWidevineDash: hlos api version =  14
11-25 12:42:18.407   745  8320 E DrmWidevineDash: tz api version =  14
11-25 12:42:18.407   745  8320 E DrmWidevineDash: OEMCrypto_APIVersion: ends! returns version 14
11-25 12:42:18.408   745  8320 E DrmWidevineDash: hlos api version =  14
11-25 12:42:18.408   745  8320 E DrmWidevineDash: tz api version =  14
11-25 12:42:18.408   745  8320 E DrmWidevineDash: OEMCrypto_APIVersion: ends! returns version 14
11-25 12:42:18.411   745  8320 D WVCdm   : [oemcrypto_adapter_dynamic.cpp(590):Initialize] OEMCrypto_Initialize Level 1 success. I will use level 1.
11-25 12:42:18.411   745  8320 D WVCdm   : [crypto_session.cpp(646):Open] CryptoSession::Open: Lock: requested_security_level: Default
11-25 12:42:18.416   745  8320 E DrmWidevineDash: hlos api version =  14
11-25 12:42:18.416   745  8320 E DrmWidevineDash: tz api version =  14
11-25 12:42:18.416   745  8320 E DrmWidevineDash: OEMCrypto_APIVersion: ends! returns version 14
11-25 12:42:18.425   745  8320 I WVCdm   : [(0):] L3 Terminate.
11-25 12:42:18.426   745  8320 D QSEECOMAPI: QSEECom_dealloc_memory 
11-25 12:42:18.426   745  8320 D QSEECOMAPI: QSEECom_shutdown_app, app_id = 57
11-25 12:42:18.428   745  8320 D DrmLibHdcpSrm: Service_Uninitialize: App already closed 
11-25 12:42:18.429   745  8333 E WVCdm   : [wv_content_decryption_module.cpp(355):GetMetrics] WVContentDecryptionModule::GetMetrics. cdm_identifier not found
11-25 12:42:18.434   745  8333 E WVCdm   : [wv_content_decryption_module.cpp(415):CloseCdm] WVContentDecryptionModule::Close. cdm_identifier not found.
11-25 12:42:18.434   745  8333 E WVCdm   : Failed to close cdm. status 12
11-25 12:42:18.437   943 31391 D DrmHal  : found drm@1.0 IDrmFactory clearkey
11-25 12:42:18.439   943 31391 D DrmHal  : found drm@1.0 IDrmFactory default
11-25 12:42:18.441   943 31391 D DrmHal  : found drm@1.0 IDrmFactory widevine
11-25 12:42:18.443   943 31391 D DrmHal  : found drm@1.1 IDrmFactory clearkey
11-25 12:42:18.444   943 31391 D DrmHal  : found drm@1.1 IDrmFactory widevine
11-25 12:42:18.445   743 31395 D WVCdm   : Instantiating CDM.
11-25 12:42:18.446   745  8333 I WVCdm   : [cdm_engine.cpp(481):QueryStatus] CdmEngine::QueryStatus
11-25 12:42:18.447   745 10250 I WVCdm   : [(0):] Level3 Library 7283 Oct  3 2018 13:10:37
11-25 12:42:18.459   745  8333 I WVCdm   : [oemcrypto_adapter_dynamic.cpp(573):Initialize] L3 Initialized. Trying L1.
11-25 12:42:18.461   745  8333 D QSEECOMAPI: QSEECom_get_handle sb_length = 0x19000
11-25 12:42:18.461   745  8333 D QSEECOMAPI: App is not loaded in QSEE
11-25 12:42:18.461   745  8333 E QSEECOMAPI: Error::Cannot open the file /vendor/firmware_mnt/image/widevine.mdt errno = 13
11-25 12:42:18.461   745  8333 E QSEECOMAPI: Error::Loading image failed with ret = -1
11-25 12:42:18.461   745  8333 D QSEECOMAPI: QSEECom_get_handle sb_length = 0x19000
11-25 12:42:18.461   745  8333 D QSEECOMAPI: App is not loaded in QSEE
11-25 12:42:18.461   745  8333 D QSEECOMAPI: app_arch = 2, total_files = 9
11-25 12:42:18.461   745  8333 E ion     : ioctl c0044901 failed with code -1: Not a typewriter
11-25 12:42:18.482   745  8333 D QSEECOMAPI: Loaded image: APP id = 58
11-25 12:42:18.485   745  8333 D QSAPPSVER: qsapps_get_capabilities: Capability from secure side: 0x1
11-25 12:42:18.485   745  8333 D QSAPPSVER: qsapps_get_capabilities: returns 0
11-25 12:42:18.485   745  8333 E DrmWidevineDash: g_mutex is null
11-25 12:42:18.485   745  8333 E DrmWidevineDash: hlos api version =  14
11-25 12:42:18.485   745  8333 E DrmWidevineDash: tz api version =  14
11-25 12:42:18.485   745  8333 E DrmWidevineDash: g_mutex is null
11-25 12:42:18.485   745  8333 E DrmWidevineDash: OEMCrypto_APIVersion: ends! returns version 14
11-25 12:42:18.501   589   600 D DrmLibTime: got the req here! ret=0
11-25 12:42:18.502   589   600 D DrmLibTime: command id, time_cmd_id = 770
11-25 12:42:18.502   589   600 D DrmLibTime: time_getutcsec starts!
11-25 12:42:18.502   589   600 D DrmLibTime: QSEE Time Listener: time_getutcsec
11-25 12:42:18.502   589   600 D DrmLibTime: QSEE Time Listener: get_utc_seconds
11-25 12:42:18.502   589   600 D DrmLibTime: QSEE Time Listener: time_get_modem_time
11-25 12:42:18.502   589   600 D DrmLibTime: QSEE Time Listener: Checking if ATS_MODEM is set or not.
11-25 12:42:18.502   589   600 D QC-time-services: Lib:time_genoff_operation: pargs->base = 13
11-25 12:42:18.502   589   600 D QC-time-services: Lib:time_genoff_operation: pargs->operation = 2
11-25 12:42:18.502   589   600 D QC-time-services: Lib:time_genoff_operation: pargs->ts_val = 0
11-25 12:42:18.502   589   600 D QC-time-services: Lib:time_genoff_operation: Send to server  passed!!
11-25 12:42:18.502   919   961 D QC-time-services: Daemon: Connection accepted:time_genoff
11-25 12:42:18.502   919 10251 D QC-time-services: Daemon:Received base = 13, unit = 1, operation = 2,value = 0
11-25 12:42:18.502   919 10251 D QC-time-services: Daemon:genoff_opr: Base = 13, val = 0, operation = 2
11-25 12:42:18.503   919 10251 D QC-time-services: offset is: 1 for base: 13
11-25 12:42:18.503   589   600 E QC-time-services: Receive Passed == base = 13, unit = 1, operation = 2, result = 0
11-25 12:42:18.503   589   600 D DrmLibTime: QSEE Time Listener: ATS_MODEM is set. Try to retrieve it.
11-25 12:42:18.503   919   961 E QC-time-services: Daemon: Time-services: Waiting to acceptconnection
11-25 12:42:18.503   919   961 D QC-time-services: Daemon: Connection accepted:time_genoff
11-25 12:42:18.503   919 10252 D QC-time-services: Daemon:Received base = 13, unit = 1, operation = 1,value = 0
11-25 12:42:18.503   919 10252 D QC-time-services: Daemon:genoff_opr: Base = 13, val = 0, operation = 1
11-25 12:42:18.503   919 10252 D QC-time-services: Daemon: genoff get for 13
11-25 12:42:18.503   919 10252 D QC-time-services: Daemon:Value read from QTimer mseconds = 158416207
11-25 12:42:18.503   919 10252 D QC-time-services: Daemon:Value read from RTC mseconds on boot = 109207034000
11-25 12:42:18.503   919 10252 D QC-time-services: Daemon:Value read from QTimer mseconds = 158416207
11-25 12:42:18.503   919 10252 D QC-time-services: Daemon:Value read from generic offset = 1559994917597
11-25 12:42:18.503   919 10252 D QC-time-services: Daemon:Delta read on boot mseconds = 109207004708
11-25 12:42:18.503   919 10252 D QC-time-services: Daemon:Final Time = 1669360338512
11-25 12:42:18.504   589   600 D DrmLibTime: QSEE Time Listener: Time GenOff - seconds: 1669360338
11-25 12:42:18.504   589   600 D DrmLibTime: time_getutcsec returns 0, sec = 1669360338; nsec = 0
11-25 12:42:18.504   589   600 D DrmLibTime: time_getutcsec finished! 
11-25 12:42:18.504   589   600 D DrmLibTime: iotcl_continue_command finished! and return 0 
11-25 12:42:18.504   589   600 D DrmLibTime: before calling ioctl to read the next time_cmd
11-25 12:42:18.504   919   961 E QC-time-services: Daemon: Time-services: Waiting to acceptconnection
11-25 12:42:18.507   745  8333 E DrmWidevineDash: hlos api version =  14
11-25 12:42:18.507   745  8333 E DrmWidevineDash: tz api version =  14
11-25 12:42:18.507   745  8333 E DrmWidevineDash: OEMCrypto_APIVersion: ends! returns version 14
11-25 12:42:18.507   745  8333 E DrmWidevineDash: hlos api version =  14
11-25 12:42:18.508   745  8333 E DrmWidevineDash: tz api version =  14
11-25 12:42:18.508   745  8333 E DrmWidevineDash: OEMCrypto_APIVersion: ends! returns version 14
11-25 12:42:18.511   745  8333 D WVCdm   : [oemcrypto_adapter_dynamic.cpp(590):Initialize] OEMCrypto_Initialize Level 1 success. I will use level 1.
11-25 12:42:18.511   745  8333 D WVCdm   : [crypto_session.cpp(646):Open] CryptoSession::Open: Lock: requested_security_level: Default
11-25 12:42:18.514   745  8333 E DrmWidevineDash: hlos api version =  14
11-25 12:42:18.514   745  8333 E DrmWidevineDash: tz api version =  14
11-25 12:42:18.514   745  8333 E DrmWidevineDash: OEMCrypto_APIVersion: ends! returns version 14
11-25 12:42:18.540   745  8333 I WVCdm   : [(0):] L3 Terminate.
